id|key|iteration|value
user6|flocal|0|0.3291964530944824
user6|flocal|0|0.27977943420410156
user6|ffinal|0|0.28644227981567383
node_user7|total_time|0|1.911588
node_user7|waits|0|2
node_user7|messages|0|4
user6|min_constraint|0|3
user6|max_constraint|0|3
user12|flocal|0|0.3552231788635254
user12|flocal|0|0.3010842800140381
user12|ffinal|0|0.32438039779663086
node_user13|total_time|0|1.997178
node_user13|waits|0|2
node_user13|messages|0|4
user12|min_constraint|0|3
user12|max_constraint|0|3
user13|flocal|0|0.3539121150970459
user13|flocal|0|0.33158421516418457
user13|ffinal|0|0.28808140754699707
node_user14|total_time|0|1.992140
node_user14|waits|0|2
node_user14|messages|0|4
user13|min_constraint|0|3
user13|max_constraint|0|3
user0|flocal|0|0.3923361301422119
user0|flocal|0|0.2776646614074707
user0|ffinal|0|0.3329014778137207
node_user1|total_time|0|2.017470
node_user1|waits|0|2
node_user1|messages|0|4
user0|min_constraint|0|3
user0|max_constraint|0|3
user2|flocal|0|0.35146355628967285
user2|flocal|0|0.3023543357849121
user2|ffinal|0|0.3196229934692383
node_user3|total_time|0|1.990812
node_user3|waits|0|2
node_user3|messages|0|4
user2|min_constraint|0|3
user2|max_constraint|0|3
user10|flocal|0|0.418926477432251
user10|flocal|0|0.2697606086730957
user10|ffinal|0|0.3176436424255371
node_user11|total_time|0|2.021305
node_user11|waits|0|2
node_user11|messages|0|4
user10|min_constraint|0|3
user10|max_constraint|0|3
user7|flocal|0|0.4231400489807129
user7|flocal|0|0.29761528968811035
user7|ffinal|0|0.31088972091674805
node_user8|total_time|0|2.045774
node_user8|waits|0|2
node_user8|messages|0|4
user7|min_constraint|0|3
user7|max_constraint|0|3
user4|flocal|0|0.3525981903076172
user4|flocal|0|0.2974965572357178
user4|ffinal|0|0.3386549949645996
node_user5|total_time|0|2.007141
node_user5|waits|0|2
node_user5|messages|0|4
user4|min_constraint|0|3
user4|max_constraint|0|3
user3|flocal|0|0.3894469738006592
user3|flocal|0|0.27517008781433105
user3|ffinal|0|0.31282997131347656
node_user4|total_time|0|1.990523
node_user4|waits|0|2
node_user4|messages|0|4
user3|min_constraint|0|3
user3|max_constraint|0|3
user14|flocal|0|0.38045477867126465
user14|flocal|0|0.3337850570678711
user14|ffinal|0|0.3251817226409912
node_user15|total_time|0|2.055386
node_user15|waits|0|2
node_user15|messages|0|4
user14|min_constraint|0|3
user14|max_constraint|0|3
user15|flocal|0|0.4025764465332031
user15|flocal|0|0.28285741806030273
user15|ffinal|0|0.3436880111694336
node_user16|total_time|0|2.045902
node_user16|waits|0|2
node_user16|messages|0|4
user15|min_constraint|0|3
user15|max_constraint|0|3
user18|flocal|0|0.37313318252563477
user18|flocal|0|0.34061622619628906
user18|ffinal|0|0.3293612003326416
node_user19|total_time|0|2.059486
node_user19|waits|0|2
node_user19|messages|0|4
user18|min_constraint|0|3
user18|max_constraint|0|3
user17|flocal|0|0.4026045799255371
user17|flocal|0|0.30811572074890137
user17|ffinal|0|0.3408043384552002
node_user18|total_time|0|2.065773
node_user18|waits|0|2
node_user18|messages|0|4
user17|min_constraint|0|3
user17|max_constraint|0|3
user16|flocal|0|0.3945648670196533
user16|flocal|0|0.30335164070129395
user16|ffinal|0|0.35730481147766113
node_user17|total_time|0|2.071432
node_user17|waits|0|2
node_user17|messages|0|4
user16|min_constraint|0|3
user16|max_constraint|0|3
user19|flocal|0|0.39599180221557617
user19|flocal|0|0.32303500175476074
user19|ffinal|0|0.30179548263549805
node_user20|total_time|0|2.041365
node_user20|waits|0|2
node_user20|messages|0|4
user19|min_constraint|0|3
user19|max_constraint|0|3
user5|flocal|0|0.22918105125427246
user5|flocal|0|0.2409067153930664
user5|flocal|0|0.29125452041625977
user5|ffinal|0|0.27820730209350586
node_user6|total_time|0|23.086592
node_user6|waits|0|44
node_user6|messages|0|6
user5|min_constraint|0|3
user5|max_constraint|0|3
user1|flocal|0|0.2325913906097412
user1|flocal|0|0.23030471801757812
user1|flocal|0|0.29158830642700195
user1|ffinal|0|0.3167867660522461
node_user2|total_time|0|23.119380
node_user2|waits|0|44
node_user2|messages|0|6
user1|min_constraint|0|3
user1|max_constraint|0|3
user8|flocal|0|0.23209929466247559
user8|flocal|0|0.22873353958129883
user8|flocal|0|0.27156639099121094
user8|ffinal|0|0.34926629066467285
node_user9|total_time|0|23.129084
node_user9|waits|0|44
node_user9|messages|0|6
user8|min_constraint|0|3
user8|max_constraint|0|3
user11|flocal|0|0.21590542793273926
user11|flocal|0|0.22814512252807617
user11|flocal|0|0.2789306640625
user11|ffinal|0|0.3483402729034424
node_user12|total_time|0|23.117625
node_user12|waits|0|44
node_user12|messages|0|6
user11|min_constraint|0|3
user11|max_constraint|0|3
user9|flocal|0|0.2375962734222412
user9|flocal|0|0.2429821491241455
user9|flocal|0|0.29779887199401855
user9|ffinal|0|0.33853936195373535
node_user10|total_time|0|23.163403
node_user10|waits|0|44
node_user10|messages|0|6
user9|min_constraint|0|3
user9|max_constraint|0|3
provider|flocal|0|0.2690122127532959
provider|flocal|0|0.2117598056793213
provider|flocal|0|0.18232965469360352
provider|flocal|0|0.22007012367248535
provider|flocal|0|0.27063560485839844
provider|ffinal|0|0.2822115421295166
node0|total_time|0|23.250358
node0|waits|0|43
node0|messages|0|80
provider|min_constraint|0|42
provider|max_constraint|0|42
user16|flocal|0|0.454862117767334
user16|flocal|0|0.3188488483428955
user16|flocal|0|0.2903711795806885
user16|flocal|0|0.2866353988647461
user16|ffinal|0|0.2819485664367676
node_user17|total_time|1|22.691311
node_user17|waits|1|42
node_user17|messages|1|8
user16|min_constraint|1|3
user16|max_constraint|1|3
user13|flocal|0|0.4342923164367676
user13|flocal|0|0.336475133895874
user13|flocal|0|0.2784440517425537
user13|flocal|0|0.31499385833740234
user13|ffinal|0|0.28119850158691406
node_user14|total_time|1|22.702076
node_user14|waits|1|42
node_user14|messages|1|8
user13|min_constraint|1|3
user13|max_constraint|1|3
user0|flocal|0|0.4434061050415039
user0|flocal|0|0.2952127456665039
user0|flocal|0|0.30960631370544434
user0|flocal|0|0.3186991214752197
user0|ffinal|0|0.28804588317871094
node_user1|total_time|1|22.710663
node_user1|waits|1|42
node_user1|messages|1|8
user0|min_constraint|1|3
user0|max_constraint|1|3
user11|flocal|0|0.44394683837890625
user11|flocal|0|0.3306281566619873
user11|flocal|0|0.281113862991333
user11|flocal|0|0.2952613830566406
user11|ffinal|0|0.3128690719604492
node_user12|total_time|1|22.722935
node_user12|waits|1|42
node_user12|messages|1|8
user11|min_constraint|1|3
user11|max_constraint|1|3
user5|flocal|0|0.4406774044036865
user5|flocal|0|0.3270535469055176
user5|flocal|0|0.28447389602661133
user5|flocal|0|0.2984621524810791
user5|ffinal|0|0.31060791015625
node_user6|total_time|1|22.722998
node_user6|waits|1|42
node_user6|messages|1|8
user5|min_constraint|1|3
user5|max_constraint|1|3
user4|flocal|0|0.42309999465942383
user4|flocal|0|0.32364726066589355
user4|flocal|0|0.30823421478271484
user4|flocal|0|0.3095250129699707
user4|ffinal|0|0.3093678951263428
node_user5|total_time|1|22.736331
node_user5|waits|1|42
node_user5|messages|1|8
user4|min_constraint|1|3
user4|max_constraint|1|3
user3|flocal|0|0.4152095317840576
user3|flocal|0|0.2790076732635498
user3|flocal|0|0.30138182640075684
user3|flocal|0|0.24969768524169922
user3|flocal|0|0.23555493354797363
user3|ffinal|0|0.2979090213775635
node_user4|total_time|1|22.834122
node_user4|waits|1|42
node_user4|messages|1|8
user3|min_constraint|1|3
user3|max_constraint|1|3
user2|flocal|0|0.3963162899017334
user2|flocal|0|0.2821502685546875
user2|flocal|0|0.2890472412109375
user2|flocal|0|0.26894521713256836
user2|flocal|0|0.24355745315551758
user2|ffinal|0|0.3145308494567871
node_user3|total_time|1|22.851359
node_user3|waits|1|42
node_user3|messages|1|8
user2|min_constraint|1|3
user2|max_constraint|1|3
user15|flocal|0|0.283008337020874
user15|flocal|0|0.2785220146179199
user15|ffinal|0|0.3364884853363037
node_user16|total_time|1|1.917661
node_user16|waits|1|2
node_user16|messages|1|4
user15|min_constraint|1|3
user15|max_constraint|1|3
user12|flocal|0|0.29454588890075684
user12|flocal|0|0.276003360748291
user12|ffinal|0|0.3493037223815918
node_user13|total_time|1|1.940444
node_user13|waits|1|2
node_user13|messages|1|4
user12|min_constraint|1|3
user12|max_constraint|1|3
user17|flocal|0|0.30609560012817383
user17|flocal|0|0.2775101661682129
user17|ffinal|0|0.35271406173706055
node_user18|total_time|1|1.956640
node_user18|waits|1|2
node_user18|messages|1|4
user17|min_constraint|1|3
user17|max_constraint|1|3
user14|flocal|0|0.2983131408691406
user14|flocal|0|0.2690000534057617
user14|ffinal|0|0.31060004234313965
node_user15|total_time|1|1.894354
node_user15|waits|1|2
node_user15|messages|1|4
user14|min_constraint|1|3
user14|max_constraint|1|3
user19|flocal|0|0.3239266872406006
user19|flocal|0|0.2765069007873535
user19|ffinal|0|0.36113929748535156
node_user20|total_time|1|1.980575
node_user20|waits|1|2
node_user20|messages|1|4
user19|min_constraint|1|3
user19|max_constraint|1|3
user10|flocal|0|0.44596314430236816
user10|flocal|0|0.3259389400482178
user10|flocal|0|0.2633492946624756
user10|flocal|0|0.2695794105529785
user10|flocal|0|0.2599055767059326
user10|ffinal|0|0.28992319107055664
node_user11|total_time|1|22.916517
node_user11|waits|1|42
node_user11|messages|1|8
user10|min_constraint|1|3
user10|max_constraint|1|3
user9|flocal|0|0.404111385345459
user9|flocal|0|0.31543898582458496
user9|flocal|0|0.30985093116760254
user9|flocal|0|0.26143860816955566
user9|flocal|0|0.2959096431732178
user9|ffinal|0|0.2803535461425781
node_user10|total_time|1|22.923739
node_user10|waits|1|42
node_user10|messages|1|8
user9|min_constraint|1|3
user9|max_constraint|1|3
user18|flocal|0|0.44561171531677246
user18|flocal|0|0.3274095058441162
user18|flocal|0|0.25573253631591797
user18|flocal|0|0.2972145080566406
user18|flocal|0|0.2523806095123291
user18|ffinal|0|0.30068016052246094
node_user19|total_time|1|22.940606
node_user19|waits|1|42
node_user19|messages|1|8
user18|min_constraint|1|3
user18|max_constraint|1|3
user6|flocal|0|0.4211850166320801
user6|flocal|0|0.284146785736084
user6|flocal|0|0.3061087131500244
user6|flocal|0|0.29233765602111816
user6|flocal|0|0.26350903511047363
user6|ffinal|0|0.33112144470214844
node_user7|total_time|1|22.951857
node_user7|waits|1|42
node_user7|messages|1|8
user6|min_constraint|1|3
user6|max_constraint|1|3
user8|flocal|0|0.3632931709289551
user8|flocal|0|0.29879283905029297
user8|flocal|0|0.26746129989624023
user8|flocal|0|0.23832297325134277
user8|ffinal|0|0.30974578857421875
node_user9|total_time|1|23.035334
node_user9|waits|1|43
node_user9|messages|1|6
user8|min_constraint|1|3
user8|max_constraint|1|3
user7|flocal|0|0.4379408359527588
user7|flocal|0|0.2843797206878662
user7|flocal|0|0.3087959289550781
user7|flocal|0|0.2837183475494385
user7|flocal|0|0.31815242767333984
user7|ffinal|0|0.35527610778808594
node_user8|total_time|1|23.046464
node_user8|waits|1|42
node_user8|messages|1|8
user7|min_constraint|1|3
user7|max_constraint|1|3
user1|flocal|0|0.43090200424194336
user1|flocal|0|0.27817797660827637
user1|flocal|0|0.2235856056213379
user1|flocal|0|0.24441933631896973
user1|ffinal|0|0.3425333499908447
node_user2|total_time|1|23.081210
node_user2|waits|1|43
node_user2|messages|1|8
user1|min_constraint|1|3
user1|max_constraint|1|3
provider|flocal|0|0.33943676948547363
provider|flocal|0|0.26454877853393555
provider|flocal|0|0.22012114524841309
provider|flocal|0|0.23245859146118164
provider|flocal|0|0.2589285373687744
provider|flocal|0|0.22511577606201172
provider|flocal|0|0.21559453010559082
provider|ffinal|0|0.24863052368164062
node0|total_time|1|23.146515
node0|waits|1|41
node0|messages|1|100
provider|min_constraint|1|42
provider|max_constraint|1|42
user17|flocal|0|0.37316441535949707
user17|flocal|0|0.24092936515808105
user17|ffinal|0|0.2561662197113037
node_user18|total_time|2|2.391331
node_user18|waits|2|3
node_user18|messages|2|4
user17|min_constraint|2|3
user17|max_constraint|2|3
user5|flocal|0|0.37639737129211426
user5|flocal|0|0.23206233978271484
user5|ffinal|0|0.2741727828979492
node_user6|total_time|2|2.403987
node_user6|waits|2|3
node_user6|messages|2|4
user5|min_constraint|2|3
user5|max_constraint|2|3
user18|flocal|0|0.3730897903442383
user18|flocal|0|0.23484444618225098
user18|ffinal|0|0.27919888496398926
node_user19|total_time|2|2.409766
node_user19|waits|2|3
node_user19|messages|2|4
user18|min_constraint|2|3
user18|max_constraint|2|3
user11|flocal|0|0.35410404205322266
user11|flocal|0|0.2280559539794922
user11|ffinal|0|0.29147982597351074
node_user12|total_time|2|2.394654
node_user12|waits|2|3
node_user12|messages|2|4
user11|min_constraint|2|3
user11|max_constraint|2|3
user19|flocal|0|0.37546324729919434
user19|flocal|0|0.23311281204223633
user19|ffinal|0|0.2891061305999756
node_user20|total_time|2|2.420216
node_user20|waits|2|3
node_user20|messages|2|4
user19|min_constraint|2|3
user19|max_constraint|2|3
user14|flocal|0|0.3624918460845947
user14|flocal|0|0.24751877784729004
user14|ffinal|0|0.29197025299072266
node_user15|total_time|2|2.424416
node_user15|waits|2|3
node_user15|messages|2|4
user14|min_constraint|2|3
user14|max_constraint|2|3
user4|flocal|0|0.3466815948486328
user4|flocal|0|0.2445673942565918
user4|ffinal|0|0.2973802089691162
node_user5|total_time|2|2.409315
node_user5|waits|2|3
node_user5|messages|2|4
user4|min_constraint|2|3
user4|max_constraint|2|3
user10|flocal|0|0.36789679527282715
user10|flocal|0|0.23752570152282715
user10|ffinal|0|0.2947392463684082
node_user11|total_time|2|2.423372
node_user11|waits|2|3
node_user11|messages|2|4
user10|min_constraint|2|3
user10|max_constraint|2|3
user8|flocal|0|0.30432605743408203
user8|flocal|0|0.2734813690185547
user8|flocal|0|0.25911474227905273
user8|flocal|0|0.27399587631225586
user8|ffinal|0|0.27135276794433594
node_user9|total_time|2|23.439151
node_user9|waits|2|44
node_user9|messages|2|8
user8|min_constraint|2|3
user8|max_constraint|2|3
user16|flocal|0|0.3909273147583008
user16|flocal|0|0.2971043586730957
user16|ffinal|0|0.2845332622528076
node_user17|total_time|2|2.492939
node_user17|waits|2|3
node_user17|messages|2|4
user16|min_constraint|2|3
user16|max_constraint|2|3
user3|flocal|0|0.32576513290405273
user3|flocal|0|0.2533249855041504
user3|flocal|0|0.29248929023742676
user3|flocal|0|0.31153273582458496
user3|ffinal|0|0.27166271209716797
node_user4|total_time|2|23.513405
node_user4|waits|2|44
node_user4|messages|2|8
user3|min_constraint|2|3
user3|max_constraint|2|3
user6|flocal|0|0.33098530769348145
user6|flocal|0|0.31433677673339844
user6|flocal|0|0.23581647872924805
user6|flocal|0|0.2784292697906494
user6|ffinal|0|0.3105347156524658
node_user7|total_time|2|23.529845
node_user7|waits|2|44
node_user7|messages|2|8
user6|min_constraint|2|3
user6|max_constraint|2|3
user15|flocal|0|0.3676121234893799
user15|flocal|0|0.26761364936828613
user15|flocal|0|0.24982714653015137
user15|flocal|0|0.2699575424194336
user15|ffinal|0|0.3249695301055908
node_user16|total_time|2|23.543683
node_user16|waits|2|44
node_user16|messages|2|8
user15|min_constraint|2|3
user15|max_constraint|2|3
user7|flocal|0|0.3208017349243164
user7|flocal|0|0.28005290031433105
user7|flocal|0|0.27483654022216797
user7|flocal|0|0.2674226760864258
user7|ffinal|0|0.3417038917541504
node_user8|total_time|2|23.543992
node_user8|waits|2|44
node_user8|messages|2|8
user7|min_constraint|2|3
user7|max_constraint|2|3
user0|flocal|0|0.4030723571777344
user0|flocal|0|0.3052845001220703
user0|ffinal|0|0.33019065856933594
node_user1|total_time|2|2.555175
node_user1|waits|2|3
node_user1|messages|2|4
user0|min_constraint|2|3
user0|max_constraint|2|3
user12|flocal|0|0.33528733253479004
user12|flocal|0|0.2786750793457031
user12|flocal|0|0.26462674140930176
user12|flocal|0|0.2862262725830078
user12|ffinal|0|0.3466322422027588
node_user13|total_time|2|23.569892
node_user13|waits|2|44
node_user13|messages|2|8
user12|min_constraint|2|3
user12|max_constraint|2|3
user9|flocal|0|0.30451393127441406
user9|flocal|0|0.2996530532836914
user9|flocal|0|0.26725101470947266
user9|flocal|0|0.2886331081390381
user9|ffinal|0|0.3564913272857666
node_user10|total_time|2|23.576001
node_user10|waits|2|44
node_user10|messages|2|8
user9|min_constraint|2|3
user9|max_constraint|2|3
user2|flocal|0|0.34837794303894043
user2|flocal|0|0.2817857265472412
user2|flocal|0|0.23585844039916992
user2|flocal|0|0.2931661605834961
user2|ffinal|0|0.34282970428466797
node_user3|total_time|2|23.563345
node_user3|waits|2|44
node_user3|messages|2|8
user2|min_constraint|2|3
user2|max_constraint|2|3
user13|flocal|0|0.3459615707397461
user13|flocal|0|0.32457876205444336
user13|flocal|0|0.2795236110687256
user13|flocal|0|0.2607247829437256
user13|ffinal|0|0.29604578018188477
node_user14|total_time|2|23.565037
node_user14|waits|2|44
node_user14|messages|2|8
user13|min_constraint|2|3
user13|max_constraint|2|3
user1|flocal|0|0.37108302116394043
user1|flocal|0|0.304645299911499
user1|flocal|0|0.27629709243774414
user1|flocal|0|0.26114344596862793
user1|ffinal|0|0.3012998104095459
node_user2|total_time|2|23.571694
node_user2|waits|2|44
node_user2|messages|2|8
user1|min_constraint|2|3
user1|max_constraint|2|3
provider|flocal|0|0.3334159851074219
provider|flocal|0|0.2440779209136963
provider|flocal|0|0.24762582778930664
provider|flocal|0|0.2148902416229248
provider|flocal|0|0.26659584045410156
provider|flocal|0|0.23541665077209473
provider|flocal|0|0.2595822811126709
provider|ffinal|0|0.2794032096862793
node0|total_time|2|23.589367
node0|waits|2|42
node0|messages|2|80
provider|min_constraint|2|42
provider|max_constraint|2|42
user3|flocal|0|0.30016636848449707
user3|flocal|0|0.2751011848449707
user3|flocal|0|0.2807941436767578
user3|ffinal|0|0.23674368858337402
node_user4|total_time|3|22.645419
node_user4|waits|3|43
node_user4|messages|3|6
user3|min_constraint|3|3
user3|max_constraint|3|3
user19|flocal|0|0.31621813774108887
user19|flocal|0|0.2619481086730957
user19|flocal|0|0.279587984085083
user19|ffinal|0|0.2798295021057129
node_user20|total_time|3|22.690191
node_user20|waits|3|43
node_user20|messages|3|6
user19|min_constraint|3|3
user19|max_constraint|3|3
user5|flocal|0|0.34765100479125977
user5|flocal|0|0.2583129405975342
user5|flocal|0|0.2866394519805908
user5|ffinal|0|0.2708897590637207
node_user6|total_time|3|22.712354
node_user6|waits|3|43
node_user6|messages|3|6
user5|min_constraint|3|3
user5|max_constraint|3|3
user13|flocal|0|0.3285863399505615
user13|flocal|0|0.2837698459625244
user13|flocal|0|0.29125070571899414
user13|ffinal|0|0.264817476272583
node_user14|total_time|3|22.716147
node_user14|waits|3|43
node_user14|messages|3|6
user13|min_constraint|3|3
user13|max_constraint|3|3
user9|flocal|0|0.3176581859588623
user9|flocal|0|0.30683207511901855
user9|flocal|0|0.2742462158203125
user9|ffinal|0|0.28003668785095215
node_user10|total_time|3|22.727263
node_user10|waits|3|43
node_user10|messages|3|6
user9|min_constraint|3|3
user9|max_constraint|3|3
user10|flocal|0|0.3123910427093506
user10|flocal|0|0.27298498153686523
user10|flocal|0|0.29387688636779785
user10|ffinal|0|0.2868623733520508
node_user11|total_time|3|22.713928
node_user11|waits|3|43
node_user11|messages|3|6
user10|min_constraint|3|3
user10|max_constraint|3|3
user6|flocal|0|0.32645463943481445
user6|flocal|0|0.28306055068969727
user6|flocal|0|0.2955160140991211
user6|ffinal|0|0.27574968338012695
node_user7|total_time|3|22.728673
node_user7|waits|3|43
node_user7|messages|3|6
user6|min_constraint|3|3
user6|max_constraint|3|3
user16|flocal|0|0.23193359375
user16|flocal|0|0.28411269187927246
user16|ffinal|0|0.27452898025512695
node_user17|total_time|3|1.805116
node_user17|waits|3|2
node_user17|messages|3|4
user16|min_constraint|3|3
user16|max_constraint|3|3
user1|flocal|0|0.3150205612182617
user1|flocal|0|0.31920838356018066
user1|flocal|0|0.298358678817749
user1|ffinal|0|0.29010438919067383
node_user2|total_time|3|22.776993
node_user2|waits|3|43
node_user2|messages|3|6
user1|min_constraint|3|3
user1|max_constraint|3|3
user0|flocal|0|0.3503129482269287
user0|flocal|0|0.3001668453216553
user0|flocal|0|0.3167591094970703
user0|ffinal|0|0.27710962295532227
node_user1|total_time|3|22.790197
node_user1|waits|3|43
node_user1|messages|3|6
user0|min_constraint|3|3
user0|max_constraint|3|3
user7|flocal|0|0.32216691970825195
user7|flocal|0|0.3197767734527588
user7|flocal|0|0.3119683265686035
user7|ffinal|0|0.2851865291595459
node_user8|total_time|3|22.788440
node_user8|waits|3|43
node_user8|messages|3|6
user7|min_constraint|3|3
user7|max_constraint|3|3
user17|flocal|0|0.25133824348449707
user17|flocal|0|0.31420016288757324
user17|ffinal|0|0.29644107818603516
node_user18|total_time|3|1.877641
node_user18|waits|3|2
node_user18|messages|3|4
user17|min_constraint|3|3
user17|max_constraint|3|3
user4|flocal|0|0.31738710403442383
user4|flocal|0|0.31687188148498535
user4|flocal|0|0.3297760486602783
user4|ffinal|0|0.30562400817871094
node_user5|total_time|3|22.816827
node_user5|waits|3|43
node_user5|messages|3|6
user4|min_constraint|3|3
user4|max_constraint|3|3
user2|flocal|0|0.31780028343200684
user2|flocal|0|0.33089208602905273
user2|flocal|0|0.3089265823364258
user2|ffinal|0|0.3155219554901123
node_user3|total_time|3|22.822710
node_user3|waits|3|43
node_user3|messages|3|6
user2|min_constraint|3|3
user2|max_constraint|3|3
user8|flocal|0|0.3178861141204834
user8|flocal|0|0.3181610107421875
user8|flocal|0|0.3320138454437256
user8|ffinal|0|0.3051459789276123
node_user9|total_time|3|22.821863
node_user9|waits|3|43
node_user9|messages|3|6
user8|min_constraint|3|3
user8|max_constraint|3|3
user12|flocal|0|0.23711824417114258
user12|flocal|0|0.2834196090698242
user12|ffinal|0|0.3175852298736572
node_user13|total_time|3|1.854699
node_user13|waits|3|2
node_user13|messages|3|4
user12|min_constraint|3|3
user12|max_constraint|3|3
user14|flocal|0|0.23869752883911133
user14|flocal|0|0.3170607089996338
user14|ffinal|0|0.2915921211242676
node_user15|total_time|3|1.861116
node_user15|waits|3|2
node_user15|messages|3|4
user14|min_constraint|3|3
user14|max_constraint|3|3
user18|flocal|0|0.23784160614013672
user18|flocal|0|0.3155186176300049
user18|ffinal|0|0.2800331115722656
node_user19|total_time|3|1.846909
node_user19|waits|3|2
node_user19|messages|3|4
user18|min_constraint|3|3
user18|max_constraint|3|3
user15|flocal|0|0.2381598949432373
user15|flocal|0|0.3135411739349365
user15|ffinal|0|0.2953917980194092
node_user16|total_time|3|1.861184
node_user16|waits|3|2
node_user16|messages|3|4
user15|min_constraint|3|3
user15|max_constraint|3|3
user11|flocal|0|0.29567384719848633
user11|flocal|0|0.3402669429779053
user11|flocal|0|0.32839035987854004
user11|ffinal|0|0.32616543769836426
node_user12|total_time|3|22.837214
node_user12|waits|3|43
node_user12|messages|3|6
user11|min_constraint|3|3
user11|max_constraint|3|3
provider|flocal|0|0.249985933303833
provider|flocal|0|0.22339081764221191
provider|flocal|0|0.23067140579223633
provider|flocal|0|0.2225959300994873
provider|flocal|0|0.19218993186950684
provider|flocal|0|0.21898674964904785
provider|ffinal|0|0.29784274101257324
node0|total_time|3|23.094280
node0|waits|3|42
node0|messages|3|60
provider|min_constraint|3|42
provider|max_constraint|3|42
user0|flocal|0|0.23447370529174805
user0|flocal|0|0.21820592880249023
user0|flocal|0|0.26413869857788086
user0|ffinal|0|0.21634674072265625
node_user1|total_time|4|22.980583
node_user1|waits|4|44
node_user1|messages|4|4
user0|min_constraint|4|3
user0|max_constraint|4|3
user6|flocal|0|0.30280494689941406
user6|flocal|0|0.23723626136779785
user6|ffinal|0|0.25362706184387207
node_user7|total_time|4|2.312307
node_user7|waits|4|3
node_user7|messages|4|4
user6|min_constraint|4|3
user6|max_constraint|4|3
user16|flocal|0|0.3306903839111328
user16|flocal|0|0.22253966331481934
user16|ffinal|0|0.26026415824890137
node_user17|total_time|4|2.328634
node_user17|waits|4|3
node_user17|messages|4|4
user16|min_constraint|4|3
user16|max_constraint|4|3
user15|flocal|0|0.3448460102081299
user15|flocal|0|0.21900010108947754
user15|ffinal|0|0.27959132194519043
node_user16|total_time|4|2.359226
node_user16|waits|4|3
node_user16|messages|4|4
user15|min_constraint|4|3
user15|max_constraint|4|3
user10|flocal|0|0.3201594352722168
user10|flocal|0|0.22559857368469238
user10|ffinal|0|0.2943267822265625
node_user11|total_time|4|2.354708
node_user11|waits|4|3
node_user11|messages|4|4
user10|min_constraint|4|3
user10|max_constraint|4|3
user2|flocal|0|0.32869577407836914
user2|flocal|0|0.2601590156555176
user2|ffinal|0|0.2857666015625
node_user3|total_time|4|2.389485
node_user3|waits|4|3
node_user3|messages|4|4
user2|min_constraint|4|3
user2|max_constraint|4|3
user17|flocal|0|0.3658628463745117
user17|flocal|0|0.26911425590515137
user17|ffinal|0|0.282529354095459
node_user18|total_time|4|2.434756
node_user18|waits|4|3
node_user18|messages|4|4
user17|min_constraint|4|3
user17|max_constraint|4|3
user13|flocal|0|0.3264153003692627
user13|flocal|0|0.2687034606933594
user13|ffinal|0|0.31992626190185547
node_user14|total_time|4|2.431649
node_user14|waits|4|3
node_user14|messages|4|4
user13|min_constraint|4|3
user13|max_constraint|4|3
user5|flocal|0|0.36295175552368164
user5|flocal|0|0.30219507217407227
user5|ffinal|0|0.2871847152709961
node_user6|total_time|4|2.468340
node_user6|waits|4|3
node_user6|messages|4|4
user5|min_constraint|4|3
user5|max_constraint|4|3
user4|flocal|0|0.3414778709411621
user4|flocal|0|0.30179452896118164
user4|ffinal|0|0.31655263900756836
node_user5|total_time|4|2.478296
node_user5|waits|4|3
node_user5|messages|4|4
user4|min_constraint|4|3
user4|max_constraint|4|3
user14|flocal|0|0.3846116065979004
user14|flocal|0|0.27915263175964355
user14|ffinal|0|0.31026792526245117
node_user15|total_time|4|2.494386
node_user15|waits|4|3
node_user15|messages|4|4
user14|min_constraint|4|3
user14|max_constraint|4|3
user19|flocal|0|0.38025903701782227
user19|flocal|0|0.2837345600128174
user19|ffinal|0|0.31267714500427246
node_user20|total_time|4|2.497247
node_user20|waits|4|3
node_user20|messages|4|4
user19|min_constraint|4|3
user19|max_constraint|4|3
user7|flocal|0|0.355149507522583
user7|flocal|0|0.29677677154541016
user7|ffinal|0|0.30156517028808594
node_user8|total_time|4|2.473955
node_user8|waits|4|3
node_user8|messages|4|4
user7|min_constraint|4|3
user7|max_constraint|4|3
user18|flocal|0|0.38897085189819336
user18|flocal|0|0.30039167404174805
user18|ffinal|0|0.30414724349975586
node_user19|total_time|4|2.512250
node_user19|waits|4|3
node_user19|messages|4|4
user18|min_constraint|4|3
user18|max_constraint|4|3
user9|flocal|0|0.3779590129852295
user9|flocal|0|0.30144572257995605
user9|ffinal|0|0.32047581672668457
node_user10|total_time|4|2.517629
node_user10|waits|4|3
node_user10|messages|4|4
user9|min_constraint|4|3
user9|max_constraint|4|3
user3|flocal|0|0.3740675449371338
user3|flocal|0|0.3025634288787842
user3|ffinal|0|0.31032323837280273
node_user4|total_time|4|2.503401
node_user4|waits|4|3
node_user4|messages|4|4
user3|min_constraint|4|3
user3|max_constraint|4|3
user11|flocal|0|0.3739306926727295
user11|flocal|0|0.30468058586120605
user11|ffinal|0|0.31728434562683105
node_user12|total_time|4|2.514087
node_user12|waits|4|3
node_user12|messages|4|4
user11|min_constraint|4|3
user11|max_constraint|4|3
user8|flocal|0|0.36797189712524414
user8|flocal|0|0.2917613983154297
user8|ffinal|0|0.3573169708251953
node_user9|total_time|4|2.537543
node_user9|waits|4|3
node_user9|messages|4|4
user8|min_constraint|4|3
user8|max_constraint|4|3
user1|flocal|0|0.3470644950866699
user1|flocal|0|0.3217151165008545
user1|ffinal|0|0.357985258102417
node_user2|total_time|4|2.542405
node_user2|waits|4|3
node_user2|messages|4|4
user1|min_constraint|4|3
user1|max_constraint|4|3
user12|flocal|0|0.38709211349487305
user12|flocal|0|0.3092226982116699
user12|ffinal|0|0.356243371963501
node_user13|total_time|4|2.572433
node_user13|waits|4|3
node_user13|messages|4|4
user12|min_constraint|4|3
user12|max_constraint|4|3
provider|flocal|0|0.28024816513061523
provider|flocal|0|0.2202777862548828
provider|flocal|0|0.21770453453063965
provider|flocal|0|0.22094321250915527
provider|ffinal|0|0.3166980743408203
node0|total_time|4|23.571092
node0|waits|4|44
node0|messages|4|60
provider|min_constraint|4|42
provider|max_constraint|4|42
user0|flocal|0|0.45397448539733887
user0|flocal|0|0.3229560852050781
user0|ffinal|0|0.29230642318725586
node_user1|total_time|5|3.086084
node_user1|waits|5|4
node_user1|messages|5|4
user0|min_constraint|5|3
user0|max_constraint|5|3
user8|flocal|0|0.45163393020629883
user8|flocal|0|0.30942535400390625
user8|ffinal|0|0.2823641300201416
node_user9|total_time|5|3.059784
node_user9|waits|5|4
node_user9|messages|5|4
user8|min_constraint|5|3
user8|max_constraint|5|3
user10|flocal|0|0.4081900119781494
user10|flocal|0|0.3284740447998047
user10|ffinal|0|0.2953758239746094
node_user11|total_time|5|3.048732
node_user11|waits|5|4
node_user11|messages|5|4
user10|min_constraint|5|3
user10|max_constraint|5|3
user14|flocal|0|0.4689517021179199
user14|flocal|0|0.33599233627319336
user14|ffinal|0|0.297473669052124
node_user15|total_time|5|3.116701
node_user15|waits|5|4
node_user15|messages|5|4
user14|min_constraint|5|3
user14|max_constraint|5|3
user19|flocal|0|0.4676840305328369
user19|flocal|0|0.3182108402252197
user19|ffinal|0|0.3275113105773926
node_user20|total_time|5|3.131593
node_user20|waits|5|4
node_user20|messages|5|4
user19|min_constraint|5|3
user19|max_constraint|5|3
user13|flocal|0|0.4613332748413086
user13|flocal|0|0.2957170009613037
user13|ffinal|0|0.3155086040496826
node_user14|total_time|5|3.087835
node_user14|waits|5|4
node_user14|messages|5|4
user13|min_constraint|5|3
user13|max_constraint|5|3
user4|flocal|0|0.40630435943603516
user4|flocal|0|0.34690260887145996
user4|ffinal|0|0.32590222358703613
node_user5|total_time|5|3.094803
node_user5|waits|5|4
node_user5|messages|5|4
user4|min_constraint|5|3
user4|max_constraint|5|3
user2|flocal|0|0.4817655086517334
user2|flocal|0|0.3561224937438965
user2|ffinal|0|0.29603123664855957
node_user3|total_time|5|3.150988
node_user3|waits|5|4
node_user3|messages|5|4
user2|min_constraint|5|3
user2|max_constraint|5|3
user15|flocal|0|0.4302539825439453
user15|flocal|0|0.357480525970459
user15|ffinal|0|0.34113240242004395
node_user16|total_time|5|3.145169
node_user16|waits|5|4
node_user16|messages|5|4
user15|min_constraint|5|3
user15|max_constraint|5|3
user5|flocal|0|0.45315027236938477
user5|flocal|0|0.3296835422515869
user5|ffinal|0|0.3296661376953125
node_user6|total_time|5|3.129206
node_user6|waits|5|4
node_user6|messages|5|4
user5|min_constraint|5|3
user5|max_constraint|5|3
user18|flocal|0|0.4974370002746582
user18|flocal|0|0.33989763259887695
user18|ffinal|0|0.3143131732940674
node_user19|total_time|5|3.167221
node_user19|waits|5|4
node_user19|messages|5|4
user18|min_constraint|5|3
user18|max_constraint|5|3
user3|flocal|0|0.23303580284118652
user3|flocal|0|0.21765971183776855
user3|flocal|0|0.3176307678222656
user3|ffinal|0|0.3117802143096924
node_user4|total_time|5|24.128827
node_user4|waits|5|46
node_user4|messages|5|6
user3|min_constraint|5|3
user3|max_constraint|5|3
user7|flocal|0|0.4531738758087158
user7|flocal|0|0.3587055206298828
user7|ffinal|0|0.3085494041442871
node_user8|total_time|5|3.135243
node_user8|waits|5|4
node_user8|messages|5|4
user7|min_constraint|5|3
user7|max_constraint|5|3
user9|flocal|0|0.43776535987854004
user9|flocal|0|0.3500711917877197
user9|ffinal|0|0.32499122619628906
node_user10|total_time|5|3.127936
node_user10|waits|5|4
node_user10|messages|5|4
user9|min_constraint|5|3
user9|max_constraint|5|3
user1|flocal|0|0.43993258476257324
user1|flocal|0|0.3335390090942383
user1|ffinal|0|0.34515810012817383
node_user2|total_time|5|3.134839
node_user2|waits|5|4
node_user2|messages|5|4
user1|min_constraint|5|3
user1|max_constraint|5|3
user11|flocal|0|0.23495244979858398
user11|flocal|0|0.21250510215759277
user11|flocal|0|0.32842159271240234
user11|ffinal|0|0.33011460304260254
node_user12|total_time|5|24.154726
node_user12|waits|5|46
node_user12|messages|5|6
user11|min_constraint|5|3
user11|max_constraint|5|3
user12|flocal|0|0.4235363006591797
user12|flocal|0|0.3801155090332031
user12|ffinal|0|0.3349595069885254
node_user13|total_time|5|3.156510
node_user13|waits|5|4
node_user13|messages|5|4
user12|min_constraint|5|3
user12|max_constraint|5|3
user17|flocal|0|0.48848605155944824
user17|flocal|0|0.35857415199279785
user17|ffinal|0|0.33600807189941406
node_user18|total_time|5|3.200941
node_user18|waits|5|4
node_user18|messages|5|4
user17|min_constraint|5|3
user17|max_constraint|5|3
user16|flocal|0|0.23259735107421875
user16|flocal|0|0.23367547988891602
user16|flocal|0|0.3329184055328369
user16|ffinal|0|0.3139209747314453
node_user17|total_time|5|24.161225
node_user17|waits|5|46
node_user17|messages|5|6
user16|min_constraint|5|3
user16|max_constraint|5|3
user6|flocal|0|0.23943138122558594
user6|flocal|0|0.23546695709228516
user6|flocal|0|0.3198516368865967
user6|ffinal|0|0.35807085037231445
node_user7|total_time|5|24.200588
node_user7|waits|5|46
node_user7|messages|5|6
user6|min_constraint|5|3
user6|max_constraint|5|3
provider|flocal|0|0.23965692520141602
provider|flocal|0|0.21919751167297363
provider|flocal|0|0.21772480010986328
provider|flocal|0|0.2546885013580322
provider|flocal|0|0.30953550338745117
provider|ffinal|0|0.29587340354919434
node0|total_time|5|24.410594
node0|waits|5|45
node0|messages|5|60
provider|min_constraint|5|42
provider|max_constraint|5|42
user2|flocal|0|0.3145442008972168
user2|flocal|0|0.2559323310852051
user2|flocal|0|0.2512969970703125
user2|flocal|0|0.2712128162384033
user2|ffinal|0|0.30649495124816895
node_user3|total_time|6|22.953990
node_user3|waits|6|43
node_user3|messages|6|8
user2|min_constraint|6|3
user2|max_constraint|6|3
user13|flocal|0|0.3524634838104248
user13|flocal|0|0.315021276473999
user13|ffinal|0|0.2704143524169922
node_user14|total_time|6|1.954350
node_user14|waits|6|2
node_user14|messages|6|4
user13|min_constraint|6|3
user13|max_constraint|6|3
user17|flocal|0|0.34407925605773926
user17|flocal|0|0.32216763496398926
user17|ffinal|0|0.27534937858581543
node_user18|total_time|6|1.959021
node_user18|waits|6|2
node_user18|messages|6|4
user17|min_constraint|6|3
user17|max_constraint|6|3
user1|flocal|0|0.3508594036102295
user1|flocal|0|0.25635671615600586
user1|flocal|0|0.24668550491333008
user1|flocal|0|0.2836425304412842
user1|ffinal|0|0.26582813262939453
node_user2|total_time|6|22.955750
node_user2|waits|6|43
node_user2|messages|6|8
user1|min_constraint|6|3
user1|max_constraint|6|3
user0|flocal|0|0.3237626552581787
user0|flocal|0|0.249467134475708
user0|flocal|0|0.26157426834106445
user0|flocal|0|0.3237178325653076
user0|ffinal|0|0.2765192985534668
node_user1|total_time|6|22.990419
node_user1|waits|6|43
node_user1|messages|6|8
user0|min_constraint|6|3
user0|max_constraint|6|3
user4|flocal|0|0.3264811038970947
user4|flocal|0|0.23904013633728027
user4|flocal|0|0.2796792984008789
user4|flocal|0|0.27895259857177734
user4|ffinal|0|0.2891826629638672
node_user5|total_time|6|22.967248
node_user5|waits|6|43
node_user5|messages|6|8
user4|min_constraint|6|3
user4|max_constraint|6|3
user8|flocal|0|0.35063743591308594
user8|flocal|0|0.3009662628173828
user8|ffinal|0|0.31758809089660645
node_user9|total_time|6|1.992485
node_user9|waits|6|2
node_user9|messages|6|4
user8|min_constraint|6|3
user8|max_constraint|6|3
user11|flocal|0|0.368011474609375
user11|flocal|0|0.30013060569763184
user11|ffinal|0|0.3121681213378906
node_user12|total_time|6|1.998800
node_user12|waits|6|2
node_user12|messages|6|4
user11|min_constraint|6|3
user11|max_constraint|6|3
user9|flocal|0|0.30460667610168457
user9|flocal|0|0.24513721466064453
user9|flocal|0|0.26453447341918945
user9|flocal|0|0.33112645149230957
user9|ffinal|0|0.31728243827819824
node_user10|total_time|6|23.020023
node_user10|waits|6|43
node_user10|messages|6|8
user9|min_constraint|6|3
user9|max_constraint|6|3
user15|flocal|0|0.3640749454498291
user15|flocal|0|0.3504633903503418
user15|ffinal|0|0.27896881103515625
node_user16|total_time|6|2.010606
node_user16|waits|6|2
node_user16|messages|6|4
user15|min_constraint|6|3
user15|max_constraint|6|3
user16|flocal|0|0.3768305778503418
user16|flocal|0|0.3387315273284912
user16|ffinal|0|0.30388927459716797
node_user17|total_time|6|2.034456
node_user17|waits|6|2
node_user17|messages|6|4
user16|min_constraint|6|3
user16|max_constraint|6|3
user5|flocal|0|0.30185508728027344
user5|flocal|0|0.23924732208251953
user5|flocal|0|0.2560141086578369
user5|flocal|0|0.33481526374816895
user5|ffinal|0|0.34099292755126953
node_user6|total_time|6|23.030046
node_user6|waits|6|43
node_user6|messages|6|8
user5|min_constraint|6|3
user5|max_constraint|6|3
user19|flocal|0|0.34447765350341797
user19|flocal|0|0.3422701358795166
user19|ffinal|0|0.33119797706604004
node_user20|total_time|6|2.034192
node_user20|waits|6|2
node_user20|messages|6|4
user19|min_constraint|6|3
user19|max_constraint|6|3
user10|flocal|0|0.3306424617767334
user10|flocal|0|0.2828981876373291
user10|flocal|0|0.26351022720336914
user10|flocal|0|0.3251221179962158
user10|ffinal|0|0.3024475574493408
node_user11|total_time|6|23.058021
node_user11|waits|6|43
node_user11|messages|6|8
user10|min_constraint|6|3
user10|max_constraint|6|3
user7|flocal|0|0.31689977645874023
user7|flocal|0|0.2457594871520996
user7|flocal|0|0.23732995986938477
user7|flocal|0|0.3547670841217041
user7|ffinal|0|0.3129761219024658
node_user8|total_time|6|23.024558
node_user8|waits|6|43
node_user8|messages|6|8
user7|min_constraint|6|3
user7|max_constraint|6|3
user18|flocal|0|0.3640742301940918
user18|flocal|0|0.3377542495727539
user18|ffinal|0|0.3249063491821289
node_user19|total_time|6|2.046294
node_user19|waits|6|2
node_user19|messages|6|4
user18|min_constraint|6|3
user18|max_constraint|6|3
user6|flocal|0|0.3168628215789795
user6|flocal|0|0.269364595413208
user6|flocal|0|0.2796907424926758
user6|flocal|0|0.313399076461792
user6|ffinal|0|0.3141019344329834
node_user7|total_time|6|23.045567
node_user7|waits|6|43
node_user7|messages|6|8
user6|min_constraint|6|3
user6|max_constraint|6|3
user12|flocal|0|0.3720412254333496
user12|flocal|0|0.2574172019958496
user12|flocal|0|0.2390727996826172
user12|flocal|0|0.29906606674194336
user12|ffinal|0|0.29450082778930664
node_user13|total_time|6|23.013353
node_user13|waits|6|43
node_user13|messages|6|8
user12|min_constraint|6|3
user12|max_constraint|6|3
user14|flocal|0|0.3137233257293701
user14|flocal|0|0.27216386795043945
user14|flocal|0|0.2468571662902832
user14|flocal|0|0.31752943992614746
user14|ffinal|0|0.3645133972167969
node_user15|total_time|6|23.070415
node_user15|waits|6|43
node_user15|messages|6|8
user14|min_constraint|6|3
user14|max_constraint|6|3
user3|flocal|0|0.3726942539215088
user3|flocal|0|0.2395181655883789
user3|flocal|0|0.24172759056091309
user3|flocal|0|0.3289945125579834
user3|ffinal|0|0.36762118339538574
node_user4|total_time|6|23.107632
node_user4|waits|6|43
node_user4|messages|6|8
user3|min_constraint|6|3
user3|max_constraint|6|3
provider|flocal|0|0.31483983993530273
provider|flocal|0|0.24750566482543945
provider|flocal|0|0.23231816291809082
provider|flocal|0|0.22946858406066895
provider|flocal|0|0.25230836868286133
provider|flocal|0|0.23418593406677246
provider|ffinal|0|0.3143482208251953
node0|total_time|6|23.306382
node0|waits|6|42
node0|messages|6|100
provider|min_constraint|6|42
provider|max_constraint|6|42
user5|flocal|0|0.3824882507324219
user5|flocal|0|0.27606964111328125
user5|flocal|0|0.32944488525390625
user5|ffinal|0|0.3042633533477783
node_user6|total_time|7|23.842988
node_user6|waits|7|45
node_user6|messages|7|6
user5|min_constraint|7|3
user5|max_constraint|7|3
user0|flocal|0|0.4050452709197998
user0|flocal|0|0.27565789222717285
user0|flocal|0|0.2855558395385742
user0|ffinal|0|0.3527817726135254
node_user1|total_time|7|23.871752
node_user1|waits|7|45
node_user1|messages|7|6
user0|min_constraint|7|3
user0|max_constraint|7|3
user9|flocal|0|0.3532106876373291
user9|flocal|0|0.30520105361938477
user9|flocal|0|0.33130955696105957
user9|ffinal|0|0.319439172744751
node_user10|total_time|7|23.858220
node_user10|waits|7|45
node_user10|messages|7|6
user9|min_constraint|7|3
user9|max_constraint|7|3
user4|flocal|0|0.42866015434265137
user4|flocal|0|0.28202104568481445
user4|flocal|0|0.31189870834350586
user4|ffinal|0|0.3170607089996338
node_user5|total_time|7|23.892761
node_user5|waits|7|45
node_user5|messages|7|6
user4|min_constraint|7|3
user4|max_constraint|7|3
user12|flocal|0|0.39968013763427734
user12|flocal|0|0.28391051292419434
user12|flocal|0|0.31655359268188477
user12|ffinal|0|0.31963443756103516
node_user13|total_time|7|23.870566
node_user13|waits|7|45
node_user13|messages|7|6
user12|min_constraint|7|3
user12|max_constraint|7|3
user7|flocal|0|0.34939002990722656
user7|flocal|0|0.2967262268066406
user7|flocal|0|0.33707189559936523
user7|ffinal|0|0.34590673446655273
node_user8|total_time|7|23.881495
node_user8|waits|7|45
node_user8|messages|7|6
user7|min_constraint|7|3
user7|max_constraint|7|3
user16|flocal|0|0.41249585151672363
user16|flocal|0|0.28794264793395996
user16|flocal|0|0.3032650947570801
user16|ffinal|0|0.3445591926574707
node_user17|total_time|7|23.902618
node_user17|waits|7|45
node_user17|messages|7|6
user16|min_constraint|7|3
user16|max_constraint|7|3
user17|flocal|0|0.4021790027618408
user17|flocal|0|0.29556965827941895
user17|flocal|0|0.34110546112060547
user17|ffinal|0|0.33898305892944336
node_user18|total_time|7|23.928007
node_user18|waits|7|45
node_user18|messages|7|6
user17|min_constraint|7|3
user17|max_constraint|7|3
user8|flocal|0|0.38445353507995605
user8|flocal|0|0.31848740577697754
user8|flocal|0|0.3225901126861572
user8|ffinal|0|0.35480380058288574
node_user9|total_time|7|23.930837
node_user9|waits|7|45
node_user9|messages|7|6
user8|min_constraint|7|3
user8|max_constraint|7|3
user6|flocal|0|0.40866518020629883
user6|flocal|0|0.2769763469696045
user6|flocal|0|0.33379507064819336
user6|ffinal|0|0.3398854732513428
node_user7|total_time|7|23.909538
node_user7|waits|7|45
node_user7|messages|7|6
user6|min_constraint|7|3
user6|max_constraint|7|3
user11|flocal|0|0.41933226585388184
user11|flocal|0|0.3544504642486572
user11|flocal|0|0.2907123565673828
user11|ffinal|0|0.3204915523529053
node_user12|total_time|7|23.933322
node_user12|waits|7|45
node_user12|messages|7|6
user11|min_constraint|7|3
user11|max_constraint|7|3
user1|flocal|0|0.3459336757659912
user1|flocal|0|0.3458096981048584
user1|flocal|0|0.30917811393737793
user1|ffinal|0|0.35323143005371094
node_user2|total_time|7|23.903466
node_user2|waits|7|45
node_user2|messages|7|6
user1|min_constraint|7|3
user1|max_constraint|7|3
user3|flocal|0|0.332003116607666
user3|flocal|0|0.2913968563079834
user3|ffinal|0|0.30243968963623047
node_user4|total_time|7|2.942558
node_user4|waits|7|4
node_user4|messages|7|4
user3|min_constraint|7|3
user3|max_constraint|7|3
user18|flocal|0|0.4238455295562744
user18|flocal|0|0.33846187591552734
user18|flocal|0|0.3037545680999756
user18|ffinal|0|0.3229637145996094
node_user19|total_time|7|23.937212
node_user19|waits|7|45
node_user19|messages|7|6
user18|min_constraint|7|3
user18|max_constraint|7|3
user2|flocal|0|0.4087381362915039
user2|flocal|0|0.2878243923187256
user2|flocal|0|0.3230013847351074
user2|ffinal|0|0.3724503517150879
node_user3|total_time|7|23.943376
node_user3|waits|7|45
node_user3|messages|7|6
user2|min_constraint|7|3
user2|max_constraint|7|3
user14|flocal|0|0.3292980194091797
user14|flocal|0|0.3126826286315918
user14|ffinal|0|0.35677623748779297
node_user15|total_time|7|3.015145
node_user15|waits|7|4
node_user15|messages|7|4
user14|min_constraint|7|3
user14|max_constraint|7|3
user10|flocal|0|0.3274397850036621
user10|flocal|0|0.30041933059692383
user10|ffinal|0|0.37416911125183105
node_user11|total_time|7|3.019624
node_user11|waits|7|4
node_user11|messages|7|4
user10|min_constraint|7|3
user10|max_constraint|7|3
user13|flocal|0|0.4050130844116211
user13|flocal|0|0.34874606132507324
user13|flocal|0|0.3191189765930176
user13|ffinal|0|0.3396890163421631
node_user14|total_time|7|23.961923
node_user14|waits|7|45
node_user14|messages|7|6
user13|min_constraint|7|3
user13|max_constraint|7|3
user19|flocal|0|0.3277397155761719
user19|flocal|0|0.2968721389770508
user19|ffinal|0|0.3534708023071289
node_user20|total_time|7|2.994866
node_user20|waits|7|4
node_user20|messages|7|4
user19|min_constraint|7|3
user19|max_constraint|7|3
user15|flocal|0|0.3870429992675781
user15|flocal|0|0.3529372215270996
user15|flocal|0|0.28783488273620605
user15|ffinal|0|0.39133715629577637
node_user16|total_time|7|23.968095
node_user16|waits|7|45
node_user16|messages|7|6
user15|min_constraint|7|3
user15|max_constraint|7|3
provider|flocal|0|0.327439546585083
provider|flocal|0|0.22865772247314453
provider|flocal|0|0.23382353782653809
provider|flocal|0|0.2461872100830078
provider|flocal|0|0.25495266914367676
provider|ffinal|0|0.28765106201171875
node0|total_time|7|24.075973
node0|waits|7|44
node0|messages|7|60
provider|min_constraint|7|42
provider|max_constraint|7|42
user12|flocal|0|0.2944827079772949
user12|ffinal|0|0.30226588249206543
node_user13|total_time|8|1.604305
node_user13|waits|8|2
node_user13|messages|8|2
user12|min_constraint|8|3
user12|max_constraint|8|3
user8|flocal|0|0.28580355644226074
user8|ffinal|0|0.3329153060913086
node_user9|total_time|8|1.627253
node_user9|waits|8|2
node_user9|messages|8|2
user8|min_constraint|8|3
user8|max_constraint|8|3
user14|flocal|0|0.3348236083984375
user14|ffinal|0|0.28099727630615234
node_user15|total_time|8|1.622676
node_user15|waits|8|2
node_user15|messages|8|2
user14|min_constraint|8|3
user14|max_constraint|8|3
user19|flocal|0|0.2953805923461914
user19|ffinal|0|0.32164549827575684
node_user20|total_time|8|1.624319
node_user20|waits|8|2
node_user20|messages|8|2
user19|min_constraint|8|3
user19|max_constraint|8|3
user17|flocal|0|0.29421401023864746
user17|ffinal|0|0.33347630500793457
node_user18|total_time|8|1.635952
node_user18|waits|8|2
node_user18|messages|8|2
user17|min_constraint|8|3
user17|max_constraint|8|3
user9|flocal|0|0.3206522464752197
user9|ffinal|0|0.28299713134765625
node_user10|total_time|8|1.611014
node_user10|waits|8|2
node_user10|messages|8|2
user9|min_constraint|8|3
user9|max_constraint|8|3
user10|flocal|0|0.3266441822052002
user10|ffinal|0|0.2933781147003174
node_user11|total_time|8|1.626906
node_user11|waits|8|2
node_user11|messages|8|2
user10|min_constraint|8|3
user10|max_constraint|8|3
user7|flocal|0|0.36261820793151855
user7|ffinal|0|0.28101325035095215
node_user8|total_time|8|1.650919
node_user8|waits|8|2
node_user8|messages|8|2
user7|min_constraint|8|3
user7|max_constraint|8|3
user6|flocal|0|0.33249616622924805
user6|ffinal|0|0.3218827247619629
node_user7|total_time|8|1.662817
node_user7|waits|8|2
node_user7|messages|8|2
user6|min_constraint|8|3
user6|max_constraint|8|3
user4|flocal|0|0.3280754089355469
user4|ffinal|0|0.3277781009674072
node_user5|total_time|8|1.663819
node_user5|waits|8|2
node_user5|messages|8|2
user4|min_constraint|8|3
user4|max_constraint|8|3
user16|flocal|0|0.3084251880645752
user16|ffinal|0|0.33698201179504395
node_user17|total_time|8|1.654440
node_user17|waits|8|2
node_user17|messages|8|2
user16|min_constraint|8|3
user16|max_constraint|8|3
user18|flocal|0|0.3172945976257324
user18|ffinal|0|0.335921049118042
node_user19|total_time|8|1.661239
node_user19|waits|8|2
node_user19|messages|8|2
user18|min_constraint|8|3
user18|max_constraint|8|3
user3|flocal|0|0.301098108291626
user3|ffinal|0|0.34007811546325684
node_user4|total_time|8|1.652073
node_user4|waits|8|2
node_user4|messages|8|2
user3|min_constraint|8|3
user3|max_constraint|8|3
user15|flocal|0|0.3329644203186035
user15|ffinal|0|0.3346419334411621
node_user16|total_time|8|1.674671
node_user16|waits|8|2
node_user16|messages|8|2
user15|min_constraint|8|3
user15|max_constraint|8|3
user0|flocal|0|0.29810166358947754
user0|ffinal|0|0.3357715606689453
node_user1|total_time|8|1.642208
node_user1|waits|8|2
node_user1|messages|8|2
user0|min_constraint|8|3
user0|max_constraint|8|3
user1|flocal|0|0.331928014755249
user1|ffinal|0|0.3329458236694336
node_user2|total_time|8|1.671329
node_user2|waits|8|2
node_user2|messages|8|2
user1|min_constraint|8|3
user1|max_constraint|8|3
user13|flocal|0|0.3402833938598633
user13|ffinal|0|0.34349656105041504
node_user14|total_time|8|16.90852
node_user14|waits|8|2
node_user14|messages|8|2
user13|min_constraint|8|3
user13|max_constraint|8|3
user11|flocal|0|0.3346588611602783
user11|ffinal|0|0.31786322593688965
node_user12|total_time|8|1.659517
node_user12|waits|8|2
node_user12|messages|8|2
user11|min_constraint|8|3
user11|max_constraint|8|3
user5|flocal|0|0.32675957679748535
user5|ffinal|0|0.31730198860168457
node_user6|total_time|8|1.650429
node_user6|waits|8|2
node_user6|messages|8|2
user5|min_constraint|8|3
user5|max_constraint|8|3
user2|flocal|0|0.30918383598327637
user2|ffinal|0|0.33431363105773926
node_user3|total_time|8|1.651262
node_user3|waits|8|2
node_user3|messages|8|2
user2|min_constraint|8|3
user2|max_constraint|8|3
provider|flocal|0|0.2868328094482422
provider|flocal|0|0.22075939178466797
provider|ffinal|0|0.2721850872039795
node0|total_time|8|1.882736
node0|waits|8|2
node0|messages|8|40
provider|min_constraint|8|10
provider|max_constraint|8|10
user8|flocal|0|0.35692882537841797
user8|flocal|0|0.2582564353942871
user8|flocal|0|0.30749058723449707
user8|ffinal|0|0.25722241401672363
node_user9|total_time|9|22.729774
node_user9|waits|9|43
node_user9|messages|9|6
user8|min_constraint|9|3
user8|max_constraint|9|3
user0|flocal|0|0.30324888229370117
user0|flocal|0|0.27396535873413086
user0|flocal|0|0.3086092472076416
user0|ffinal|0|0.2592194080352783
node_user1|total_time|9|22.694414
node_user1|waits|9|43
node_user1|messages|9|6
user0|min_constraint|9|3
user0|max_constraint|9|3
user4|flocal|0|0.35195088386535645
user4|flocal|0|0.28405332565307617
user4|flocal|0|0.3024320602416992
user4|ffinal|0|0.26657772064208984
node_user5|total_time|9|22.758859
node_user5|waits|9|43
node_user5|messages|9|6
user4|min_constraint|9|3
user4|max_constraint|9|3
user2|flocal|0|0.3250601291656494
user2|flocal|0|0.30501556396484375
user2|flocal|0|0.30495619773864746
user2|ffinal|0|0.25568127632141113
node_user3|total_time|9|22.736676
node_user3|waits|9|43
node_user3|messages|9|6
user2|min_constraint|9|3
user2|max_constraint|9|3
user10|flocal|0|0.3514823913574219
user10|flocal|0|0.2833821773529053
user10|flocal|0|0.33112502098083496
user10|ffinal|0|0.24336004257202148
node_user11|total_time|9|22.758357
node_user11|waits|9|43
node_user11|messages|9|6
user10|min_constraint|9|3
user10|max_constraint|9|3
user9|flocal|0|0.3580303192138672
user9|flocal|0|0.2752857208251953
user9|flocal|0|0.3272969722747803
user9|ffinal|0|0.27175092697143555
node_user10|total_time|9|22.783786
node_user10|waits|9|43
node_user10|messages|9|6
user9|min_constraint|9|3
user9|max_constraint|9|3
user15|flocal|0|0.2448742389678955
user15|flocal|0|0.2603647708892822
user15|ffinal|0|0.2861330509185791
node_user16|total_time|9|1.806122
node_user16|waits|9|2
node_user16|messages|9|4
user15|min_constraint|9|3
user15|max_constraint|9|3
user7|flocal|0|0.35503721237182617
user7|flocal|0|0.26035642623901367
user7|flocal|0|0.3142845630645752
user7|ffinal|0|0.28530216217041016
node_user8|total_time|9|22.763055
node_user8|waits|9|43
node_user8|messages|9|6
user7|min_constraint|9|3
user7|max_constraint|9|3
user3|flocal|0|0.3295881748199463
user3|flocal|0|0.2776975631713867
user3|flocal|0|0.31342649459838867
user3|ffinal|0|0.28769612312316895
node_user4|total_time|9|22.755565
node_user4|waits|9|43
node_user4|messages|9|6
user3|min_constraint|9|3
user3|max_constraint|9|3
user1|flocal|0|0.3581833839416504
user1|flocal|0|0.28995203971862793
user1|flocal|0|0.3109402656555176
user1|ffinal|0|0.2911407947540283
node_user2|total_time|9|22.798122
node_user2|waits|9|43
node_user2|messages|9|6
user1|min_constraint|9|3
user1|max_constraint|9|3
user17|flocal|0|0.24523472785949707
user17|flocal|0|0.29761195182800293
user17|ffinal|0|0.26484036445617676
node_user18|total_time|9|1.822855
node_user18|waits|9|2
node_user18|messages|9|4
user17|min_constraint|9|3
user17|max_constraint|9|3
user12|flocal|0|0.3491554260253906
user12|flocal|0|0.30075693130493164
user12|flocal|0|0.305042028427124
user12|ffinal|0|0.28975892066955566
node_user13|total_time|9|22.791736
node_user13|waits|9|43
node_user13|messages|9|6
user12|min_constraint|9|3
user12|max_constraint|9|3
user19|flocal|0|0.24640321731567383
user19|flocal|0|0.28493261337280273
user19|ffinal|0|0.29252195358276367
node_user20|total_time|9|1.839241
node_user20|waits|9|2
node_user20|messages|9|4
user19|min_constraint|9|3
user19|max_constraint|9|3
user6|flocal|0|0.3185136318206787
user6|flocal|0|0.3074951171875
user6|flocal|0|0.32578253746032715
user6|ffinal|0|0.30483460426330566
node_user7|total_time|9|22.805744
node_user7|waits|9|43
node_user7|messages|9|6
user6|min_constraint|9|3
user6|max_constraint|9|3
user13|flocal|0|0.31027889251708984
user13|flocal|0|0.2700486183166504
user13|flocal|0|0.2233269214630127
user13|ffinal|0|0.2311556339263916
node_user14|total_time|9|23.086693
node_user14|waits|9|44
node_user14|messages|9|6
user13|min_constraint|9|3
user13|max_constraint|9|3
user18|flocal|0|0.318406343460083
user18|flocal|0|0.26895737648010254
user18|flocal|0|0.2218153476715088
user18|ffinal|0|0.23688793182373047
node_user19|total_time|9|23.095237
node_user19|waits|9|44
node_user19|messages|9|6
user18|min_constraint|9|3
user18|max_constraint|9|3
user11|flocal|0|0.3240940570831299
user11|flocal|0|0.2847623825073242
user11|flocal|0|0.2740604877471924
user11|ffinal|0|0.2317655086517334
node_user12|total_time|9|23.163399
node_user12|waits|9|44
node_user12|messages|9|6
user11|min_constraint|9|3
user11|max_constraint|9|3
user16|flocal|0|0.290895938873291
user16|flocal|0|0.2808046340942383
user16|flocal|0|0.2723422050476074
user16|ffinal|0|0.24339079856872559
node_user17|total_time|9|23.136091
node_user17|waits|9|44
node_user17|messages|9|6
user16|min_constraint|9|3
user16|max_constraint|9|3
user5|flocal|0|0.31049227714538574
user5|flocal|0|0.2847015857696533
user5|flocal|0|0.3100578784942627
user5|ffinal|0|0.2502286434173584
node_user6|total_time|9|23.205216
node_user6|waits|9|44
node_user6|messages|9|6
user5|min_constraint|9|3
user5|max_constraint|9|3
user14|flocal|0|0.3186795711517334
user14|flocal|0|0.2832212448120117
user14|flocal|0|0.3102591037750244
user14|ffinal|0|0.25927305221557617
node_user15|total_time|9|23.221306
node_user15|waits|9|44
node_user15|messages|9|6
user14|min_constraint|9|3
user14|max_constraint|9|3
provider|flocal|0|0.24909758567810059
provider|flocal|0|0.20775508880615234
provider|flocal|0|0.18570685386657715
provider|flocal|0|0.18060779571533203
provider|flocal|0|0.22280001640319824
provider|ffinal|0|0.25026679039001465
node0|total_time|9|23.301206
node0|waits|9|43
node0|messages|9|60
provider|min_constraint|9|42
provider|max_constraint|9|42
