id|key|iteration|value
transformer3|flocal|0|0.3611278533935547
transformer3|ffinal|0|0.3060634136199951
node_transformer3|total_time|0|28.712771
node_transformer3|waits|0|56
node_transformer3|messages|0|2
transformer3|min_constraint|0|2
transformer3|max_constraint|0|2
transformer16|flocal|0|0.3600196838378906
transformer16|ffinal|0|0.33498716354370117
node_transformer16|total_time|0|28.738656
node_transformer16|waits|0|56
node_transformer16|messages|0|2
transformer16|min_constraint|0|2
transformer16|max_constraint|0|2
transformer17|flocal|0|0.3583991527557373
transformer17|ffinal|0|0.36760830879211426
node_transformer17|total_time|0|28.770464
node_transformer17|waits|0|56
node_transformer17|messages|0|2
transformer17|min_constraint|0|2
transformer17|max_constraint|0|2
transformer9|flocal|0|0.35179758071899414
transformer9|ffinal|0|0.3640460968017578
node_transformer9|total_time|0|28.760101
node_transformer9|waits|0|56
node_transformer9|messages|0|2
transformer9|min_constraint|0|2
transformer9|max_constraint|0|2
transformer19|flocal|0|0.37292027473449707
transformer19|ffinal|0|0.3727715015411377
node_transformer19|total_time|0|28.785062
node_transformer19|waits|0|56
node_transformer19|messages|0|0
transformer19|min_constraint|0|2
transformer19|max_constraint|0|2
transformer13|flocal|0|0.352184534072876
transformer13|ffinal|0|0.36800169944763184
node_transformer13|total_time|0|28.764156
node_transformer13|waits|0|56
node_transformer13|messages|0|2
transformer13|min_constraint|0|2
transformer13|max_constraint|0|2
transformer1|flocal|0|0.35811400413513184
transformer1|ffinal|0|0.3708314895629883
node_transformer1|total_time|0|28.774269
node_transformer1|waits|0|56
node_transformer1|messages|0|2
transformer1|min_constraint|0|2
transformer1|max_constraint|0|2
transformer8|flocal|0|0.36731672286987305
transformer8|ffinal|0|0.3492581844329834
node_transformer8|total_time|0|28.760626
node_transformer8|waits|0|56
node_transformer8|messages|0|2
transformer8|min_constraint|0|2
transformer8|max_constraint|0|2
transformer11|flocal|0|0.33681154251098633
transformer11|ffinal|0|0.3673398494720459
node_transformer11|total_time|0|28.749990
node_transformer11|waits|0|56
node_transformer11|messages|0|2
transformer11|min_constraint|0|2
transformer11|max_constraint|0|2
transformer4|flocal|0|0.3560523986816406
transformer4|ffinal|0|0.35660338401794434
node_transformer4|total_time|0|28.758070
node_transformer4|waits|0|56
node_transformer4|messages|0|2
transformer4|min_constraint|0|2
transformer4|max_constraint|0|2
transformer5|flocal|0|0.3450782299041748
transformer5|ffinal|0|0.3968360424041748
node_transformer5|total_time|0|28.787768
node_transformer5|waits|0|56
node_transformer5|messages|0|2
transformer5|min_constraint|0|2
transformer5|max_constraint|0|2
transformer0|flocal|0|0.35529351234436035
transformer0|ffinal|0|0.3696177005767822
node_transformer0|total_time|0|28.768225
node_transformer0|waits|0|56
node_transformer0|messages|0|2
transformer0|min_constraint|0|2
transformer0|max_constraint|0|2
provider|flocal|0|0.35579705238342285
provider|ffinal|0|0.24264192581176758
node_provider|total_time|0|29.170379
node_provider|waits|0|57
node_provider|messages|0|1
provider|min_constraint|0|2
provider|max_constraint|0|2
transformer10|flocal|0|0.310884952545166
transformer10|ffinal|0|0.27358365058898926
node_transformer10|total_time|0|29.130731
node_transformer10|waits|0|57
node_transformer10|messages|0|2
transformer10|min_constraint|0|2
transformer10|max_constraint|0|2
transformer14|flocal|0|0.33016347885131836
transformer14|ffinal|0|0.2826268672943115
node_transformer14|total_time|0|29.158901
node_transformer14|waits|0|57
node_transformer14|messages|0|2
transformer14|min_constraint|0|2
transformer14|max_constraint|0|2
transformer15|flocal|0|0.38544535636901855
transformer15|ffinal|0|0.27431297302246094
node_transformer15|total_time|0|8.179045
node_transformer15|waits|0|15
node_transformer15|messages|0|2
transformer15|min_constraint|0|2
transformer15|max_constraint|0|2
transformer6|flocal|0|0.32493042945861816
transformer6|ffinal|0|0.2995569705963135
node_transformer6|total_time|0|29.169909
node_transformer6|waits|0|57
node_transformer6|messages|0|2
transformer6|min_constraint|0|2
transformer6|max_constraint|0|2
transformer7|flocal|0|0.3256099224090576
transformer7|ffinal|0|0.30031466484069824
node_transformer7|total_time|0|29.171688
node_transformer7|waits|0|57
node_transformer7|messages|0|2
transformer7|min_constraint|0|2
transformer7|max_constraint|0|2
transformer2|flocal|0|0.3294074535369873
transformer2|ffinal|0|0.29720044136047363
node_transformer2|total_time|0|29.170904
node_transformer2|waits|0|57
node_transformer2|messages|0|2
transformer2|min_constraint|0|2
transformer2|max_constraint|0|2
transformer18|flocal|0|0.35935544967651367
transformer18|ffinal|0|0.3074498176574707
node_transformer18|total_time|0|8.185655
node_transformer18|waits|0|15
node_transformer18|messages|0|2
transformer18|min_constraint|0|2
transformer18|max_constraint|0|2
transformer12|flocal|0|0.3421177864074707
transformer12|ffinal|0|0.28557682037353516
node_transformer12|total_time|0|29.174595
node_transformer12|waits|0|57
node_transformer12|messages|0|2
transformer12|min_constraint|0|2
transformer12|max_constraint|0|2
transformer7|flocal|0|0.2443675994873047
transformer7|ffinal|0|0.3324618339538574
node_transformer7|total_time|1|14.604037
node_transformer7|waits|1|28
node_transformer7|messages|1|2
transformer7|min_constraint|1|2
transformer7|max_constraint|1|2
transformer9|flocal|0|0.23090457916259766
transformer9|ffinal|0|0.3270246982574463
node_transformer9|total_time|1|14.584670
node_transformer9|waits|1|28
node_transformer9|messages|1|2
transformer9|min_constraint|1|2
transformer9|max_constraint|1|2
transformer18|flocal|0|0.23491740226745605
transformer18|ffinal|0|0.3363778591156006
node_transformer18|total_time|1|14.597425
node_transformer18|waits|1|28
node_transformer18|messages|1|2
transformer18|min_constraint|1|2
transformer18|max_constraint|1|2
provider|flocal|0|0.29993176460266113
provider|ffinal|0|0.25855278968811035
node_provider|total_time|1|35.641993
node_provider|waits|1|70
node_provider|messages|1|1
provider|min_constraint|1|2
provider|max_constraint|1|2
transformer2|flocal|0|0.25981998443603516
transformer2|ffinal|0|0.36374425888061523
node_transformer2|total_time|1|14.650450
node_transformer2|waits|1|28
node_transformer2|messages|1|2
transformer2|min_constraint|1|2
transformer2|max_constraint|1|2
transformer17|flocal|0|0.2531096935272217
transformer17|ffinal|0|0.3506472110748291
node_transformer17|total_time|1|35.654749
node_transformer17|waits|1|70
node_transformer17|messages|1|2
transformer17|min_constraint|1|2
transformer17|max_constraint|1|2
transformer15|flocal|0|0.24916720390319824
transformer15|ffinal|0|0.38326525688171387
node_transformer15|total_time|1|14.659343
node_transformer15|waits|1|28
node_transformer15|messages|1|2
transformer15|min_constraint|1|2
transformer15|max_constraint|1|2
transformer10|flocal|0|0.2726144790649414
transformer10|ffinal|0|0.3784599304199219
node_transformer10|total_time|1|14.678954
node_transformer10|waits|1|28
node_transformer10|messages|1|2
transformer10|min_constraint|1|2
transformer10|max_constraint|1|2
transformer4|flocal|0|0.2470557689666748
transformer4|ffinal|0|0.40264248847961426
node_transformer4|total_time|1|14.676157
node_transformer4|waits|1|28
node_transformer4|messages|1|2
transformer4|min_constraint|1|2
transformer4|max_constraint|1|2
transformer12|flocal|0|0.2539939880371094
transformer12|ffinal|0|0.40604591369628906
node_transformer12|total_time|1|14.687394
node_transformer12|waits|1|28
node_transformer12|messages|1|2
transformer12|min_constraint|1|2
transformer12|max_constraint|1|2
transformer3|flocal|0|0.2569718360900879
transformer3|ffinal|0|0.3781256675720215
node_transformer3|total_time|1|35.689035
node_transformer3|waits|1|70
node_transformer3|messages|1|2
transformer3|min_constraint|1|2
transformer3|max_constraint|1|2
transformer14|flocal|0|0.2646660804748535
transformer14|ffinal|0|0.40527892112731934
node_transformer14|total_time|1|14.696963
node_transformer14|waits|1|28
node_transformer14|messages|1|2
transformer14|min_constraint|1|2
transformer14|max_constraint|1|2
transformer6|flocal|0|0.2553722858428955
transformer6|ffinal|0|0.4197061061859131
node_transformer6|total_time|1|14.701933
node_transformer6|waits|1|28
node_transformer6|messages|1|2
transformer6|min_constraint|1|2
transformer6|max_constraint|1|2
transformer8|flocal|0|0.2481555938720703
transformer8|ffinal|0|0.41024088859558105
node_transformer8|total_time|1|14.684760
node_transformer8|waits|1|28
node_transformer8|messages|1|2
transformer8|min_constraint|1|2
transformer8|max_constraint|1|2
transformer16|flocal|0|0.2626528739929199
transformer16|ffinal|0|0.41174864768981934
node_transformer16|total_time|1|14.700996
node_transformer16|waits|1|28
node_transformer16|messages|1|2
transformer16|min_constraint|1|2
transformer16|max_constraint|1|2
transformer11|flocal|0|0.25663065910339355
transformer11|ffinal|0|0.4092555046081543
node_transformer11|total_time|1|14.691702
node_transformer11|waits|1|28
node_transformer11|messages|1|2
transformer11|min_constraint|1|2
transformer11|max_constraint|1|2
transformer5|flocal|0|0.2548954486846924
transformer5|ffinal|0|0.4197680950164795
node_transformer5|total_time|1|14.701552
node_transformer5|waits|1|28
node_transformer5|messages|1|2
transformer5|min_constraint|1|2
transformer5|max_constraint|1|2
transformer13|flocal|0|0.25078701972961426
transformer13|ffinal|0|0.40831971168518066
node_transformer13|total_time|1|35.710587
node_transformer13|waits|1|70
node_transformer13|messages|1|2
transformer13|min_constraint|1|2
transformer13|max_constraint|1|2
transformer0|flocal|0|0.3103477954864502
transformer0|ffinal|0|0.3627927303314209
node_transformer0|total_time|1|14.698438
node_transformer0|waits|1|28
node_transformer0|messages|1|2
transformer0|min_constraint|1|2
transformer0|max_constraint|1|2
transformer19|flocal|0|0.2638413906097412
transformer19|ffinal|0|0.4195384979248047
node_transformer19|total_time|1|14.704686
node_transformer19|waits|1|28
node_transformer19|messages|1|0
transformer19|min_constraint|1|2
transformer19|max_constraint|1|2
transformer1|flocal|0|0.25872015953063965
transformer1|ffinal|0|0.403536319732666
node_transformer1|total_time|1|35.715076
node_transformer1|waits|1|70
node_transformer1|messages|1|2
transformer1|min_constraint|1|2
transformer1|max_constraint|1|2
transformer6|flocal|0|0.31256985664367676
transformer6|ffinal|0|0.30835652351379395
node_transformer6|total_time|2|16.651022
node_transformer6|waits|2|32
node_transformer6|messages|2|2
transformer6|min_constraint|2|2
transformer6|max_constraint|2|2
transformer3|flocal|0|0.26175761222839355
transformer3|ffinal|0|0.3502049446105957
node_transformer3|total_time|2|37.667405
node_transformer3|waits|2|74
node_transformer3|messages|2|2
transformer3|min_constraint|2|2
transformer3|max_constraint|2|2
transformer16|flocal|0|0.3460428714752197
transformer16|ffinal|0|0.325453519821167
node_transformer16|total_time|2|16.700320
node_transformer16|waits|2|32
node_transformer16|messages|2|2
transformer16|min_constraint|2|2
transformer16|max_constraint|2|2
transformer18|flocal|0|0.3466517925262451
transformer18|ffinal|0|0.3308603763580322
node_transformer18|total_time|2|16.706362
node_transformer18|waits|2|32
node_transformer18|messages|2|2
transformer18|min_constraint|2|2
transformer18|max_constraint|2|2
transformer17|flocal|0|0.343123197555542
transformer17|ffinal|0|0.33981800079345703
node_transformer17|total_time|2|16.711570
node_transformer17|waits|2|32
node_transformer17|messages|2|2
transformer17|min_constraint|2|2
transformer17|max_constraint|2|2
transformer14|flocal|0|0.3508720397949219
transformer14|ffinal|0|0.3326237201690674
node_transformer14|total_time|2|37.738352
node_transformer14|waits|2|74
node_transformer14|messages|2|2
transformer14|min_constraint|2|2
transformer14|max_constraint|2|2
transformer12|flocal|0|0.3554410934448242
transformer12|ffinal|0|0.30597877502441406
node_transformer12|total_time|2|37.715578
node_transformer12|waits|2|74
node_transformer12|messages|2|2
transformer12|min_constraint|2|2
transformer12|max_constraint|2|2
transformer7|flocal|0|0.35175275802612305
transformer7|ffinal|0|0.32233691215515137
node_transformer7|total_time|2|37.730326
node_transformer7|waits|2|74
node_transformer7|messages|2|2
transformer7|min_constraint|2|2
transformer7|max_constraint|2|2
transformer10|flocal|0|0.3396937847137451
transformer10|ffinal|0|0.3436088562011719
node_transformer10|total_time|2|37.737853
node_transformer10|waits|2|74
node_transformer10|messages|2|2
transformer10|min_constraint|2|2
transformer10|max_constraint|2|2
transformer8|flocal|0|0.3567497730255127
transformer8|ffinal|0|0.30229830741882324
node_transformer8|total_time|2|37.714211
node_transformer8|waits|2|74
node_transformer8|messages|2|2
transformer8|min_constraint|2|2
transformer8|max_constraint|2|2
transformer15|flocal|0|0.36392807960510254
transformer15|ffinal|0|0.34665751457214355
node_transformer15|total_time|2|16.739640
node_transformer15|waits|2|32
node_transformer15|messages|2|2
transformer15|min_constraint|2|2
transformer15|max_constraint|2|2
transformer9|flocal|0|0.3463122844696045
transformer9|ffinal|0|0.33232784271240234
node_transformer9|total_time|2|37.735061
node_transformer9|waits|2|74
node_transformer9|messages|2|2
transformer9|min_constraint|2|2
transformer9|max_constraint|2|2
transformer11|flocal|0|0.307889461517334
transformer11|ffinal|0|0.37406325340270996
node_transformer11|total_time|2|37.736089
node_transformer11|waits|2|74
node_transformer11|messages|2|2
transformer11|min_constraint|2|2
transformer11|max_constraint|2|2
transformer19|flocal|0|0.35900354385375977
transformer19|ffinal|0|0.3921926021575928
node_transformer19|total_time|2|16.776110
node_transformer19|waits|2|32
node_transformer19|messages|2|0
transformer19|min_constraint|2|2
transformer19|max_constraint|2|2
transformer13|flocal|0|0.3724980354309082
transformer13|ffinal|0|0.33287787437438965
node_transformer13|total_time|2|37.759502
node_transformer13|waits|2|74
node_transformer13|messages|2|2
transformer13|min_constraint|2|2
transformer13|max_constraint|2|2
transformer4|flocal|0|0.26590657234191895
transformer4|ffinal|0|0.2752828598022461
node_transformer4|total_time|2|38.097906
node_transformer4|waits|2|75
node_transformer4|messages|2|2
transformer4|min_constraint|2|2
transformer4|max_constraint|2|2
provider|flocal|0|0.2524755001068115
provider|ffinal|0|0.2637331485748291
node_provider|total_time|2|38.104893
node_provider|waits|2|75
node_provider|messages|2|1
provider|min_constraint|2|2
provider|max_constraint|2|2
transformer1|flocal|0|0.2565944194793701
transformer1|ffinal|0|0.3118159770965576
node_transformer1|total_time|2|17.098824
node_transformer1|waits|2|33
node_transformer1|messages|2|2
transformer1|min_constraint|2|2
transformer1|max_constraint|2|2
transformer2|flocal|0|0.2601790428161621
transformer2|ffinal|0|0.3088548183441162
node_transformer2|total_time|2|17.099602
node_transformer2|waits|2|33
node_transformer2|messages|2|2
transformer2|min_constraint|2|2
transformer2|max_constraint|2|2
transformer5|flocal|0|0.2321639060974121
transformer5|ffinal|0|0.2840237617492676
node_transformer5|total_time|2|38.072179
node_transformer5|waits|2|75
node_transformer5|messages|2|2
transformer5|min_constraint|2|2
transformer5|max_constraint|2|2
transformer0|flocal|0|0.27010536193847656
transformer0|ffinal|0|0.30912041664123535
node_transformer0|total_time|2|17.108803
node_transformer0|waits|2|33
node_transformer0|messages|2|2
transformer0|min_constraint|2|2
transformer0|max_constraint|2|2
transformer5|flocal|0|0.22497320175170898
transformer5|ffinal|0|0.33419060707092285
node_transformer5|total_time|3|17.089653
node_transformer5|waits|3|33
node_transformer5|messages|3|2
transformer5|min_constraint|3|2
transformer5|max_constraint|3|2
transformer6|flocal|0|0.22907614707946777
transformer6|ffinal|0|0.3412761688232422
node_transformer6|total_time|3|38.126343
node_transformer6|waits|3|75
node_transformer6|messages|3|2
transformer6|min_constraint|3|2
transformer6|max_constraint|3|2
transformer4|flocal|0|0.25705790519714355
transformer4|ffinal|0|0.3543283939361572
node_transformer4|total_time|3|17.141571
node_transformer4|waits|3|33
node_transformer4|messages|3|2
transformer4|min_constraint|3|2
transformer4|max_constraint|3|2
transformer1|flocal|0|0.2657742500305176
transformer1|ffinal|0|0.3512895107269287
node_transformer1|total_time|3|17.148367
node_transformer1|waits|3|33
node_transformer1|messages|3|2
transformer1|min_constraint|3|2
transformer1|max_constraint|3|2
transformer3|flocal|0|0.26097869873046875
transformer3|ffinal|0|0.35593318939208984
node_transformer3|total_time|3|17.147364
node_transformer3|waits|3|33
node_transformer3|messages|3|2
transformer3|min_constraint|3|2
transformer3|max_constraint|3|2
transformer15|flocal|0|0.2503020763397217
transformer15|ffinal|0|0.369098424911499
node_transformer15|total_time|3|17.149056
node_transformer15|waits|3|33
node_transformer15|messages|3|2
transformer15|min_constraint|3|2
transformer15|max_constraint|3|2
transformer14|flocal|0|0.2657644748687744
transformer14|ffinal|0|0.36554932594299316
node_transformer14|total_time|3|17.161338
node_transformer14|waits|3|33
node_transformer14|messages|3|2
transformer14|min_constraint|3|2
transformer14|max_constraint|3|2
transformer19|flocal|0|0.24356770515441895
transformer19|ffinal|0|0.36266636848449707
node_transformer19|total_time|3|38.157711
node_transformer19|waits|3|75
node_transformer19|messages|3|0
transformer19|min_constraint|3|2
transformer19|max_constraint|3|2
transformer17|flocal|0|0.26212358474731445
transformer17|ffinal|0|0.38003087043762207
node_transformer17|total_time|3|17.172194
node_transformer17|waits|3|33
node_transformer17|messages|3|2
transformer17|min_constraint|3|2
transformer17|max_constraint|3|2
transformer2|flocal|0|0.259824275970459
transformer2|ffinal|0|0.38950347900390625
node_transformer2|total_time|3|17.179639
node_transformer2|waits|3|33
node_transformer2|messages|3|2
transformer2|min_constraint|3|2
transformer2|max_constraint|3|2
transformer16|flocal|0|0.2562837600708008
transformer16|ffinal|0|0.37134242057800293
node_transformer16|total_time|3|38.184287
node_transformer16|waits|3|75
node_transformer16|messages|3|2
transformer16|min_constraint|3|2
transformer16|max_constraint|3|2
transformer10|flocal|0|0.25415754318237305
transformer10|ffinal|0|0.3689100742340088
node_transformer10|total_time|3|38.178931
node_transformer10|waits|3|75
node_transformer10|messages|3|2
transformer10|min_constraint|3|2
transformer10|max_constraint|3|2
transformer18|flocal|0|0.2652721405029297
transformer18|ffinal|0|0.390472412109375
node_transformer18|total_time|3|17.184575
node_transformer18|waits|3|33
node_transformer18|messages|3|2
transformer18|min_constraint|3|2
transformer18|max_constraint|3|2
transformer13|flocal|0|0.26160168647766113
transformer13|ffinal|0|0.35688185691833496
node_transformer13|total_time|3|38.173712
node_transformer13|waits|3|75
node_transformer13|messages|3|2
transformer13|min_constraint|3|2
transformer13|max_constraint|3|2
transformer9|flocal|0|0.26171135902404785
transformer9|ffinal|0|0.3823838233947754
node_transformer9|total_time|3|38.199679
node_transformer9|waits|3|75
node_transformer9|messages|3|2
transformer9|min_constraint|3|2
transformer9|max_constraint|3|2
transformer12|flocal|0|0.2600557804107666
transformer12|ffinal|0|0.4028446674346924
node_transformer12|total_time|3|38.218517
node_transformer12|waits|3|75
node_transformer12|messages|3|2
transformer12|min_constraint|3|2
transformer12|max_constraint|3|2
transformer8|flocal|0|0.26300549507141113
transformer8|ffinal|0|0.38820600509643555
node_transformer8|total_time|3|38.207197
node_transformer8|waits|3|75
node_transformer8|messages|3|2
transformer8|min_constraint|3|2
transformer8|max_constraint|3|2
transformer11|flocal|0|0.2626333236694336
transformer11|ffinal|0|0.4039459228515625
node_transformer11|total_time|3|38.222130
node_transformer11|waits|3|75
node_transformer11|messages|3|2
transformer11|min_constraint|3|2
transformer11|max_constraint|3|2
transformer0|flocal|0|0.32527589797973633
transformer0|ffinal|0|0.37008142471313477
node_transformer0|total_time|3|17.224894
node_transformer0|waits|3|33
node_transformer0|messages|3|2
transformer0|min_constraint|3|2
transformer0|max_constraint|3|2
transformer7|flocal|0|0.26494622230529785
transformer7|ffinal|0|0.39263105392456055
node_transformer7|total_time|3|38.213406
node_transformer7|waits|3|75
node_transformer7|messages|3|2
transformer7|min_constraint|3|2
transformer7|max_constraint|3|2
provider|flocal|0|0.35218119621276855
provider|ffinal|0|0.3213493824005127
node_provider|total_time|3|38.261882
node_provider|waits|3|75
node_provider|messages|3|1
provider|min_constraint|3|2
provider|max_constraint|3|2
transformer19|flocal|0|0.26224851608276367
transformer19|ffinal|0|0.3133845329284668
node_transformer19|total_time|4|15.098276
node_transformer19|waits|4|29
node_transformer19|messages|4|0
transformer19|min_constraint|4|2
transformer19|max_constraint|4|2
transformer17|flocal|0|0.26085925102233887
transformer17|ffinal|0|0.3011507987976074
node_transformer17|total_time|4|36.113231
node_transformer17|waits|4|71
node_transformer17|messages|4|2
transformer17|min_constraint|4|2
transformer17|max_constraint|4|2
transformer18|flocal|0|0.2657198905944824
transformer18|ffinal|0|0.324418306350708
node_transformer18|total_time|4|15.116859
node_transformer18|waits|4|29
node_transformer18|messages|4|2
transformer18|min_constraint|4|2
transformer18|max_constraint|4|2
transformer16|flocal|0|0.26104187965393066
transformer16|ffinal|0|0.306429386138916
node_transformer16|total_time|4|36.119610
node_transformer16|waits|4|71
node_transformer16|messages|4|2
transformer16|min_constraint|4|2
transformer16|max_constraint|4|2
transformer15|flocal|0|0.2685112953186035
transformer15|ffinal|0|0.3394753932952881
node_transformer15|total_time|4|15.135185
node_transformer15|waits|4|29
node_transformer15|messages|4|2
transformer15|min_constraint|4|2
transformer15|max_constraint|4|2
transformer0|flocal|0|0.2851288318634033
transformer0|ffinal|0|0.32916975021362305
node_transformer0|total_time|4|15.140350
node_transformer0|waits|4|29
node_transformer0|messages|4|2
transformer0|min_constraint|4|2
transformer0|max_constraint|4|2
transformer5|flocal|0|0.35631418228149414
transformer5|ffinal|0|0.3103330135345459
node_transformer5|total_time|4|36.219834
node_transformer5|waits|4|71
node_transformer5|messages|4|2
transformer5|min_constraint|4|2
transformer5|max_constraint|4|2
transformer3|flocal|0|0.3519928455352783
transformer3|ffinal|0|0.3256561756134033
node_transformer3|total_time|4|15.205450
node_transformer3|waits|4|29
node_transformer3|messages|4|2
transformer3|min_constraint|4|2
transformer3|max_constraint|4|2
transformer14|flocal|0|0.3304569721221924
transformer14|ffinal|0|0.35896778106689453
node_transformer14|total_time|4|36.242351
node_transformer14|waits|4|71
node_transformer14|messages|4|2
transformer14|min_constraint|4|2
transformer14|max_constraint|4|2
transformer2|flocal|0|0.3519930839538574
transformer2|ffinal|0|0.3257880210876465
node_transformer2|total_time|4|36.232065
node_transformer2|waits|4|71
node_transformer2|messages|4|2
transformer2|min_constraint|4|2
transformer2|max_constraint|4|2
transformer1|flocal|0|0.32894396781921387
transformer1|ffinal|0|0.37772321701049805
node_transformer1|total_time|4|36.259401
node_transformer1|waits|4|71
node_transformer1|messages|4|2
transformer1|min_constraint|4|2
transformer1|max_constraint|4|2
transformer9|flocal|0|0.3380544185638428
transformer9|ffinal|0|0.37249279022216797
node_transformer9|total_time|4|36.263262
node_transformer9|waits|4|71
node_transformer9|messages|4|2
transformer9|min_constraint|4|2
transformer9|max_constraint|4|2
transformer7|flocal|0|0.3479118347167969
transformer7|ffinal|0|0.36782050132751465
node_transformer7|total_time|4|15.243700
node_transformer7|waits|4|29
node_transformer7|messages|4|2
transformer7|min_constraint|4|2
transformer7|max_constraint|4|2
transformer10|flocal|0|0.32564210891723633
transformer10|ffinal|0|0.39603447914123535
node_transformer10|total_time|4|15.250752
node_transformer10|waits|4|29
node_transformer10|messages|4|2
transformer10|min_constraint|4|2
transformer10|max_constraint|4|2
transformer11|flocal|0|0.34490251541137695
transformer11|ffinal|0|0.37491893768310547
node_transformer11|total_time|4|36.273665
node_transformer11|waits|4|71
node_transformer11|messages|4|2
transformer11|min_constraint|4|2
transformer11|max_constraint|4|2
transformer8|flocal|0|0.3571600914001465
transformer8|ffinal|0|0.36238694190979004
node_transformer8|total_time|4|36.272262
node_transformer8|waits|4|71
node_transformer8|messages|4|2
transformer8|min_constraint|4|2
transformer8|max_constraint|4|2
transformer4|flocal|0|0.34859538078308105
transformer4|ffinal|0|0.3821113109588623
node_transformer4|total_time|4|15.258959
node_transformer4|waits|4|29
node_transformer4|messages|4|2
transformer4|min_constraint|4|2
transformer4|max_constraint|4|2
transformer13|flocal|0|0.3548545837402344
transformer13|ffinal|0|0.3685629367828369
node_transformer13|total_time|4|36.277602
node_transformer13|waits|4|71
node_transformer13|messages|4|2
transformer13|min_constraint|4|2
transformer13|max_constraint|4|2
transformer12|flocal|0|0.3594505786895752
transformer12|ffinal|0|0.3817107677459717
node_transformer12|total_time|4|15.269379
node_transformer12|waits|4|29
node_transformer12|messages|4|2
transformer12|min_constraint|4|2
transformer12|max_constraint|4|2
transformer6|flocal|0|0.35887908935546875
transformer6|ffinal|0|0.3975679874420166
node_transformer6|total_time|4|15.284245
node_transformer6|waits|4|29
node_transformer6|messages|4|2
transformer6|min_constraint|4|2
transformer6|max_constraint|4|2
provider|flocal|0|0.235548734664917
provider|ffinal|0|0.2361741065979004
node_provider|total_time|4|36.559821
node_provider|waits|4|72
node_provider|messages|4|1
provider|min_constraint|4|2
provider|max_constraint|4|2
transformer19|flocal|0|0.3231816291809082
transformer19|ffinal|0|0.2923564910888672
node_transformer19|total_time|5|15.138679
node_transformer19|waits|5|29
node_transformer19|messages|5|0
transformer19|min_constraint|5|2
transformer19|max_constraint|5|2
transformer3|flocal|0|0.22637462615966797
transformer3|ffinal|0|0.3021821975708008
node_transformer3|total_time|5|36.082329
node_transformer3|waits|5|71
node_transformer3|messages|5|2
transformer3|min_constraint|5|2
transformer3|max_constraint|5|2
transformer2|flocal|0|0.2619950771331787
transformer2|ffinal|0|0.29677295684814453
node_transformer2|total_time|5|15.086928
node_transformer2|waits|5|29
node_transformer2|messages|5|2
transformer2|min_constraint|5|2
transformer2|max_constraint|5|2
transformer6|flocal|0|0.26279139518737793
transformer6|ffinal|0|0.32620668411254883
node_transformer6|total_time|5|36.141576
node_transformer6|waits|5|71
node_transformer6|messages|5|2
transformer6|min_constraint|5|2
transformer6|max_constraint|5|2
transformer18|flocal|0|0.29752469062805176
transformer18|ffinal|0|0.30552029609680176
node_transformer18|total_time|5|36.154898
node_transformer18|waits|5|71
node_transformer18|messages|5|2
transformer18|min_constraint|5|2
transformer18|max_constraint|5|2
transformer8|flocal|0|0.2599766254425049
transformer8|ffinal|0|0.3364849090576172
node_transformer8|total_time|5|36.151029
node_transformer8|waits|5|71
node_transformer8|messages|5|2
transformer8|min_constraint|5|2
transformer8|max_constraint|5|2
transformer13|flocal|0|0.25800633430480957
transformer13|ffinal|0|0.28600311279296875
node_transformer13|total_time|5|15.573450
node_transformer13|waits|5|30
node_transformer13|messages|5|2
transformer13|min_constraint|5|2
transformer13|max_constraint|5|2
transformer15|flocal|0|0.22319889068603516
transformer15|ffinal|0|0.3363051414489746
node_transformer15|total_time|5|15.587579
node_transformer15|waits|5|30
node_transformer15|messages|5|2
transformer15|min_constraint|5|2
transformer15|max_constraint|5|2
transformer11|flocal|0|0.24724364280700684
transformer11|ffinal|0|0.31185317039489746
node_transformer11|total_time|5|15.588060
node_transformer11|waits|5|30
node_transformer11|messages|5|2
transformer11|min_constraint|5|2
transformer11|max_constraint|5|2
transformer7|flocal|0|0.22722244262695312
transformer7|ffinal|0|0.3108999729156494
node_transformer7|total_time|5|15.567101
node_transformer7|waits|5|30
node_transformer7|messages|5|2
transformer7|min_constraint|5|2
transformer7|max_constraint|5|2
transformer4|flocal|0|0.23369264602661133
transformer4|ffinal|0|0.3040785789489746
node_transformer4|total_time|5|15.566709
node_transformer4|waits|5|30
node_transformer4|messages|5|2
transformer4|min_constraint|5|2
transformer4|max_constraint|5|2
transformer0|flocal|0|0.2508842945098877
transformer0|ffinal|0|0.3182244300842285
node_transformer0|total_time|5|15.595823
node_transformer0|waits|5|30
node_transformer0|messages|5|2
transformer0|min_constraint|5|2
transformer0|max_constraint|5|2
provider|flocal|0|0.23628807067871094
provider|ffinal|0|0.2705268859863281
node_provider|total_time|5|36.594666
node_provider|waits|5|72
node_provider|messages|5|1
provider|min_constraint|5|2
provider|max_constraint|5|2
transformer1|flocal|0|0.23267269134521484
transformer1|ffinal|0|0.3329734802246094
node_transformer1|total_time|5|15.594496
node_transformer1|waits|5|30
node_transformer1|messages|5|2
transformer1|min_constraint|5|2
transformer1|max_constraint|5|2
transformer17|flocal|0|0.2566976547241211
transformer17|ffinal|0|0.33342838287353516
node_transformer17|total_time|5|15.617949
node_transformer17|waits|5|30
node_transformer17|messages|5|2
transformer17|min_constraint|5|2
transformer17|max_constraint|5|2
transformer16|flocal|0|0.26879048347473145
transformer16|ffinal|0|0.33516860008239746
node_transformer16|total_time|5|15.631889
node_transformer16|waits|5|30
node_transformer16|messages|5|2
transformer16|min_constraint|5|2
transformer16|max_constraint|5|2
transformer5|flocal|0|0.2616305351257324
transformer5|ffinal|0|0.3229682445526123
node_transformer5|total_time|5|15.613197
node_transformer5|waits|5|30
node_transformer5|messages|5|2
transformer5|min_constraint|5|2
transformer5|max_constraint|5|2
transformer14|flocal|0|0.24188017845153809
transformer14|ffinal|0|0.3227417469024658
node_transformer14|total_time|5|36.617583
node_transformer14|waits|5|72
node_transformer14|messages|5|2
transformer14|min_constraint|5|2
transformer14|max_constraint|5|2
transformer9|flocal|0|0.23452425003051758
transformer9|ffinal|0|0.36646127700805664
node_transformer9|total_time|5|15.629902
node_transformer9|waits|5|30
node_transformer9|messages|5|2
transformer9|min_constraint|5|2
transformer9|max_constraint|5|2
transformer10|flocal|0|0.24088525772094727
transformer10|ffinal|0|0.3507251739501953
node_transformer10|total_time|5|36.645741
node_transformer10|waits|5|72
node_transformer10|messages|5|2
transformer10|min_constraint|5|2
transformer10|max_constraint|5|2
transformer12|flocal|0|0.26385045051574707
transformer12|ffinal|0|0.3578052520751953
node_transformer12|total_time|5|15.651278
node_transformer12|waits|5|30
node_transformer12|messages|5|2
transformer12|min_constraint|5|2
transformer12|max_constraint|5|2
transformer1|flocal|0|0.3133738040924072
transformer1|ffinal|0|0.2667515277862549
node_transformer1|total_time|6|16.111073
node_transformer1|waits|6|31
node_transformer1|messages|6|2
transformer1|min_constraint|6|2
transformer1|max_constraint|6|2
transformer6|flocal|0|0.31238651275634766
transformer6|ffinal|0|0.26853275299072266
node_transformer6|total_time|6|16.109910
node_transformer6|waits|6|31
node_transformer6|messages|6|2
transformer6|min_constraint|6|2
transformer6|max_constraint|6|2
transformer7|flocal|0|0.3122251033782959
transformer7|ffinal|0|0.26744866371154785
node_transformer7|total_time|6|16.107960
node_transformer7|waits|6|31
node_transformer7|messages|6|2
transformer7|min_constraint|6|2
transformer7|max_constraint|6|2
transformer5|flocal|0|0.3326587677001953
transformer5|ffinal|0|0.2635009288787842
node_transformer5|total_time|6|16.125623
node_transformer5|waits|6|31
node_transformer5|messages|6|2
transformer5|min_constraint|6|2
transformer5|max_constraint|6|2
transformer4|flocal|0|0.365398645401001
transformer4|ffinal|0|0.24557137489318848
node_transformer4|total_time|6|16.140493
node_transformer4|waits|6|31
node_transformer4|messages|6|2
transformer4|min_constraint|6|2
transformer4|max_constraint|6|2
transformer3|flocal|0|0.3479156494140625
transformer3|ffinal|0|0.2673954963684082
node_transformer3|total_time|6|16.145585
node_transformer3|waits|6|31
node_transformer3|messages|6|2
transformer3|min_constraint|6|2
transformer3|max_constraint|6|2
transformer0|flocal|0|0.3502492904663086
transformer0|ffinal|0|0.27870798110961914
node_transformer0|total_time|6|16.157073
node_transformer0|waits|6|31
node_transformer0|messages|6|2
transformer0|min_constraint|6|2
transformer0|max_constraint|6|2
transformer16|flocal|0|0.2351515293121338
transformer16|ffinal|0|0.2837376594543457
node_transformer16|total_time|6|16.548891
node_transformer16|waits|6|32
node_transformer16|messages|6|2
transformer16|min_constraint|6|2
transformer16|max_constraint|6|2
transformer11|flocal|0|0.24035882949829102
transformer11|ffinal|0|0.285236120223999
node_transformer11|total_time|6|16.555418
node_transformer11|waits|6|32
node_transformer11|messages|6|2
transformer11|min_constraint|6|2
transformer11|max_constraint|6|2
transformer12|flocal|0|0.24544572830200195
transformer12|ffinal|0|0.2952408790588379
node_transformer12|total_time|6|16.570598
node_transformer12|waits|6|32
node_transformer12|messages|6|2
transformer12|min_constraint|6|2
transformer12|max_constraint|6|2
transformer10|flocal|0|0.2400224208831787
transformer10|ffinal|0|0.3032207489013672
node_transformer10|total_time|6|16.572372
node_transformer10|waits|6|32
node_transformer10|messages|6|2
transformer10|min_constraint|6|2
transformer10|max_constraint|6|2
transformer9|flocal|0|0.2409367561340332
transformer9|ffinal|0|0.30013346672058105
node_transformer9|total_time|6|16.570166
node_transformer9|waits|6|32
node_transformer9|messages|6|2
transformer9|min_constraint|6|2
transformer9|max_constraint|6|2
transformer14|flocal|0|0.2570657730102539
transformer14|ffinal|0|0.30237579345703125
node_transformer14|total_time|6|16.586505
node_transformer14|waits|6|32
node_transformer14|messages|6|2
transformer14|min_constraint|6|2
transformer14|max_constraint|6|2
transformer18|flocal|0|0.2525594234466553
transformer18|ffinal|0|0.3053162097930908
node_transformer18|total_time|6|16.586120
node_transformer18|waits|6|32
node_transformer18|messages|6|2
transformer18|min_constraint|6|2
transformer18|max_constraint|6|2
transformer8|flocal|0|0.2783679962158203
transformer8|ffinal|0|0.2974202632904053
node_transformer8|total_time|6|16.605769
node_transformer8|waits|6|32
node_transformer8|messages|6|2
transformer8|min_constraint|6|2
transformer8|max_constraint|6|2
transformer17|flocal|0|0.2407069206237793
transformer17|ffinal|0|0.34557461738586426
node_transformer17|total_time|6|16.615134
node_transformer17|waits|6|32
node_transformer17|messages|6|2
transformer17|min_constraint|6|2
transformer17|max_constraint|6|2
provider|flocal|0|0.2999553680419922
provider|ffinal|0|0.2529449462890625
node_provider|total_time|6|16.617495
node_provider|waits|6|32
node_provider|messages|6|1
provider|min_constraint|6|2
provider|max_constraint|6|2
transformer19|flocal|0|0.2501862049102783
transformer19|ffinal|0|0.35767316818237305
node_transformer19|total_time|6|16.631914
node_transformer19|waits|6|32
node_transformer19|messages|6|0
transformer19|min_constraint|6|2
transformer19|max_constraint|6|2
transformer13|flocal|0|0.2544245719909668
transformer13|ffinal|0|0.3659689426422119
node_transformer13|total_time|6|16.649558
node_transformer13|waits|6|32
node_transformer13|messages|6|2
transformer13|min_constraint|6|2
transformer13|max_constraint|6|2
transformer2|flocal|0|0.3205699920654297
transformer2|ffinal|0|0.3062574863433838
node_transformer2|total_time|6|16.656633
node_transformer2|waits|6|32
node_transformer2|messages|6|2
transformer2|min_constraint|6|2
transformer2|max_constraint|6|2
transformer15|flocal|0|0.2698788642883301
transformer15|ffinal|0|0.3564493656158447
node_transformer15|total_time|6|16.655719
node_transformer15|waits|6|32
node_transformer15|messages|6|2
transformer15|min_constraint|6|2
transformer15|max_constraint|6|2
transformer1|flocal|0|0.23525238037109375
transformer1|ffinal|0|0.3063042163848877
node_transformer1|total_time|7|35.095135
node_transformer1|waits|7|69
node_transformer1|messages|7|2
transformer1|min_constraint|7|2
transformer1|max_constraint|7|2
transformer6|flocal|0|0.2441098690032959
transformer6|ffinal|0|0.31234240531921387
node_transformer6|total_time|7|35.108555
node_transformer6|waits|7|69
node_transformer6|messages|7|2
transformer6|min_constraint|7|2
transformer6|max_constraint|7|2
transformer3|flocal|0|0.27060723304748535
transformer3|ffinal|0|0.2960050106048584
node_transformer3|total_time|7|35.118282
node_transformer3|waits|7|69
node_transformer3|messages|7|2
transformer3|min_constraint|7|2
transformer3|max_constraint|7|2
transformer8|flocal|0|0.2584648132324219
transformer8|ffinal|0|0.313645601272583
node_transformer8|total_time|7|35.124759
node_transformer8|waits|7|69
node_transformer8|messages|7|2
transformer8|min_constraint|7|2
transformer8|max_constraint|7|2
transformer5|flocal|0|0.23608016967773438
transformer5|ffinal|0|0.3591501712799072
node_transformer5|total_time|7|35.147416
node_transformer5|waits|7|69
node_transformer5|messages|7|2
transformer5|min_constraint|7|2
transformer5|max_constraint|7|2
transformer0|flocal|0|0.23883724212646484
transformer0|ffinal|0|0.35811305046081543
node_transformer0|total_time|7|35.149661
node_transformer0|waits|7|69
node_transformer0|messages|7|2
transformer0|min_constraint|7|2
transformer0|max_constraint|7|2
transformer13|flocal|0|0.280468225479126
transformer13|ffinal|0|0.32449984550476074
node_transformer13|total_time|7|35.156598
node_transformer13|waits|7|69
node_transformer13|messages|7|2
transformer13|min_constraint|7|2
transformer13|max_constraint|7|2
transformer16|flocal|0|0.3309016227722168
transformer16|ffinal|0|0.3463566303253174
node_transformer16|total_time|7|14.204109
node_transformer16|waits|7|27
node_transformer16|messages|7|2
transformer16|min_constraint|7|2
transformer16|max_constraint|7|2
transformer14|flocal|0|0.310161828994751
transformer14|ffinal|0|0.30144810676574707
node_transformer14|total_time|7|35.161897
node_transformer14|waits|7|69
node_transformer14|messages|7|2
transformer14|min_constraint|7|2
transformer14|max_constraint|7|2
transformer19|flocal|0|0.34395647048950195
transformer19|ffinal|0|0.34609341621398926
node_transformer19|total_time|7|14.211879
node_transformer19|waits|7|27
node_transformer19|messages|7|0
transformer19|min_constraint|7|2
transformer19|max_constraint|7|2
transformer2|flocal|0|0.2651948928833008
transformer2|ffinal|0|0.4075467586517334
node_transformer2|total_time|7|14.198491
node_transformer2|waits|7|27
node_transformer2|messages|7|2
transformer2|min_constraint|7|2
transformer2|max_constraint|7|2
transformer9|flocal|0|0.2581617832183838
transformer9|ffinal|0|0.38251304626464844
node_transformer9|total_time|7|35.193745
node_transformer9|waits|7|69
node_transformer9|messages|7|2
transformer9|min_constraint|7|2
transformer9|max_constraint|7|2
transformer18|flocal|0|0.35022401809692383
transformer18|ffinal|0|0.30825138092041016
node_transformer18|total_time|7|35.208051
node_transformer18|waits|7|69
node_transformer18|messages|7|2
transformer18|min_constraint|7|2
transformer18|max_constraint|7|2
transformer17|flocal|0|0.36449170112609863
transformer17|ffinal|0|0.3088803291320801
node_transformer17|total_time|7|35.224588
node_transformer17|waits|7|69
node_transformer17|messages|7|2
transformer17|min_constraint|7|2
transformer17|max_constraint|7|2
transformer15|flocal|0|0.3403940200805664
transformer15|ffinal|0|0.33354759216308594
node_transformer15|total_time|7|35.224689
node_transformer15|waits|7|69
node_transformer15|messages|7|2
transformer15|min_constraint|7|2
transformer15|max_constraint|7|2
provider|flocal|0|0.22849750518798828
provider|ffinal|0|0.23858094215393066
node_provider|total_time|7|35.553140
node_provider|waits|7|70
node_provider|messages|7|1
provider|min_constraint|7|2
provider|max_constraint|7|2
transformer11|flocal|0|0.22310328483581543
transformer11|ffinal|0|0.27671122550964355
node_transformer11|total_time|7|35.551403
node_transformer11|waits|7|70
node_transformer11|messages|7|2
transformer11|min_constraint|7|2
transformer11|max_constraint|7|2
transformer4|flocal|0|0.24970293045043945
transformer4|ffinal|0|0.28084874153137207
node_transformer4|total_time|7|35.582325
node_transformer4|waits|7|70
node_transformer4|messages|7|2
transformer4|min_constraint|7|2
transformer4|max_constraint|7|2
transformer10|flocal|0|0.2301318645477295
transformer10|ffinal|0|0.3046753406524658
node_transformer10|total_time|7|35.587623
node_transformer10|waits|7|70
node_transformer10|messages|7|2
transformer10|min_constraint|7|2
transformer10|max_constraint|7|2
transformer7|flocal|0|0.22761106491088867
transformer7|ffinal|0|0.3345329761505127
node_transformer7|total_time|7|14.590050
node_transformer7|waits|7|28
node_transformer7|messages|7|2
transformer7|min_constraint|7|2
transformer7|max_constraint|7|2
transformer12|flocal|0|0.24462413787841797
transformer12|ffinal|0|0.2946486473083496
node_transformer12|total_time|7|35.591525
node_transformer12|waits|7|70
node_transformer12|messages|7|2
transformer12|min_constraint|7|2
transformer12|max_constraint|7|2
transformer14|flocal|0|0.3581681251525879
transformer14|ffinal|0|0.2679929733276367
node_transformer14|total_time|8|31.674005
node_transformer14|waits|8|62
node_transformer14|messages|8|2
transformer14|min_constraint|8|2
transformer14|max_constraint|8|2
transformer13|flocal|0|0.3774385452270508
transformer13|ffinal|0|0.25989580154418945
node_transformer13|total_time|8|31.685133
node_transformer13|waits|8|62
node_transformer13|messages|8|2
transformer13|min_constraint|8|2
transformer13|max_constraint|8|2
transformer19|flocal|0|0.326000452041626
transformer19|ffinal|0|0.3056914806365967
node_transformer19|total_time|8|32.175656
node_transformer19|waits|8|63
node_transformer19|messages|8|0
transformer19|min_constraint|8|2
transformer19|max_constraint|8|2
transformer8|flocal|0|0.30784058570861816
transformer8|ffinal|0|0.3378753662109375
node_transformer8|total_time|8|32.193195
node_transformer8|waits|8|63
node_transformer8|messages|8|2
transformer8|min_constraint|8|2
transformer8|max_constraint|8|2
transformer3|flocal|0|0.3297290802001953
transformer3|ffinal|0|0.3354756832122803
node_transformer3|total_time|8|32.214197
node_transformer3|waits|8|63
node_transformer3|messages|8|2
transformer3|min_constraint|8|2
transformer3|max_constraint|8|2
provider|flocal|0|0.35840773582458496
provider|ffinal|0|0.2906913757324219
node_provider|total_time|8|32.221379
node_provider|waits|8|63
node_provider|messages|8|1
provider|min_constraint|8|2
provider|max_constraint|8|2
transformer9|flocal|0|0.3284437656402588
transformer9|ffinal|0|0.37729811668395996
node_transformer9|total_time|8|32.254218
node_transformer9|waits|8|63
node_transformer9|messages|8|2
transformer9|min_constraint|8|2
transformer9|max_constraint|8|2
transformer4|flocal|0|0.3282814025878906
transformer4|ffinal|0|0.38115978240966797
node_transformer4|total_time|8|32.259483
node_transformer4|waits|8|63
node_transformer4|messages|8|2
transformer4|min_constraint|8|2
transformer4|max_constraint|8|2
transformer0|flocal|0|0.31885385513305664
transformer0|ffinal|0|0.39082884788513184
node_transformer0|total_time|8|32.256596
node_transformer0|waits|8|63
node_transformer0|messages|8|2
transformer0|min_constraint|8|2
transformer0|max_constraint|8|2
transformer2|flocal|0|0.325397253036499
transformer2|ffinal|0|0.39673566818237305
node_transformer2|total_time|8|32.273766
node_transformer2|waits|8|63
node_transformer2|messages|8|2
transformer2|min_constraint|8|2
transformer2|max_constraint|8|2
transformer11|flocal|0|0.36058497428894043
transformer11|ffinal|0|0.3583247661590576
node_transformer11|total_time|8|32.267863
node_transformer11|waits|8|63
node_transformer11|messages|8|2
transformer11|min_constraint|8|2
transformer11|max_constraint|8|2
transformer15|flocal|0|0.3495638370513916
transformer15|ffinal|0|0.38721728324890137
node_transformer15|total_time|8|32.285735
node_transformer15|waits|8|63
node_transformer15|messages|8|2
transformer15|min_constraint|8|2
transformer15|max_constraint|8|2
transformer10|flocal|0|0.32418322563171387
transformer10|ffinal|0|0.41863465309143066
node_transformer10|total_time|8|11.266118
node_transformer10|waits|8|21
node_transformer10|messages|8|2
transformer10|min_constraint|8|2
transformer10|max_constraint|8|2
transformer17|flocal|0|0.3408782482147217
transformer17|ffinal|0|0.40883302688598633
node_transformer17|total_time|8|32.297463
node_transformer17|waits|8|63
node_transformer17|messages|8|2
transformer17|min_constraint|8|2
transformer17|max_constraint|8|2
transformer5|flocal|0|0.3353853225708008
transformer5|ffinal|0|0.4180598258972168
node_transformer5|total_time|8|32.303244
node_transformer5|waits|8|63
node_transformer5|messages|8|2
transformer5|min_constraint|8|2
transformer5|max_constraint|8|2
transformer12|flocal|0|0.34209394454956055
transformer12|ffinal|0|0.4421525001525879
node_transformer12|total_time|8|11.308196
node_transformer12|waits|8|21
node_transformer12|messages|8|2
transformer12|min_constraint|8|2
transformer12|max_constraint|8|2
transformer18|flocal|0|0.34369444847106934
transformer18|ffinal|0|0.44112133979797363
node_transformer18|total_time|8|32.332797
node_transformer18|waits|8|63
node_transformer18|messages|8|2
transformer18|min_constraint|8|2
transformer18|max_constraint|8|2
transformer7|flocal|0|0.3457789421081543
transformer7|ffinal|0|0.44117045402526855
node_transformer7|total_time|8|11.310874
node_transformer7|waits|8|21
node_transformer7|messages|8|2
transformer7|min_constraint|8|2
transformer7|max_constraint|8|2
transformer1|flocal|0|0.3221561908721924
transformer1|ffinal|0|0.44750070571899414
node_transformer1|total_time|8|32.319869
node_transformer1|waits|8|63
node_transformer1|messages|8|2
transformer1|min_constraint|8|2
transformer1|max_constraint|8|2
transformer16|flocal|0|0.3236093521118164
transformer16|ffinal|0|0.42894577980041504
node_transformer16|total_time|8|32.300234
node_transformer16|waits|8|63
node_transformer16|messages|8|2
transformer16|min_constraint|8|2
transformer16|max_constraint|8|2
transformer6|flocal|0|0.3316009044647217
transformer6|ffinal|0|0.4409034252166748
node_transformer6|total_time|8|32.322132
node_transformer6|waits|8|63
node_transformer6|messages|8|2
transformer6|min_constraint|8|2
transformer6|max_constraint|8|2
transformer0|flocal|0|0.37633633613586426
transformer0|ffinal|0|0.259000301361084
node_transformer0|total_time|9|14.661572
node_transformer0|waits|9|28
node_transformer0|messages|9|2
transformer0|min_constraint|9|2
transformer0|max_constraint|9|2
transformer19|flocal|0|0.259218692779541
transformer19|ffinal|0|0.31532740592956543
node_transformer19|total_time|9|15.097623
node_transformer19|waits|9|29
node_transformer19|messages|9|0
transformer19|min_constraint|9|2
transformer19|max_constraint|9|2
transformer14|flocal|0|0.24085426330566406
transformer14|ffinal|0|0.34714698791503906
node_transformer14|total_time|9|15.115941
node_transformer14|waits|9|29
node_transformer14|messages|9|2
transformer14|min_constraint|9|2
transformer14|max_constraint|9|2
transformer12|flocal|0|0.22208905220031738
transformer12|ffinal|0|0.34690165519714355
node_transformer12|total_time|9|15.097218
node_transformer12|waits|9|29
node_transformer12|messages|9|2
transformer12|min_constraint|9|2
transformer12|max_constraint|9|2
transformer17|flocal|0|0.24132299423217773
transformer17|ffinal|0|0.3158683776855469
node_transformer17|total_time|9|36.109883
node_transformer17|waits|9|71
node_transformer17|messages|9|2
transformer17|min_constraint|9|2
transformer17|max_constraint|9|2
transformer9|flocal|0|0.2564685344696045
transformer9|ffinal|0|0.3069133758544922
node_transformer9|total_time|9|36.117187
node_transformer9|waits|9|71
node_transformer9|messages|9|2
transformer9|min_constraint|9|2
transformer9|max_constraint|9|2
transformer3|flocal|0|0.25070643424987793
transformer3|ffinal|0|0.3099956512451172
node_transformer3|total_time|9|36.113944
node_transformer3|waits|9|71
node_transformer3|messages|9|2
transformer3|min_constraint|9|2
transformer3|max_constraint|9|2
transformer13|flocal|0|0.254894495010376
transformer13|ffinal|0|0.34105539321899414
node_transformer13|total_time|9|15.123663
node_transformer13|waits|9|29
node_transformer13|messages|9|2
transformer13|min_constraint|9|2
transformer13|max_constraint|9|2
transformer11|flocal|0|0.24452781677246094
transformer11|ffinal|0|0.3301100730895996
node_transformer11|total_time|9|36.128506
node_transformer11|waits|9|71
node_transformer11|messages|9|2
transformer11|min_constraint|9|2
transformer11|max_constraint|9|2
transformer7|flocal|0|0.25519418716430664
transformer7|ffinal|0|0.3536531925201416
node_transformer7|total_time|9|15.136484
node_transformer7|waits|9|29
node_transformer7|messages|9|2
transformer7|min_constraint|9|2
transformer7|max_constraint|9|2
transformer4|flocal|0|0.2557952404022217
transformer4|ffinal|0|0.3414647579193115
node_transformer4|total_time|9|36.150222
node_transformer4|waits|9|71
node_transformer4|messages|9|2
transformer4|min_constraint|9|2
transformer4|max_constraint|9|2
provider|flocal|0|0.3093228340148926
provider|ffinal|0|0.26233839988708496
node_provider|total_time|9|36.157278
node_provider|waits|9|71
node_provider|messages|9|1
provider|min_constraint|9|2
provider|max_constraint|9|2
transformer15|flocal|0|0.2405562400817871
transformer15|ffinal|0|0.36781787872314453
node_transformer15|total_time|9|36.159818
node_transformer15|waits|9|71
node_transformer15|messages|9|2
transformer15|min_constraint|9|2
transformer15|max_constraint|9|2
transformer16|flocal|0|0.23972535133361816
transformer16|ffinal|0|0.3834962844848633
node_transformer16|total_time|9|36.177078
node_transformer16|waits|9|71
node_transformer16|messages|9|2
transformer16|min_constraint|9|2
transformer16|max_constraint|9|2
transformer6|flocal|0|0.25962090492248535
transformer6|ffinal|0|0.35918402671813965
node_transformer6|total_time|9|36.172772
node_transformer6|waits|9|71
node_transformer6|messages|9|2
transformer6|min_constraint|9|2
transformer6|max_constraint|9|2
transformer18|flocal|0|0.27367448806762695
transformer18|ffinal|0|0.3488273620605469
node_transformer18|total_time|9|36.173402
node_transformer18|waits|9|71
node_transformer18|messages|9|2
transformer18|min_constraint|9|2
transformer18|max_constraint|9|2
transformer8|flocal|0|0.25505948066711426
transformer8|ffinal|0|0.36986470222473145
node_transformer8|total_time|9|36.179175
node_transformer8|waits|9|71
node_transformer8|messages|9|2
transformer8|min_constraint|9|2
transformer8|max_constraint|9|2
transformer10|flocal|0|0.2570483684539795
transformer10|ffinal|0|0.36313724517822266
node_transformer10|total_time|9|36.172117
node_transformer10|waits|9|71
node_transformer10|messages|9|2
transformer10|min_constraint|9|2
transformer10|max_constraint|9|2
transformer2|flocal|0|0.278897762298584
transformer2|ffinal|0|0.3846259117126465
node_transformer2|total_time|9|15.190998
node_transformer2|waits|9|29
node_transformer2|messages|9|2
transformer2|min_constraint|9|2
transformer2|max_constraint|9|2
transformer5|flocal|0|0.2566351890563965
transformer5|ffinal|0|0.3844151496887207
node_transformer5|total_time|9|36.193632
node_transformer5|waits|9|71
node_transformer5|messages|9|2
transformer5|min_constraint|9|2
transformer5|max_constraint|9|2
transformer1|flocal|0|0.3265364170074463
transformer1|ffinal|0|0.37353062629699707
node_transformer1|total_time|9|15.229613
node_transformer1|waits|9|29
node_transformer1|messages|9|2
transformer1|min_constraint|9|2
transformer1|max_constraint|9|2
