id|key|iteration|value
provider6|flocal|0|1.0264554023742676
provider6|flocal|0|0.2633228302001953
provider6|ffinal|0|0.2590329647064209
node_provider6|total_time|0|3.591688
node_provider6|waits|0|4
node_provider6|messages|0|2
provider6|min_constraint|0|4
provider6|max_constraint|0|4
provider5|flocal|0|1.0322303771972656
provider5|flocal|0|0.2603645324707031
provider5|ffinal|0|0.29653477668762207
node_provider5|total_time|0|3.629960
node_provider5|waits|0|4
node_provider5|messages|0|2
provider5|min_constraint|0|4
provider5|max_constraint|0|4
provider13|flocal|0|1.0362675189971924
provider13|flocal|0|0.2705869674682617
provider13|ffinal|0|0.30223774909973145
node_provider13|total_time|0|3.648072
node_provider13|waits|0|4
node_provider13|messages|0|2
provider13|min_constraint|0|4
provider13|max_constraint|0|4
provider3|flocal|0|1.0280263423919678
provider3|flocal|0|0.3073463439941406
provider3|ffinal|0|0.29242777824401855
node_provider3|total_time|0|3.661654
node_provider3|waits|0|4
node_provider3|messages|0|2
provider3|min_constraint|0|4
provider3|max_constraint|0|4
provider0|flocal|0|1.0299229621887207
provider0|flocal|0|0.27815818786621094
provider0|ffinal|0|0.3141329288482666
node_provider0|total_time|0|3.664616
node_provider0|waits|0|4
node_provider0|messages|0|2
provider0|min_constraint|0|4
provider0|max_constraint|0|4
provider8|flocal|0|1.0337369441986084
provider8|flocal|0|0.26752638816833496
provider8|ffinal|0|0.32293081283569336
node_provider8|total_time|0|3.669462
node_provider8|waits|0|4
node_provider8|messages|0|2
provider8|min_constraint|0|4
provider8|max_constraint|0|4
provider12|flocal|0|1.0287349224090576
provider12|flocal|0|0.29525065422058105
provider12|ffinal|0|0.3069493770599365
node_provider12|total_time|0|3.668850
node_provider12|waits|0|4
node_provider12|messages|0|2
provider12|min_constraint|0|4
provider12|max_constraint|0|4
provider2|flocal|0|1.0279691219329834
provider2|flocal|0|0.3138744831085205
provider2|ffinal|0|0.30061960220336914
node_provider2|total_time|0|3.676857
node_provider2|waits|0|4
node_provider2|messages|0|2
provider2|min_constraint|0|4
provider2|max_constraint|0|4
provider10|flocal|0|1.026482105255127
provider10|flocal|0|0.2662694454193115
provider10|ffinal|0|0.3427133560180664
node_provider10|total_time|0|3.679872
node_provider10|waits|0|4
node_provider10|messages|0|2
provider10|min_constraint|0|4
provider10|max_constraint|0|4
provider14|flocal|0|1.036623239517212
provider14|flocal|0|0.2670624256134033
provider14|ffinal|0|0.3431389331817627
node_provider14|total_time|0|3.688534
node_provider14|waits|0|4
node_provider14|messages|0|2
provider14|min_constraint|0|4
provider14|max_constraint|0|4
provider11|flocal|0|1.0296735763549805
provider11|flocal|0|0.2761406898498535
provider11|ffinal|0|0.33646059036254883
node_provider11|total_time|0|3.683409
node_provider11|waits|0|4
node_provider11|messages|0|2
provider11|min_constraint|0|4
provider11|max_constraint|0|4
provider9|flocal|0|1.0307586193084717
provider9|flocal|0|0.3096904754638672
provider9|ffinal|0|0.31148648262023926
node_provider9|total_time|0|3.684972
node_provider9|waits|0|4
node_provider9|messages|0|2
provider9|min_constraint|0|4
provider9|max_constraint|0|4
provider1|flocal|0|1.037886381149292
provider1|flocal|0|0.26077961921691895
provider1|ffinal|0|0.3481285572052002
node_provider1|total_time|0|3.693379
node_provider1|waits|0|4
node_provider1|messages|0|2
provider1|min_constraint|0|4
provider1|max_constraint|0|4
provider4|flocal|0|1.0302538871765137
provider4|flocal|0|0.27337646484375
provider4|ffinal|0|0.3424499034881592
node_provider4|total_time|0|3.687711
node_provider4|waits|0|4
node_provider4|messages|0|2
provider4|min_constraint|0|4
provider4|max_constraint|0|4
provider7|flocal|0|1.0328140258789062
provider7|flocal|0|0.314103364944458
provider7|ffinal|0|0.331087589263916
node_provider7|total_time|0|3.712205
node_provider7|waits|0|4
node_provider7|messages|0|2
provider7|min_constraint|0|4
provider7|max_constraint|0|4
user|flocal|0|0.8620386123657227
user|ffinal|0|0.8942139148712158
node_user|total_time|0|18.29139
node_user|waits|0|4
node_user|messages|0|30
user|min_constraint|0|31
user|max_constraint|0|31
provider5|flocal|0|0.36467957496643066
provider5|flocal|0|0.30719923973083496
provider5|flocal|0|0.2761375904083252
provider5|ffinal|0|0.28879308700561523
node_provider5|total_time|1|19.313247
node_provider5|waits|1|36
node_provider5|messages|1|3
provider5|min_constraint|1|4
provider5|max_constraint|1|4
provider3|flocal|0|0.33157801628112793
provider3|flocal|0|0.30829787254333496
provider3|flocal|0|0.27422213554382324
provider3|ffinal|0|0.29253435134887695
node_provider3|total_time|1|19.283678
node_provider3|waits|1|36
node_provider3|messages|1|3
provider3|min_constraint|1|4
provider3|max_constraint|1|4
provider6|flocal|0|0.32860827445983887
provider6|flocal|0|0.3189265727996826
provider6|flocal|0|0.2775428295135498
provider6|ffinal|0|0.29201841354370117
node_provider6|total_time|1|19.294195
node_provider6|waits|1|36
node_provider6|messages|1|3
provider6|min_constraint|1|4
provider6|max_constraint|1|4
provider10|flocal|0|0.3252396583557129
provider10|flocal|0|0.27962541580200195
provider10|flocal|0|0.3296692371368408
provider10|ffinal|0|0.2859625816345215
node_provider10|total_time|1|19.295288
node_provider10|waits|1|36
node_provider10|messages|1|3
provider10|min_constraint|1|4
provider10|max_constraint|1|4
provider14|flocal|0|0.37375426292419434
provider14|flocal|0|0.2714242935180664
provider14|flocal|0|0.30246615409851074
provider14|ffinal|0|0.27327919006347656
node_provider14|total_time|1|19.296072
node_provider14|waits|1|36
node_provider14|messages|1|3
provider14|min_constraint|1|4
provider14|max_constraint|1|4
provider0|flocal|0|0.3676176071166992
provider0|flocal|0|0.27466607093811035
provider0|flocal|0|0.2842559814453125
provider0|ffinal|0|0.3197970390319824
node_provider0|total_time|1|19.327526
node_provider0|waits|1|36
node_provider0|messages|1|3
provider0|min_constraint|1|4
provider0|max_constraint|1|4
provider8|flocal|0|0.36041784286499023
provider8|flocal|0|0.3047053813934326
provider8|flocal|0|0.29007577896118164
provider8|ffinal|0|0.2898275852203369
node_provider8|total_time|1|19.319970
node_provider8|waits|1|36
node_provider8|messages|1|3
provider8|min_constraint|1|4
provider8|max_constraint|1|4
provider13|flocal|0|0.38034534454345703
provider13|flocal|0|0.3006618022918701
provider13|flocal|0|0.3018631935119629
provider13|ffinal|0|0.26156139373779297
node_provider13|total_time|1|19.309215
node_provider13|waits|1|36
node_provider13|messages|1|3
provider13|min_constraint|1|4
provider13|max_constraint|1|4
provider12|flocal|0|0.3469882011413574
provider12|flocal|0|0.3065769672393799
provider12|flocal|0|0.2743716239929199
provider12|ffinal|0|0.30454564094543457
node_provider12|total_time|1|19.307357
node_provider12|waits|1|36
node_provider12|messages|1|3
provider12|min_constraint|1|4
provider12|max_constraint|1|4
provider7|flocal|0|0.33666157722473145
provider7|flocal|0|0.3024594783782959
provider7|flocal|0|0.28469347953796387
provider7|ffinal|0|0.30962514877319336
node_provider7|total_time|1|19.306099
node_provider7|waits|1|36
node_provider7|messages|1|3
provider7|min_constraint|1|4
provider7|max_constraint|1|4
provider2|flocal|0|0.3419647216796875
provider2|flocal|0|0.28487157821655273
provider2|flocal|0|0.2981128692626953
provider2|ffinal|0|0.33121752738952637
node_provider2|total_time|1|19.328151
node_provider2|waits|1|36
node_provider2|messages|1|3
provider2|min_constraint|1|4
provider2|max_constraint|1|4
provider11|flocal|0|0.3220343589782715
provider11|flocal|0|0.313030481338501
provider11|flocal|0|0.2839624881744385
provider11|ffinal|0|0.32532691955566406
node_provider11|total_time|1|19.317598
node_provider11|waits|1|36
node_provider11|messages|1|3
provider11|min_constraint|1|4
provider11|max_constraint|1|4
provider4|flocal|0|0.3684079647064209
provider4|flocal|0|0.29021501541137695
provider4|ffinal|0|0.23329949378967285
node_provider4|total_time|1|3.428978
node_provider4|waits|1|5
node_provider4|messages|1|2
provider4|min_constraint|1|4
provider4|max_constraint|1|4
provider9|flocal|0|0.35103940963745117
provider9|flocal|0|0.2665832042694092
provider9|ffinal|0|0.2678220272064209
node_provider9|total_time|1|3.426392
node_provider9|waits|1|5
node_provider9|messages|1|2
provider9|min_constraint|1|4
provider9|max_constraint|1|4
provider1|flocal|0|0.36894869804382324
provider1|flocal|0|0.26523804664611816
provider1|ffinal|0|0.26811671257019043
node_provider1|total_time|1|3.445561
node_provider1|waits|1|5
node_provider1|messages|1|2
provider1|min_constraint|1|4
provider1|max_constraint|1|4
user|flocal|0|0.7451159954071045
user|flocal|0|0.6343891620635986
user|flocal|0|1.5046112537384033
user|flocal|0|1.619697093963623
user|ffinal|0|1.4689624309539795
node_user|total_time|1|21.702740
node_user|waits|1|31
node_user|messages|1|60
user|min_constraint|1|31
user|max_constraint|1|31
user|flocal|0|0.6212677955627441
user|flocal|0|0.6269199848175049
user|flocal|0|0.3172569274902344
user|flocal|0|0.33173656463623047
user|ffinal|0|0.32726097106933594
node_user|total_time|2|17.944146
node_user|waits|2|31
node_user|messages|2|60
user|min_constraint|2|31
user|max_constraint|2|31
provider8|flocal|0|0.3259267807006836
provider8|flocal|0|0.22820830345153809
provider8|flocal|0|0.2216346263885498
provider8|ffinal|0|0.27603816986083984
node_provider8|total_time|2|18.125840
node_provider8|waits|2|34
node_provider8|messages|2|3
provider8|min_constraint|2|4
provider8|max_constraint|2|4
provider9|flocal|0|0.3630034923553467
provider9|flocal|0|0.2180163860321045
provider9|flocal|0|0.22511696815490723
provider9|ffinal|0|0.2784552574157715
node_provider9|total_time|2|18.156147
node_provider9|waits|2|34
node_provider9|messages|2|3
provider9|min_constraint|2|4
provider9|max_constraint|2|4
provider11|flocal|0|0.3432474136352539
provider11|flocal|0|0.22356009483337402
provider11|flocal|0|0.2745935916900635
provider11|ffinal|0|0.27097201347351074
node_provider11|total_time|2|18.184804
node_provider11|waits|2|34
node_provider11|messages|2|3
provider11|min_constraint|2|4
provider11|max_constraint|2|4
provider10|flocal|0|0.392744779586792
provider10|flocal|0|0.22726964950561523
provider10|flocal|0|0.24731063842773438
provider10|ffinal|0|0.2845437526702881
node_provider10|total_time|2|18.218349
node_provider10|waits|2|34
node_provider10|messages|2|3
provider10|min_constraint|2|4
provider10|max_constraint|2|4
provider2|flocal|0|0.4212632179260254
provider2|flocal|0|0.22838282585144043
provider2|flocal|0|0.2118515968322754
provider2|ffinal|0|0.299008846282959
node_provider2|total_time|2|18.228161
node_provider2|waits|2|34
node_provider2|messages|2|3
provider2|min_constraint|2|4
provider2|max_constraint|2|4
provider1|flocal|0|0.41629838943481445
provider1|flocal|0|0.2560901641845703
provider1|flocal|0|0.20997858047485352
provider1|ffinal|0|0.2862086296081543
node_provider1|total_time|2|18.231557
node_provider1|waits|2|34
node_provider1|messages|2|3
provider1|min_constraint|2|4
provider1|max_constraint|2|4
provider0|flocal|0|0.3971858024597168
provider0|flocal|0|0.22295165061950684
provider0|flocal|0|0.2650599479675293
provider0|ffinal|0|0.3123745918273926
node_provider0|total_time|2|18.264826
node_provider0|waits|2|34
node_provider0|messages|2|3
provider0|min_constraint|2|4
provider0|max_constraint|2|4
provider5|flocal|0|0.34244203567504883
provider5|flocal|0|0.2684314250946045
provider5|flocal|0|0.2605118751525879
provider5|ffinal|0|0.3066072463989258
node_provider5|total_time|2|18.242493
node_provider5|waits|2|34
node_provider5|messages|2|3
provider5|min_constraint|2|4
provider5|max_constraint|2|4
provider14|flocal|0|0.3485722541809082
provider14|flocal|0|0.2714834213256836
provider14|flocal|0|0.249068021774292
provider14|ffinal|0|0.3120536804199219
node_provider14|total_time|2|18.246905
node_provider14|waits|2|34
node_provider14|messages|2|3
provider14|min_constraint|2|4
provider14|max_constraint|2|4
provider7|flocal|0|0.34369468688964844
provider7|flocal|0|0.24936890602111816
provider7|flocal|0|0.27904725074768066
provider7|ffinal|0|0.32604265213012695
node_provider7|total_time|2|18.265256
node_provider7|waits|2|34
node_provider7|messages|2|3
provider7|min_constraint|2|4
provider7|max_constraint|2|4
provider12|flocal|0|0.2543599605560303
provider12|flocal|0|0.19330430030822754
provider12|ffinal|0|0.3020191192626953
node_provider12|total_time|2|2.288258
node_provider12|waits|2|3
node_provider12|messages|2|2
provider12|min_constraint|2|4
provider12|max_constraint|2|4
provider6|flocal|0|0.25573039054870605
provider6|flocal|0|0.19510149955749512
provider6|ffinal|0|0.3073239326477051
node_provider6|total_time|2|2.295859
node_provider6|waits|2|3
node_provider6|messages|2|2
provider6|min_constraint|2|4
provider6|max_constraint|2|4
provider4|flocal|0|0.2581806182861328
provider4|flocal|0|0.1916520595550537
provider4|ffinal|0|0.3077270984649658
node_provider4|total_time|2|2.295030
node_provider4|waits|2|3
node_provider4|messages|2|2
provider4|min_constraint|2|4
provider4|max_constraint|2|4
provider13|flocal|0|0.2552480697631836
provider13|flocal|0|0.23733258247375488
provider13|ffinal|0|0.2651641368865967
node_provider13|total_time|2|2.297154
node_provider13|waits|2|3
node_provider13|messages|2|2
provider13|min_constraint|2|4
provider13|max_constraint|2|4
provider3|flocal|0|0.25417184829711914
provider3|flocal|0|0.18983864784240723
provider3|ffinal|0|0.318065881729126
node_provider3|total_time|2|2.301292
node_provider3|waits|2|3
node_provider3|messages|2|2
provider3|min_constraint|2|4
provider3|max_constraint|2|4
provider1|flocal|0|0.25078678131103516
provider1|flocal|0|0.22732806205749512
provider1|flocal|0|0.20712041854858398
provider1|ffinal|0|0.21223068237304688
node_provider1|total_time|3|18.971002
node_provider1|waits|3|36
node_provider1|messages|3|3
provider1|min_constraint|3|4
provider1|max_constraint|3|4
provider10|flocal|0|0.2542853355407715
provider10|flocal|0|0.2256171703338623
provider10|flocal|0|0.2140030860900879
provider10|ffinal|0|0.20748591423034668
node_provider10|total_time|3|18.973169
node_provider10|waits|3|36
node_provider10|messages|3|3
provider10|min_constraint|3|4
provider10|max_constraint|3|4
provider3|flocal|0|0.24572420120239258
provider3|flocal|0|0.2233877182006836
provider3|flocal|0|0.21270036697387695
provider3|ffinal|0|0.22346711158752441
node_provider3|total_time|3|18.975246
node_provider3|waits|3|36
node_provider3|messages|3|3
provider3|min_constraint|3|4
provider3|max_constraint|3|4
provider9|flocal|0|0.23221492767333984
provider9|flocal|0|0.22234201431274414
provider9|flocal|0|0.20515871047973633
provider9|ffinal|0|0.22169208526611328
node_provider9|total_time|3|18.949924
node_provider9|waits|3|36
node_provider9|messages|3|3
provider9|min_constraint|3|4
provider9|max_constraint|3|4
provider7|flocal|0|0.25444865226745605
provider7|flocal|0|0.2707366943359375
provider7|flocal|0|0.201552152633667
provider7|ffinal|0|0.20463013648986816
node_provider7|total_time|3|18.993140
node_provider7|waits|3|36
node_provider7|messages|3|3
provider7|min_constraint|3|4
provider7|max_constraint|3|4
provider4|flocal|0|0.293454647064209
provider4|flocal|0|0.20109009742736816
provider4|flocal|0|0.21106243133544922
provider4|ffinal|0|0.22559762001037598
node_provider4|total_time|3|18.997173
node_provider4|waits|3|36
node_provider4|messages|3|3
provider4|min_constraint|3|4
provider4|max_constraint|3|4
provider6|flocal|0|0.2871246337890625
provider6|flocal|0|0.21279597282409668
provider6|flocal|0|0.20518183708190918
provider6|ffinal|0|0.22047114372253418
node_provider6|total_time|3|18.993605
node_provider6|waits|3|36
node_provider6|messages|3|3
provider6|min_constraint|3|4
provider6|max_constraint|3|4
provider0|flocal|0|0.24488377571105957
provider0|flocal|0|0.27403855323791504
provider0|flocal|0|0.19550681114196777
provider0|ffinal|0|0.2196822166442871
node_provider0|total_time|3|18.997782
node_provider0|waits|3|36
node_provider0|messages|3|3
provider0|min_constraint|3|4
provider0|max_constraint|3|4
provider2|flocal|0|0.24263238906860352
provider2|flocal|0|0.21335387229919434
provider2|ffinal|0|0.21925663948059082
node_provider2|total_time|3|3.217743
node_provider2|waits|3|5
node_provider2|messages|3|2
provider2|min_constraint|3|4
provider2|max_constraint|3|4
provider13|flocal|0|0.26467418670654297
provider13|flocal|0|0.2052774429321289
provider13|ffinal|0|0.23656630516052246
node_provider13|total_time|3|3.247237
node_provider13|waits|3|5
node_provider13|messages|3|2
provider13|min_constraint|3|4
provider13|max_constraint|3|4
provider12|flocal|0|0.24856257438659668
provider12|flocal|0|0.21603608131408691
provider12|ffinal|0|0.24680185317993164
node_provider12|total_time|3|3.248663
node_provider12|waits|3|5
node_provider12|messages|3|2
provider12|min_constraint|3|4
provider12|max_constraint|3|4
provider11|flocal|0|0.260023832321167
provider11|flocal|0|0.23075008392333984
provider11|ffinal|0|0.2436974048614502
node_provider11|total_time|3|3.272824
node_provider11|waits|3|5
node_provider11|messages|3|2
provider11|min_constraint|3|4
provider11|max_constraint|3|4
provider5|flocal|0|0.26050662994384766
provider5|flocal|0|0.2375485897064209
provider5|ffinal|0|0.24269938468933105
node_provider5|total_time|3|3.277938
node_provider5|waits|3|5
node_provider5|messages|3|2
provider5|min_constraint|3|4
provider5|max_constraint|3|4
provider8|flocal|0|0.25621843338012695
provider8|flocal|0|0.2041187286376953
provider8|ffinal|0|0.2639164924621582
node_provider8|total_time|3|3.265439
node_provider8|waits|3|5
node_provider8|messages|3|2
provider8|min_constraint|3|4
provider8|max_constraint|3|4
provider14|flocal|0|0.2484607696533203
provider14|flocal|0|0.23775100708007812
provider14|ffinal|0|0.2685551643371582
node_provider14|total_time|3|3.291027
node_provider14|waits|3|5
node_provider14|messages|3|2
provider14|min_constraint|3|4
provider14|max_constraint|3|4
user|flocal|0|0.2822742462158203
user|flocal|0|0.2799186706542969
user|flocal|0|1.0424931049346924
user|flocal|0|1.1775991916656494
user|ffinal|0|1.0446338653564453
node_user|total_time|3|20.542336
node_user|waits|3|33
node_user|messages|3|60
user|min_constraint|3|31
user|max_constraint|3|31
provider9|flocal|0|0.33817172050476074
provider9|flocal|0|0.24578642845153809
provider9|flocal|0|0.2542567253112793
provider9|flocal|0|0.2662680149078369
provider9|ffinal|0|0.2761235237121582
node_provider9|total_time|4|17.949494
node_provider9|waits|4|33
node_provider9|messages|4|2
provider9|min_constraint|4|4
provider9|max_constraint|4|4
provider6|flocal|0|0.355299711227417
provider6|flocal|0|0.24127626419067383
provider6|flocal|0|0.25414299964904785
provider6|flocal|0|0.26621007919311523
provider6|ffinal|0|0.2837362289428711
node_provider6|total_time|4|17.968872
node_provider6|waits|4|33
node_provider6|messages|4|2
provider6|min_constraint|4|4
provider6|max_constraint|4|4
provider14|flocal|0|0.35109400749206543
provider14|flocal|0|0.24120020866394043
provider14|flocal|0|0.24737071990966797
provider14|flocal|0|0.27366113662719727
provider14|ffinal|0|0.28122997283935547
node_provider14|total_time|4|17.965525
node_provider14|waits|4|33
node_provider14|messages|4|2
provider14|min_constraint|4|4
provider14|max_constraint|4|4
provider12|flocal|0|0.3546407222747803
provider12|flocal|0|0.24416208267211914
provider12|flocal|0|0.27951598167419434
provider12|flocal|0|0.2760436534881592
provider12|ffinal|0|0.25476670265197754
node_provider12|total_time|4|17.975824
node_provider12|waits|4|33
node_provider12|messages|4|2
provider12|min_constraint|4|4
provider12|max_constraint|4|4
provider0|flocal|0|0.34100818634033203
provider0|flocal|0|0.2303905487060547
provider0|flocal|0|0.24502921104431152
provider0|flocal|0|0.3032402992248535
provider0|ffinal|0|0.27010059356689453
node_provider0|total_time|4|17.963568
node_provider0|waits|4|33
node_provider0|messages|4|2
provider0|min_constraint|4|4
provider0|max_constraint|4|4
provider1|flocal|0|0.35064196586608887
provider1|flocal|0|0.2493886947631836
provider1|flocal|0|0.25574326515197754
provider1|flocal|0|0.31273961067199707
provider1|ffinal|0|0.27736759185791016
node_provider1|total_time|4|18.017284
node_provider1|waits|4|33
node_provider1|messages|4|2
provider1|min_constraint|4|4
provider1|max_constraint|4|4
provider13|flocal|0|0.3454723358154297
provider13|flocal|0|0.2444922924041748
provider13|flocal|0|0.25255584716796875
provider13|flocal|0|0.30350804328918457
provider13|ffinal|0|0.2949497699737549
node_provider13|total_time|4|18.014141
node_provider13|waits|4|33
node_provider13|messages|4|2
provider13|min_constraint|4|4
provider13|max_constraint|4|4
provider7|flocal|0|0.3723480701446533
provider7|flocal|0|0.279064416885376
provider7|flocal|0|0.25699353218078613
provider7|flocal|0|0.27847790718078613
provider7|ffinal|0|0.28481435775756836
node_provider7|total_time|4|18.037804
node_provider7|waits|4|33
node_provider7|messages|4|2
provider7|min_constraint|4|4
provider7|max_constraint|4|4
provider2|flocal|0|0.34038734436035156
provider2|flocal|0|0.2523951530456543
provider2|flocal|0|0.28900790214538574
provider2|flocal|0|0.29378223419189453
provider2|ffinal|0|0.2979466915130615
node_provider2|total_time|4|18.043604
node_provider2|waits|4|33
node_provider2|messages|4|2
provider2|min_constraint|4|4
provider2|max_constraint|4|4
provider10|flocal|0|0.3714029788970947
provider10|flocal|0|0.2790219783782959
provider10|flocal|0|0.25358152389526367
provider10|flocal|0|0.2833707332611084
provider10|ffinal|0|0.3041539192199707
node_provider10|total_time|4|18.055100
node_provider10|waits|4|33
node_provider10|messages|4|2
provider10|min_constraint|4|4
provider10|max_constraint|4|4
provider5|flocal|0|0.32732415199279785
provider5|flocal|0|0.27185988426208496
provider5|ffinal|0|0.20124292373657227
node_provider5|total_time|4|2.343141
node_provider5|waits|4|3
node_provider5|messages|4|2
provider5|min_constraint|4|4
provider5|max_constraint|4|4
provider8|flocal|0|0.32944154739379883
provider8|flocal|0|0.24757957458496094
provider8|ffinal|0|0.2305283546447754
node_provider8|total_time|4|2.354163
node_provider8|waits|4|3
node_provider8|messages|4|2
provider8|min_constraint|4|4
provider8|max_constraint|4|4
provider3|flocal|0|0.33137989044189453
provider3|flocal|0|0.2557253837585449
provider3|ffinal|0|0.22541260719299316
node_provider3|total_time|4|2.356049
node_provider3|waits|4|3
node_provider3|messages|4|2
provider3|min_constraint|4|4
provider3|max_constraint|4|4
provider4|flocal|0|0.32867956161499023
provider4|flocal|0|0.2408447265625
provider4|ffinal|0|0.2446904182434082
node_provider4|total_time|4|2.361022
node_provider4|waits|4|3
node_provider4|messages|4|2
provider4|min_constraint|4|4
provider4|max_constraint|4|4
provider11|flocal|0|0.31977272033691406
provider11|flocal|0|0.24933314323425293
provider11|ffinal|0|0.2439868450164795
node_provider11|total_time|4|2.361764
node_provider11|waits|4|3
node_provider11|messages|4|2
provider11|min_constraint|4|4
provider11|max_constraint|4|4
user|flocal|0|0.7602441310882568
user|flocal|0|0.7178714275360107
user|flocal|0|0.6466965675354004
user|ffinal|0|0.6987814903259277
node_user|total_time|4|18.559324
node_user|waits|4|31
node_user|messages|4|90
user|min_constraint|4|31
user|max_constraint|4|31
provider13|flocal|0|0.2938835620880127
provider13|flocal|0|0.1803126335144043
provider13|ffinal|0|0.23057341575622559
node_provider13|total_time|5|21.273374
node_provider13|waits|5|41
node_provider13|messages|5|2
provider13|min_constraint|5|4
provider13|max_constraint|5|4
provider7|flocal|0|0.29780077934265137
provider7|flocal|0|0.21965289115905762
provider7|flocal|0|0.2398240566253662
provider7|ffinal|0|0.2621195316314697
node_provider7|total_time|5|21.599313
node_provider7|waits|5|41
node_provider7|messages|5|3
provider7|min_constraint|5|4
provider7|max_constraint|5|4
provider3|flocal|0|0.283785343170166
provider3|flocal|0|0.23115897178649902
provider3|flocal|0|0.2249431610107422
provider3|ffinal|0|0.2684500217437744
node_provider3|total_time|5|21.584803
node_provider3|waits|5|41
node_provider3|messages|5|3
provider3|min_constraint|5|4
provider3|max_constraint|5|4
provider10|flocal|0|0.26688170433044434
provider10|flocal|0|0.22776198387145996
provider10|flocal|0|0.23084187507629395
provider10|ffinal|0|0.2720632553100586
node_provider10|total_time|5|21.582811
node_provider10|waits|5|41
node_provider10|messages|5|3
provider10|min_constraint|5|4
provider10|max_constraint|5|4
provider12|flocal|0|0.279970645904541
provider12|flocal|0|0.22510862350463867
provider12|flocal|0|0.23668313026428223
provider12|ffinal|0|0.26320719718933105
node_provider12|total_time|5|21.584359
node_provider12|waits|5|41
node_provider12|messages|5|3
provider12|min_constraint|5|4
provider12|max_constraint|5|4
provider0|flocal|0|0.3318157196044922
provider0|flocal|0|0.231550931930542
provider0|flocal|0|0.23038411140441895
provider0|ffinal|0|0.26583337783813477
node_provider0|total_time|5|21.635336
node_provider0|waits|5|41
node_provider0|messages|5|3
provider0|min_constraint|5|4
provider0|max_constraint|5|4
provider2|flocal|0|0.3091418743133545
provider2|flocal|0|0.228607177734375
provider2|flocal|0|0.23335528373718262
provider2|ffinal|0|0.2663412094116211
node_provider2|total_time|5|21.610285
node_provider2|waits|5|41
node_provider2|messages|5|3
provider2|min_constraint|5|4
provider2|max_constraint|5|4
provider8|flocal|0|0.3179285526275635
provider8|flocal|0|0.24204611778259277
provider8|flocal|0|0.23341917991638184
provider8|ffinal|0|0.2602982521057129
node_provider8|total_time|5|21.624507
node_provider8|waits|5|41
node_provider8|messages|5|3
provider8|min_constraint|5|4
provider8|max_constraint|5|4
provider6|flocal|0|0.28017187118530273
provider6|flocal|0|0.26355648040771484
provider6|flocal|0|0.26085925102233887
provider6|ffinal|0|0.24768662452697754
node_provider6|total_time|5|21.623955
node_provider6|waits|5|41
node_provider6|messages|5|3
provider6|min_constraint|5|4
provider6|max_constraint|5|4
provider4|flocal|0|0.3204531669616699
provider4|flocal|0|0.22522258758544922
provider4|flocal|0|0.26280927658081055
provider4|ffinal|0|0.25714111328125
node_provider4|total_time|5|21.639155
node_provider4|waits|5|41
node_provider4|messages|5|3
provider4|min_constraint|5|4
provider4|max_constraint|5|4
provider9|flocal|0|0.25695347785949707
provider9|flocal|0|0.2647116184234619
provider9|flocal|0|0.25060129165649414
provider9|ffinal|0|0.2864863872528076
node_provider9|total_time|5|21.636650
node_provider9|waits|5|41
node_provider9|messages|5|3
provider9|min_constraint|5|4
provider9|max_constraint|5|4
provider11|flocal|0|0.31923747062683105
provider11|flocal|0|0.23697996139526367
provider11|flocal|0|0.2522456645965576
provider11|ffinal|0|0.2737386226654053
node_provider11|total_time|5|21.651911
node_provider11|waits|5|41
node_provider11|messages|5|3
provider11|min_constraint|5|4
provider11|max_constraint|5|4
provider1|flocal|0|0.2793285846710205
provider1|flocal|0|0.24416828155517578
provider1|flocal|0|0.2520561218261719
provider1|ffinal|0|0.2905898094177246
node_provider1|total_time|5|21.642534
node_provider1|waits|5|41
node_provider1|messages|5|3
provider1|min_constraint|5|4
provider1|max_constraint|5|4
provider5|flocal|0|0.34177350997924805
provider5|flocal|0|0.22788238525390625
provider5|flocal|0|0.26535844802856445
provider5|ffinal|0|0.2701575756072998
node_provider5|total_time|5|21.675102
node_provider5|waits|5|41
node_provider5|messages|5|3
provider5|min_constraint|5|4
provider5|max_constraint|5|4
provider14|flocal|0|0.21219730377197266
provider14|flocal|0|0.24454140663146973
provider14|ffinal|0|0.2562601566314697
node_provider14|total_time|5|5.756048
node_provider14|waits|5|10
node_provider14|messages|5|1
provider14|min_constraint|5|4
provider14|max_constraint|5|4
user|flocal|0|2.3025858402252197
user|flocal|0|2.2581875324249268
user|flocal|0|2.289599657058716
user|flocal|0|3.9969518184661865
user|ffinal|0|4.093291997909546
node_user|total_time|5|25.212993
node_user|waits|5|20
node_user|messages|5|60
user|min_constraint|5|31
user|max_constraint|5|31
provider8|flocal|0|0.3215348720550537
provider8|flocal|0|0.24937033653259277
provider8|flocal|0|0.2603623867034912
provider8|flocal|0|0.25690150260925293
provider8|ffinal|0|0.24396824836730957
node_provider8|total_time|6|18.400683
node_provider8|waits|6|34
node_provider8|messages|6|2
provider8|min_constraint|6|4
provider8|max_constraint|6|4
provider4|flocal|0|0.3273954391479492
provider4|flocal|0|0.2418041229248047
provider4|flocal|0|0.24913930892944336
provider4|flocal|0|0.26329493522644043
provider4|ffinal|0|0.24895715713500977
node_provider4|total_time|6|18.402317
node_provider4|waits|6|34
node_provider4|messages|6|2
provider4|min_constraint|6|4
provider4|max_constraint|6|4
provider5|flocal|0|0.333660364151001
provider5|flocal|0|0.22098016738891602
provider5|flocal|0|0.2582356929779053
provider5|flocal|0|0.2759237289428711
provider5|ffinal|0|0.25224876403808594
node_provider5|total_time|6|18.409154
node_provider5|waits|6|34
node_provider5|messages|6|2
provider5|min_constraint|6|4
provider5|max_constraint|6|4
provider7|flocal|0|0.3345627784729004
provider7|flocal|0|0.2810697555541992
provider7|flocal|0|0.21323871612548828
provider7|flocal|0|0.26948094367980957
provider7|ffinal|0|0.2645087242126465
node_provider7|total_time|6|18.429996
node_provider7|waits|6|34
node_provider7|messages|6|2
provider7|min_constraint|6|4
provider7|max_constraint|6|4
provider9|flocal|0|0.27959489822387695
provider9|flocal|0|0.25315189361572266
provider9|flocal|0|0.2579214572906494
provider9|flocal|0|0.27786755561828613
provider9|ffinal|0|0.29445385932922363
node_provider9|total_time|6|18.440932
node_provider9|waits|6|34
node_provider9|messages|6|2
provider9|min_constraint|6|4
provider9|max_constraint|6|4
provider3|flocal|0|0.3141303062438965
provider3|flocal|0|0.22743844985961914
provider3|flocal|0|0.24846982955932617
provider3|flocal|0|0.28975772857666016
provider3|ffinal|0|0.28426694869995117
node_provider3|total_time|6|18.433421
node_provider3|waits|6|34
node_provider3|messages|6|2
provider3|min_constraint|6|4
provider3|max_constraint|6|4
provider11|flocal|0|0.31996774673461914
provider11|flocal|0|0.24689602851867676
provider11|flocal|0|0.23836731910705566
provider11|flocal|0|0.3306436538696289
provider11|ffinal|0|0.27459192276000977
node_provider11|total_time|6|18.485934
node_provider11|waits|6|34
node_provider11|messages|6|2
provider11|min_constraint|6|4
provider11|max_constraint|6|4
provider2|flocal|0|0.3428077697753906
provider2|flocal|0|0.27974486351013184
provider2|flocal|0|0.21860122680664062
provider2|flocal|0|0.26105642318725586
provider2|ffinal|0|0.3220093250274658
node_provider2|total_time|6|18.493536
node_provider2|waits|6|34
node_provider2|messages|6|2
provider2|min_constraint|6|4
provider2|max_constraint|6|4
provider14|flocal|0|0.3363151550292969
provider14|flocal|0|0.26512622833251953
provider14|flocal|0|0.2601337432861328
provider14|flocal|0|0.2833414077758789
provider14|ffinal|0|0.27799201011657715
node_provider14|total_time|6|18.499120
node_provider14|waits|6|34
node_provider14|messages|6|2
provider14|min_constraint|6|4
provider14|max_constraint|6|4
provider0|flocal|0|0.29915618896484375
provider0|flocal|0|0.24648380279541016
provider0|flocal|0|0.26174378395080566
provider0|flocal|0|0.32233476638793945
provider0|ffinal|0|0.29825305938720703
node_provider0|total_time|6|18.499811
node_provider0|waits|6|34
node_provider0|messages|6|2
provider0|min_constraint|6|4
provider0|max_constraint|6|4
provider13|flocal|0|0.32592320442199707
provider13|flocal|0|0.2749347686767578
provider13|flocal|0|0.26273202896118164
provider13|flocal|0|0.31856298446655273
provider13|ffinal|0|0.2608954906463623
node_provider13|total_time|6|18.519650
node_provider13|waits|6|34
node_provider13|messages|6|2
provider13|min_constraint|6|4
provider13|max_constraint|6|4
provider1|flocal|0|0.33977603912353516
provider1|flocal|0|0.24012279510498047
provider1|flocal|0|0.2501795291900635
provider1|flocal|0|0.3084144592285156
provider1|ffinal|0|0.31020092964172363
node_provider1|total_time|6|18.519453
node_provider1|waits|6|34
node_provider1|messages|6|2
provider1|min_constraint|6|4
provider1|max_constraint|6|4
provider10|flocal|0|0.32100772857666016
provider10|flocal|0|0.27793192863464355
provider10|flocal|0|0.2617607116699219
provider10|flocal|0|0.3147146701812744
provider10|ffinal|0|0.28162693977355957
node_provider10|total_time|6|18.530093
node_provider10|waits|6|34
node_provider10|messages|6|2
provider10|min_constraint|6|4
provider10|max_constraint|6|4
provider6|flocal|0|0.3445701599121094
provider6|flocal|0|0.26970529556274414
provider6|flocal|0|0.21965765953063965
provider6|flocal|0|0.311769962310791
provider6|ffinal|0|0.3149435520172119
node_provider6|total_time|6|18.528994
node_provider6|waits|6|34
node_provider6|messages|6|2
provider6|min_constraint|6|4
provider6|max_constraint|6|4
provider12|flocal|0|0.32119297981262207
provider12|flocal|0|0.26917219161987305
provider12|ffinal|0|0.21311187744140625
node_provider12|total_time|6|2.851983
node_provider12|waits|6|4
node_provider12|messages|6|1
provider12|min_constraint|6|4
provider12|max_constraint|6|4
user|flocal|0|0.5312330722808838
user|flocal|0|0.5203757286071777
user|flocal|0|0.5673439502716064
user|flocal|0|1.1272222995758057
user|ffinal|0|1.149397850036621
node_user|total_time|6|19.689960
node_user|waits|6|31
node_user|messages|6|90
user|min_constraint|6|31
user|max_constraint|6|31
provider9|flocal|0|0.30185413360595703
provider9|flocal|0|0.22057533264160156
provider9|flocal|0|0.22778916358947754
provider9|ffinal|0|0.2337195873260498
node_provider9|total_time|7|22.551528
node_provider9|waits|7|43
node_provider9|messages|7|2
provider9|min_constraint|7|4
provider9|max_constraint|7|4
provider8|flocal|0|0.2782449722290039
provider8|flocal|0|0.2320387363433838
provider8|flocal|0|0.23824262619018555
provider8|ffinal|0|0.22845005989074707
node_provider8|total_time|7|22.545946
node_provider8|waits|7|43
node_provider8|messages|7|2
provider8|min_constraint|7|4
provider8|max_constraint|7|4
provider14|flocal|0|0.30179929733276367
provider14|flocal|0|0.22784113883972168
provider14|flocal|0|0.2346491813659668
provider14|ffinal|0|0.23928594589233398
node_provider14|total_time|7|22.571240
node_provider14|waits|7|43
node_provider14|messages|7|2
provider14|min_constraint|7|4
provider14|max_constraint|7|4
provider3|flocal|0|0.28932881355285645
provider3|flocal|0|0.25493288040161133
provider3|flocal|0|0.22692608833312988
provider3|ffinal|0|0.23688364028930664
node_provider3|total_time|7|22.571454
node_provider3|waits|7|43
node_provider3|messages|7|2
provider3|min_constraint|7|4
provider3|max_constraint|7|4
provider0|flocal|0|0.2892463207244873
provider0|flocal|0|0.2503197193145752
provider0|flocal|0|0.22926688194274902
provider0|ffinal|0|0.2401745319366455
node_provider0|total_time|7|22.574636
node_provider0|waits|7|43
node_provider0|messages|7|2
provider0|min_constraint|7|4
provider0|max_constraint|7|4
provider7|flocal|0|0.3383800983428955
provider7|flocal|0|0.2511742115020752
provider7|ffinal|0|0.2907435894012451
node_provider7|total_time|7|6.926937
node_provider7|waits|7|12
node_provider7|messages|7|2
provider7|min_constraint|7|4
provider7|max_constraint|7|4
provider11|flocal|0|0.35043883323669434
provider11|flocal|0|0.24755644798278809
provider11|ffinal|0|0.2496180534362793
node_provider11|total_time|7|6.896050
node_provider11|waits|7|12
node_provider11|messages|7|2
provider11|min_constraint|7|4
provider11|max_constraint|7|4
provider5|flocal|0|0.360227108001709
provider5|flocal|0|0.23915576934814453
provider5|ffinal|0|0.2920808792114258
node_provider5|total_time|7|6.941414
node_provider5|waits|7|12
node_provider5|messages|7|2
provider5|min_constraint|7|4
provider5|max_constraint|7|4
provider13|flocal|0|0.3351895809173584
provider13|flocal|0|0.24915218353271484
provider13|ffinal|0|0.268939733505249
node_provider13|total_time|7|6.903105
node_provider13|waits|7|12
node_provider13|messages|7|2
provider13|min_constraint|7|4
provider13|max_constraint|7|4
provider12|flocal|0|0.32207751274108887
provider12|flocal|0|0.25840258598327637
provider12|ffinal|0|0.2657816410064697
node_provider12|total_time|7|6.897805
node_provider12|waits|7|12
node_provider12|messages|7|2
provider12|min_constraint|7|4
provider12|max_constraint|7|4
provider10|flocal|0|0.3630053997039795
provider10|flocal|0|0.23641610145568848
provider10|ffinal|0|0.2661855220794678
node_provider10|total_time|7|6.914034
node_provider10|waits|7|12
node_provider10|messages|7|2
provider10|min_constraint|7|4
provider10|max_constraint|7|4
provider1|flocal|0|0.3594217300415039
provider1|flocal|0|0.24211692810058594
provider1|ffinal|0|0.26845431327819824
node_provider1|total_time|7|6.917752
node_provider1|waits|7|12
node_provider1|messages|7|2
provider1|min_constraint|7|4
provider1|max_constraint|7|4
provider2|flocal|0|0.3626689910888672
provider2|flocal|0|0.2518181800842285
provider2|ffinal|0|0.2606980800628662
node_provider2|total_time|7|6.919492
node_provider2|waits|7|12
node_provider2|messages|7|2
provider2|min_constraint|7|4
provider2|max_constraint|7|4
provider4|flocal|0|0.35622262954711914
provider4|flocal|0|0.25412821769714355
provider4|ffinal|0|0.3075594902038574
node_provider4|total_time|7|6.965401
node_provider4|waits|7|12
node_provider4|messages|7|2
provider4|min_constraint|7|4
provider4|max_constraint|7|4
provider6|flocal|0|0.3870847225189209
provider6|flocal|0|0.2389049530029297
provider6|ffinal|0|0.30000853538513184
node_provider6|total_time|7|6.967218
node_provider6|waits|7|12
node_provider6|messages|7|2
provider6|min_constraint|7|4
provider6|max_constraint|7|4
user|flocal|0|0.31975746154785156
user|flocal|0|0.23717808723449707
user|flocal|0|5.022104024887085
user|ffinal|0|5.18256402015686
node_user|total_time|7|27.459247
node_user|waits|7|33
node_user|messages|7|60
user|min_constraint|7|31
user|max_constraint|7|31
provider11|flocal|0|0.3502993583679199
provider11|flocal|0|0.2304379940032959
provider11|ffinal|0|0.25358104705810547
node_provider11|total_time|8|2.372819
node_provider11|waits|8|3
node_provider11|messages|8|2
provider11|min_constraint|8|4
provider11|max_constraint|8|4
provider7|flocal|0|0.35238075256347656
provider7|flocal|0|0.23080182075500488
provider7|ffinal|0|0.251171350479126
node_provider7|total_time|8|2.375413
node_provider7|waits|8|3
node_provider7|messages|8|2
provider7|min_constraint|8|4
provider7|max_constraint|8|4
provider10|flocal|0|0.3509542942047119
provider10|flocal|0|0.23775339126586914
provider10|ffinal|0|0.25242114067077637
node_provider10|total_time|8|2.378203
node_provider10|waits|8|3
node_provider10|messages|8|2
provider10|min_constraint|8|4
provider10|max_constraint|8|4
provider9|flocal|0|0.3522791862487793
provider9|flocal|0|0.2424156665802002
provider9|ffinal|0|0.2505471706390381
node_provider9|total_time|8|2.384855
node_provider9|waits|8|3
node_provider9|messages|8|2
provider9|min_constraint|8|4
provider9|max_constraint|8|4
provider8|flocal|0|0.35013341903686523
provider8|flocal|0|0.23877811431884766
provider8|ffinal|0|0.26168394088745117
node_provider8|total_time|8|2.394217
node_provider8|waits|8|3
node_provider8|messages|8|2
provider8|min_constraint|8|4
provider8|max_constraint|8|4
provider12|flocal|0|0.3821372985839844
provider12|flocal|0|0.2318108081817627
provider12|ffinal|0|0.24452877044677734
node_provider12|total_time|8|2.392375
node_provider12|waits|8|3
node_provider12|messages|8|2
provider12|min_constraint|8|4
provider12|max_constraint|8|4
provider1|flocal|0|0.39911413192749023
provider1|flocal|0|0.2625861167907715
provider1|ffinal|0|0.2779552936553955
node_provider1|total_time|8|2.472580
node_provider1|waits|8|3
node_provider1|messages|8|2
provider1|min_constraint|8|4
provider1|max_constraint|8|4
provider2|flocal|0|0.316025972366333
provider2|flocal|0|0.2428138256072998
provider2|flocal|0|0.24807953834533691
provider2|ffinal|0|0.24572515487670898
node_provider2|total_time|8|18.620614
node_provider2|waits|8|35
node_provider2|messages|8|3
provider2|min_constraint|8|4
provider2|max_constraint|8|4
provider0|flocal|0|0.32155680656433105
provider0|flocal|0|0.24514031410217285
provider0|flocal|0|0.24351191520690918
provider0|ffinal|0|0.2508370876312256
node_provider0|total_time|8|18.629322
node_provider0|waits|8|35
node_provider0|messages|8|3
provider0|min_constraint|8|4
provider0|max_constraint|8|4
provider3|flocal|0|0.31485605239868164
provider3|flocal|0|0.24439716339111328
provider3|flocal|0|0.24359488487243652
provider3|ffinal|0|0.25226736068725586
node_provider3|total_time|8|18.624079
node_provider3|waits|8|35
node_provider3|messages|8|3
provider3|min_constraint|8|4
provider3|max_constraint|8|4
provider5|flocal|0|0.3138899803161621
provider5|flocal|0|0.2443845272064209
provider5|flocal|0|0.24219059944152832
provider5|ffinal|0|0.27129244804382324
node_provider5|total_time|8|18.640353
node_provider5|waits|8|35
node_provider5|messages|8|3
provider5|min_constraint|8|4
provider5|max_constraint|8|4
provider6|flocal|0|0.30463695526123047
provider6|flocal|0|0.252697229385376
provider6|flocal|0|0.24794387817382812
provider6|ffinal|0|0.2827439308166504
node_provider6|total_time|8|18.655052
node_provider6|waits|8|35
node_provider6|messages|8|3
provider6|min_constraint|8|4
provider6|max_constraint|8|4
provider4|flocal|0|0.34659266471862793
provider4|flocal|0|0.22440242767333984
provider4|ffinal|0|0.2427225112915039
node_provider4|total_time|8|2.855087
node_provider4|waits|8|4
node_provider4|messages|8|2
provider4|min_constraint|8|4
provider4|max_constraint|8|4
provider14|flocal|0|0.33118510246276855
provider14|flocal|0|0.24123072624206543
provider14|ffinal|0|0.24112296104431152
node_provider14|total_time|8|2.854904
node_provider14|waits|8|4
node_provider14|messages|8|2
provider14|min_constraint|8|4
provider14|max_constraint|8|4
provider13|flocal|0|0.344423770904541
provider13|flocal|0|0.23117351531982422
provider13|ffinal|0|0.2405538558959961
node_provider13|total_time|8|2.855119
node_provider13|waits|8|4
node_provider13|messages|8|2
provider13|min_constraint|8|4
provider13|max_constraint|8|4
user|flocal|0|0.3468749523162842
user|flocal|0|0.26638078689575195
user|flocal|0|0.5780153274536133
user|flocal|0|0.6661875247955322
user|ffinal|0|0.6133935451507568
node_user|total_time|8|19.177288
node_user|waits|8|33
node_user|messages|8|60
user|min_constraint|8|31
user|max_constraint|8|31
provider1|flocal|0|0.25916457176208496
provider1|flocal|0|0.21582627296447754
provider1|ffinal|0|0.20335984230041504
node_provider1|total_time|9|1.717824
node_provider1|waits|9|2
node_provider1|messages|9|2
provider1|min_constraint|9|4
provider1|max_constraint|9|4
provider13|flocal|0|0.23029708862304688
provider13|flocal|0|0.21193623542785645
provider13|ffinal|0|0.20394468307495117
node_provider13|total_time|9|1.682771
node_provider13|waits|9|2
node_provider13|messages|9|2
provider13|min_constraint|9|4
provider13|max_constraint|9|4
provider11|flocal|0|0.23746442794799805
provider11|flocal|0|0.2153787612915039
provider11|ffinal|0|0.1942756175994873
node_provider11|total_time|9|1.682154
node_provider11|waits|9|2
node_provider11|messages|9|2
provider11|min_constraint|9|4
provider11|max_constraint|9|4
provider8|flocal|0|0.24179959297180176
provider8|flocal|0|0.21460962295532227
provider8|ffinal|0|0.19615674018859863
node_provider8|total_time|9|1.687291
node_provider8|waits|9|2
node_provider8|messages|9|2
provider8|min_constraint|9|4
provider8|max_constraint|9|4
provider14|flocal|0|0.2678394317626953
provider14|flocal|0|0.21446871757507324
provider14|ffinal|0|0.1953573226928711
node_provider14|total_time|9|1.710371
node_provider14|waits|9|2
node_provider14|messages|9|2
provider14|min_constraint|9|4
provider14|max_constraint|9|4
user|flocal|0|0.34505486488342285
user|flocal|0|0.34678220748901367
user|flocal|0|0.34232592582702637
user|flocal|0|0.3633267879486084
user|ffinal|0|0.34861111640930176
node_user|total_time|9|17.968932
node_user|waits|9|32
node_user|messages|9|60
user|min_constraint|9|31
user|max_constraint|9|31
provider4|flocal|0|0.29576730728149414
provider4|flocal|0|0.217010498046875
provider4|flocal|0|0.24108028411865234
provider4|ffinal|0|0.23508453369140625
node_provider4|total_time|9|18.061980
node_provider4|waits|9|34
node_provider4|messages|9|3
provider4|min_constraint|9|4
provider4|max_constraint|9|4
provider0|flocal|0|0.2934079170227051
provider0|flocal|0|0.22373437881469727
provider0|flocal|0|0.24949193000793457
provider0|ffinal|0|0.2472836971282959
node_provider0|total_time|9|18.090180
node_provider0|waits|9|34
node_provider0|messages|9|3
provider0|min_constraint|9|4
provider0|max_constraint|9|4
provider10|flocal|0|0.31250667572021484
provider10|flocal|0|0.22373723983764648
provider10|flocal|0|0.25749921798706055
provider10|ffinal|0|0.2481708526611328
node_provider10|total_time|9|18.107866
node_provider10|waits|9|34
node_provider10|messages|9|3
provider10|min_constraint|9|4
provider10|max_constraint|9|4
provider3|flocal|0|0.3194601535797119
provider3|flocal|0|0.24564099311828613
provider3|flocal|0|0.24142003059387207
provider3|ffinal|0|0.2466723918914795
node_provider3|total_time|9|18.117016
node_provider3|waits|9|34
node_provider3|messages|9|3
provider3|min_constraint|9|4
provider3|max_constraint|9|4
provider2|flocal|0|0.30836987495422363
provider2|flocal|0|0.23670220375061035
provider2|flocal|0|0.2665591239929199
provider2|ffinal|0|0.2469346523284912
node_provider2|total_time|9|18.127265
node_provider2|waits|9|34
node_provider2|messages|9|3
provider2|min_constraint|9|4
provider2|max_constraint|9|4
provider5|flocal|0|0.34009814262390137
provider5|flocal|0|0.2104644775390625
provider5|flocal|0|0.28314661979675293
provider5|ffinal|0|0.23487019538879395
node_provider5|total_time|9|18.133234
node_provider5|waits|9|34
node_provider5|messages|9|3
provider5|min_constraint|9|4
provider5|max_constraint|9|4
provider9|flocal|0|0.3419821262359619
provider9|flocal|0|0.21878361701965332
provider9|flocal|0|0.2816753387451172
provider9|ffinal|0|0.24761199951171875
node_provider9|total_time|9|18.153480
node_provider9|waits|9|34
node_provider9|messages|9|3
provider9|min_constraint|9|4
provider9|max_constraint|9|4
provider12|flocal|0|0.25648069381713867
provider12|flocal|0|0.23966121673583984
provider12|ffinal|0|0.20979666709899902
node_provider12|total_time|9|2.244582
node_provider12|waits|9|3
node_provider12|messages|9|2
provider12|min_constraint|9|4
provider12|max_constraint|9|4
provider7|flocal|0|0.3017096519470215
provider7|flocal|0|0.24734139442443848
provider7|flocal|0|0.27240681648254395
provider7|ffinal|0|0.2744255065917969
node_provider7|total_time|9|18.160002
node_provider7|waits|9|34
node_provider7|messages|9|3
provider7|min_constraint|9|4
provider7|max_constraint|9|4
provider6|flocal|0|0.21506834030151367
provider6|flocal|0|0.22219181060791016
provider6|ffinal|0|0.2346653938293457
node_provider6|total_time|9|2.207779
node_provider6|waits|9|3
node_provider6|messages|9|2
provider6|min_constraint|9|4
provider6|max_constraint|9|4
