user17|flocal|9|0.42974376678466797
user17|flocal|9|0.3024935722351074
user17|flocal|9|0.31931638717651367
user17|flocal|9|0.34329748153686523
user17|flocal|9|0.3724684715270996
user7|flocal|9|0.37577199935913086
user7|flocal|9|0.3216588497161865
user7|flocal|9|0.3605687618255615
user7|flocal|9|0.3915894031524658
user7|flocal|9|0.3547027111053467
user7|flocal|9|0.38759851455688477
user7|ffinal|9|0.3617417812347412
node_user7|total_time|9|3.992739
node_user7|loops|9|78687
node_user7|messages|9|36
user7|min_constraint|9|13
user7|max_constraint|9|13
user14|flocal|9|0.40808892250061035
user14|flocal|9|0.3185887336730957
user14|flocal|9|0.3012545108795166
user14|flocal|9|0.33970046043395996
user14|flocal|9|0.35950255393981934
user14|ffinal|9|0.31594204902648926
node_user14|total_time|9|4.015323
node_user14|loops|9|76608
node_user14|messages|9|30
user14|min_constraint|9|13
user14|max_constraint|9|13
user9|flocal|9|0.4292721748352051
user9|flocal|9|0.3101792335510254
user9|flocal|9|0.29883646965026855
user9|flocal|9|0.3295881748199463
user9|flocal|9|0.35315465927124023
user9|flocal|9|0.3914780616760254
user9|ffinal|9|0.3151421546936035
node_user9|total_time|9|3.982029
node_user9|loops|9|70550
node_user9|messages|9|24
user9|min_constraint|9|13
user9|max_constraint|9|13
user8|flocal|9|0.40096211433410645
user8|flocal|9|0.36852574348449707
user8|flocal|9|0.34093284606933594
user8|flocal|9|0.32587718963623047
user8|flocal|9|0.32802867889404297
user8|flocal|9|0.39461183547973633
user8|flocal|9|0.36556243896484375
user8|ffinal|9|0.35790205001831055
node_user8|total_time|9|4.054106
node_user8|loops|9|73676
node_user8|messages|9|36
user8|min_constraint|9|13
user8|max_constraint|9|13
user11|flocal|9|0.3909165859222412
user11|flocal|9|0.37453341484069824
user11|flocal|9|0.34435105323791504
user11|flocal|9|0.35543036460876465
user11|flocal|9|0.3553893566131592
user11|flocal|9|0.3164825439453125
user11|ffinal|9|0.3625051975250244
node_user11|total_time|9|4.053867
node_user11|loops|9|70457
node_user11|messages|9|24
user11|min_constraint|9|13
user11|max_constraint|9|13
user16|flocal|9|0.3838186264038086
user16|flocal|9|0.290463924407959
user16|flocal|9|0.3734588623046875
user16|flocal|9|0.37567877769470215
user16|flocal|9|0.3488423824310303
user16|ffinal|9|0.35312771797180176
node_user16|total_time|9|4.059141
node_user16|loops|9|34200
node_user16|messages|9|20
user16|min_constraint|9|11
user16|max_constraint|9|11
user5|flocal|9|0.3285062313079834
user5|flocal|9|0.3141672611236572
user5|flocal|9|0.3701603412628174
user5|flocal|9|0.3514573574066162
user5|flocal|9|0.37650275230407715
user5|flocal|9|0.34305810928344727
user5|flocal|9|0.3506433963775635
user5|flocal|9|0.3296647071838379
user5|ffinal|9|0.36141252517700195
node_user5|total_time|9|4.036353
node_user5|loops|9|32496
node_user5|messages|9|45
user5|min_constraint|9|13
user5|max_constraint|9|13
user4|flocal|9|0.3613765239715576
user4|flocal|9|0.35117077827453613
user4|flocal|9|0.3764684200286865
user4|flocal|9|0.3545868396759033
user4|flocal|9|0.3306453227996826
user4|flocal|9|0.3263702392578125
user4|flocal|9|0.3527088165283203
user4|flocal|9|0.36846208572387695
user4|ffinal|9|0.33498597145080566
node_user4|total_time|9|4.046044
node_user4|loops|9|26303
node_user4|messages|9|54
user4|min_constraint|9|13
user4|max_constraint|9|13
user3|flocal|9|0.4075138568878174
user3|flocal|9|0.33087682723999023
user3|flocal|9|0.36414670944213867
user3|flocal|9|0.31685638427734375
user3|flocal|9|0.39705991744995117
user3|flocal|9|0.35268402099609375
user3|flocal|9|0.39281129837036133
user3|flocal|9|0.3370184898376465
user3|ffinal|9|0.34754204750061035
node_user3|total_time|9|4.098270
node_user3|loops|9|42450
node_user3|messages|9|54
user3|min_constraint|9|13
user3|max_constraint|9|13
user13|flocal|9|0.3770415782928467
user13|flocal|9|0.2972233295440674
user13|flocal|9|0.3254868984222412
user13|flocal|9|0.3883655071258545
user13|flocal|9|0.32705116271972656
user13|ffinal|9|0.36788058280944824
node_user13|total_time|9|4.107735
node_user13|loops|9|58877
node_user13|messages|9|30
user13|min_constraint|9|13
user13|max_constraint|9|13
provider|flocal|9|0.3216700553894043
provider|flocal|9|0.33008527755737305
provider|flocal|9|0.3231534957885742
provider|flocal|9|0.30977582931518555
provider|flocal|9|0.33415865898132324
provider|flocal|9|0.35265493392944336
provider|flocal|9|0.28891658782958984
provider|flocal|9|0.32038021087646484
provider|flocal|9|0.3425455093383789
provider|flocal|9|0.305361270904541
provider|ffinal|9|0.3114809989929199
node_provider|total_time|9|26.084723
node_provider|loops|9|1115456
node_provider|messages|9|21
provider|min_constraint|9|2
provider|max_constraint|9|2
user10|flocal|9|0.42333149909973145
user10|flocal|9|0.3844871520996094
user10|flocal|9|0.36672329902648926
user10|flocal|9|0.4148221015930176
user10|flocal|9|0.34232306480407715
user10|ffinal|9|0.33620381355285645
node_user10|total_time|9|4.103620
node_user10|loops|9|67095
node_user10|messages|9|24
user10|min_constraint|9|13
user10|max_constraint|9|13
user15|flocal|9|0.4233887195587158
user15|flocal|9|0.274768590927124
user15|flocal|9|0.33249592781066895
user15|flocal|9|0.37464380264282227
user15|flocal|9|0.3212573528289795
user15|ffinal|9|0.3600165843963623
node_user15|total_time|9|4.123135
node_user15|loops|9|30710
node_user15|messages|9|28
user15|min_constraint|9|11
user15|max_constraint|9|11
enduser|flocal|9|0.3231329917907715
enduser|flocal|9|0.346893310546875
enduser|ffinal|9|0.3183305263519287
node_enduser|total_time|9|26.142920
node_enduser|loops|9|1037477
node_enduser|messages|9|8
enduser|min_constraint|9|4
enduser|max_constraint|9|4
user6|flocal|9|0.39707112312316895
user6|flocal|9|0.3046138286590576
user6|flocal|9|0.37007617950439453
user6|flocal|9|0.3348073959350586
user6|flocal|9|0.375978946685791
user6|flocal|9|0.3397347927093506
user6|flocal|9|0.36908960342407227
user6|ffinal|9|0.389423131942749
node_user6|total_time|9|4.195242
node_user6|loops|9|69649
node_user6|messages|9|36
user6|min_constraint|9|13
user6|max_constraint|9|13
user1|flocal|9|0.4519839286804199
user1|flocal|9|0.29291725158691406
user1|flocal|9|0.33742237091064453
user1|flocal|9|0.3299093246459961
user1|flocal|9|0.3339729309082031
user1|flocal|9|0.3167717456817627
user1|flocal|9|0.3295166492462158
user1|flocal|9|0.35576891899108887
user1|flocal|9|0.32885241508483887
user1|flocal|9|0.2929074764251709
user1|ffinal|9|0.31751585006713867
node_user1|total_time|9|4.238574
node_user1|loops|9|4758
node_user1|messages|9|40
user1|min_constraint|9|9
user1|max_constraint|9|9
user0|flocal|9|0.4388711452484131
user0|flocal|9|0.3044764995574951
user0|flocal|9|0.33059239387512207
user0|flocal|9|0.30424928665161133
user0|flocal|9|0.29143261909484863
user0|flocal|9|0.3758702278137207
user0|flocal|9|0.35968780517578125
user0|flocal|9|0.3352196216583252
user0|flocal|9|0.3546721935272217
user0|flocal|9|0.3143930435180664
user0|ffinal|9|0.28748321533203125
node_user0|total_time|9|4.241447
node_user0|loops|9|5431
node_user0|messages|9|40
user0|min_constraint|9|9
user0|max_constraint|9|9
user18|flocal|9|0.35140395164489746
user18|flocal|9|0.31246328353881836
user18|flocal|9|0.3233647346496582
user18|flocal|9|0.3695979118347168
user18|ffinal|9|0.28879737854003906
node_user18|total_time|9|4.257323
node_user18|loops|9|37835
node_user18|messages|9|13
user18|min_constraint|9|9
user18|max_constraint|9|9
user19|flocal|9|0.43749213218688965
user19|flocal|9|0.30433082580566406
user19|flocal|9|0.3848450183868408
user19|flocal|9|0.3148791790008545
user19|ffinal|9|0.3154923915863037
node_user19|total_time|9|4.296027
node_user19|loops|9|40095
node_user19|messages|9|13
user19|min_constraint|9|9
user19|max_constraint|9|9
user2|flocal|9|0.4043610095977783
user2|flocal|9|0.2803530693054199
user2|flocal|9|0.33626604080200195
user2|flocal|9|0.300525426864624
user2|flocal|9|0.34603381156921387
user2|flocal|9|0.29757237434387207
user2|flocal|9|0.35656213760375977
user2|flocal|9|0.3234696388244629
user2|flocal|9|0.37508249282836914
user2|flocal|9|0.35776662826538086
user2|ffinal|9|0.3198995590209961
node_user2|total_time|9|4.328079
node_user2|loops|9|4215
node_user2|messages|9|35
user2|min_constraint|9|9
user2|max_constraint|9|9
user12|flocal|9|0.39105749130249023
user12|flocal|9|0.35077476501464844
user12|flocal|9|0.3444957733154297
user12|flocal|9|0.37232112884521484
user12|flocal|9|0.37862229347229004
user12|flocal|9|0.37525200843811035
user12|ffinal|9|0.30121827125549316
node_user12|total_time|9|4.359082
node_user12|loops|9|57842
node_user12|messages|9|30
user12|min_constraint|9|13
user12|max_constraint|9|13
enduser|flocal|8|0.4901273250579834
enduser|flocal|8|0.34418797492980957
enduser|ffinal|8|0.26972460746765137
node_enduser|total_time|8|3.928487
node_enduser|loops|8|64073
node_enduser|messages|8|8
enduser|min_constraint|8|4
enduser|max_constraint|8|4
user2|flocal|8|0.38880157470703125
user2|flocal|8|0.28311705589294434
user2|flocal|8|0.31917786598205566
user2|flocal|8|0.35991692543029785
user2|flocal|8|0.3190619945526123
user2|flocal|8|0.33527350425720215
user2|flocal|8|0.3136610984802246
user2|flocal|8|0.3372774124145508
user2|ffinal|8|0.29456663131713867
node_user2|total_time|8|3.929410
node_user2|loops|8|43925
node_user2|messages|8|30
user2|min_constraint|8|7
user2|max_constraint|8|7
user19|flocal|8|0.40114283561706543
user19|flocal|8|0.3167088031768799
user19|flocal|8|0.31235313415527344
user19|flocal|8|0.336261510848999
user19|ffinal|8|0.3334376811981201
node_user19|total_time|8|3.949349
node_user19|loops|8|71047
node_user19|messages|8|20
user19|min_constraint|8|7
user19|max_constraint|8|7
user8|flocal|8|0.3758423328399658
user8|flocal|8|0.37071824073791504
user8|flocal|8|0.3447239398956299
user8|flocal|8|0.3255493640899658
user8|flocal|8|0.26338982582092285
user8|flocal|8|0.33556485176086426
user8|ffinal|8|0.330841064453125
node_user8|total_time|8|3.977906
node_user8|loops|8|117615
node_user8|messages|8|36
user8|min_constraint|8|11
user8|max_constraint|8|11
user12|flocal|8|0.4163205623626709
user12|flocal|8|0.3595113754272461
user12|flocal|8|0.3214111328125
user12|flocal|8|0.3295459747314453
user12|flocal|8|0.36960768699645996
user12|flocal|8|0.35693907737731934
user12|ffinal|8|0.2847414016723633
node_user12|total_time|8|3.983295
node_user12|loops|8|115525
node_user12|messages|8|39
user12|min_constraint|8|11
user12|max_constraint|8|11
user14|flocal|8|0.38562583923339844
user14|flocal|8|0.34705090522766113
user14|flocal|8|0.30115461349487305
user14|flocal|8|0.315875768661499
user14|flocal|8|0.2987184524536133
user14|flocal|8|0.3622286319732666
user14|ffinal|8|0.3737599849700928
node_user14|total_time|8|3.981733
node_user14|loops|8|121041
node_user14|messages|8|39
user14|min_constraint|8|11
user14|max_constraint|8|11
user10|flocal|8|0.39653706550598145
user10|flocal|8|0.30651140213012695
user10|flocal|8|0.28972911834716797
user10|flocal|8|0.3215470314025879
user10|flocal|8|0.34411191940307617
user10|ffinal|8|0.33350539207458496
node_user10|total_time|8|4.000824
node_user10|loops|8|102828
node_user10|messages|8|36
user10|min_constraint|8|11
user10|max_constraint|8|11
user6|flocal|8|0.3536841869354248
user6|flocal|8|0.3043076992034912
user6|flocal|8|0.32437849044799805
user6|flocal|8|0.3542499542236328
user6|flocal|8|0.3497343063354492
user6|flocal|8|0.3201944828033447
user6|ffinal|8|0.3405795097351074
node_user6|total_time|8|4.001404
node_user6|loops|8|104531
node_user6|messages|8|45
user6|min_constraint|8|11
user6|max_constraint|8|11
user9|flocal|8|0.44342589378356934
user9|flocal|8|0.29668474197387695
user9|flocal|8|0.3035097122192383
user9|flocal|8|0.31710171699523926
user9|flocal|8|0.3233642578125
user9|ffinal|8|0.35532593727111816
node_user9|total_time|8|4.012949
node_user9|loops|8|124174
node_user9|messages|8|27
user9|min_constraint|8|11
user9|max_constraint|8|11
user13|flocal|8|0.4208815097808838
user13|flocal|8|0.31685948371887207
user13|flocal|8|0.321246862411499
user13|flocal|8|0.3338167667388916
user13|flocal|8|0.3380436897277832
user13|flocal|8|0.34831833839416504
user13|ffinal|8|0.35134077072143555
node_user13|total_time|8|4.012668
node_user13|loops|8|118778
node_user13|messages|8|39
user13|min_constraint|8|11
user13|max_constraint|8|11
user17|flocal|8|0.35985636711120605
user17|flocal|8|0.3380434513092041
user17|flocal|8|0.3265349864959717
user17|flocal|8|0.36746811866760254
user17|flocal|8|0.3638944625854492
user17|ffinal|8|0.32848668098449707
node_user17|total_time|8|4.013192
node_user17|loops|8|96724
node_user17|messages|8|28
user17|min_constraint|8|11
user17|max_constraint|8|11
user11|flocal|8|0.37947607040405273
user11|flocal|8|0.32116270065307617
user11|flocal|8|0.32878684997558594
user11|flocal|8|0.2991147041320801
user11|flocal|8|0.333315372467041
user11|ffinal|8|0.3638174533843994
node_user11|total_time|8|4.025751
node_user11|loops|8|97196
node_user11|messages|8|36
user11|min_constraint|8|11
user11|max_constraint|8|11
user5|flocal|8|0.3772709369659424
user5|flocal|8|0.3237426280975342
user5|flocal|8|0.35656261444091797
user5|flocal|8|0.38628649711608887
user5|flocal|8|0.3238346576690674
user5|flocal|8|0.3410661220550537
user5|flocal|8|0.3371424674987793
user5|ffinal|8|0.34050607681274414
node_user5|total_time|8|4.029390
node_user5|loops|8|84940
node_user5|messages|8|45
user5|min_constraint|8|11
user5|max_constraint|8|11
provider|flocal|8|0.48097658157348633
provider|flocal|8|0.24832582473754883
provider|flocal|8|0.30912351608276367
provider|flocal|8|0.31499624252319336
provider|flocal|8|0.2984504699707031
provider|flocal|8|0.2719762325286865
provider|flocal|8|0.30132484436035156
provider|flocal|8|0.33576226234436035
provider|flocal|8|0.2992846965789795
provider|ffinal|8|0.289015531539917
node_provider|total_time|8|24.055398
node_provider|loops|8|8383
node_provider|messages|8|15
provider|min_constraint|8|2
provider|max_constraint|8|2
user0|flocal|8|0.40718889236450195
user0|flocal|8|0.29409313201904297
user0|flocal|8|0.31272220611572266
user0|flocal|8|0.3286421298980713
user0|flocal|8|0.2948477268218994
user0|flocal|8|0.31096363067626953
user0|flocal|8|0.3374481201171875
user0|flocal|8|0.3176851272583008
user0|flocal|8|0.3371291160583496
user0|ffinal|8|0.32054996490478516
node_user0|total_time|8|4.139845
node_user0|loops|8|50515
node_user0|messages|8|30
user0|min_constraint|8|7
user0|max_constraint|8|7
user1|flocal|8|0.3225076198577881
user1|flocal|8|0.30708765983581543
user1|flocal|8|0.31471848487854004
user1|flocal|8|0.3223602771759033
user1|flocal|8|0.29390692710876465
user1|flocal|8|0.3010728359222412
user1|flocal|8|0.2950432300567627
user1|flocal|8|0.33946824073791504
user1|flocal|8|0.3242943286895752
user1|ffinal|8|0.3244502544403076
node_user1|total_time|8|4.143036
node_user1|loops|8|46793
node_user1|messages|8|25
user1|min_constraint|8|7
user1|max_constraint|8|7
user16|flocal|8|0.4150550365447998
user16|flocal|8|0.34385180473327637
user16|flocal|8|0.331279993057251
user16|flocal|8|0.3084118366241455
user16|flocal|8|0.3022284507751465
user16|flocal|8|0.3274524211883545
user16|ffinal|8|0.3116493225097656
node_user16|total_time|8|4.237749
node_user16|loops|8|92127
node_user16|messages|8|36
user16|min_constraint|8|11
user16|max_constraint|8|11
user4|flocal|8|0.38864564895629883
user4|flocal|8|0.2981758117675781
user4|flocal|8|0.3167712688446045
user4|flocal|8|0.32244038581848145
user4|flocal|8|0.36374330520629883
user4|flocal|8|0.3332030773162842
user4|flocal|8|0.36342334747314453
user4|flocal|8|0.34191179275512695
user4|ffinal|8|0.31593751907348633
node_user4|total_time|8|4.237869
node_user4|loops|8|78979
node_user4|messages|8|45
user4|min_constraint|8|11
user4|max_constraint|8|11
user18|flocal|8|0.401918888092041
user18|flocal|8|0.26941370964050293
user18|flocal|8|0.29778337478637695
user18|flocal|8|0.3460533618927002
user18|flocal|8|0.3511371612548828
user18|ffinal|8|0.28904080390930176
node_user18|total_time|8|4.266993
node_user18|loops|8|73920
node_user18|messages|8|13
user18|min_constraint|8|7
user18|max_constraint|8|7
user7|ffinal|8|0.2916531562805176
node_user7|total_time|8|0.292175
node_user7|loops|8|0
node_user7|messages|8|0
user7|min_constraint|8|1
user7|max_constraint|8|1
user15|ffinal|8|0.2927896976470947
node_user15|total_time|8|0.293214
node_user15|loops|8|0
node_user15|messages|8|0
user15|min_constraint|8|1
user15|max_constraint|8|1
user3|ffinal|8|0.2919003963470459
node_user3|total_time|8|0.292422
node_user3|loops|8|0
node_user3|messages|8|0
user3|min_constraint|8|1
user3|max_constraint|8|1
user16|flocal|7|0.3746635913848877
user16|flocal|7|0.28852248191833496
user16|flocal|7|0.2944672107696533
user16|flocal|7|0.35660529136657715
user16|flocal|7|0.36759352684020996
user16|ffinal|7|0.3305509090423584
node_user16|total_time|7|4.213125
node_user16|loops|7|87332
node_user16|messages|7|20
user16|min_constraint|7|11
user16|max_constraint|7|11
user15|flocal|7|0.387223482131958
user15|flocal|7|0.33647727966308594
user15|flocal|7|0.3056981563568115
user15|flocal|7|0.3621354103088379
user15|flocal|7|0.3474006652832031
user15|ffinal|7|0.3490006923675537
node_user15|total_time|7|4.217572
node_user15|loops|7|92132
node_user15|messages|7|20
user15|min_constraint|7|11
user15|max_constraint|7|11
user11|flocal|7|0.321291446685791
user11|flocal|7|0.35669422149658203
user11|flocal|7|0.37786436080932617
user11|flocal|7|0.33663225173950195
user11|flocal|7|0.3916480541229248
user11|ffinal|7|0.35497164726257324
node_user11|total_time|7|4.211944
node_user11|loops|7|122624
node_user11|messages|7|24
user11|min_constraint|7|13
user11|max_constraint|7|13
provider|flocal|7|0.4185149669647217
provider|flocal|7|0.2646481990814209
provider|flocal|7|0.31015992164611816
provider|flocal|7|0.29513049125671387
provider|flocal|7|0.2924520969390869
provider|flocal|7|0.3358733654022217
provider|flocal|7|0.2978367805480957
provider|flocal|7|0.2902414798736572
provider|flocal|7|0.33011865615844727
provider|ffinal|7|0.325178861618042
node_provider|total_time|7|24.257219
node_provider|loops|7|8704
node_provider|messages|7|18
provider|min_constraint|7|2
provider|max_constraint|7|2
user6|flocal|7|0.3941223621368408
user6|flocal|7|0.33895039558410645
user6|flocal|7|0.3256368637084961
user6|flocal|7|0.3507866859436035
user6|flocal|7|0.314486026763916
user6|flocal|7|0.37476086616516113
user6|ffinal|7|0.34604358673095703
node_user6|total_time|7|4.268362
node_user6|loops|7|91497
node_user6|messages|7|36
user6|min_constraint|7|13
user6|max_constraint|7|13
user0|flocal|7|0.4386429786682129
user0|flocal|7|0.3480987548828125
user0|flocal|7|0.32410287857055664
user0|flocal|7|0.3049633502960205
user0|flocal|7|0.2885410785675049
user0|flocal|7|0.3338925838470459
user0|flocal|7|0.33136844635009766
user0|flocal|7|0.32904577255249023
user0|flocal|7|0.303297758102417
user0|ffinal|7|0.29252099990844727
node_user0|total_time|7|4.276169
node_user0|loops|7|23524
node_user0|messages|7|30
user0|min_constraint|7|9
user0|max_constraint|7|9
user1|flocal|7|0.42426371574401855
user1|flocal|7|0.3077998161315918
user1|flocal|7|0.33502888679504395
user1|flocal|7|0.3411753177642822
user1|flocal|7|0.29103970527648926
user1|flocal|7|0.31952643394470215
user1|flocal|7|0.3079800605773926
user1|flocal|7|0.35791015625
user1|flocal|7|0.302947998046875
user1|ffinal|7|0.27399158477783203
node_user1|total_time|7|4.273779
node_user1|loops|7|25846
node_user1|messages|7|35
user1|min_constraint|7|9
user1|max_constraint|7|9
user10|flocal|7|0.3300316333770752
user10|flocal|7|0.27959227561950684
user10|flocal|7|0.32361698150634766
user10|flocal|7|0.3786735534667969
user10|flocal|7|0.36549830436706543
user10|ffinal|7|0.36775827407836914
node_user10|total_time|7|4.289450
node_user10|loops|7|94051
node_user10|messages|7|33
user10|min_constraint|7|13
user10|max_constraint|7|13
user14|flocal|7|0.3403818607330322
user14|flocal|7|0.326397180557251
user14|flocal|7|0.3413362503051758
user14|flocal|7|0.3349587917327881
user14|flocal|7|0.35886645317077637
user14|flocal|7|0.3447287082672119
user14|ffinal|7|0.3345324993133545
node_user14|total_time|7|4.302121
node_user14|loops|7|109823
node_user14|messages|7|30
user14|min_constraint|7|13
user14|max_constraint|7|13
user13|flocal|7|0.37669897079467773
user13|flocal|7|0.26254916191101074
user13|flocal|7|0.34084486961364746
user13|flocal|7|0.3482513427734375
user13|flocal|7|0.3580322265625
user13|flocal|7|0.35340380668640137
user13|ffinal|7|0.3437347412109375
node_user13|total_time|7|4.314467
node_user13|loops|7|101406
node_user13|messages|7|30
user13|min_constraint|7|13
user13|max_constraint|7|13
user7|flocal|7|0.38333916664123535
user7|flocal|7|0.3544120788574219
user7|flocal|7|0.3176579475402832
user7|flocal|7|0.2897040843963623
user7|flocal|7|0.320451021194458
user7|flocal|7|0.3518390655517578
user7|flocal|7|0.3222079277038574
user7|ffinal|7|0.3707430362701416
node_user7|total_time|7|4.330551
node_user7|loops|7|111086
node_user7|messages|7|36
user7|min_constraint|7|13
user7|max_constraint|7|13
user5|flocal|7|0.3836216926574707
user5|flocal|7|0.38143181800842285
user5|flocal|7|0.34891796112060547
user5|flocal|7|0.31636834144592285
user5|flocal|7|0.3725306987762451
user5|flocal|7|0.3697781562805176
user5|flocal|7|0.3018052577972412
user5|flocal|7|0.30884766578674316
user5|ffinal|7|0.31677937507629395
node_user5|total_time|7|4.361640
node_user5|loops|7|52581
node_user5|messages|7|54
user5|min_constraint|7|13
user5|max_constraint|7|13
enduser|flocal|7|0.4233074188232422
enduser|flocal|7|0.3353390693664551
enduser|ffinal|7|0.3258943557739258
node_enduser|total_time|7|4.366516
node_enduser|loops|7|63868
node_enduser|messages|7|8
enduser|min_constraint|7|4
enduser|max_constraint|7|4
user2|flocal|7|0.4218754768371582
user2|flocal|7|0.3319203853607178
user2|flocal|7|0.33136796951293945
user2|flocal|7|0.28473854064941406
user2|flocal|7|0.32405734062194824
user2|flocal|7|0.3455650806427002
user2|flocal|7|0.30240440368652344
user2|flocal|7|0.3587005138397217
user2|flocal|7|0.290755033493042
user2|ffinal|7|0.34230613708496094
node_user2|total_time|7|4.381953
node_user2|loops|7|42142
node_user2|messages|7|35
user2|min_constraint|7|9
user2|max_constraint|7|9
user3|flocal|7|0.4064455032348633
user3|flocal|7|0.3547241687774658
user3|flocal|7|0.37381911277770996
user3|flocal|7|0.329287052154541
user3|flocal|7|0.32988786697387695
user3|flocal|7|0.35646700859069824
user3|flocal|7|0.3358571529388428
user3|flocal|7|0.3226962089538574
user3|ffinal|7|0.31351232528686523
node_user3|total_time|7|4.382816
node_user3|loops|7|73636
node_user3|messages|7|54
user3|min_constraint|7|13
user3|max_constraint|7|13
user17|flocal|7|0.366621732711792
user17|flocal|7|0.2858915328979492
user17|flocal|7|0.3332092761993408
user17|flocal|7|0.3529496192932129
user17|flocal|7|0.298154354095459
user17|ffinal|7|0.3484172821044922
node_user17|total_time|7|4.386456
node_user17|loops|7|56093
node_user17|messages|7|28
user17|min_constraint|7|11
user17|max_constraint|7|11
user9|flocal|7|0.37381696701049805
user9|flocal|7|0.35704922676086426
user9|flocal|7|0.36505579948425293
user9|flocal|7|0.33460426330566406
user9|flocal|7|0.3420400619506836
user9|ffinal|7|0.3901646137237549
node_user9|total_time|7|4.397263
node_user9|loops|7|94515
node_user9|messages|7|33
user9|min_constraint|7|13
user9|max_constraint|7|13
user12|flocal|7|0.368253231048584
user12|flocal|7|0.3436417579650879
user12|flocal|7|0.309478759765625
user12|flocal|7|0.30029749870300293
user12|flocal|7|0.32671618461608887
user12|flocal|7|0.368302583694458
user12|ffinal|7|0.3574068546295166
node_user12|total_time|7|4.401503
node_user12|loops|7|112356
node_user12|messages|7|30
user12|min_constraint|7|13
user12|max_constraint|7|13
user18|flocal|7|0.3948192596435547
user18|flocal|7|0.26807737350463867
user18|flocal|7|0.3409712314605713
user18|flocal|7|0.31287193298339844
user18|flocal|7|0.2945847511291504
user18|ffinal|7|0.340961217880249
node_user18|total_time|7|4.457524
node_user18|loops|7|54405
node_user18|messages|7|13
user18|min_constraint|7|9
user18|max_constraint|7|9
user19|flocal|7|0.3931145668029785
user19|flocal|7|0.3447277545928955
user19|flocal|7|0.32525086402893066
user19|flocal|7|0.37433838844299316
user19|flocal|7|0.34051012992858887
user19|ffinal|7|0.29541921615600586
node_user19|total_time|7|4.514439
node_user19|loops|7|75303
node_user19|messages|7|13
user19|min_constraint|7|9
user19|max_constraint|7|9
user4|flocal|7|0.35428333282470703
user4|flocal|7|0.2946758270263672
user4|flocal|7|0.3696403503417969
user4|flocal|7|0.3677401542663574
user4|flocal|7|0.35994863510131836
user4|flocal|7|0.344757080078125
user4|flocal|7|0.3760557174682617
user4|flocal|7|0.3646507263183594
user4|ffinal|7|0.36556482315063477
node_user4|total_time|7|4.511758
node_user4|loops|7|55542
node_user4|messages|7|54
user4|min_constraint|7|13
user4|max_constraint|7|13
user8|flocal|7|0.3059263229370117
user8|flocal|7|0.35941505432128906
user8|flocal|7|0.3482048511505127
user8|flocal|7|0.376422643661499
user8|flocal|7|0.326540470123291
user8|flocal|7|0.3150498867034912
user8|flocal|7|0.33018970489501953
user8|ffinal|7|0.26151108741760254
node_user8|total_time|7|4.609741
node_user8|loops|7|95150
node_user8|messages|7|36
user8|min_constraint|7|13
user8|max_constraint|7|13
user2|flocal|6|0.3420076370239258
user2|flocal|6|0.2981545925140381
user2|flocal|6|0.26747822761535645
user2|flocal|6|0.3601348400115967
user2|flocal|6|0.30365848541259766
user2|flocal|6|0.3303537368774414
user2|flocal|6|0.3247253894805908
user2|flocal|6|0.28551626205444336
user2|flocal|6|0.31004834175109863
user2|flocal|6|0.2688271999359131
user2|flocal|6|0.23430871963500977
user2|flocal|6|0.22562789916992188
user2|flocal|6|0.7929372787475586
user2|flocal|6|0.2921774387359619
user2|flocal|6|0.2750704288482666
user2|flocal|6|0.2765040397644043
user2|flocal|6|0.25026798248291016
user2|flocal|6|0.2736809253692627
user2|flocal|6|0.33263444900512695
user2|flocal|6|0.3118884563446045
user2|ffinal|6|0.2854197025299072
node_user2|total_time|6|23.804062
node_user2|loops|6|63257
node_user2|messages|6|60
user2|min_constraint|6|9
user2|max_constraint|6|9
provider|flocal|6|0.4678020477294922
provider|flocal|6|0.2863883972167969
provider|flocal|6|0.30087733268737793
provider|flocal|6|0.275118350982666
provider|flocal|6|0.26984524726867676
provider|flocal|6|0.2938957214355469
provider|flocal|6|0.31802916526794434
provider|flocal|6|0.2619800567626953
provider|flocal|6|0.31855344772338867
provider|flocal|6|0.30820608139038086
provider|flocal|6|0.268002986907959
provider|flocal|6|0.2387993335723877
provider|flocal|6|0.24033713340759277
provider|flocal|6|0.8206822872161865
provider|flocal|6|0.2756776809692383
provider|flocal|6|0.2863311767578125
provider|flocal|6|0.30492210388183594
provider|flocal|6|0.2541389465332031
provider|flocal|6|0.2733631134033203
provider|flocal|6|0.33434200286865234
provider|flocal|6|0.2876732349395752
provider|flocal|6|0.298983097076416
provider|ffinal|6|0.28595709800720215
node_provider|total_time|6|23.811889
node_provider|loops|6|41678
node_provider|messages|6|39
provider|min_constraint|6|2
provider|max_constraint|6|2
user1|flocal|6|0.4552905559539795
user1|flocal|6|0.30488085746765137
user1|flocal|6|0.31168580055236816
user1|flocal|6|0.28147029876708984
user1|flocal|6|0.32741284370422363
user1|flocal|6|0.28688979148864746
user1|flocal|6|0.2905588150024414
user1|flocal|6|0.3127312660217285
user1|flocal|6|0.31404709815979004
user1|flocal|6|0.24242568016052246
user1|flocal|6|0.251539945602417
user1|flocal|6|0.2320573329925537
user1|flocal|6|0.7769343852996826
user1|flocal|6|0.2695283889770508
user1|flocal|6|0.24789118766784668
user1|flocal|6|0.2661411762237549
user1|flocal|6|0.2548360824584961
user1|flocal|6|0.33065128326416016
user1|flocal|6|0.31147098541259766
user1|flocal|6|0.32129645347595215
user1|ffinal|6|0.29866695404052734
node_user1|total_time|6|23.811280
node_user1|loops|6|61878
node_user1|messages|6|65
user1|min_constraint|6|9
user1|max_constraint|6|9
user15|flocal|6|0.41738390922546387
user15|flocal|6|0.3543233871459961
user15|flocal|6|0.31334662437438965
user15|flocal|6|0.31568384170532227
user15|flocal|6|0.2573108673095703
user15|flocal|6|0.2564723491668701
user15|flocal|6|0.30556821823120117
user15|flocal|6|0.303361177444458
user15|flocal|6|0.3469083309173584
user15|flocal|6|0.34479212760925293
user15|ffinal|6|0.31837940216064453
node_user15|total_time|6|23.821460
node_user15|loops|6|228793
node_user15|messages|6|48
user15|min_constraint|6|11
user15|max_constraint|6|11
user19|flocal|6|0.36969637870788574
user19|flocal|6|0.3062911033630371
user19|flocal|6|0.29407763481140137
user19|flocal|6|0.29135775566101074
user19|flocal|6|0.23548269271850586
user19|flocal|6|0.27605199813842773
user19|flocal|6|0.3039097785949707
user19|flocal|6|0.3367130756378174
user19|ffinal|6|0.3250391483306885
node_user19|total_time|6|23.844463
node_user19|loops|6|274056
node_user19|messages|6|35
user19|min_constraint|6|9
user19|max_constraint|6|9
user17|flocal|6|0.4072866439819336
user17|flocal|6|0.3339850902557373
user17|flocal|6|0.3377211093902588
user17|ffinal|6|0.3219270706176758
node_user17|total_time|6|1.840257
node_user17|loops|6|272
node_user17|messages|6|16
user17|min_constraint|6|11
user17|max_constraint|6|11
user16|flocal|6|0.3556838035583496
user16|flocal|6|0.2747349739074707
user16|flocal|6|0.3014359474182129
user16|flocal|6|0.32926154136657715
user16|flocal|6|1.5986969470977783
user16|flocal|6|0.341022253036499
user16|flocal|6|0.3337538242340088
user16|flocal|6|0.35155606269836426
user16|ffinal|6|0.33783745765686035
node_user16|total_time|6|23.864400
node_user16|loops|6|238091
node_user16|messages|6|32
user16|min_constraint|6|11
user16|max_constraint|6|11
user18|flocal|6|0.40059566497802734
user18|flocal|6|0.2986266613006592
user18|flocal|6|0.28767824172973633
user18|flocal|6|0.2665989398956299
user18|flocal|6|0.27065443992614746
user18|flocal|6|0.2844557762145996
user18|flocal|6|0.35102319717407227
user18|flocal|6|0.31760454177856445
user18|ffinal|6|0.3488330841064453
node_user18|total_time|6|23.897657
node_user18|loops|6|366792
node_user18|messages|6|35
user18|min_constraint|6|9
user18|max_constraint|6|9
user6|flocal|6|0.40581798553466797
user6|flocal|6|0.29854893684387207
user6|flocal|6|0.3633739948272705
user6|ffinal|6|0.3248565196990967
node_user6|total_time|6|1.893905
node_user6|loops|6|55
node_user6|messages|6|18
user6|min_constraint|6|13
user6|max_constraint|6|13
user13|flocal|6|0.3675990104675293
user13|flocal|6|0.3070216178894043
user13|flocal|6|0.32305240631103516
user13|flocal|6|0.3222048282623291
user13|flocal|6|0.2841947078704834
user13|flocal|6|0.28681206703186035
user13|flocal|6|0.29125308990478516
user13|flocal|6|0.2363903522491455
user13|flocal|6|0.30307793617248535
user13|flocal|6|0.315244197845459
user13|flocal|6|0.31338071823120117
user13|flocal|6|0.33262157440185547
user13|flocal|6|0.32114076614379883
user13|flocal|6|0.34136152267456055
user13|ffinal|6|0.36252450942993164
node_user13|total_time|6|23.919957
node_user13|loops|6|188754
node_user13|messages|6|54
user13|min_constraint|6|13
user13|max_constraint|6|13
user14|flocal|6|0.3891603946685791
user14|flocal|6|0.3263368606567383
user14|flocal|6|0.29067325592041016
user14|flocal|6|0.32697248458862305
user14|flocal|6|0.33115220069885254
user14|flocal|6|1.6488595008850098
user14|flocal|6|0.3427724838256836
user14|flocal|6|0.3061714172363281
user14|flocal|6|0.28953027725219727
user14|flocal|6|0.34360337257385254
user14|flocal|6|0.3513906002044678
user14|ffinal|6|0.34299135208129883
node_user14|total_time|6|23.914775
node_user14|loops|6|181373
node_user14|messages|6|54
user14|min_constraint|6|13
user14|max_constraint|6|13
user12|flocal|6|0.38189005851745605
user12|flocal|6|0.33521270751953125
user12|flocal|6|0.3215909004211426
user12|flocal|6|0.34506750106811523
user12|flocal|6|0.3266422748565674
user12|flocal|6|1.6029434204101562
user12|flocal|6|0.28800415992736816
user12|flocal|6|0.3027842044830322
user12|flocal|6|0.3350393772125244
user12|flocal|6|0.3631136417388916
user12|flocal|6|0.3428530693054199
user12|ffinal|6|0.352618932723999
node_user12|total_time|6|23.927560
node_user12|loops|6|169877
node_user12|messages|6|54
user12|min_constraint|6|13
user12|max_constraint|6|13
user7|flocal|6|0.4311695098876953
user7|flocal|6|0.3292398452758789
user7|flocal|6|0.34382152557373047
user7|flocal|6|0.32550573348999023
user7|flocal|6|0.3019282817840576
user7|flocal|6|0.30324697494506836
user7|flocal|6|0.3320481777191162
user7|flocal|6|0.3306441307067871
user7|flocal|6|0.25344061851501465
user7|flocal|6|0.2550032138824463
user7|flocal|6|0.7957406044006348
user7|flocal|6|0.3180704116821289
user7|flocal|6|0.29912519454956055
user7|flocal|6|0.2988770008087158
user7|flocal|6|0.3409147262573242
user7|flocal|6|0.34229588508605957
user7|ffinal|6|0.3407871723175049
node_user7|total_time|6|23.986254
node_user7|loops|6|116165
node_user7|messages|6|99
user7|min_constraint|6|13
user7|max_constraint|6|13
user0|flocal|6|0.38593006134033203
user0|flocal|6|0.2705538272857666
user0|flocal|6|0.30391812324523926
user0|flocal|6|0.29740047454833984
user0|ffinal|6|0.3005867004394531
node_user0|total_time|6|1.992413
node_user0|loops|6|96
node_user0|messages|6|10
user0|min_constraint|6|9
user0|max_constraint|6|9
user8|flocal|6|0.37827181816101074
user8|flocal|6|0.31354475021362305
user8|flocal|6|0.2953226566314697
user8|flocal|6|0.36247968673706055
user8|flocal|6|0.31123995780944824
user8|flocal|6|0.3233819007873535
user8|flocal|6|0.3014998435974121
user8|flocal|6|1.7038028240203857
user8|flocal|6|0.3247818946838379
user8|flocal|6|0.2826707363128662
user8|flocal|6|0.2657773494720459
user8|flocal|6|0.3591926097869873
user8|flocal|6|0.3310396671295166
user8|ffinal|6|0.3188033103942871
node_user8|total_time|6|24.012330
node_user8|loops|6|82937
node_user8|messages|6|81
user8|min_constraint|6|13
user8|max_constraint|6|13
user4|flocal|6|0.4126772880554199
user4|flocal|6|0.32031798362731934
user4|flocal|6|0.3103163242340088
user4|flocal|6|0.27413105964660645
user4|flocal|6|0.28804802894592285
user4|flocal|6|0.2891526222229004
user4|flocal|6|0.3162539005279541
user4|flocal|6|0.29674696922302246
user4|flocal|6|0.28154945373535156
user4|flocal|6|0.2610950469970703
user4|flocal|6|0.24346303939819336
user4|flocal|6|0.23391962051391602
user4|flocal|6|0.7875344753265381
user4|flocal|6|0.3034942150115967
user4|flocal|6|0.28923988342285156
user4|flocal|6|0.2743680477142334
user4|flocal|6|0.27245402336120605
user4|flocal|6|0.3333625793457031
user4|flocal|6|0.357729434967041
user4|flocal|6|0.301405668258667
user4|ffinal|6|0.3367335796356201
node_user4|total_time|6|24.019442
node_user4|loops|6|87606
node_user4|messages|6|117
user4|min_constraint|6|13
user4|max_constraint|6|13
enduser|flocal|6|0.38873887062072754
enduser|flocal|6|0.31861281394958496
enduser|flocal|6|0.3118922710418701
enduser|flocal|6|0.28745102882385254
enduser|ffinal|6|0.28427553176879883
node_enduser|total_time|6|2.001715
node_enduser|loops|6|2432
node_enduser|messages|6|4
enduser|min_constraint|6|6
enduser|max_constraint|6|6
user11|flocal|6|0.3640720844268799
user11|flocal|6|0.30788540840148926
user11|flocal|6|0.33774733543395996
user11|flocal|6|0.31537508964538574
user11|flocal|6|0.30271291732788086
user11|flocal|6|0.3142368793487549
user11|flocal|6|1.66725754737854
user11|flocal|6|0.2905240058898926
user11|flocal|6|0.30442261695861816
user11|flocal|6|0.2906661033630371
user11|flocal|6|0.3254985809326172
user11|flocal|6|0.3181028366088867
user11|ffinal|6|0.344649076461792
node_user11|total_time|6|24.030100
node_user11|loops|6|167954
node_user11|messages|6|81
user11|min_constraint|6|13
user11|max_constraint|6|13
user5|flocal|6|0.39646077156066895
user5|flocal|6|0.3008246421813965
user5|flocal|6|0.3529365062713623
user5|flocal|6|0.31035399436950684
user5|flocal|6|0.3645517826080322
user5|flocal|6|0.2982668876647949
user5|flocal|6|0.32480382919311523
user5|flocal|6|0.27571535110473633
user5|flocal|6|0.2840249538421631
user5|flocal|6|0.24895071983337402
user5|flocal|6|1.1807749271392822
user5|flocal|6|0.31666064262390137
user5|flocal|6|0.28380417823791504
user5|flocal|6|0.3348884582519531
user5|flocal|6|0.26616787910461426
user5|flocal|6|0.34612274169921875
user5|flocal|6|0.3442678451538086
user5|flocal|6|0.31441450119018555
user5|ffinal|6|0.3616635799407959
node_user5|total_time|6|24.047750
node_user5|loops|6|92386
node_user5|messages|6|117
user5|min_constraint|6|13
user5|max_constraint|6|13
user3|flocal|6|0.3321256637573242
user3|flocal|6|0.28690433502197266
user3|flocal|6|0.31926536560058594
user3|flocal|6|0.3372194766998291
user3|flocal|6|0.2918400764465332
user3|flocal|6|0.31618738174438477
user3|flocal|6|0.349808931350708
user3|flocal|6|0.29374098777770996
user3|flocal|6|0.299025297164917
user3|flocal|6|0.2516367435455322
user3|flocal|6|0.235520601272583
user3|flocal|6|0.23646831512451172
user3|flocal|6|0.2214348316192627
user3|flocal|6|0.2838778495788574
user3|flocal|6|0.2650318145751953
user3|flocal|6|0.3330368995666504
user3|flocal|6|0.2723538875579834
user3|flocal|6|0.3321800231933594
user3|flocal|6|0.36117005348205566
user3|flocal|6|0.3335118293762207
user3|ffinal|6|0.3323554992675781
node_user3|total_time|6|24.045647
node_user3|loops|6|74448
node_user3|messages|6|117
user3|min_constraint|6|13
user3|max_constraint|6|13
user9|flocal|6|0.3950798511505127
user9|flocal|6|0.32791614532470703
user9|flocal|6|0.3661837577819824
user9|flocal|6|0.2914121150970459
user9|flocal|6|0.3156921863555908
user9|flocal|6|0.32663846015930176
user9|flocal|6|1.5623211860656738
user9|flocal|6|0.3313882350921631
user9|flocal|6|0.30542731285095215
user9|flocal|6|0.32767796516418457
user9|flocal|6|0.33408164978027344
user9|flocal|6|0.32579493522644043
user9|flocal|6|0.34946179389953613
user9|ffinal|6|0.33300089836120605
node_user9|total_time|6|24.050458
node_user9|loops|6|155807
node_user9|messages|6|81
user9|min_constraint|6|13
user9|max_constraint|6|13
user10|flocal|6|0.32130980491638184
user10|flocal|6|0.30144643783569336
user10|flocal|6|0.31560587882995605
user10|flocal|6|0.32961106300354004
user10|flocal|6|0.26946187019348145
user10|flocal|6|0.2886679172515869
user10|flocal|6|0.30805063247680664
user10|flocal|6|0.2690999507904053
user10|flocal|6|0.2320084571838379
user10|flocal|6|0.22437524795532227
user10|flocal|6|0.30574703216552734
user10|flocal|6|0.3027188777923584
user10|flocal|6|0.2599449157714844
user10|flocal|6|0.3173787593841553
user10|flocal|6|0.35061049461364746
user10|flocal|6|0.33547425270080566
user10|ffinal|6|0.33001708984375
node_user10|total_time|6|24.060557
node_user10|loops|6|168355
node_user10|messages|6|81
user10|min_constraint|6|13
user10|max_constraint|6|13
user14|flocal|5|0.38351988792419434
user14|flocal|5|0.33837032318115234
user14|flocal|5|0.36305904388427734
user14|flocal|5|0.3379526138305664
user14|flocal|5|0.31712937355041504
user14|flocal|5|0.31872987747192383
user14|ffinal|5|0.27424001693725586
node_user14|total_time|5|4.378281
node_user14|loops|5|115462
node_user14|messages|5|30
user14|min_constraint|5|13
user14|max_constraint|5|13
user18|flocal|5|0.431973934173584
user18|flocal|5|0.31354784965515137
user18|flocal|5|0.35501599311828613
user18|flocal|5|0.38036084175109863
user18|ffinal|5|0.29290223121643066
node_user18|total_time|5|4.396024
node_user18|loops|5|58658
node_user18|messages|5|13
user18|min_constraint|5|9
user18|max_constraint|5|9
user8|flocal|5|0.4199211597442627
user8|flocal|5|0.38515543937683105
user8|flocal|5|0.32098984718322754
user8|flocal|5|0.34545278549194336
user8|flocal|5|0.382169246673584
user8|flocal|5|0.3364872932434082
user8|ffinal|5|0.33742618560791016
node_user8|total_time|5|4.472737
node_user8|loops|5|79184
node_user8|messages|5|36
user8|min_constraint|5|13
user8|max_constraint|5|13
user16|flocal|5|0.3611600399017334
user16|flocal|5|0.3022921085357666
user16|flocal|5|0.32755517959594727
user16|flocal|5|0.37030553817749023
user16|flocal|5|0.29949307441711426
user16|ffinal|5|0.3107783794403076
node_user16|total_time|5|4.506513
node_user16|loops|5|100077
node_user16|messages|5|28
user16|min_constraint|5|11
user16|max_constraint|5|11
user2|flocal|5|0.4481959342956543
user2|flocal|5|0.3168802261352539
user2|flocal|5|0.3599257469177246
user2|flocal|5|0.35492372512817383
user2|flocal|5|0.3547627925872803
user2|flocal|5|0.33143186569213867
user2|flocal|5|0.33942604064941406
user2|flocal|5|0.31000733375549316
user2|ffinal|5|0.3334038257598877
node_user2|total_time|5|4.520267
node_user2|loops|5|33592
node_user2|messages|5|35
user2|min_constraint|5|9
user2|max_constraint|5|9
user9|flocal|5|0.39331841468811035
user9|flocal|5|0.33910226821899414
user9|flocal|5|0.357393741607666
user9|flocal|5|0.3447701930999756
user9|flocal|5|0.3618137836456299
user9|ffinal|5|0.32204270362854004
node_user9|total_time|5|4.582431
node_user9|loops|5|134593
node_user9|messages|5|33
user9|min_constraint|5|13
user9|max_constraint|5|13
user10|flocal|5|0.41173624992370605
user10|flocal|5|0.35636162757873535
user10|flocal|5|0.3487834930419922
user10|flocal|5|0.3491325378417969
user10|flocal|5|0.37513256072998047
user10|ffinal|5|0.36735033988952637
node_user10|total_time|5|4.589837
node_user10|loops|5|135376
node_user10|messages|5|33
user10|min_constraint|5|13
user10|max_constraint|5|13
user3|flocal|5|0.4396514892578125
user3|flocal|5|0.3571808338165283
user3|flocal|5|0.3077547550201416
user3|flocal|5|0.4030764102935791
user3|flocal|5|0.345381498336792
user3|flocal|5|0.34246373176574707
user3|flocal|5|0.3766043186187744
user3|ffinal|5|0.3832557201385498
node_user3|total_time|5|4.650439
node_user3|loops|5|64839
node_user3|messages|5|54
user3|min_constraint|5|13
user3|max_constraint|5|13
user15|flocal|5|0.44083666801452637
user15|flocal|5|0.2737116813659668
user15|flocal|5|0.3494749069213867
user15|flocal|5|0.3792283535003662
user15|flocal|5|0.2918252944946289
user15|ffinal|5|0.35883259773254395
node_user15|total_time|5|4.653229
node_user15|loops|5|94383
node_user15|messages|5|28
user15|min_constraint|5|11
user15|max_constraint|5|11
user6|flocal|5|0.3986623287200928
user6|flocal|5|0.3414595127105713
user6|flocal|5|0.387554407119751
user6|flocal|5|0.3601799011230469
user6|flocal|5|0.32276153564453125
user6|flocal|5|0.3782014846801758
user6|ffinal|5|0.3077254295349121
node_user6|total_time|5|4.659544
node_user6|loops|5|115803
node_user6|messages|5|36
user6|min_constraint|5|13
user6|max_constraint|5|13
user7|flocal|5|0.37945032119750977
user7|flocal|5|0.3202497959136963
user7|flocal|5|0.3730008602142334
user7|flocal|5|0.33918190002441406
user7|flocal|5|0.3299100399017334
user7|flocal|5|0.3703944683074951
user7|flocal|5|0.27530407905578613
user7|ffinal|5|0.3826441764831543
node_user7|total_time|5|4.699882
node_user7|loops|5|69573
node_user7|messages|5|36
user7|min_constraint|5|13
user7|max_constraint|5|13
user19|flocal|5|0.410412073135376
user19|flocal|5|0.353834867477417
user19|flocal|5|0.3383913040161133
user19|flocal|5|0.30902099609375
user19|flocal|5|0.30185413360595703
user19|ffinal|5|0.3362724781036377
node_user19|total_time|5|4.725112
node_user19|loops|5|80745
node_user19|messages|5|13
user19|min_constraint|5|9
user19|max_constraint|5|9
user17|flocal|5|0.3329493999481201
user17|flocal|5|0.3044772148132324
user17|flocal|5|0.3586101531982422
user17|flocal|5|0.34433650970458984
user17|flocal|5|0.32973814010620117
user17|ffinal|5|0.3260061740875244
node_user17|total_time|5|4.737172
node_user17|loops|5|71403
node_user17|messages|5|28
user17|min_constraint|5|11
user17|max_constraint|5|11
enduser|flocal|5|0.45932674407958984
enduser|flocal|5|0.35243892669677734
enduser|ffinal|5|0.3271646499633789
node_enduser|total_time|5|4.730240
node_enduser|loops|5|71059
node_enduser|messages|5|8
enduser|min_constraint|5|4
enduser|max_constraint|5|4
user11|flocal|5|0.44254565238952637
user11|flocal|5|0.34563612937927246
user11|flocal|5|0.3686408996582031
user11|flocal|5|0.35187578201293945
user11|flocal|5|0.3532404899597168
user11|ffinal|5|0.36997318267822266
node_user11|total_time|5|4.745339
node_user11|loops|5|140276
node_user11|messages|5|24
user11|min_constraint|5|13
user11|max_constraint|5|13
user12|flocal|5|0.4174001216888428
user12|flocal|5|0.3134431838989258
user12|flocal|5|0.32030487060546875
user12|flocal|5|0.37015867233276367
user12|flocal|5|0.3349442481994629
user12|flocal|5|0.3154911994934082
user12|ffinal|5|0.35420727729797363
node_user12|total_time|5|4.742043
node_user12|loops|5|66761
node_user12|messages|5|30
user12|min_constraint|5|13
user12|max_constraint|5|13
user0|flocal|5|0.39902257919311523
user0|flocal|5|0.27632737159729004
user0|flocal|5|0.3346829414367676
user0|flocal|5|0.36158323287963867
user0|flocal|5|0.3253743648529053
user0|flocal|5|0.30788302421569824
user0|flocal|5|0.34757065773010254
user0|flocal|5|0.3348557949066162
user0|flocal|5|0.3249201774597168
user0|ffinal|5|0.3436243534088135
node_user0|total_time|5|4.760798
node_user0|loops|5|42549
node_user0|messages|5|40
user0|min_constraint|5|9
user0|max_constraint|5|9
user1|flocal|5|0.3815271854400635
user1|flocal|5|0.32642412185668945
user1|flocal|5|0.3349146842956543
user1|flocal|5|0.33984971046447754
user1|flocal|5|0.34656453132629395
user1|flocal|5|0.3334078788757324
user1|flocal|5|0.3219785690307617
user1|flocal|5|0.31987738609313965
user1|flocal|5|0.32938718795776367
user1|ffinal|5|0.29833483695983887
node_user1|total_time|5|4.806272
node_user1|loops|5|38590
node_user1|messages|5|35
user1|min_constraint|5|9
user1|max_constraint|5|9
user5|flocal|5|0.3594205379486084
user5|flocal|5|0.31739139556884766
user5|flocal|5|0.3546614646911621
user5|flocal|5|0.3718435764312744
user5|flocal|5|0.36830735206604004
user5|flocal|5|0.34436821937561035
user5|flocal|5|0.35022759437561035
user5|flocal|5|0.3246471881866455
user5|ffinal|5|0.2957148551940918
node_user5|total_time|5|4.840933
node_user5|loops|5|44800
node_user5|messages|5|54
user5|min_constraint|5|13
user5|max_constraint|5|13
provider|flocal|5|0.46998023986816406
provider|flocal|5|0.31110167503356934
provider|flocal|5|0.2923460006713867
provider|flocal|5|0.34165143966674805
provider|flocal|5|0.32463526725769043
provider|flocal|5|0.33045005798339844
provider|flocal|5|0.3010578155517578
provider|flocal|5|0.3644895553588867
provider|flocal|5|0.2661864757537842
provider|flocal|5|0.33333444595336914
provider|ffinal|5|0.29459595680236816
node_provider|total_time|5|23.855423
node_provider|loops|5|8880
node_provider|messages|5|21
provider|min_constraint|5|2
provider|max_constraint|5|2
user13|flocal|5|0.3546290397644043
user13|flocal|5|0.29863619804382324
user13|flocal|5|0.35511207580566406
user13|flocal|5|0.4010162353515625
user13|flocal|5|0.35396504402160645
user13|flocal|5|0.3696591854095459
user13|ffinal|5|0.30974745750427246
node_user13|total_time|5|4.859117
node_user13|loops|5|81761
node_user13|messages|5|30
user13|min_constraint|5|13
user13|max_constraint|5|13
user4|flocal|5|0.4415268898010254
user4|flocal|5|0.3337979316711426
user4|flocal|5|0.32511305809020996
user4|flocal|5|0.3915872573852539
user4|flocal|5|0.3461611270904541
user4|flocal|5|0.3479175567626953
user4|flocal|5|0.35541725158691406
user4|flocal|5|0.38335585594177246
user4|ffinal|5|0.30883121490478516
node_user4|total_time|5|4.891367
node_user4|loops|5|81174
node_user4|messages|5|54
user4|min_constraint|5|13
user4|max_constraint|5|13
user0|flocal|4|0.35436558723449707
user0|flocal|4|0.33124589920043945
user0|flocal|4|0.25826501846313477
user0|flocal|4|0.2847743034362793
user0|flocal|4|0.3414344787597656
user0|flocal|4|0.2791733741760254
user0|flocal|4|0.3249237537384033
user0|flocal|4|0.31507062911987305
user0|flocal|4|0.3030412197113037
user0|flocal|4|0.3081698417663574
user0|flocal|4|0.2813913822174072
user0|flocal|4|0.29880404472351074
user0|ffinal|4|0.28601884841918945
node_user0|total_time|4|23.860896
node_user0|loops|4|49334
node_user0|messages|4|35
user0|min_constraint|4|9
user0|max_constraint|4|9
user5|flocal|4|0.4485743045806885
user5|flocal|4|0.3836963176727295
user5|flocal|4|0.3192148208618164
user5|flocal|4|0.3587946891784668
user5|flocal|4|0.3185434341430664
user5|flocal|4|0.3477191925048828
user5|flocal|4|0.3493959903717041
user5|flocal|4|0.3553485870361328
user5|flocal|4|0.3019521236419678
user5|flocal|4|0.3399343490600586
user5|ffinal|4|0.3341073989868164
node_user5|total_time|4|23.947138
node_user5|loops|4|91024
node_user5|messages|4|54
user5|min_constraint|4|13
user5|max_constraint|4|13
user16|flocal|4|0.3869290351867676
user16|flocal|4|0.34992480278015137
user16|flocal|4|0.29367661476135254
user16|flocal|4|0.32637667655944824
user16|flocal|4|0.349902868270874
user16|flocal|4|0.35657334327697754
user16|flocal|4|0.3390965461730957
user16|flocal|4|0.3304424285888672
user16|flocal|4|0.2754042148590088
user16|flocal|4|0.2727649211883545
user16|flocal|4|0.34598827362060547
user16|flocal|4|0.31354784965515137
user16|ffinal|4|0.33353185653686523
node_user16|total_time|4|23.995174
node_user16|loops|4|120747
node_user16|messages|4|46
user16|min_constraint|4|11
user16|max_constraint|4|11
user4|flocal|4|0.3847334384918213
user4|flocal|4|0.3033466339111328
user4|flocal|4|0.33846020698547363
user4|flocal|4|0.30919885635375977
user4|flocal|4|0.31241393089294434
user4|flocal|4|0.3629288673400879
user4|flocal|4|0.3228938579559326
user4|flocal|4|0.33631134033203125
user4|flocal|4|0.3186943531036377
user4|flocal|4|0.31842541694641113
user4|ffinal|4|0.3501908779144287
node_user4|total_time|4|23.998296
node_user4|loops|4|82254
node_user4|messages|4|45
user4|min_constraint|4|13
user4|max_constraint|4|13
user15|flocal|4|0.4239683151245117
user15|flocal|4|0.3474910259246826
user15|flocal|4|0.33706021308898926
user15|flocal|4|0.3210294246673584
user15|flocal|4|0.3588688373565674
user15|flocal|4|0.3647644519805908
user15|flocal|4|0.30438756942749023
user15|flocal|4|0.28070878982543945
user15|flocal|4|0.3095536231994629
user15|flocal|4|0.36835789680480957
user15|flocal|4|0.33841681480407715
user15|flocal|4|0.3439676761627197
user15|ffinal|4|0.33252549171447754
node_user15|total_time|4|24.065199
node_user15|loops|4|109506
node_user15|messages|4|46
user15|min_constraint|4|11
user15|max_constraint|4|11
user3|flocal|4|0.41567325592041016
user3|flocal|4|0.35993194580078125
user3|flocal|4|0.3182222843170166
user3|flocal|4|0.33874034881591797
user3|flocal|4|0.31575846672058105
user3|flocal|4|0.3673524856567383
user3|flocal|4|0.2878262996673584
user3|flocal|4|0.322782039642334
user3|flocal|4|0.34018611907958984
user3|flocal|4|0.3080568313598633
user3|ffinal|4|0.35174036026000977
node_user3|total_time|4|24.031931
node_user3|loops|4|53011
node_user3|messages|4|54
user3|min_constraint|4|13
user3|max_constraint|4|13
user1|flocal|4|0.4016871452331543
user1|flocal|4|0.33585548400878906
user1|flocal|4|0.3437306880950928
user1|flocal|4|0.31005001068115234
user1|flocal|4|0.3143649101257324
user1|flocal|4|0.3047466278076172
user1|flocal|4|0.303342342376709
user1|flocal|4|0.3184688091278076
user1|flocal|4|0.34192442893981934
user1|flocal|4|0.28946709632873535
user1|flocal|4|0.29599595069885254
user1|flocal|4|0.3016984462738037
user1|ffinal|4|0.3033168315887451
node_user1|total_time|4|24.071246
node_user1|loops|4|56965
node_user1|messages|4|35
user1|min_constraint|4|9
user1|max_constraint|4|9
user18|flocal|4|0.4322810173034668
user18|flocal|4|0.36470675468444824
user18|flocal|4|0.33200955390930176
user18|flocal|4|0.32537078857421875
user18|flocal|4|0.3608095645904541
user18|flocal|4|0.3110785484313965
user18|flocal|4|0.32354068756103516
user18|flocal|4|0.25423765182495117
user18|flocal|4|0.3101387023925781
user18|flocal|4|0.3264427185058594
user18|ffinal|4|0.32514333724975586
node_user18|total_time|4|24.154226
node_user18|loops|4|68344
node_user18|messages|4|41
user18|min_constraint|4|9
user18|max_constraint|4|9
user6|flocal|4|0.43918466567993164
user6|flocal|4|0.3573262691497803
user6|flocal|4|0.35324645042419434
user6|flocal|4|0.31243276596069336
user6|flocal|4|0.3186790943145752
user6|flocal|4|0.35433435440063477
user6|flocal|4|0.3266170024871826
user6|flocal|4|0.3087928295135498
user6|ffinal|4|0.32593464851379395
node_user6|total_time|4|24.126200
node_user6|loops|4|91828
node_user6|messages|4|36
user6|min_constraint|4|13
user6|max_constraint|4|13
user7|flocal|4|0.4062347412109375
user7|flocal|4|0.38596487045288086
user7|flocal|4|0.33699464797973633
user7|flocal|4|0.30150699615478516
user7|flocal|4|0.4489145278930664
user7|flocal|4|0.33467626571655273
user7|flocal|4|0.34614133834838867
user7|flocal|4|0.3559565544128418
user7|ffinal|4|0.30587077140808105
node_user7|total_time|4|24.170418
node_user7|loops|4|100038
node_user7|messages|4|36
user7|min_constraint|4|13
user7|max_constraint|4|13
provider|flocal|4|0.38593173027038574
provider|flocal|4|0.265242338180542
provider|flocal|4|0.31752800941467285
provider|flocal|4|0.3161003589630127
provider|flocal|4|0.26450014114379883
provider|flocal|4|0.3185420036315918
provider|flocal|4|0.3194541931152344
provider|flocal|4|0.316608190536499
provider|flocal|4|0.2949516773223877
provider|flocal|4|0.3044114112854004
provider|flocal|4|0.28691840171813965
provider|ffinal|4|0.28507304191589355
node_provider|total_time|4|24.223198
node_provider|loops|4|42318
node_provider|messages|4|24
provider|min_constraint|4|2
provider|max_constraint|4|2
user2|flocal|4|0.446929931640625
user2|flocal|4|0.31695103645324707
user2|flocal|4|0.3162968158721924
user2|flocal|4|0.30442047119140625
user2|flocal|4|0.30611753463745117
user2|flocal|4|0.30086207389831543
user2|flocal|4|0.3254849910736084
user2|flocal|4|0.35004425048828125
user2|flocal|4|0.330230712890625
user2|flocal|4|0.281327486038208
user2|flocal|4|0.2741227149963379
user2|flocal|4|0.2784590721130371
user2|ffinal|4|0.3277089595794678
node_user2|total_time|4|24.199417
node_user2|loops|4|38259
node_user2|messages|4|35
user2|min_constraint|4|9
user2|max_constraint|4|9
user19|flocal|4|0.4072556495666504
user19|flocal|4|0.3553006649017334
user19|flocal|4|0.36238598823547363
user19|ffinal|4|0.3717522621154785
node_user19|total_time|4|2.243991
node_user19|loops|4|821
node_user19|messages|4|7
user19|min_constraint|4|9
user19|max_constraint|4|9
user14|flocal|4|0.3591184616088867
user14|flocal|4|0.30843091011047363
user14|flocal|4|0.31002140045166016
user14|flocal|4|0.3104705810546875
user14|flocal|4|0.37390565872192383
user14|flocal|4|0.34608960151672363
user14|flocal|4|0.36698436737060547
user14|flocal|4|0.3494839668273926
user14|flocal|4|0.3446652889251709
user14|flocal|4|0.30655646324157715
user14|flocal|4|0.31324005126953125
user14|ffinal|4|0.3247499465942383
node_user14|total_time|4|24.186275
node_user14|loops|4|119381
node_user14|messages|4|48
user14|min_constraint|4|13
user14|max_constraint|4|13
user11|flocal|4|0.3281421661376953
user11|flocal|4|0.35114312171936035
user11|flocal|4|0.3375396728515625
user11|flocal|4|0.3453853130340576
user11|flocal|4|0.35932183265686035
user11|flocal|4|0.36390089988708496
user11|flocal|4|0.2996406555175781
user11|ffinal|4|0.3152132034301758
node_user11|total_time|4|24.219295
node_user11|loops|4|124190
node_user11|messages|4|36
user11|min_constraint|4|13
user11|max_constraint|4|13
user9|flocal|4|0.30530261993408203
user9|flocal|4|0.35372281074523926
user9|flocal|4|0.30367541313171387
user9|flocal|4|0.30810070037841797
user9|flocal|4|0.3763546943664551
user9|flocal|4|0.3627486228942871
user9|flocal|4|0.3359503746032715
user9|flocal|4|0.31113433837890625
user9|ffinal|4|0.34504222869873047
node_user9|total_time|4|24.190933
node_user9|loops|4|118859
node_user9|messages|4|42
user9|min_constraint|4|13
user9|max_constraint|4|13
user8|flocal|4|0.3773844242095947
user8|flocal|4|0.31635117530822754
user8|flocal|4|0.3351438045501709
user8|flocal|4|0.3045186996459961
user8|flocal|4|0.34986019134521484
user8|flocal|4|0.38150644302368164
user8|flocal|4|0.3392455577850342
user8|flocal|4|0.33806324005126953
user8|ffinal|4|0.3210408687591553
node_user8|total_time|4|24.250688
node_user8|loops|4|101335
node_user8|messages|4|54
user8|min_constraint|4|13
user8|max_constraint|4|13
enduser|flocal|4|0.326829195022583
enduser|flocal|4|0.3362274169921875
enduser|flocal|4|0.2913694381713867
enduser|flocal|4|0.27842164039611816
enduser|flocal|4|0.2819960117340088
enduser|flocal|4|0.33817529678344727
enduser|flocal|4|0.36295008659362793
enduser|ffinal|4|0.32671475410461426
node_enduser|total_time|4|24.248482
node_enduser|loops|4|193697
node_enduser|messages|4|24
enduser|min_constraint|4|6
enduser|max_constraint|4|6
user12|flocal|4|0.40246105194091797
user12|flocal|4|0.30255603790283203
user12|flocal|4|0.33786725997924805
user12|flocal|4|0.3307771682739258
user12|flocal|4|0.3588590621948242
user12|flocal|4|0.30162525177001953
user12|flocal|4|0.33198976516723633
user12|flocal|4|0.31781864166259766
user12|flocal|4|0.3271753787994385
user12|flocal|4|0.30387282371520996
user12|flocal|4|0.3380732536315918
user12|ffinal|4|0.3390998840332031
node_user12|total_time|4|24.259189
node_user12|loops|4|80683
node_user12|messages|4|48
user12|min_constraint|4|13
user12|max_constraint|4|13
user13|flocal|4|0.39644670486450195
user13|flocal|4|0.31697702407836914
user13|flocal|4|0.2909104824066162
user13|flocal|4|0.34107494354248047
user13|flocal|4|0.3243420124053955
user13|flocal|4|0.3137977123260498
user13|flocal|4|0.35196495056152344
user13|flocal|4|0.31380462646484375
user13|flocal|4|0.3107631206512451
user13|flocal|4|0.32889389991760254
user13|flocal|4|0.346113920211792
user13|ffinal|4|0.3218042850494385
node_user13|total_time|4|24.269414
node_user13|loops|4|118310
node_user13|messages|4|48
user13|min_constraint|4|13
user13|max_constraint|4|13
user10|flocal|4|0.3311753273010254
user10|flocal|4|0.3151097297668457
user10|flocal|4|0.2942161560058594
user10|flocal|4|0.34581804275512695
user10|flocal|4|0.3478684425354004
user10|flocal|4|0.3691279888153076
user10|flocal|4|0.36489415168762207
user10|flocal|4|0.34914445877075195
user10|ffinal|4|0.36179018020629883
node_user10|total_time|4|24.316635
node_user10|loops|4|143201
node_user10|messages|4|42
user10|min_constraint|4|13
user10|max_constraint|4|13
user17|flocal|4|0.39537477493286133
user17|flocal|4|0.340656042098999
user17|flocal|4|0.29535508155822754
user17|flocal|4|0.341810941696167
user17|flocal|4|0.3357880115509033
user17|flocal|4|0.30611348152160645
user17|flocal|4|0.31565070152282715
user17|flocal|4|0.3285987377166748
user17|flocal|4|0.35327839851379395
user17|flocal|4|0.2708756923675537
user17|flocal|4|0.3372225761413574
user17|flocal|4|0.31633830070495605
user17|flocal|4|0.3347048759460449
user17|ffinal|4|0.29736804962158203
node_user17|total_time|4|24.355129
node_user17|loops|4|93196
node_user17|messages|4|46
user17|min_constraint|4|11
user17|max_constraint|4|11
enduser|flocal|3|0.4259202480316162
enduser|flocal|3|0.30518293380737305
enduser|ffinal|3|0.2894408702850342
node_enduser|total_time|3|3.017711
node_enduser|loops|3|41808
node_enduser|messages|3|8
enduser|min_constraint|3|4
enduser|max_constraint|3|4
user19|flocal|3|0.382720947265625
user19|flocal|3|0.3109297752380371
user19|flocal|3|0.34857797622680664
user19|flocal|3|0.3403310775756836
user19|ffinal|3|0.3346736431121826
node_user19|total_time|3|3.088497
node_user19|loops|3|40943
node_user19|messages|3|13
user19|min_constraint|3|9
user19|max_constraint|3|9
user6|flocal|3|0.374950647354126
user6|flocal|3|0.34831953048706055
user6|flocal|3|0.3171963691711426
user6|flocal|3|0.3246612548828125
user6|flocal|3|0.33500194549560547
user6|flocal|3|0.346881628036499
user6|flocal|3|0.3524026870727539
user6|ffinal|3|0.33580899238586426
node_user6|total_time|3|3.079511
node_user6|loops|3|6
node_user6|messages|3|45
user6|min_constraint|3|13
user6|max_constraint|3|13
user4|flocal|3|0.24334168434143066
user4|flocal|3|0.21523380279541016
user4|flocal|3|0.21564722061157227
user4|flocal|3|0.2632482051849365
user4|flocal|3|0.22384333610534668
user4|flocal|3|0.3543670177459717
user4|flocal|3|0.34807515144348145
user4|flocal|3|0.35143327713012695
user4|flocal|3|0.37188220024108887
user4|flocal|3|0.39119577407836914
user4|flocal|3|0.3118882179260254
user4|ffinal|3|0.3449251651763916
node_user4|total_time|3|25.046368
node_user4|loops|3|194824
node_user4|messages|3|63
user4|min_constraint|3|13
user4|max_constraint|3|13
user5|flocal|3|0.23588824272155762
user5|flocal|3|0.21599292755126953
user5|flocal|3|0.21569561958312988
user5|flocal|3|0.2555551528930664
user5|flocal|3|0.23833942413330078
user5|flocal|3|0.31607794761657715
user5|flocal|3|0.34277939796447754
user5|flocal|3|0.33871030807495117
user5|flocal|3|0.3688526153564453
user5|flocal|3|0.3981163501739502
user5|flocal|3|0.3607633113861084
user5|ffinal|3|0.30951619148254395
node_user5|total_time|3|25.102409
node_user5|loops|3|210008
node_user5|messages|3|63
user5|min_constraint|3|13
user5|max_constraint|3|13
user16|flocal|3|0.41440439224243164
user16|flocal|3|0.3583083152770996
user16|flocal|3|0.36754608154296875
user16|flocal|3|0.3238949775695801
user16|flocal|3|0.32590365409851074
user16|ffinal|3|0.33470678329467773
node_user16|total_time|3|3.128911
node_user16|loops|3|70296
node_user16|messages|3|28
user16|min_constraint|3|11
user16|max_constraint|3|11
user18|flocal|3|0.3732943534851074
user18|flocal|3|0.2792181968688965
user18|flocal|3|0.3372228145599365
user18|flocal|3|0.3462655544281006
user18|ffinal|3|0.36975693702697754
node_user18|total_time|3|3.126282
node_user18|loops|3|53770
node_user18|messages|3|13
user18|min_constraint|3|9
user18|max_constraint|3|9
user8|flocal|3|0.44200897216796875
user8|flocal|3|0.3251805305480957
user8|flocal|3|0.32453060150146484
user8|flocal|3|0.3683614730834961
user8|flocal|3|0.3427915573120117
user8|flocal|3|0.35515260696411133
user8|flocal|3|0.3302898406982422
user8|ffinal|3|0.3481872081756592
node_user8|total_time|3|3.103193
node_user8|loops|3|6
node_user8|messages|3|45
user8|min_constraint|3|13
user8|max_constraint|3|13
user7|flocal|3|0.4605684280395508
user7|flocal|3|0.32353758811950684
user7|flocal|3|0.3426361083984375
user7|flocal|3|0.3364861011505127
user7|flocal|3|0.3514697551727295
user7|flocal|3|0.3476400375366211
user7|flocal|3|0.36283278465270996
user7|ffinal|3|0.36852169036865234
node_user7|total_time|3|3.178351
node_user7|loops|3|6
node_user7|messages|3|45
user7|min_constraint|3|13
user7|max_constraint|3|13
user1|flocal|3|0.23230791091918945
user1|flocal|3|0.23404479026794434
user1|flocal|3|0.2702209949493408
user1|flocal|3|0.21841168403625488
user1|flocal|3|0.2413787841796875
user1|flocal|3|0.2281961441040039
user1|flocal|3|0.30324864387512207
user1|flocal|3|0.31204891204833984
user1|flocal|3|0.3365159034729004
user1|flocal|3|0.3236398696899414
user1|flocal|3|0.32276177406311035
user1|flocal|3|0.3268601894378662
user1|flocal|3|0.2846071720123291
user1|ffinal|3|0.32555174827575684
node_user1|total_time|3|25.166556
node_user1|loops|3|142310
node_user1|messages|3|40
user1|min_constraint|3|9
user1|max_constraint|3|9
user17|flocal|3|0.37935781478881836
user17|flocal|3|0.34586620330810547
user17|flocal|3|0.3794238567352295
user17|flocal|3|0.3287217617034912
user17|flocal|3|0.34644246101379395
user17|ffinal|3|0.36435723304748535
node_user17|total_time|3|25.178762
node_user17|loops|3|2262288
node_user17|messages|3|28
user17|min_constraint|3|11
user17|max_constraint|3|11
user2|flocal|3|0.22273731231689453
user2|flocal|3|0.22247576713562012
user2|flocal|3|0.2648494243621826
user2|flocal|3|0.2196500301361084
user2|flocal|3|0.2251725196838379
user2|flocal|3|0.20825672149658203
user2|flocal|3|0.27576780319213867
user2|flocal|3|0.33225202560424805
user2|flocal|3|0.3025970458984375
user2|flocal|3|0.3379800319671631
user2|flocal|3|0.31255650520324707
user2|flocal|3|0.3103644847869873
user2|flocal|3|0.3218863010406494
user2|ffinal|3|0.3202943801879883
node_user2|total_time|3|25.183847
node_user2|loops|3|140216
node_user2|messages|3|40
user2|min_constraint|3|9
user2|max_constraint|3|9
user3|flocal|3|0.4691762924194336
user3|flocal|3|0.3523373603820801
user3|flocal|3|0.3612494468688965
user3|flocal|3|0.35561037063598633
user3|flocal|3|0.3798947334289551
user3|flocal|3|0.31050562858581543
user3|flocal|3|0.3635869026184082
user3|ffinal|3|0.3114509582519531
node_user3|total_time|3|3.195019
node_user3|loops|3|6
node_user3|messages|3|45
user3|min_constraint|3|13
user3|max_constraint|3|13
user15|flocal|3|0.389115571975708
user15|flocal|3|0.32225847244262695
user15|flocal|3|0.364044189453125
user15|flocal|3|0.36009836196899414
user15|flocal|3|0.35494303703308105
user15|ffinal|3|0.378218412399292
node_user15|total_time|3|25.181814
node_user15|loops|3|2284043
node_user15|messages|3|28
user15|min_constraint|3|11
user15|max_constraint|3|11
user12|flocal|3|0.4144449234008789
user12|flocal|3|0.36652541160583496
user12|flocal|3|0.34485721588134766
user12|flocal|3|0.300246000289917
user12|flocal|3|0.3230624198913574
user12|ffinal|3|0.345508337020874
node_user12|total_time|3|3.177592
node_user12|loops|3|43787
node_user12|messages|3|27
user12|min_constraint|3|13
user12|max_constraint|3|13
user0|flocal|3|0.4222588539123535
user0|flocal|3|0.2917671203613281
user0|flocal|3|0.3055739402770996
user0|flocal|3|0.3192739486694336
user0|flocal|3|0.3525855541229248
user0|flocal|3|0.3290400505065918
user0|flocal|3|0.29521918296813965
user0|flocal|3|0.32347965240478516
user0|ffinal|3|0.34639739990234375
node_user0|total_time|3|3.184170
node_user0|loops|3|7
node_user0|messages|3|35
user0|min_constraint|3|9
user0|max_constraint|3|9
provider|flocal|3|0.29767346382141113
provider|flocal|3|0.25380587577819824
provider|flocal|3|0.21110820770263672
provider|flocal|3|0.21019721031188965
provider|flocal|3|0.22066879272460938
provider|flocal|3|0.21875834465026855
provider|flocal|3|0.3057289123535156
provider|flocal|3|0.32123327255249023
provider|flocal|3|0.33987998962402344
provider|flocal|3|0.2986278533935547
provider|flocal|3|0.292752742767334
provider|flocal|3|0.2862741947174072
provider|flocal|3|0.31931591033935547
provider|ffinal|3|0.33113932609558105
node_provider|total_time|3|25.209413
node_provider|loops|3|181534
node_provider|messages|3|24
provider|min_constraint|3|2
provider|max_constraint|3|2
user13|flocal|3|0.402846097946167
user13|flocal|3|0.32369160652160645
user13|flocal|3|0.35207200050354004
user13|flocal|3|0.3446085453033447
user13|flocal|3|0.3313922882080078
user13|ffinal|3|0.348527193069458
node_user13|total_time|3|3.256790
node_user13|loops|3|64502
node_user13|messages|3|27
user13|min_constraint|3|13
user13|max_constraint|3|13
user11|flocal|3|0.3795905113220215
user11|flocal|3|0.3372490406036377
user11|flocal|3|0.35596585273742676
user11|flocal|3|0.34099459648132324
user11|flocal|3|0.3680763244628906
user11|flocal|3|0.35500407218933105
user11|ffinal|3|0.3739936351776123
node_user11|total_time|3|3.266891
node_user11|loops|3|34254
node_user11|messages|3|36
user11|min_constraint|3|13
user11|max_constraint|3|13
user14|flocal|3|0.38738012313842773
user14|flocal|3|0.36092686653137207
user14|flocal|3|0.37609243392944336
user14|flocal|3|0.36008453369140625
user14|flocal|3|0.3130955696105957
user14|ffinal|3|0.33681297302246094
node_user14|total_time|3|3.279257
node_user14|loops|3|67040
node_user14|messages|3|27
user14|min_constraint|3|13
user14|max_constraint|3|13
user9|flocal|3|0.3986642360687256
user9|flocal|3|0.37128329277038574
user9|flocal|3|0.3141021728515625
user9|flocal|3|0.34903526306152344
user9|flocal|3|0.36443495750427246
user9|flocal|3|0.3664417266845703
user9|ffinal|3|0.3529350757598877
node_user9|total_time|3|3.256370
node_user9|loops|3|23289
node_user9|messages|3|45
user9|min_constraint|3|13
user9|max_constraint|3|13
user10|flocal|3|0.3995511531829834
user10|flocal|3|0.3476841449737549
user10|flocal|3|0.324221134185791
user10|flocal|3|0.3859989643096924
user10|flocal|3|0.34554457664489746
user10|flocal|3|0.39114975929260254
user10|ffinal|3|0.3390388488769531
node_user10|total_time|3|25.287624
node_user10|loops|3|2282407
node_user10|messages|3|45
user10|min_constraint|3|13
user10|max_constraint|3|13
user3|flocal|2|0.3541288375854492
user3|flocal|2|0.3318769931793213
user3|flocal|2|0.3287079334259033
user3|flocal|2|0.33095335960388184
user3|ffinal|2|0.3137500286102295
node_user3|total_time|2|1.845501
node_user3|loops|2|3
node_user3|messages|2|36
user3|min_constraint|2|13
user3|max_constraint|2|13
user19|flocal|2|0.33913302421569824
user19|flocal|2|0.34551525115966797
user19|flocal|2|0.33271145820617676
user19|ffinal|2|0.3342280387878418
node_user19|total_time|2|1.885130
node_user19|loops|2|29830
node_user19|messages|2|13
user19|min_constraint|2|9
user19|max_constraint|2|9
user4|flocal|2|0.24866747856140137
user4|flocal|2|0.2241213321685791
user4|flocal|2|0.22633743286132812
user4|flocal|2|0.22773146629333496
user4|flocal|2|0.23043131828308105
user4|flocal|2|0.2170248031616211
user4|flocal|2|0.2244865894317627
user4|flocal|2|0.22666382789611816
user4|flocal|2|0.22110390663146973
user4|flocal|2|0.32169127464294434
user4|flocal|2|0.359926700592041
user4|flocal|2|0.375443696975708
user4|ffinal|2|0.3414428234100342
node_user4|total_time|2|23.896607
node_user4|loops|2|144814
node_user4|messages|2|54
user4|min_constraint|2|13
user4|max_constraint|2|13
user14|flocal|2|0.3600945472717285
user14|flocal|2|0.35372281074523926
user14|flocal|2|0.354215145111084
user14|flocal|2|0.3389465808868408
user14|ffinal|2|0.3143625259399414
node_user14|total_time|2|1.901343
node_user14|loops|2|3
node_user14|messages|2|27
user14|min_constraint|2|13
user14|max_constraint|2|13
enduser|flocal|2|0.37540626525878906
enduser|flocal|2|0.3107171058654785
enduser|ffinal|2|0.32966184616088867
node_enduser|total_time|2|1.903051
node_enduser|loops|2|16762
node_enduser|messages|2|8
enduser|min_constraint|2|4
enduser|max_constraint|2|4
user12|flocal|2|0.35569286346435547
user12|flocal|2|0.3410816192626953
user12|flocal|2|0.3470957279205322
user12|flocal|2|0.33693671226501465
user12|ffinal|2|0.36998486518859863
node_user12|total_time|2|1.926791
node_user12|loops|2|3
node_user12|messages|2|27
user12|min_constraint|2|13
user12|max_constraint|2|13
user13|flocal|2|0.3515608310699463
user13|flocal|2|0.3553645610809326
user13|flocal|2|0.34350085258483887
user13|flocal|2|0.34632086753845215
user13|ffinal|2|0.3435544967651367
node_user13|total_time|2|1.929108
node_user13|loops|2|3
node_user13|messages|2|27
user13|min_constraint|2|13
user13|max_constraint|2|13
user18|flocal|2|0.369905948638916
user18|flocal|2|0.3493330478668213
user18|flocal|2|0.3224663734436035
user18|ffinal|2|0.3626902103424072
node_user18|total_time|2|23.909400
node_user18|loops|2|2228355
node_user18|messages|2|20
user18|min_constraint|2|9
user18|max_constraint|2|9
user8|flocal|2|0.3668074607849121
user8|flocal|2|0.33011770248413086
user8|flocal|2|0.3381955623626709
user8|flocal|2|0.3513002395629883
user8|ffinal|2|0.3589751720428467
node_user8|total_time|2|1.936196
node_user8|loops|2|3
node_user8|messages|2|36
user8|min_constraint|2|13
user8|max_constraint|2|13
user7|flocal|2|0.3481638431549072
user7|flocal|2|0.36170530319213867
user7|flocal|2|0.34513378143310547
user7|flocal|2|0.3268895149230957
user7|ffinal|2|0.3617115020751953
node_user7|total_time|2|1.939248
node_user7|loops|2|3
node_user7|messages|2|27
user7|min_constraint|2|13
user7|max_constraint|2|13
user5|flocal|2|0.34151291847229004
user5|flocal|2|0.35622143745422363
user5|flocal|2|0.3832104206085205
user5|flocal|2|0.33809518814086914
user5|ffinal|2|0.3366076946258545
node_user5|total_time|2|1.939992
node_user5|loops|2|3
node_user5|messages|2|27
user5|min_constraint|2|13
user5|max_constraint|2|13
user2|flocal|2|0.2552173137664795
user2|flocal|2|0.2260456085205078
user2|flocal|2|0.23630046844482422
user2|flocal|2|0.2104341983795166
user2|flocal|2|0.21860575675964355
user2|flocal|2|0.2903761863708496
user2|flocal|2|0.20985198020935059
user2|flocal|2|0.23545265197753906
user2|flocal|2|0.2119283676147461
user2|flocal|2|0.3266444206237793
user2|flocal|2|0.2951991558074951
user2|flocal|2|0.28205370903015137
user2|flocal|2|0.32851481437683105
user2|ffinal|2|0.2889397144317627
node_user2|total_time|2|23.989944
node_user2|loops|2|165653
node_user2|messages|2|35
user2|min_constraint|2|9
user2|max_constraint|2|9
provider|flocal|2|0.3731815814971924
provider|flocal|2|0.21747827529907227
provider|flocal|2|0.21118879318237305
provider|flocal|2|0.22727608680725098
provider|flocal|2|0.2048194408416748
provider|flocal|2|0.2102808952331543
provider|flocal|2|0.20948195457458496
provider|flocal|2|0.20964980125427246
provider|flocal|2|0.2130281925201416
provider|flocal|2|0.28882813453674316
provider|flocal|2|0.32476258277893066
provider|flocal|2|0.302473783493042
provider|flocal|2|0.3213691711425781
provider|ffinal|2|0.3141489028930664
node_provider|total_time|2|24.019258
node_provider|loops|2|119633
node_provider|messages|2|24
provider|min_constraint|2|2
provider|max_constraint|2|2
user1|flocal|2|0.2928633689880371
user1|flocal|2|0.2254490852355957
user1|flocal|2|0.22947978973388672
user1|flocal|2|0.20903825759887695
user1|flocal|2|0.27500081062316895
user1|flocal|2|0.3261592388153076
user1|flocal|2|0.2080707550048828
user1|flocal|2|0.22567033767700195
user1|flocal|2|0.2214667797088623
user1|flocal|2|0.29711437225341797
user1|flocal|2|0.32860589027404785
user1|flocal|2|0.32390522956848145
user1|flocal|2|0.31783628463745117
user1|ffinal|2|0.3416781425476074
node_user1|total_time|2|24.063707
node_user1|loops|2|142315
node_user1|messages|2|40
user1|min_constraint|2|9
user1|max_constraint|2|9
user6|flocal|2|0.25142812728881836
user6|flocal|2|0.22263789176940918
user6|flocal|2|0.21993398666381836
user6|flocal|2|0.20905542373657227
user6|flocal|2|0.22727346420288086
user6|flocal|2|0.21400976181030273
user6|flocal|2|0.29082155227661133
user6|flocal|2|0.31778573989868164
user6|flocal|2|0.32825636863708496
user6|flocal|2|0.33988523483276367
user6|ffinal|2|0.33751964569091797
node_user6|total_time|2|24.063787
node_user6|loops|2|177629
node_user6|messages|2|54
user6|min_constraint|2|13
user6|max_constraint|2|13
user0|flocal|2|0.3429703712463379
user0|flocal|2|0.2901928424835205
user0|flocal|2|0.3306396007537842
user0|flocal|2|0.32092809677124023
user0|flocal|2|0.3391406536102295
user0|ffinal|2|0.32824182510375977
node_user0|total_time|2|2.076476
node_user0|loops|2|4
node_user0|messages|2|20
user0|min_constraint|2|9
user0|max_constraint|2|9
user17|flocal|2|0.3131752014160156
user17|flocal|2|0.3238334655761719
user17|flocal|2|0.3180239200592041
user17|flocal|2|0.3460536003112793
user17|ffinal|2|0.2943155765533447
node_user17|total_time|2|2.130221
node_user17|loops|2|21495
node_user17|messages|2|24
user17|min_constraint|2|11
user17|max_constraint|2|11
user15|flocal|2|0.35317206382751465
user15|flocal|2|0.36069154739379883
user15|flocal|2|0.35390353202819824
user15|flocal|2|0.30999755859375
user15|ffinal|2|0.28960299491882324
node_user15|total_time|2|2.137366
node_user15|loops|2|31832
node_user15|messages|2|24
user15|min_constraint|2|11
user15|max_constraint|2|11
user11|flocal|2|0.3474128246307373
user11|flocal|2|0.31830477714538574
user11|flocal|2|0.3319106101989746
user11|flocal|2|0.34975290298461914
user11|flocal|2|0.2935628890991211
user11|ffinal|2|0.31880879402160645
node_user11|total_time|2|2.140457
node_user11|loops|2|391
node_user11|messages|2|36
user11|min_constraint|2|13
user11|max_constraint|2|13
user9|flocal|2|0.2428908348083496
user9|flocal|2|0.21976327896118164
user9|flocal|2|0.21731281280517578
user9|flocal|2|0.3062434196472168
user9|flocal|2|0.35187816619873047
user9|flocal|2|0.33913183212280273
user9|flocal|2|0.3592817783355713
user9|ffinal|2|0.3263566493988037
node_user9|total_time|2|24.144034
node_user9|loops|2|289509
node_user9|messages|2|54
user9|min_constraint|2|13
user9|max_constraint|2|13
user10|flocal|2|0.23644256591796875
user10|flocal|2|0.2845041751861572
user10|flocal|2|0.22159981727600098
user10|flocal|2|0.35244035720825195
user10|flocal|2|0.3136014938354492
user10|flocal|2|0.34624600410461426
user10|flocal|2|0.3443729877471924
user10|ffinal|2|0.2914888858795166
node_user10|total_time|2|24.159323
node_user10|loops|2|285683
node_user10|messages|2|54
user10|min_constraint|2|13
user10|max_constraint|2|13
user16|flocal|2|0.3184173107147217
user16|flocal|2|0.3376293182373047
user16|flocal|2|0.35875821113586426
user16|flocal|2|0.35096073150634766
user16|ffinal|2|0.3179197311401367
node_user16|total_time|2|2.194659
node_user16|loops|2|27368
node_user16|messages|2|24
user16|min_constraint|2|11
user16|max_constraint|2|11
provider|flocal|1|0.48682451248168945
provider|flocal|1|0.31814050674438477
provider|flocal|1|0.3516852855682373
provider|flocal|1|0.33676576614379883
provider|flocal|1|0.33480095863342285
provider|flocal|1|0.33391594886779785
provider|flocal|1|0.33322834968566895
provider|flocal|1|0.313579797744751
provider|ffinal|1|0.27884483337402344
node_provider|total_time|1|24.443898
node_provider|loops|1|9573
node_provider|messages|1|15
provider|min_constraint|1|2
provider|max_constraint|1|2
user4|flocal|1|0.38755345344543457
user4|flocal|1|0.32799506187438965
user4|flocal|1|0.35981130599975586
user4|flocal|1|0.3293948173522949
user4|flocal|1|0.32642149925231934
user4|flocal|1|0.3470773696899414
user4|flocal|1|0.3441340923309326
user4|flocal|1|0.331723690032959
user4|ffinal|1|0.33937859535217285
node_user4|total_time|1|4.466141
node_user4|loops|1|69509
node_user4|messages|1|45
user4|min_constraint|1|13
user4|max_constraint|1|13
user3|flocal|1|0.34228062629699707
user3|flocal|1|0.29747819900512695
user3|flocal|1|0.32858920097351074
user3|flocal|1|0.35558438301086426
user3|flocal|1|0.35343456268310547
user3|flocal|1|0.33887386322021484
user3|flocal|1|0.33643651008605957
user3|flocal|1|0.36974477767944336
user3|ffinal|1|0.3139786720275879
node_user3|total_time|1|4.465887
node_user3|loops|1|86469
node_user3|messages|1|45
user3|min_constraint|1|13
user3|max_constraint|1|13
user17|flocal|1|0.3998568058013916
user17|flocal|1|0.2859029769897461
user17|flocal|1|0.325791597366333
user17|flocal|1|0.33269453048706055
user17|flocal|1|0.3752706050872803
user17|ffinal|1|0.3076133728027344
node_user17|total_time|1|4.500354
node_user17|loops|1|103582
node_user17|messages|1|28
user17|min_constraint|1|11
user17|max_constraint|1|11
user9|flocal|1|0.4573252201080322
user9|flocal|1|0.3508772850036621
user9|flocal|1|0.3343961238861084
user9|flocal|1|0.3548464775085449
user9|flocal|1|0.36319804191589355
user9|ffinal|1|0.345473051071167
node_user9|total_time|1|4.494949
node_user9|loops|1|118443
node_user9|messages|1|24
user9|min_constraint|1|13
user9|max_constraint|1|13
user11|flocal|1|0.413510799407959
user11|flocal|1|0.3378112316131592
user11|flocal|1|0.32047247886657715
user11|flocal|1|0.36490893363952637
user11|flocal|1|0.3536067008972168
user11|ffinal|1|0.3176743984222412
node_user11|total_time|1|4.501266
node_user11|loops|1|115386
node_user11|messages|1|24
user11|min_constraint|1|13
user11|max_constraint|1|13
user15|flocal|1|0.40629029273986816
user15|flocal|1|0.33119845390319824
user15|flocal|1|0.3202829360961914
user15|flocal|1|0.35842132568359375
user15|flocal|1|0.3579535484313965
user15|ffinal|1|0.33441805839538574
node_user15|total_time|1|4.541985
node_user15|loops|1|80885
node_user15|messages|1|28
user15|min_constraint|1|11
user15|max_constraint|1|11
user13|flocal|1|0.368793249130249
user13|flocal|1|0.2964816093444824
user13|flocal|1|0.31655454635620117
user13|flocal|1|0.31664443016052246
user13|flocal|1|0.34925317764282227
user13|flocal|1|0.34816455841064453
user13|ffinal|1|0.32074689865112305
node_user13|total_time|1|4.547804
node_user13|loops|1|111458
node_user13|messages|1|30
user13|min_constraint|1|13
user13|max_constraint|1|13
user6|flocal|1|0.44881319999694824
user6|flocal|1|0.3552265167236328
user6|flocal|1|0.37646031379699707
user6|flocal|1|0.35158467292785645
user6|flocal|1|0.32350730895996094
user6|flocal|1|0.3640439510345459
user6|flocal|1|0.3405749797821045
user6|ffinal|1|0.3140900135040283
node_user6|total_time|1|4.540404
node_user6|loops|1|113705
node_user6|messages|1|36
user6|min_constraint|1|13
user6|max_constraint|1|13
user5|flocal|1|0.4150354862213135
user5|flocal|1|0.31963610649108887
user5|flocal|1|0.3769416809082031
user5|flocal|1|0.37596583366394043
user5|flocal|1|0.3781113624572754
user5|flocal|1|0.33191466331481934
user5|flocal|1|0.3547782897949219
user5|flocal|1|0.35532069206237793
user5|ffinal|1|0.33702945709228516
node_user5|total_time|1|4.546920
node_user5|loops|1|70063
node_user5|messages|1|45
user5|min_constraint|1|13
user5|max_constraint|1|13
enduser|flocal|1|0.4607560634613037
enduser|flocal|1|0.3344607353210449
enduser|ffinal|1|0.31717872619628906
node_enduser|total_time|1|4.577047
node_enduser|loops|1|74940
node_enduser|messages|1|8
enduser|min_constraint|1|4
enduser|max_constraint|1|4
user12|flocal|1|0.4040343761444092
user12|flocal|1|0.3274674415588379
user12|flocal|1|0.36406707763671875
user12|flocal|1|0.33301663398742676
user12|flocal|1|0.3426167964935303
user12|flocal|1|0.36866164207458496
user12|ffinal|1|0.3464500904083252
node_user12|total_time|1|4.609297
node_user12|loops|1|79376
node_user12|messages|1|30
user12|min_constraint|1|13
user12|max_constraint|1|13
user10|flocal|1|0.4268629550933838
user10|flocal|1|0.3790285587310791
user10|flocal|1|0.2969498634338379
user10|flocal|1|0.38296937942504883
user10|flocal|1|0.3749709129333496
user10|ffinal|1|0.3343226909637451
node_user10|total_time|1|4.610406
node_user10|loops|1|111098
node_user10|messages|1|24
user10|min_constraint|1|13
user10|max_constraint|1|13
user7|flocal|1|0.41561198234558105
user7|flocal|1|0.35256409645080566
user7|flocal|1|0.3914525508880615
user7|flocal|1|0.3752930164337158
user7|flocal|1|0.34738945960998535
user7|flocal|1|0.3746061325073242
user7|flocal|1|0.3652615547180176
user7|ffinal|1|0.31910228729248047
node_user7|total_time|1|4.597683
node_user7|loops|1|99918
node_user7|messages|1|36
user7|min_constraint|1|13
user7|max_constraint|1|13
user8|flocal|1|0.39608311653137207
user8|flocal|1|0.3932645320892334
user8|flocal|1|0.3466982841491699
user8|flocal|1|0.3516814708709717
user8|flocal|1|0.3205394744873047
user8|flocal|1|0.37964963912963867
user8|flocal|1|0.3845081329345703
user8|ffinal|1|0.3262503147125244
node_user8|total_time|1|4.595984
node_user8|loops|1|90887
node_user8|messages|1|36
user8|min_constraint|1|13
user8|max_constraint|1|13
user0|flocal|1|0.4536294937133789
user0|flocal|1|0.3110334873199463
user0|flocal|1|0.3709895610809326
user0|flocal|1|0.33959054946899414
user0|flocal|1|0.3426625728607178
user0|flocal|1|0.3269960880279541
user0|flocal|1|0.3152463436126709
user0|flocal|1|0.31896305084228516
user0|flocal|1|0.327573299407959
user0|ffinal|1|0.30725860595703125
node_user0|total_time|1|4.614496
node_user0|loops|1|26274
node_user0|messages|1|25
user0|min_constraint|1|9
user0|max_constraint|1|9
user1|flocal|1|0.43667149543762207
user1|flocal|1|0.33185553550720215
user1|flocal|1|0.32898998260498047
user1|flocal|1|0.33966732025146484
user1|flocal|1|0.3167262077331543
user1|flocal|1|0.36972856521606445
user1|flocal|1|0.3369741439819336
user1|flocal|1|0.31946873664855957
user1|flocal|1|0.32156825065612793
user1|ffinal|1|0.2930762767791748
node_user1|total_time|1|4.648705
node_user1|loops|1|51726
node_user1|messages|1|30
user1|min_constraint|1|9
user1|max_constraint|1|9
user14|flocal|1|0.39209961891174316
user14|flocal|1|0.36893773078918457
user14|flocal|1|0.3654897212982178
user14|flocal|1|0.3644895553588867
user14|flocal|1|0.384174108505249
user14|flocal|1|0.333127498626709
user14|ffinal|1|0.3324306011199951
node_user14|total_time|1|4.667809
node_user14|loops|1|115243
node_user14|messages|1|30
user14|min_constraint|1|13
user14|max_constraint|1|13
user2|flocal|1|0.42444920539855957
user2|flocal|1|0.28253746032714844
user2|flocal|1|0.37383365631103516
user2|flocal|1|0.3476829528808594
user2|flocal|1|0.3486337661743164
user2|flocal|1|0.33393406867980957
user2|flocal|1|0.32561302185058594
user2|flocal|1|0.31539154052734375
user2|flocal|1|0.3348526954650879
user2|ffinal|1|0.32118773460388184
node_user2|total_time|1|4.690116
node_user2|loops|1|32011
node_user2|messages|1|30
user2|min_constraint|1|9
user2|max_constraint|1|9
user18|flocal|1|0.423048734664917
user18|flocal|1|0.29683613777160645
user18|flocal|1|0.31296730041503906
user18|flocal|1|0.35765719413757324
user18|flocal|1|0.35163402557373047
user18|ffinal|1|0.26220178604125977
node_user18|total_time|1|4.766219
node_user18|loops|1|78301
node_user18|messages|1|13
user18|min_constraint|1|9
user18|max_constraint|1|9
user19|flocal|1|0.3954122066497803
user19|flocal|1|0.28020191192626953
user19|flocal|1|0.3503293991088867
user19|flocal|1|0.37726402282714844
user19|flocal|1|0.32062315940856934
user19|ffinal|1|0.26047825813293457
node_user19|total_time|1|4.817894
node_user19|loops|1|60120
node_user19|messages|1|20
user19|min_constraint|1|9
user19|max_constraint|1|9
user16|flocal|1|0.3581278324127197
user16|flocal|1|0.32415175437927246
user16|flocal|1|0.3346717357635498
user16|flocal|1|0.32798266410827637
user16|flocal|1|0.34070777893066406
user16|flocal|1|0.34579968452453613
user16|ffinal|1|0.27818727493286133
node_user16|total_time|1|4.853217
node_user16|loops|1|89389
node_user16|messages|1|28
user16|min_constraint|1|11
user16|max_constraint|1|11
provider|flocal|0|0.23343229293823242
provider|flocal|0|0.24615216255187988
provider|flocal|0|0.21863222122192383
provider|flocal|0|0.2233731746673584
provider|flocal|0|0.21866059303283691
provider|flocal|0|0.22577667236328125
provider|flocal|0|0.21324944496154785
provider|flocal|0|0.21006464958190918
provider|flocal|0|0.2230219841003418
provider|flocal|0|0.21420526504516602
provider|flocal|0|0.3236725330352783
provider|flocal|0|0.33240628242492676
provider|flocal|0|0.35073423385620117
provider|flocal|0|0.37261319160461426
provider|ffinal|0|0.2949790954589844
node_provider|total_time|0|24.184106
node_provider|loops|0|153232
node_provider|messages|0|30
provider|min_constraint|0|2
provider|max_constraint|0|2
user4|flocal|0|0.24687790870666504
user4|flocal|0|0.2238607406616211
user4|flocal|0|0.20510363578796387
user4|flocal|0|0.24703359603881836
user4|flocal|0|0.25051116943359375
user4|flocal|0|0.21949434280395508
user4|flocal|0|0.21985578536987305
user4|flocal|0|0.22193551063537598
user4|flocal|0|0.2164933681488037
user4|flocal|0|0.29332613945007324
user4|flocal|0|0.3597557544708252
user4|flocal|0|0.3716304302215576
user4|flocal|0|0.380141019821167
user4|ffinal|0|0.3374929428100586
node_user4|total_time|0|24.201354
node_user4|loops|0|110291
node_user4|messages|0|72
user4|min_constraint|0|13
user4|max_constraint|0|13
user13|flocal|0|0.2790365219116211
user13|flocal|0|0.22677373886108398
user13|flocal|0|0.25641822814941406
user13|flocal|0|0.2257826328277588
user13|flocal|0|0.34065985679626465
user13|flocal|0|0.3452029228210449
user13|flocal|0|0.3644225597381592
user13|flocal|0|0.34834766387939453
user13|ffinal|0|0.36249685287475586
node_user13|total_time|0|24.208824
node_user13|loops|0|294077
node_user13|messages|0|45
user13|min_constraint|0|13
user13|max_constraint|0|13
user0|flocal|0|0.3965263366699219
user0|flocal|0|0.35842108726501465
user0|flocal|0|0.3549656867980957
user0|flocal|0|0.3193082809448242
user0|flocal|0|0.33872485160827637
user0|ffinal|0|0.32570815086364746
node_user0|total_time|0|2.237951
node_user0|loops|0|4
node_user0|messages|0|15
user0|min_constraint|0|9
user0|max_constraint|0|9
user2|flocal|0|0.4073929786682129
user2|flocal|0|0.3400149345397949
user2|flocal|0|0.3541288375854492
user2|flocal|0|0.34078216552734375
user2|flocal|0|0.3396949768066406
user2|ffinal|0|0.34653401374816895
node_user2|total_time|0|2.263220
node_user2|loops|0|4
node_user2|messages|0|20
user2|min_constraint|0|9
user2|max_constraint|0|9
user18|flocal|0|0.4409315586090088
user18|flocal|0|0.3179130554199219
user18|flocal|0|0.3704662322998047
user18|flocal|0|0.3488914966583252
user18|flocal|0|0.35220885276794434
user18|ffinal|0|0.35039353370666504
node_user18|total_time|0|2.338235
node_user18|loops|0|635
node_user18|messages|0|27
user18|min_constraint|0|9
user18|max_constraint|0|9
user9|flocal|0|0.2391800880432129
user9|flocal|0|0.2920565605163574
user9|flocal|0|0.22264838218688965
user9|flocal|0|0.22689104080200195
user9|flocal|0|0.23138880729675293
user9|flocal|0|0.3218502998352051
user9|flocal|0|0.37024545669555664
user9|flocal|0|0.3901987075805664
user9|flocal|0|0.3547344207763672
user9|ffinal|0|0.3522634506225586
node_user9|total_time|0|24.258027
node_user9|loops|0|171763
node_user9|messages|0|63
user9|min_constraint|0|13
user9|max_constraint|0|13
user19|flocal|0|0.4022517204284668
user19|flocal|0|0.3685178756713867
user19|flocal|0|0.3549790382385254
user19|flocal|0|0.3723328113555908
user19|flocal|0|0.36337995529174805
user19|ffinal|0|0.34075379371643066
node_user19|total_time|0|2.383685
node_user19|loops|0|1655
node_user19|messages|0|20
user19|min_constraint|0|9
user19|max_constraint|0|9
user7|flocal|0|0.24030756950378418
user7|flocal|0|0.24777913093566895
user7|flocal|0|0.21667766571044922
user7|flocal|0|0.22956442832946777
user7|flocal|0|0.23170709609985352
user7|flocal|0|0.22502350807189941
user7|flocal|0|0.22136855125427246
user7|flocal|0|0.33661985397338867
user7|flocal|0|0.36494922637939453
user7|flocal|0|0.4000849723815918
user7|flocal|0|0.37439823150634766
user7|ffinal|0|0.35076379776000977
node_user7|total_time|0|24.304699
node_user7|loops|0|145277
node_user7|messages|0|54
user7|min_constraint|0|13
user7|max_constraint|0|13
user16|flocal|0|0.3726186752319336
user16|flocal|0|0.36765575408935547
user16|flocal|0|0.35175490379333496
user16|flocal|0|0.3685755729675293
user16|flocal|0|0.3585507869720459
user16|ffinal|0|0.34903740882873535
node_user16|total_time|0|2.384768
node_user16|loops|0|4
node_user16|messages|0|32
user16|min_constraint|0|11
user16|max_constraint|0|11
user10|flocal|0|0.2392890453338623
user10|flocal|0|0.2487165927886963
user10|flocal|0|0.24042725563049316
user10|flocal|0|0.2265911102294922
user10|flocal|0|0.2395477294921875
user10|flocal|0|0.22021913528442383
user10|flocal|0|0.3726379871368408
user10|flocal|0|0.38071107864379883
user10|flocal|0|0.3565990924835205
user10|flocal|0|0.3412296772003174
user10|ffinal|0|0.3744072914123535
node_user10|total_time|0|24.350292
node_user10|loops|0|201685
node_user10|messages|0|54
user10|min_constraint|0|13
user10|max_constraint|0|13
user17|flocal|0|0.4202442169189453
user17|flocal|0|0.3604555130004883
user17|flocal|0|0.38181591033935547
user17|flocal|0|0.35582637786865234
user17|flocal|0|0.341968297958374
user17|ffinal|0|0.3765733242034912
node_user17|total_time|0|2.433213
node_user17|loops|0|4
node_user17|messages|0|32
user17|min_constraint|0|11
user17|max_constraint|0|11
user6|flocal|0|0.3540804386138916
user6|flocal|0|0.3558642864227295
user6|flocal|0|0.3591954708099365
user6|flocal|0|0.3794059753417969
user6|flocal|0|0.36193203926086426
user6|ffinal|0|0.33283042907714844
node_user6|total_time|0|2.390804
node_user6|loops|0|4
node_user6|messages|0|36
user6|min_constraint|0|13
user6|max_constraint|0|13
user15|flocal|0|0.4496290683746338
user15|flocal|0|0.37216687202453613
user15|flocal|0|0.3505704402923584
user15|flocal|0|0.38379955291748047
user15|flocal|0|0.3861548900604248
user15|ffinal|0|0.3584425449371338
node_user15|total_time|0|2.469459
node_user15|loops|0|4
node_user15|messages|0|32
user15|min_constraint|0|11
user15|max_constraint|0|11
user3|flocal|0|0.4190185070037842
user3|flocal|0|0.33973121643066406
user3|flocal|0|0.3604879379272461
user3|flocal|0|0.3411135673522949
user3|flocal|0|0.355144739151001
user3|ffinal|0|0.38001322746276855
node_user3|total_time|0|2.387857
node_user3|loops|0|4
node_user3|messages|0|36
user3|min_constraint|0|13
user3|max_constraint|0|13
user8|flocal|0|0.23305082321166992
user8|flocal|0|0.2186579704284668
user8|flocal|0|0.2662389278411865
user8|flocal|0|0.21761035919189453
user8|flocal|0|0.20984673500061035
user8|flocal|0|0.22974324226379395
user8|flocal|0|0.2279529571533203
user8|flocal|0|0.35948705673217773
user8|flocal|0|0.3793466091156006
user8|flocal|0|0.3867824077606201
user8|flocal|0|0.3740718364715576
user8|ffinal|0|0.3636648654937744
node_user8|total_time|0|24.388233
node_user8|loops|0|159818
node_user8|messages|0|63
user8|min_constraint|0|13
user8|max_constraint|0|13
user12|flocal|0|0.36623597145080566
user12|flocal|0|0.3520169258117676
user12|flocal|0|0.36808228492736816
user12|flocal|0|0.35285353660583496
user12|flocal|0|0.39815640449523926
user12|ffinal|0|0.3720278739929199
node_user12|total_time|0|2.437310
node_user12|loops|0|4
node_user12|messages|0|36
user12|min_constraint|0|13
user12|max_constraint|0|13
user11|flocal|0|0.4343271255493164
user11|flocal|0|0.36123037338256836
user11|flocal|0|0.3753812313079834
user11|flocal|0|0.3785057067871094
user11|flocal|0|0.35447192192077637
user11|ffinal|0|0.329423189163208
node_user11|total_time|0|2.402874
node_user11|loops|0|4
node_user11|messages|0|36
user11|min_constraint|0|13
user11|max_constraint|0|13
user5|flocal|0|0.34311532974243164
user5|flocal|0|0.3524916172027588
user5|flocal|0|0.3775908946990967
user5|flocal|0|0.3595280647277832
user5|flocal|0|0.38298845291137695
user5|ffinal|0|0.3626384735107422
node_user5|total_time|0|2.458243
node_user5|loops|0|4
node_user5|messages|0|36
user5|min_constraint|0|13
user5|max_constraint|0|13
user14|flocal|0|0.41543030738830566
user14|flocal|0|0.38237929344177246
user14|flocal|0|0.3877542018890381
user14|flocal|0|0.36277079582214355
user14|flocal|0|0.39843320846557617
user14|ffinal|0|0.38296055793762207
node_user14|total_time|0|2.501428
node_user14|loops|0|4
node_user14|messages|0|36
user14|min_constraint|0|13
user14|max_constraint|0|13
user1|flocal|0|0.23069000244140625
user1|flocal|0|0.2324988842010498
user1|flocal|0|0.22041583061218262
user1|flocal|0|0.26268529891967773
user1|flocal|0|0.2368619441986084
user1|flocal|0|0.22483420372009277
user1|flocal|0|0.23533225059509277
user1|flocal|0|0.23836994171142578
user1|flocal|0|0.2191154956817627
user1|flocal|0|0.22361207008361816
user1|flocal|0|0.33923840522766113
user1|flocal|0|0.3522658348083496
user1|flocal|0|0.3437020778656006
user1|flocal|0|0.32222437858581543
user1|flocal|0|0.3566093444824219
user1|ffinal|0|0.3402132987976074
node_user1|total_time|0|24.510139
node_user1|loops|0|113097
node_user1|messages|0|45
user1|min_constraint|0|9
user1|max_constraint|0|9
enduser|flocal|0|0.2474372386932373
enduser|flocal|0|0.30037450790405273
enduser|flocal|0|0.35182929039001465
enduser|flocal|0|0.34276485443115234
enduser|flocal|0|0.3412742614746094
enduser|ffinal|0|0.34069252014160156
node_enduser|total_time|0|24.520334
node_enduser|loops|0|847741
node_enduser|messages|0|16
enduser|min_constraint|0|6
enduser|max_constraint|0|6