transformer1|flocal|0|0.2821352481842041
transformer1|ffinal|0|0.26988792419433594
node_transformer1|total_time|0|23.584739
node_transformer1|waits|0|46
node_transformer1|messages|0|0
transformer1|min_constraint|0|0
transformer1|max_constraint|0|0
transformer2|ffinal|0|0.3377518653869629
node_transformer2|total_time|0|1.839870
node_transformer2|waits|0|3
node_transformer2|messages|0|0
transformer2|min_constraint|0|0
transformer2|max_constraint|0|0
transformer13|ffinal|0|0.36341023445129395
node_transformer13|total_time|0|1.865705
node_transformer13|waits|0|3
node_transformer13|messages|0|0
transformer13|min_constraint|0|0
transformer13|max_constraint|0|0
transformer4|ffinal|0|0.3628959655761719
node_transformer4|total_time|0|1.865232
node_transformer4|waits|0|3
node_transformer4|messages|0|0
transformer4|min_constraint|0|0
transformer4|max_constraint|0|0
transformer9|ffinal|0|0.38248777389526367
node_transformer9|total_time|0|1.884859
node_transformer9|waits|0|3
node_transformer9|messages|0|0
transformer9|min_constraint|0|0
transformer9|max_constraint|0|0
transformer19|ffinal|0|0.3839273452758789
node_transformer19|total_time|0|1.886181
node_transformer19|waits|0|3
node_transformer19|messages|0|0
transformer19|min_constraint|0|0
transformer19|max_constraint|0|0
transformer12|ffinal|0|0.39894819259643555
node_transformer12|total_time|0|1.901188
node_transformer12|waits|0|3
node_transformer12|messages|0|0
transformer12|min_constraint|0|0
transformer12|max_constraint|0|0
user|ffinal|0|0.40793299674987793
node_provider|total_time|0|1.910289
node_provider|waits|0|3
node_provider|messages|0|0
user|min_constraint|0|0
user|max_constraint|0|0
transformer10|ffinal|0|0.4136800765991211
node_transformer10|total_time|0|1.916037
node_transformer10|waits|0|3
node_transformer10|messages|0|0
transformer10|min_constraint|0|0
transformer10|max_constraint|0|0
transformer7|ffinal|0|0.3981630802154541
node_transformer7|total_time|0|23.927230
node_transformer7|waits|0|47
node_transformer7|messages|0|0
transformer7|min_constraint|0|0
transformer7|max_constraint|0|0
transformer8|ffinal|0|0.4384429454803467
node_transformer8|total_time|0|1.940841
node_transformer8|waits|0|3
node_transformer8|messages|0|0
transformer8|min_constraint|0|0
transformer8|max_constraint|0|0
transformer17|ffinal|0|0.43718695640563965
node_transformer17|total_time|0|1.939361
node_transformer17|waits|0|3
node_transformer17|messages|0|0
transformer17|min_constraint|0|0
transformer17|max_constraint|0|0
transformer6|ffinal|0|0.43350720405578613
node_transformer6|total_time|0|1.935821
node_transformer6|waits|0|3
node_transformer6|messages|0|0
transformer6|min_constraint|0|0
transformer6|max_constraint|0|0
transformer3|ffinal|0|0.4246985912322998
node_transformer3|total_time|0|23.953660
node_transformer3|waits|0|47
node_transformer3|messages|0|0
transformer3|min_constraint|0|0
transformer3|max_constraint|0|0
transformer18|ffinal|0|0.42981672286987305
node_transformer18|total_time|0|23.958201
node_transformer18|waits|0|47
node_transformer18|messages|0|0
transformer18|min_constraint|0|0
transformer18|max_constraint|0|0
transformer16|ffinal|0|0.44200634956359863
node_transformer16|total_time|0|23.970446
node_transformer16|waits|0|47
node_transformer16|messages|0|0
transformer16|min_constraint|0|0
transformer16|max_constraint|0|0
transformer15|ffinal|0|0.4530177116394043
node_transformer15|total_time|0|23.981691
node_transformer15|waits|0|47
node_transformer15|messages|0|0
transformer15|min_constraint|0|0
transformer15|max_constraint|0|0
transformer14|ffinal|0|0.461000919342041
node_transformer14|total_time|0|23.988868
node_transformer14|waits|0|47
node_transformer14|messages|0|0
transformer14|min_constraint|0|0
transformer14|max_constraint|0|0
transformer11|ffinal|0|0.46472764015197754
node_transformer11|total_time|0|23.992054
node_transformer11|waits|0|47
node_transformer11|messages|0|0
transformer11|min_constraint|0|0
transformer11|max_constraint|0|0
transformer5|ffinal|0|0.4791855812072754
node_transformer5|total_time|0|24.008357
node_transformer5|waits|0|47
node_transformer5|messages|0|0
transformer5|min_constraint|0|0
transformer5|max_constraint|0|0
provider|flocal|0|0.24449920654296875
provider|ffinal|0|0.29474663734436035
node_user|total_time|0|24.110243
node_user|waits|0|47
node_user|messages|0|2
provider|min_constraint|0|2
provider|max_constraint|0|2
transformer0|flocal|0|0.2473917007446289
transformer0|ffinal|0|0.3859436511993408
node_transformer0|total_time|0|2.142658
node_transformer0|waits|0|3
node_transformer0|messages|0|2
transformer0|min_constraint|0|4
transformer0|max_constraint|0|4
transformer12|ffinal|0|0.3804624080657959
node_transformer12|total_time|1|2.383383
node_transformer12|waits|1|4
node_transformer12|messages|1|0
transformer12|min_constraint|1|0
transformer12|max_constraint|1|0
transformer13|ffinal|0|0.37998104095458984
node_transformer13|total_time|1|2.382894
node_transformer13|waits|1|4
node_transformer13|messages|1|0
transformer13|min_constraint|1|0
transformer13|max_constraint|1|0
transformer4|ffinal|0|0.4012289047241211
node_transformer4|total_time|1|2.404073
node_transformer4|waits|1|4
node_transformer4|messages|1|0
transformer4|min_constraint|1|0
transformer4|max_constraint|1|0
transformer2|ffinal|0|0.41129326820373535
node_transformer2|total_time|1|2.414149
node_transformer2|waits|1|4
node_transformer2|messages|1|0
transformer2|min_constraint|1|0
transformer2|max_constraint|1|0
transformer3|ffinal|0|0.4161560535430908
node_transformer3|total_time|1|2.418916
node_transformer3|waits|1|4
node_transformer3|messages|1|0
transformer3|min_constraint|1|0
transformer3|max_constraint|1|0
transformer7|ffinal|0|0.4253695011138916
node_transformer7|total_time|1|2.428253
node_transformer7|waits|1|4
node_transformer7|messages|1|0
transformer7|min_constraint|1|0
transformer7|max_constraint|1|0
transformer9|ffinal|0|0.4004366397857666
node_transformer9|total_time|1|2.403195
node_transformer9|waits|1|4
node_transformer9|messages|1|0
transformer9|min_constraint|1|0
transformer9|max_constraint|1|0
transformer11|ffinal|0|0.42865443229675293
node_transformer11|total_time|1|2.431577
node_transformer11|waits|1|4
node_transformer11|messages|1|0
transformer11|min_constraint|1|0
transformer11|max_constraint|1|0
transformer10|ffinal|0|0.4152040481567383
node_transformer10|total_time|1|2.417960
node_transformer10|waits|1|4
node_transformer10|messages|1|0
transformer10|min_constraint|1|0
transformer10|max_constraint|1|0
transformer17|ffinal|0|0.417224645614624
node_transformer17|total_time|1|2.420037
node_transformer17|waits|1|4
node_transformer17|messages|1|0
transformer17|min_constraint|1|0
transformer17|max_constraint|1|0
transformer19|ffinal|0|0.43111753463745117
node_transformer19|total_time|1|2.433909
node_transformer19|waits|1|4
node_transformer19|messages|1|0
transformer19|min_constraint|1|0
transformer19|max_constraint|1|0
transformer16|ffinal|0|0.43697285652160645
node_transformer16|total_time|1|2.439906
node_transformer16|waits|1|4
node_transformer16|messages|1|0
transformer16|min_constraint|1|0
transformer16|max_constraint|1|0
transformer5|ffinal|0|0.44283556938171387
node_transformer5|total_time|1|2.445785
node_transformer5|waits|1|4
node_transformer5|messages|1|0
transformer5|min_constraint|1|0
transformer5|max_constraint|1|0
transformer1|flocal|0|0.3190147876739502
transformer1|ffinal|0|0.2808213233947754
node_transformer1|total_time|1|2.606970
node_transformer1|waits|1|4
node_transformer1|messages|1|0
transformer1|min_constraint|1|0
transformer1|max_constraint|1|0
transformer0|flocal|0|0.3330190181732178
transformer0|ffinal|0|0.28011131286621094
node_transformer0|total_time|1|2.623287
node_transformer0|waits|1|4
node_transformer0|messages|1|2
transformer0|min_constraint|1|4
transformer0|max_constraint|1|4
provider|flocal|0|0.33943819999694824
provider|ffinal|0|0.28494882583618164
node_user|total_time|1|2.674048
node_user|waits|1|4
node_user|messages|1|2
provider|min_constraint|1|2
provider|max_constraint|1|2
user|ffinal|0|0.3523435592651367
node_provider|total_time|1|0.352751
node_provider|waits|1|0
node_provider|messages|1|0
user|min_constraint|1|0
user|max_constraint|1|0
transformer14|ffinal|0|0.3511772155761719
node_transformer14|total_time|1|0.351610
node_transformer14|waits|1|0
node_transformer14|messages|1|0
transformer14|min_constraint|1|0
transformer14|max_constraint|1|0
transformer6|ffinal|0|0.35460948944091797
node_transformer6|total_time|1|0.355143
node_transformer6|waits|1|0
node_transformer6|messages|1|0
transformer6|min_constraint|1|0
transformer6|max_constraint|1|0
transformer8|ffinal|0|0.3548436164855957
node_transformer8|total_time|1|0.355319
node_transformer8|waits|1|0
node_transformer8|messages|1|0
transformer8|min_constraint|1|0
transformer8|max_constraint|1|0
transformer18|ffinal|0|0.3442537784576416
node_transformer18|total_time|1|0.344651
node_transformer18|waits|1|0
node_transformer18|messages|1|0
transformer18|min_constraint|1|0
transformer18|max_constraint|1|0
transformer15|ffinal|0|0.3556373119354248
node_transformer15|total_time|1|0.356051
node_transformer15|waits|1|0
node_transformer15|messages|1|0
transformer15|min_constraint|1|0
transformer15|max_constraint|1|0
transformer0|flocal|0|0.3629767894744873
transformer0|ffinal|0|0.2725718021392822
node_transformer0|total_time|2|1.645436
node_transformer0|waits|2|2
node_transformer0|messages|2|2
transformer0|min_constraint|2|4
transformer0|max_constraint|2|4
transformer3|ffinal|0|0.3613264560699463
node_transformer3|total_time|2|1.863669
node_transformer3|waits|2|3
node_transformer3|messages|2|0
transformer3|min_constraint|2|0
transformer3|max_constraint|2|0
transformer11|ffinal|0|0.37067079544067383
node_transformer11|total_time|2|1.873087
node_transformer11|waits|2|3
node_transformer11|messages|2|0
transformer11|min_constraint|2|0
transformer11|max_constraint|2|0
transformer15|ffinal|0|0.37844300270080566
node_transformer15|total_time|2|1.880707
node_transformer15|waits|2|3
node_transformer15|messages|2|0
transformer15|min_constraint|2|0
transformer15|max_constraint|2|0
transformer8|ffinal|0|0.37297725677490234
node_transformer8|total_time|2|23.901670
node_transformer8|waits|2|47
node_transformer8|messages|2|0
transformer8|min_constraint|2|0
transformer8|max_constraint|2|0
transformer16|ffinal|0|0.3780515193939209
node_transformer16|total_time|2|1.880288
node_transformer16|waits|2|3
node_transformer16|messages|2|0
transformer16|min_constraint|2|0
transformer16|max_constraint|2|0
transformer14|ffinal|0|0.4045388698577881
node_transformer14|total_time|2|1.906948
node_transformer14|waits|2|3
node_transformer14|messages|2|0
transformer14|min_constraint|2|0
transformer14|max_constraint|2|0
transformer18|ffinal|0|0.3973081111907959
node_transformer18|total_time|2|23.926061
node_transformer18|waits|2|47
node_transformer18|messages|2|0
transformer18|min_constraint|2|0
transformer18|max_constraint|2|0
transformer9|ffinal|0|0.41608476638793945
node_transformer9|total_time|2|1.918462
node_transformer9|waits|2|3
node_transformer9|messages|2|0
transformer9|min_constraint|2|0
transformer9|max_constraint|2|0
transformer19|ffinal|0|0.4103257656097412
node_transformer19|total_time|2|1.912731
node_transformer19|waits|2|3
node_transformer19|messages|2|0
transformer19|min_constraint|2|0
transformer19|max_constraint|2|0
transformer6|ffinal|0|0.4154691696166992
node_transformer6|total_time|2|1.917935
node_transformer6|waits|2|3
node_transformer6|messages|2|0
transformer6|min_constraint|2|0
transformer6|max_constraint|2|0
transformer12|ffinal|0|0.4063231945037842
node_transformer12|total_time|2|23.935480
node_transformer12|waits|2|47
node_transformer12|messages|2|0
transformer12|min_constraint|2|0
transformer12|max_constraint|2|0
transformer13|ffinal|0|0.41290926933288574
node_transformer13|total_time|2|23.941739
node_transformer13|waits|2|47
node_transformer13|messages|2|0
transformer13|min_constraint|2|0
transformer13|max_constraint|2|0
transformer17|ffinal|0|0.4194376468658447
node_transformer17|total_time|2|1.921898
node_transformer17|waits|2|3
node_transformer17|messages|2|0
transformer17|min_constraint|2|0
transformer17|max_constraint|2|0
transformer7|ffinal|0|0.42649412155151367
node_transformer7|total_time|2|1.928932
node_transformer7|waits|2|3
node_transformer7|messages|2|0
transformer7|min_constraint|2|0
transformer7|max_constraint|2|0
transformer4|ffinal|0|0.41951417922973633
node_transformer4|total_time|2|23.948010
node_transformer4|waits|2|47
node_transformer4|messages|2|0
transformer4|min_constraint|2|0
transformer4|max_constraint|2|0
transformer5|ffinal|0|0.4082467555999756
node_transformer5|total_time|2|23.937835
node_transformer5|waits|2|47
node_transformer5|messages|2|0
transformer5|min_constraint|2|0
transformer5|max_constraint|2|0
user|ffinal|0|0.4044032096862793
node_provider|total_time|2|23.933146
node_provider|waits|2|47
node_provider|messages|2|0
user|min_constraint|2|0
user|max_constraint|2|0
transformer2|ffinal|0|0.4387197494506836
node_transformer2|total_time|2|1.941223
node_transformer2|waits|2|3
node_transformer2|messages|2|0
transformer2|min_constraint|2|0
transformer2|max_constraint|2|0
transformer10|ffinal|0|0.42705416679382324
node_transformer10|total_time|2|23.956246
node_transformer10|waits|2|47
node_transformer10|messages|2|0
transformer10|min_constraint|2|0
transformer10|max_constraint|2|0
transformer1|flocal|0|0.3255014419555664
transformer1|ffinal|0|0.2978062629699707
node_transformer1|total_time|2|2.130252
node_transformer1|waits|2|3
node_transformer1|messages|2|0
transformer1|min_constraint|2|0
transformer1|max_constraint|2|0
provider|flocal|0|0.3330042362213135
provider|ffinal|0|0.29568052291870117
node_user|total_time|2|24.201786
node_user|waits|2|47
node_user|messages|2|2
provider|min_constraint|2|2
provider|max_constraint|2|2
transformer0|flocal|0|0.33110594749450684
transformer0|ffinal|0|0.23137235641479492
node_transformer0|total_time|3|2.073654
node_transformer0|waits|3|3
node_transformer0|messages|3|2
transformer0|min_constraint|3|4
transformer0|max_constraint|3|4
transformer2|ffinal|0|0.3332173824310303
node_transformer2|total_time|3|2.336231
node_transformer2|waits|3|4
node_transformer2|messages|3|0
transformer2|min_constraint|3|0
transformer2|max_constraint|3|0
transformer7|ffinal|0|0.3332362174987793
node_transformer7|total_time|3|2.336216
node_transformer7|waits|3|4
node_transformer7|messages|3|0
transformer7|min_constraint|3|0
transformer7|max_constraint|3|0
transformer9|ffinal|0|0.3396728038787842
node_transformer9|total_time|3|2.342768
node_transformer9|waits|3|4
node_transformer9|messages|3|0
transformer9|min_constraint|3|0
transformer9|max_constraint|3|0
transformer5|ffinal|0|0.3247873783111572
node_transformer5|total_time|3|2.327688
node_transformer5|waits|3|4
node_transformer5|messages|3|0
transformer5|min_constraint|3|0
transformer5|max_constraint|3|0
transformer16|ffinal|0|0.3399984836578369
node_transformer16|total_time|3|2.342727
node_transformer16|waits|3|4
node_transformer16|messages|3|0
transformer16|min_constraint|3|0
transformer16|max_constraint|3|0
transformer10|ffinal|0|0.34470677375793457
node_transformer10|total_time|3|2.347532
node_transformer10|waits|3|4
node_transformer10|messages|3|0
transformer10|min_constraint|3|0
transformer10|max_constraint|3|0
transformer3|ffinal|0|0.3182260990142822
node_transformer3|total_time|3|2.321257
node_transformer3|waits|3|4
node_transformer3|messages|3|0
transformer3|min_constraint|3|0
transformer3|max_constraint|3|0
user|ffinal|0|0.33060693740844727
node_provider|total_time|3|2.333457
node_provider|waits|3|4
node_provider|messages|3|0
user|min_constraint|3|0
user|max_constraint|3|0
transformer6|ffinal|0|0.3486957550048828
node_transformer6|total_time|3|2.351629
node_transformer6|waits|3|4
node_transformer6|messages|3|0
transformer6|min_constraint|3|0
transformer6|max_constraint|3|0
transformer12|ffinal|0|0.3526177406311035
node_transformer12|total_time|3|2.355076
node_transformer12|waits|3|4
node_transformer12|messages|3|0
transformer12|min_constraint|3|0
transformer12|max_constraint|3|0
transformer1|flocal|0|0.3107011318206787
transformer1|ffinal|0|0.2501101493835449
node_transformer1|total_time|3|2.567896
node_transformer1|waits|3|4
node_transformer1|messages|3|0
transformer1|min_constraint|3|0
transformer1|max_constraint|3|0
provider|flocal|0|0.32569313049316406
provider|ffinal|0|0.2327277660369873
node_user|total_time|3|2.601536
node_user|waits|3|4
node_user|messages|3|2
provider|min_constraint|3|2
provider|max_constraint|3|2
transformer18|ffinal|0|0.3349754810333252
node_transformer18|total_time|3|0.335370
node_transformer18|waits|3|0
node_transformer18|messages|3|0
transformer18|min_constraint|3|0
transformer18|max_constraint|3|0
transformer19|ffinal|0|0.34590578079223633
node_transformer19|total_time|3|0.346334
node_transformer19|waits|3|0
node_transformer19|messages|3|0
transformer19|min_constraint|3|0
transformer19|max_constraint|3|0
transformer15|ffinal|0|0.351926326751709
node_transformer15|total_time|3|0.352392
node_transformer15|waits|3|0
node_transformer15|messages|3|0
transformer15|min_constraint|3|0
transformer15|max_constraint|3|0
transformer13|ffinal|0|0.35068249702453613
node_transformer13|total_time|3|0.351050
node_transformer13|waits|3|0
node_transformer13|messages|3|0
transformer13|min_constraint|3|0
transformer13|max_constraint|3|0
transformer14|ffinal|0|0.3738973140716553
node_transformer14|total_time|3|0.374301
node_transformer14|waits|3|0
node_transformer14|messages|3|0
transformer14|min_constraint|3|0
transformer14|max_constraint|3|0
transformer4|ffinal|0|0.3271167278289795
node_transformer4|total_time|3|0.327533
node_transformer4|waits|3|0
node_transformer4|messages|3|0
transformer4|min_constraint|3|0
transformer4|max_constraint|3|0
transformer8|ffinal|0|0.3247649669647217
node_transformer8|total_time|3|0.325171
node_transformer8|waits|3|0
node_transformer8|messages|3|0
transformer8|min_constraint|3|0
transformer8|max_constraint|3|0
transformer17|ffinal|0|0.39240550994873047
node_transformer17|total_time|3|0.392844
node_transformer17|waits|3|0
node_transformer17|messages|3|0
transformer17|min_constraint|3|0
transformer17|max_constraint|3|0
transformer11|ffinal|0|0.3427457809448242
node_transformer11|total_time|3|0.343220
node_transformer11|waits|3|0
node_transformer11|messages|3|0
transformer11|min_constraint|3|0
transformer11|max_constraint|3|0
transformer18|ffinal|0|0.36510181427001953
node_transformer18|total_time|4|1.867548
node_transformer18|waits|4|3
node_transformer18|messages|4|0
transformer18|min_constraint|4|0
transformer18|max_constraint|4|0
transformer10|ffinal|0|0.3289451599121094
node_transformer10|total_time|4|23.857670
node_transformer10|waits|4|47
node_transformer10|messages|4|0
transformer10|min_constraint|4|0
transformer10|max_constraint|4|0
transformer16|ffinal|0|0.38666200637817383
node_transformer16|total_time|4|1.888985
node_transformer16|waits|4|3
node_transformer16|messages|4|0
transformer16|min_constraint|4|0
transformer16|max_constraint|4|0
transformer9|ffinal|0|0.34170103073120117
node_transformer9|total_time|4|23.870405
node_transformer9|waits|4|47
node_transformer9|messages|4|0
transformer9|min_constraint|4|0
transformer9|max_constraint|4|0
transformer14|ffinal|0|0.3823573589324951
node_transformer14|total_time|4|1.884710
node_transformer14|waits|4|3
node_transformer14|messages|4|0
transformer14|min_constraint|4|0
transformer14|max_constraint|4|0
transformer19|ffinal|0|0.3880178928375244
node_transformer19|total_time|4|1.890434
node_transformer19|waits|4|3
node_transformer19|messages|4|0
transformer19|min_constraint|4|0
transformer19|max_constraint|4|0
transformer11|ffinal|0|0.4069199562072754
node_transformer11|total_time|4|1.909308
node_transformer11|waits|4|3
node_transformer11|messages|4|0
transformer11|min_constraint|4|0
transformer11|max_constraint|4|0
user|ffinal|0|0.38681745529174805
node_provider|total_time|4|1.889150
node_provider|waits|4|3
node_provider|messages|4|0
user|min_constraint|4|0
user|max_constraint|4|0
transformer7|ffinal|0|0.4128425121307373
node_transformer7|total_time|4|1.915317
node_transformer7|waits|4|3
node_transformer7|messages|4|0
transformer7|min_constraint|4|0
transformer7|max_constraint|4|0
transformer2|ffinal|0|0.37488245964050293
node_transformer2|total_time|4|23.902569
node_transformer2|waits|4|47
node_transformer2|messages|4|0
transformer2|min_constraint|4|0
transformer2|max_constraint|4|0
transformer3|ffinal|0|0.380523681640625
node_transformer3|total_time|4|23.908911
node_transformer3|waits|4|47
node_transformer3|messages|4|0
transformer3|min_constraint|4|0
transformer3|max_constraint|4|0
transformer13|ffinal|0|0.41805076599121094
node_transformer13|total_time|4|1.920467
node_transformer13|waits|4|3
node_transformer13|messages|4|0
transformer13|min_constraint|4|0
transformer13|max_constraint|4|0
transformer15|ffinal|0|0.41765666007995605
node_transformer15|total_time|4|1.920029
node_transformer15|waits|4|3
node_transformer15|messages|4|0
transformer15|min_constraint|4|0
transformer15|max_constraint|4|0
transformer8|ffinal|0|0.40165281295776367
node_transformer8|total_time|4|1.904108
node_transformer8|waits|4|3
node_transformer8|messages|4|0
transformer8|min_constraint|4|0
transformer8|max_constraint|4|0
transformer4|ffinal|0|0.39325761795043945
node_transformer4|total_time|4|23.921160
node_transformer4|waits|4|47
node_transformer4|messages|4|0
transformer4|min_constraint|4|0
transformer4|max_constraint|4|0
transformer6|ffinal|0|0.4272444248199463
node_transformer6|total_time|4|1.929756
node_transformer6|waits|4|3
node_transformer6|messages|4|0
transformer6|min_constraint|4|0
transformer6|max_constraint|4|0
transformer17|ffinal|0|0.43029069900512695
node_transformer17|total_time|4|1.932724
node_transformer17|waits|4|3
node_transformer17|messages|4|0
transformer17|min_constraint|4|0
transformer17|max_constraint|4|0
transformer12|ffinal|0|0.42030787467956543
node_transformer12|total_time|4|1.922625
node_transformer12|waits|4|3
node_transformer12|messages|4|0
transformer12|min_constraint|4|0
transformer12|max_constraint|4|0
transformer5|ffinal|0|0.42337894439697266
node_transformer5|total_time|4|23.952236
node_transformer5|waits|4|47
node_transformer5|messages|4|0
transformer5|min_constraint|4|0
transformer5|max_constraint|4|0
transformer0|flocal|0|0.30753159523010254
transformer0|ffinal|0|0.25986146926879883
node_transformer0|total_time|4|2.078588
node_transformer0|waits|4|3
node_transformer0|messages|4|2
transformer0|min_constraint|4|4
transformer0|max_constraint|4|4
transformer1|flocal|0|0.28702759742736816
transformer1|ffinal|0|0.26878833770751953
node_transformer1|total_time|4|2.062749
node_transformer1|waits|4|3
node_transformer1|messages|4|0
transformer1|min_constraint|4|0
transformer1|max_constraint|4|0
provider|flocal|0|0.31928181648254395
provider|ffinal|0|0.25034260749816895
node_user|total_time|4|24.144663
node_user|waits|4|47
node_user|messages|4|2
provider|min_constraint|4|2
provider|max_constraint|4|2
transformer11|ffinal|0|0.36408352851867676
node_transformer11|total_time|5|1.365718
node_transformer11|waits|5|2
node_transformer11|messages|5|0
transformer11|min_constraint|5|0
transformer11|max_constraint|5|0
transformer16|ffinal|0|0.36171913146972656
node_transformer16|total_time|5|1.363362
node_transformer16|waits|5|2
node_transformer16|messages|5|0
transformer16|min_constraint|5|0
transformer16|max_constraint|5|0
transformer12|ffinal|0|0.3726234436035156
node_transformer12|total_time|5|1.374241
node_transformer12|waits|5|2
node_transformer12|messages|5|0
transformer12|min_constraint|5|0
transformer12|max_constraint|5|0
transformer10|ffinal|0|0.37613344192504883
node_transformer10|total_time|5|1.377827
node_transformer10|waits|5|2
node_transformer10|messages|5|0
transformer10|min_constraint|5|0
transformer10|max_constraint|5|0
transformer17|ffinal|0|0.40064454078674316
node_transformer17|total_time|5|1.401859
node_transformer17|waits|5|2
node_transformer17|messages|5|0
transformer17|min_constraint|5|0
transformer17|max_constraint|5|0
transformer9|ffinal|0|0.4049553871154785
node_transformer9|total_time|5|1.406587
node_transformer9|waits|5|2
node_transformer9|messages|5|0
transformer9|min_constraint|5|0
transformer9|max_constraint|5|0
transformer2|ffinal|0|0.4035506248474121
node_transformer2|total_time|5|1.404773
node_transformer2|waits|5|2
node_transformer2|messages|5|0
transformer2|min_constraint|5|0
transformer2|max_constraint|5|0
transformer3|ffinal|0|0.38509678840637207
node_transformer3|total_time|5|1.386829
node_transformer3|waits|5|2
node_transformer3|messages|5|0
transformer3|min_constraint|5|0
transformer3|max_constraint|5|0
user|ffinal|0|0.38937878608703613
node_provider|total_time|5|1.391048
node_provider|waits|5|2
node_provider|messages|5|0
user|min_constraint|5|0
user|max_constraint|5|0
transformer6|ffinal|0|0.41115903854370117
node_transformer6|total_time|5|1.412456
node_transformer6|waits|5|2
node_transformer6|messages|5|0
transformer6|min_constraint|5|0
transformer6|max_constraint|5|0
transformer8|ffinal|0|0.4064762592315674
node_transformer8|total_time|5|1.408100
node_transformer8|waits|5|2
node_transformer8|messages|5|0
transformer8|min_constraint|5|0
transformer8|max_constraint|5|0
transformer14|ffinal|0|0.43579936027526855
node_transformer14|total_time|5|1.437508
node_transformer14|waits|5|2
node_transformer14|messages|5|0
transformer14|min_constraint|5|0
transformer14|max_constraint|5|0
transformer15|ffinal|0|0.4386451244354248
node_transformer15|total_time|5|1.440346
node_transformer15|waits|5|2
node_transformer15|messages|5|0
transformer15|min_constraint|5|0
transformer15|max_constraint|5|0
transformer13|ffinal|0|0.3712494373321533
node_transformer13|total_time|5|1.372659
node_transformer13|waits|5|2
node_transformer13|messages|5|0
transformer13|min_constraint|5|0
transformer13|max_constraint|5|0
transformer19|ffinal|0|0.4024791717529297
node_transformer19|total_time|5|1.404273
node_transformer19|waits|5|2
node_transformer19|messages|5|0
transformer19|min_constraint|5|0
transformer19|max_constraint|5|0
transformer7|ffinal|0|0.42041516304016113
node_transformer7|total_time|5|1.422128
node_transformer7|waits|5|2
node_transformer7|messages|5|0
transformer7|min_constraint|5|0
transformer7|max_constraint|5|0
transformer18|ffinal|0|0.4230177402496338
node_transformer18|total_time|5|1.424656
node_transformer18|waits|5|2
node_transformer18|messages|5|0
transformer18|min_constraint|5|0
transformer18|max_constraint|5|0
transformer4|ffinal|0|0.40705275535583496
node_transformer4|total_time|5|1.408722
node_transformer4|waits|5|2
node_transformer4|messages|5|0
transformer4|min_constraint|5|0
transformer4|max_constraint|5|0
transformer5|ffinal|0|0.4185030460357666
node_transformer5|total_time|5|1.420287
node_transformer5|waits|5|2
node_transformer5|messages|5|0
transformer5|min_constraint|5|0
transformer5|max_constraint|5|0
transformer1|flocal|0|0.299405574798584
transformer1|ffinal|0|0.3139221668243408
node_transformer1|total_time|5|1.619890
node_transformer1|waits|5|2
node_transformer1|messages|5|0
transformer1|min_constraint|5|0
transformer1|max_constraint|5|0
transformer0|flocal|0|0.3280026912689209
transformer0|ffinal|0|0.32672762870788574
node_transformer0|total_time|5|1.664900
node_transformer0|waits|5|2
node_transformer0|messages|5|2
transformer0|min_constraint|5|4
transformer0|max_constraint|5|4
provider|flocal|0|0.3427305221557617
provider|ffinal|0|0.23949766159057617
node_user|total_time|5|23.648211
node_user|waits|5|46
node_user|messages|5|2
provider|min_constraint|5|2
provider|max_constraint|5|2
user|ffinal|0|0.2900044918060303
node_provider|total_time|6|0.790987
node_provider|waits|6|1
node_provider|messages|6|0
user|min_constraint|6|0
user|max_constraint|6|0
transformer15|ffinal|0|0.3143026828765869
node_transformer15|total_time|6|0.815276
node_transformer15|waits|6|1
node_transformer15|messages|6|0
transformer15|min_constraint|6|0
transformer15|max_constraint|6|0
transformer9|ffinal|0|0.3181569576263428
node_transformer9|total_time|6|0.819134
node_transformer9|waits|6|1
node_transformer9|messages|6|0
transformer9|min_constraint|6|0
transformer9|max_constraint|6|0
transformer14|ffinal|0|0.3313877582550049
node_transformer14|total_time|6|0.832345
node_transformer14|waits|6|1
node_transformer14|messages|6|0
transformer14|min_constraint|6|0
transformer14|max_constraint|6|0
transformer3|ffinal|0|0.30916333198547363
node_transformer3|total_time|6|22.836821
node_transformer3|waits|6|45
node_transformer3|messages|6|0
transformer3|min_constraint|6|0
transformer3|max_constraint|6|0
transformer18|ffinal|0|0.30767250061035156
node_transformer18|total_time|6|22.835577
node_transformer18|waits|6|45
node_transformer18|messages|6|0
transformer18|min_constraint|6|0
transformer18|max_constraint|6|0
transformer16|ffinal|0|0.35080957412719727
node_transformer16|total_time|6|0.851777
node_transformer16|waits|6|1
node_transformer16|messages|6|0
transformer16|min_constraint|6|0
transformer16|max_constraint|6|0
transformer11|ffinal|0|0.3593912124633789
node_transformer11|total_time|6|0.860491
node_transformer11|waits|6|1
node_transformer11|messages|6|0
transformer11|min_constraint|6|0
transformer11|max_constraint|6|0
transformer17|ffinal|0|0.31856226921081543
node_transformer17|total_time|6|22.844497
node_transformer17|waits|6|45
node_transformer17|messages|6|0
transformer17|min_constraint|6|0
transformer17|max_constraint|6|0
transformer5|ffinal|0|0.35849976539611816
node_transformer5|total_time|6|0.859483
node_transformer5|waits|6|1
node_transformer5|messages|6|0
transformer5|min_constraint|6|0
transformer5|max_constraint|6|0
transformer13|ffinal|0|0.35915374755859375
node_transformer13|total_time|6|22.886368
node_transformer13|waits|6|45
node_transformer13|messages|6|0
transformer13|min_constraint|6|0
transformer13|max_constraint|6|0
transformer8|ffinal|0|0.3559238910675049
node_transformer8|total_time|6|22.883272
node_transformer8|waits|6|45
node_transformer8|messages|6|0
transformer8|min_constraint|6|0
transformer8|max_constraint|6|0
transformer10|ffinal|0|0.3631141185760498
node_transformer10|total_time|6|22.890947
node_transformer10|waits|6|45
node_transformer10|messages|6|0
transformer10|min_constraint|6|0
transformer10|max_constraint|6|0
transformer6|ffinal|0|0.3612525463104248
node_transformer6|total_time|6|22.888619
node_transformer6|waits|6|45
node_transformer6|messages|6|0
transformer6|min_constraint|6|0
transformer6|max_constraint|6|0
transformer12|ffinal|0|0.35541868209838867
node_transformer12|total_time|6|22.883758
node_transformer12|waits|6|45
node_transformer12|messages|6|0
transformer12|min_constraint|6|0
transformer12|max_constraint|6|0
transformer19|ffinal|0|0.33377885818481445
node_transformer19|total_time|6|22.861907
node_transformer19|waits|6|45
node_transformer19|messages|6|0
transformer19|min_constraint|6|0
transformer19|max_constraint|6|0
transformer4|ffinal|0|0.3554799556732178
node_transformer4|total_time|6|22.882958
node_transformer4|waits|6|45
node_transformer4|messages|6|0
transformer4|min_constraint|6|0
transformer4|max_constraint|6|0
transformer7|ffinal|0|0.36080288887023926
node_transformer7|total_time|6|22.887880
node_transformer7|waits|6|45
node_transformer7|messages|6|0
transformer7|min_constraint|6|0
transformer7|max_constraint|6|0
transformer2|ffinal|0|0.3782186508178711
node_transformer2|total_time|6|22.906541
node_transformer2|waits|6|45
node_transformer2|messages|6|0
transformer2|min_constraint|6|0
transformer2|max_constraint|6|0
transformer1|flocal|0|0.23106598854064941
transformer1|ffinal|0|0.29665374755859375
node_transformer1|total_time|6|1.032803
node_transformer1|waits|6|1
node_transformer1|messages|6|0
transformer1|min_constraint|6|0
transformer1|max_constraint|6|0
transformer0|flocal|0|0.20029234886169434
transformer0|ffinal|0|0.29986143112182617
node_transformer0|total_time|6|23.036350
node_transformer0|waits|6|45
node_transformer0|messages|6|2
transformer0|min_constraint|6|4
transformer0|max_constraint|6|4
provider|flocal|0|0.2674236297607422
provider|ffinal|0|0.2696073055267334
node_user|total_time|6|23.103076
node_user|waits|6|45
node_user|messages|6|2
provider|min_constraint|6|2
provider|max_constraint|6|2
transformer1|flocal|0|0.22924470901489258
transformer1|ffinal|0|0.21959328651428223
node_transformer1|total_time|7|1.955242
node_transformer1|waits|7|3
node_transformer1|messages|7|0
transformer1|min_constraint|7|0
transformer1|max_constraint|7|0
transformer4|ffinal|0|0.21185731887817383
node_transformer4|total_time|7|2.214676
node_transformer4|waits|7|4
node_transformer4|messages|7|0
transformer4|min_constraint|7|0
transformer4|max_constraint|7|0
transformer3|ffinal|0|0.21145987510681152
node_transformer3|total_time|7|2.214406
node_transformer3|waits|7|4
node_transformer3|messages|7|0
transformer3|min_constraint|7|0
transformer3|max_constraint|7|0
transformer12|ffinal|0|0.21004486083984375
node_transformer12|total_time|7|2.212844
node_transformer12|waits|7|4
node_transformer12|messages|7|0
transformer12|min_constraint|7|0
transformer12|max_constraint|7|0
transformer0|flocal|0|0.20289325714111328
transformer0|ffinal|0|0.20129847526550293
node_transformer0|total_time|7|2.415377
node_transformer0|waits|7|4
node_transformer0|messages|7|2
transformer0|min_constraint|7|4
transformer0|max_constraint|7|4
provider|flocal|0|0.21584630012512207
provider|ffinal|0|0.20058894157409668
node_user|total_time|7|2.465940
node_user|waits|7|4
node_user|messages|7|2
provider|min_constraint|7|2
provider|max_constraint|7|2
transformer11|ffinal|0|0.34093785285949707
node_transformer11|total_time|7|0.341347
node_transformer11|waits|7|0
node_transformer11|messages|7|0
transformer11|min_constraint|7|0
transformer11|max_constraint|7|0
transformer9|ffinal|0|0.33977317810058594
node_transformer9|total_time|7|0.340238
node_transformer9|waits|7|0
node_transformer9|messages|7|0
transformer9|min_constraint|7|0
transformer9|max_constraint|7|0
transformer2|ffinal|0|0.3376588821411133
node_transformer2|total_time|7|0.338075
node_transformer2|waits|7|0
node_transformer2|messages|7|0
transformer2|min_constraint|7|0
transformer2|max_constraint|7|0
transformer15|ffinal|0|0.3574695587158203
node_transformer15|total_time|7|0.357950
node_transformer15|waits|7|0
node_transformer15|messages|7|0
transformer15|min_constraint|7|0
transformer15|max_constraint|7|0
transformer14|ffinal|0|0.40343499183654785
node_transformer14|total_time|7|0.403900
node_transformer14|waits|7|0
node_transformer14|messages|7|0
transformer14|min_constraint|7|0
transformer14|max_constraint|7|0
transformer19|ffinal|0|0.39421772956848145
node_transformer19|total_time|7|0.394666
node_transformer19|waits|7|0
node_transformer19|messages|7|0
transformer19|min_constraint|7|0
transformer19|max_constraint|7|0
user|ffinal|0|0.3800537586212158
node_provider|total_time|7|0.380450
node_provider|waits|7|0
node_provider|messages|7|0
user|min_constraint|7|0
user|max_constraint|7|0
transformer10|ffinal|0|0.39812755584716797
node_transformer10|total_time|7|0.398710
node_transformer10|waits|7|0
node_transformer10|messages|7|0
transformer10|min_constraint|7|0
transformer10|max_constraint|7|0
transformer18|ffinal|0|0.41669392585754395
node_transformer18|total_time|7|0.417224
node_transformer18|waits|7|0
node_transformer18|messages|7|0
transformer18|min_constraint|7|0
transformer18|max_constraint|7|0
transformer7|ffinal|0|0.39877939224243164
node_transformer7|total_time|7|0.399250
node_transformer7|waits|7|0
node_transformer7|messages|7|0
transformer7|min_constraint|7|0
transformer7|max_constraint|7|0
transformer16|ffinal|0|0.43033432960510254
node_transformer16|total_time|7|0.430801
node_transformer16|waits|7|0
node_transformer16|messages|7|0
transformer16|min_constraint|7|0
transformer16|max_constraint|7|0
transformer6|ffinal|0|0.4340400695800781
node_transformer6|total_time|7|0.434618
node_transformer6|waits|7|0
node_transformer6|messages|7|0
transformer6|min_constraint|7|0
transformer6|max_constraint|7|0
transformer8|ffinal|0|0.405548095703125
node_transformer8|total_time|7|0.406143
node_transformer8|waits|7|0
node_transformer8|messages|7|0
transformer8|min_constraint|7|0
transformer8|max_constraint|7|0
transformer5|ffinal|0|0.4234936237335205
node_transformer5|total_time|7|0.423944
node_transformer5|waits|7|0
node_transformer5|messages|7|0
transformer5|min_constraint|7|0
transformer5|max_constraint|7|0
transformer17|ffinal|0|0.39331507682800293
node_transformer17|total_time|7|0.393781
node_transformer17|waits|7|0
node_transformer17|messages|7|0
transformer17|min_constraint|7|0
transformer17|max_constraint|7|0
transformer13|ffinal|0|0.43183231353759766
node_transformer13|total_time|7|0.432253
node_transformer13|waits|7|0
node_transformer13|messages|7|0
transformer13|min_constraint|7|0
transformer13|max_constraint|7|0
transformer18|ffinal|0|0.3807187080383301
node_transformer18|total_time|8|1.382491
node_transformer18|waits|8|2
node_transformer18|messages|8|0
transformer18|min_constraint|8|0
transformer18|max_constraint|8|0
transformer19|ffinal|0|0.39789772033691406
node_transformer19|total_time|8|1.399526
node_transformer19|waits|8|2
node_transformer19|messages|8|0
transformer19|min_constraint|8|0
transformer19|max_constraint|8|0
transformer7|ffinal|0|0.39897680282592773
node_transformer7|total_time|8|1.400749
node_transformer7|waits|8|2
node_transformer7|messages|8|0
transformer7|min_constraint|8|0
transformer7|max_constraint|8|0
transformer17|ffinal|0|0.4000859260559082
node_transformer17|total_time|8|1.401353
node_transformer17|waits|8|2
node_transformer17|messages|8|0
transformer17|min_constraint|8|0
transformer17|max_constraint|8|0
transformer15|ffinal|0|0.3773937225341797
node_transformer15|total_time|8|1.379221
node_transformer15|waits|8|2
node_transformer15|messages|8|0
transformer15|min_constraint|8|0
transformer15|max_constraint|8|0
transformer11|ffinal|0|0.420391321182251
node_transformer11|total_time|8|1.422164
node_transformer11|waits|8|2
node_transformer11|messages|8|0
transformer11|min_constraint|8|0
transformer11|max_constraint|8|0
transformer9|ffinal|0|0.38582944869995117
node_transformer9|total_time|8|1.387333
node_transformer9|waits|8|2
node_transformer9|messages|8|0
transformer9|min_constraint|8|0
transformer9|max_constraint|8|0
user|ffinal|0|0.41243934631347656
node_provider|total_time|8|1.414274
node_provider|waits|8|2
node_provider|messages|8|0
user|min_constraint|8|0
user|max_constraint|8|0
transformer16|ffinal|0|0.4064676761627197
node_transformer16|total_time|8|1.407981
node_transformer16|waits|8|2
node_transformer16|messages|8|0
transformer16|min_constraint|8|0
transformer16|max_constraint|8|0
transformer12|ffinal|0|0.43445920944213867
node_transformer12|total_time|8|1.436131
node_transformer12|waits|8|2
node_transformer12|messages|8|0
transformer12|min_constraint|8|0
transformer12|max_constraint|8|0
transformer13|ffinal|0|0.40830135345458984
node_transformer13|total_time|8|1.409879
node_transformer13|waits|8|2
node_transformer13|messages|8|0
transformer13|min_constraint|8|0
transformer13|max_constraint|8|0
transformer14|ffinal|0|0.4099447727203369
node_transformer14|total_time|8|1.411621
node_transformer14|waits|8|2
node_transformer14|messages|8|0
transformer14|min_constraint|8|0
transformer14|max_constraint|8|0
transformer4|ffinal|0|0.41013073921203613
node_transformer4|total_time|8|1.411867
node_transformer4|waits|8|2
node_transformer4|messages|8|0
transformer4|min_constraint|8|0
transformer4|max_constraint|8|0
transformer6|ffinal|0|0.4302494525909424
node_transformer6|total_time|8|1.432020
node_transformer6|waits|8|2
node_transformer6|messages|8|0
transformer6|min_constraint|8|0
transformer6|max_constraint|8|0
transformer10|ffinal|0|0.3898916244506836
node_transformer10|total_time|8|23.418434
node_transformer10|waits|8|46
node_transformer10|messages|8|0
transformer10|min_constraint|8|0
transformer10|max_constraint|8|0
transformer3|ffinal|0|0.42131733894348145
node_transformer3|total_time|8|1.422989
node_transformer3|waits|8|2
node_transformer3|messages|8|0
transformer3|min_constraint|8|0
transformer3|max_constraint|8|0
transformer5|ffinal|0|0.4239816665649414
node_transformer5|total_time|8|1.425754
node_transformer5|waits|8|2
node_transformer5|messages|8|0
transformer5|min_constraint|8|0
transformer5|max_constraint|8|0
transformer8|ffinal|0|0.44063735008239746
node_transformer8|total_time|8|1.442189
node_transformer8|waits|8|2
node_transformer8|messages|8|0
transformer8|min_constraint|8|0
transformer8|max_constraint|8|0
transformer2|ffinal|0|0.42853212356567383
node_transformer2|total_time|8|1.430294
node_transformer2|waits|8|2
node_transformer2|messages|8|0
transformer2|min_constraint|8|0
transformer2|max_constraint|8|0
transformer1|flocal|0|0.29804086685180664
transformer1|ffinal|0|0.30364394187927246
node_transformer1|total_time|8|1.607567
node_transformer1|waits|8|2
node_transformer1|messages|8|0
transformer1|min_constraint|8|0
transformer1|max_constraint|8|0
transformer0|flocal|0|0.3302121162414551
transformer0|ffinal|0|0.25768423080444336
node_transformer0|total_time|8|1.596693
node_transformer0|waits|8|2
node_transformer0|messages|8|2
transformer0|min_constraint|8|4
transformer0|max_constraint|8|4
provider|flocal|0|0.3534250259399414
provider|ffinal|0|0.3679821491241455
node_user|total_time|8|23.787594
node_user|waits|8|46
node_user|messages|8|2
provider|min_constraint|8|2
provider|max_constraint|8|2
transformer1|flocal|0|0.3250417709350586
transformer1|ffinal|0|0.26171374320983887
node_transformer1|total_time|9|2.594219
node_transformer1|waits|9|4
node_transformer1|messages|9|0
transformer1|min_constraint|9|0
transformer1|max_constraint|9|0
transformer0|flocal|0|0.2850985527038574
transformer0|ffinal|0|0.2767469882965088
node_transformer0|total_time|9|2.573625
node_transformer0|waits|9|4
node_transformer0|messages|9|2
transformer0|min_constraint|9|4
transformer0|max_constraint|9|4
transformer17|ffinal|0|0.41241931915283203
node_transformer17|total_time|9|2.915914
node_transformer17|waits|9|5
node_transformer17|messages|9|0
transformer17|min_constraint|9|0
transformer17|max_constraint|9|0
transformer14|ffinal|0|0.40508460998535156
node_transformer14|total_time|9|2.908537
node_transformer14|waits|9|5
node_transformer14|messages|9|0
transformer14|min_constraint|9|0
transformer14|max_constraint|9|0
user|ffinal|0|0.3881099224090576
node_provider|total_time|9|2.891414
node_provider|waits|9|5
node_provider|messages|9|0
user|min_constraint|9|0
user|max_constraint|9|0
transformer16|ffinal|0|0.4186692237854004
node_transformer16|total_time|9|2.922159
node_transformer16|waits|9|5
node_transformer16|messages|9|0
transformer16|min_constraint|9|0
transformer16|max_constraint|9|0
transformer19|ffinal|0|0.4056375026702881
node_transformer19|total_time|9|2.908989
node_transformer19|waits|9|5
node_transformer19|messages|9|0
transformer19|min_constraint|9|0
transformer19|max_constraint|9|0
transformer10|ffinal|0|0.34898805618286133
node_transformer10|total_time|9|2.852330
node_transformer10|waits|9|5
node_transformer10|messages|9|0
transformer10|min_constraint|9|0
transformer10|max_constraint|9|0
transformer12|ffinal|0|0.39054226875305176
node_transformer12|total_time|9|2.894167
node_transformer12|waits|9|5
node_transformer12|messages|9|0
transformer12|min_constraint|9|0
transformer12|max_constraint|9|0
transformer9|ffinal|0|0.36016178131103516
node_transformer9|total_time|9|2.863562
node_transformer9|waits|9|5
node_transformer9|messages|9|0
transformer9|min_constraint|9|0
transformer9|max_constraint|9|0
transformer11|ffinal|0|0.41735219955444336
node_transformer11|total_time|9|2.921052
node_transformer11|waits|9|5
node_transformer11|messages|9|0
transformer11|min_constraint|9|0
transformer11|max_constraint|9|0
transformer4|ffinal|0|0.3747828006744385
node_transformer4|total_time|9|2.878278
node_transformer4|waits|9|5
node_transformer4|messages|9|0
transformer4|min_constraint|9|0
transformer4|max_constraint|9|0
transformer13|ffinal|0|0.4512512683868408
node_transformer13|total_time|9|2.954862
node_transformer13|waits|9|5
node_transformer13|messages|9|0
transformer13|min_constraint|9|0
transformer13|max_constraint|9|0
transformer3|ffinal|0|0.40839123725891113
node_transformer3|total_time|9|2.911944
node_transformer3|waits|9|5
node_transformer3|messages|9|0
transformer3|min_constraint|9|0
transformer3|max_constraint|9|0
transformer5|ffinal|0|0.3875446319580078
node_transformer5|total_time|9|2.890211
node_transformer5|waits|9|5
node_transformer5|messages|9|0
transformer5|min_constraint|9|0
transformer5|max_constraint|9|0
transformer8|ffinal|0|0.41351771354675293
node_transformer8|total_time|9|2.917098
node_transformer8|waits|9|5
node_transformer8|messages|9|0
transformer8|min_constraint|9|0
transformer8|max_constraint|9|0
transformer7|ffinal|0|0.4214150905609131
node_transformer7|total_time|9|2.924994
node_transformer7|waits|9|5
node_transformer7|messages|9|0
transformer7|min_constraint|9|0
transformer7|max_constraint|9|0
transformer2|ffinal|0|0.4268465042114258
node_transformer2|total_time|9|2.930447
node_transformer2|waits|9|5
node_transformer2|messages|9|0
transformer2|min_constraint|9|0
transformer2|max_constraint|9|0
provider|flocal|0|0.30519604682922363
provider|ffinal|0|0.28777122497558594
node_user|total_time|9|3.139720
node_user|waits|9|5
node_user|messages|9|2
provider|min_constraint|9|2
provider|max_constraint|9|2
transformer6|ffinal|0|0.2827162742614746
node_transformer6|total_time|9|0.283145
node_transformer6|waits|9|0
node_transformer6|messages|9|0
transformer6|min_constraint|9|0
transformer6|max_constraint|9|0
transformer15|ffinal|0|0.3098735809326172
node_transformer15|total_time|9|0.310278
node_transformer15|waits|9|0
node_transformer15|messages|9|0
transformer15|min_constraint|9|0
transformer15|max_constraint|9|0
transformer18|ffinal|0|0.288285493850708
node_transformer18|total_time|9|0.288626
node_transformer18|waits|9|0
node_transformer18|messages|9|0
transformer18|min_constraint|9|0
transformer18|max_constraint|9|0
