enduser|flocal|9|0.4424753189086914
enduser|ffinal|9|2.1340160369873047
node_enduser|total_time|9|27.005588
node_enduser|loops|9|901394
node_enduser|messages|9|4
enduser|min_constraint|9|2
enduser|max_constraint|9|2
provider|flocal|9|0.5337905883789062
provider|ffinal|9|2.5771186351776123
node_provider|total_time|9|27.310668
node_provider|loops|9|699696
node_provider|messages|9|6
provider|min_constraint|9|1
provider|max_constraint|9|1
user0|flocal|9|0.49639320373535156
user0|ffinal|9|2.617748737335205
node_user0|total_time|9|22.486331
node_user0|loops|9|89784
node_user0|messages|9|6
user0|min_constraint|9|2
user0|max_constraint|9|2
user10|flocal|9|1.9644629955291748
user10|flocal|9|2.1153392791748047
user10|funsat|9|11.716946125030518
user10|funsat|9|7.160366773605347
node_user10|total_time|9|23.735000
node_user10|loops|9|562
node_user10|messages|9|12
user10|min_constraint|9|8
user10|max_constraint|9|8
user11|flocal|9|2.1214351654052734
user11|flocal|9|1.953899621963501
user11|funsat|9|11.084675550460815
user11|funsat|9|7.159189224243164
node_user11|total_time|9|23.262687
node_user11|loops|9|625
node_user11|messages|9|12
user11|min_constraint|9|8
user11|max_constraint|9|8
user12|flocal|9|2.475368022918701
user12|flocal|9|2.479870080947876
user12|funsat|9|10.004525184631348
user12|funsat|9|6.729248046875
node_user12|total_time|9|22.746059
node_user12|loops|9|13141
node_user12|messages|9|12
user12|min_constraint|9|9
user12|max_constraint|9|9
user13|flocal|9|2.41715407371521
user13|flocal|9|2.0650570392608643
user13|flocal|9|3.2503292560577393
user13|funsat|9|11.399806499481201
user13|funsat|9|4.041949510574341
node_user13|total_time|9|23.818991
node_user13|loops|9|17600
node_user13|messages|9|12
user13|min_constraint|9|9
user13|max_constraint|9|9
user14|flocal|9|1.9221084117889404
user14|flocal|9|2.4735312461853027
user14|flocal|9|2.0548765659332275
user14|funsat|9|9.682192325592041
user14|funsat|9|6.324769735336304
node_user14|total_time|9|22.940136
node_user14|loops|9|2190
node_user14|messages|9|18
user14|min_constraint|9|9
user14|max_constraint|9|9
user15|flocal|9|2.6680524349212646
user15|funsat|9|11.30928921699524
user15|funsat|9|6.683713912963867
node_user15|total_time|9|22.481005
node_user15|loops|9|34384
node_user15|messages|9|5
user15|min_constraint|9|10
user15|max_constraint|9|10
user16|flocal|9|2.569925308227539
user16|funsat|9|10.018181800842285
user16|funsat|9|6.19125509262085
node_user16|total_time|9|20.579042
node_user16|loops|9|16615
node_user16|messages|9|5
user16|min_constraint|9|10
user16|max_constraint|9|10
user17|flocal|9|2.449554204940796
user17|funsat|9|10.874810457229614
user17|funsat|9|6.797820806503296
node_user17|total_time|9|21.366016
node_user17|loops|9|18235
node_user17|messages|9|5
user17|min_constraint|9|10
user17|max_constraint|9|10
user18|flocal|9|3.182452917098999
user18|funsat|9|10.004944801330566
user18|funsat|9|6.329453706741333
node_user18|total_time|9|19.822278
node_user18|loops|9|382
node_user18|messages|9|6
user18|min_constraint|9|3
user18|max_constraint|9|3
user19|flocal|9|2.805438995361328
user19|funsat|9|7.712592363357544
user19|funsat|9|5.912418603897095
node_user19|total_time|9|19.074632
node_user19|loops|9|2853
node_user19|messages|9|6
user19|min_constraint|9|3
user19|max_constraint|9|3
user1|flocal|9|0.5590534210205078
user1|ffinal|9|2.2212557792663574
node_user1|total_time|9|21.848846
node_user1|loops|9|101008
node_user1|messages|9|6
user1|min_constraint|9|2
user1|max_constraint|9|2
user2|flocal|9|0.5929374694824219
user2|ffinal|9|2.299332618713379
node_user2|total_time|9|21.649740
node_user2|loops|9|73555
node_user2|messages|9|6
user2|min_constraint|9|2
user2|max_constraint|9|2
user3|flocal|9|0.691845178604126
user3|flocal|9|0.8674294948577881
user3|ffinal|9|2.4277384281158447
node_user3|total_time|9|21.621747
node_user3|loops|9|34684
node_user3|messages|9|12
user3|min_constraint|9|6
user3|max_constraint|9|6
user4|flocal|9|0.9416344165802002
user4|ffinal|9|1.5613155364990234
node_user4|total_time|9|19.918888
node_user4|loops|9|79332
node_user4|messages|9|6
user4|min_constraint|9|6
user4|max_constraint|9|6
user5|flocal|9|0.9751260280609131
user5|ffinal|9|2.440462350845337
node_user5|total_time|9|20.555703
node_user5|loops|9|94032
node_user5|messages|9|6
user5|min_constraint|9|6
user5|max_constraint|9|6
user6|flocal|9|1.255432367324829
user6|flocal|9|1.452430248260498
user6|ffinal|9|2.3766069412231445
node_user6|total_time|9|20.246835
node_user6|loops|9|38971
node_user6|messages|9|12
user6|min_constraint|9|6
user6|max_constraint|9|6
user7|flocal|9|1.7190375328063965
user7|flocal|9|1.8535537719726562
user7|ffinal|9|2.567326307296753
node_user7|total_time|9|19.999564
node_user7|loops|9|25215
node_user7|messages|9|12
user7|min_constraint|9|6
user7|max_constraint|9|6
user8|flocal|9|1.757190227508545
user8|ffinal|9|2.7275898456573486
node_user8|total_time|9|20.011210
node_user8|loops|9|43393
node_user8|messages|9|6
user8|min_constraint|9|6
user8|max_constraint|9|6
user9|flocal|9|1.4942166805267334
user9|flocal|9|2.12199068069458
user9|funsat|9|8.966436624526978
user9|funsat|9|6.870080232620239
node_user9|total_time|9|23.680175
node_user9|loops|9|10684
node_user9|messages|9|12
user9|min_constraint|9|7
user9|max_constraint|9|7
enduser|flocal|8|0.4501345157623291
enduser|ffinal|8|1.603797197341919
node_enduser|total_time|8|28.872488
node_enduser|loops|8|783855
node_enduser|messages|8|4
enduser|min_constraint|8|2
enduser|max_constraint|8|2
provider|flocal|8|0.5296151638031006
provider|ffinal|8|2.3296236991882324
node_provider|total_time|8|29.539125
node_provider|loops|8|590105
node_provider|messages|8|6
provider|min_constraint|8|1
provider|max_constraint|8|1
user0|flocal|8|0.4882681369781494
user0|ffinal|8|2.5286693572998047
node_user0|total_time|8|26.239750
node_user0|loops|8|138729
node_user0|messages|8|6
user0|min_constraint|8|2
user0|max_constraint|8|2
user10|flocal|8|2.0492608547210693
user10|flocal|8|2.1319894790649414
user10|flocal|8|3.0450334548950195
user10|funsat|8|10.688258409500122
user10|funsat|8|6.756807088851929
node_user10|total_time|8|26.739582
node_user10|loops|8|4
node_user10|messages|8|12
user10|min_constraint|8|7
user10|max_constraint|8|7
user11|flocal|8|2.1271703243255615
user11|flocal|8|3.245394468307495
user11|funsat|8|9.645142793655396
user11|funsat|8|7.346448659896851
node_user11|total_time|8|26.963785
node_user11|loops|8|8
node_user11|messages|8|12
user11|min_constraint|8|7
user11|max_constraint|8|7
user12|flocal|8|3.3067572116851807
user12|flocal|8|3.469291925430298
user12|flocal|8|1.726426601409912
user12|ffinal|8|2.4211692810058594
node_user12|total_time|8|21.259305
node_user12|loops|8|33998
node_user12|messages|8|12
user12|min_constraint|8|6
user12|max_constraint|8|6
user13|flocal|8|3.546250104904175
user13|flocal|8|3.0358986854553223
user13|flocal|8|2.3415818214416504
user13|ffinal|8|2.6558351516723633
node_user13|total_time|8|21.444960
node_user13|loops|8|19057
node_user13|messages|8|12
user13|min_constraint|8|6
user13|max_constraint|8|6
user14|flocal|8|3.7886948585510254
user14|flocal|8|3.584846019744873
user14|ffinal|8|1.8107407093048096
node_user14|total_time|8|19.453345
node_user14|loops|8|31662
node_user14|messages|8|12
user14|min_constraint|8|6
user14|max_constraint|8|6
user15|flocal|8|2.8642499446868896
user15|funsat|8|9.243281841278076
user15|funsat|8|6.7466208934783936
node_user15|total_time|8|24.456941
node_user15|loops|8|46608
node_user15|messages|8|4
user15|min_constraint|8|9
user15|max_constraint|8|9
user16|flocal|8|3.351350784301758
user16|funsat|8|11.24196457862854
user16|funsat|8|6.924634695053101
node_user16|total_time|8|24.724714
node_user16|loops|8|79583
node_user16|messages|8|4
user16|min_constraint|8|10
user16|max_constraint|8|10
user17|flocal|8|3.4080142974853516
user17|funsat|8|9.664722204208374
user17|funsat|8|7.135592699050903
node_user17|total_time|8|23.953225
node_user17|loops|8|28256
node_user17|messages|8|4
user17|min_constraint|8|10
user17|max_constraint|8|10
user18|flocal|8|3.4429898262023926
user18|funsat|8|10.58161449432373
user18|funsat|8|5.577229022979736
node_user18|total_time|8|21.960633
node_user18|loops|8|4320
node_user18|messages|8|6
user18|min_constraint|8|3
user18|max_constraint|8|3
user19|flocal|8|3.5213840007781982
user19|funsat|8|11.920488595962524
user19|funsat|8|6.808259963989258
node_user19|total_time|8|23.670949
node_user19|loops|8|3011
node_user19|messages|8|6
user19|min_constraint|8|4
user19|max_constraint|8|4
user1|flocal|8|0.5466797351837158
user1|ffinal|8|2.273378849029541
node_user1|total_time|8|25.552042
node_user1|loops|8|98645
node_user1|messages|8|6
user1|min_constraint|8|2
user1|max_constraint|8|2
user2|flocal|8|0.6275029182434082
user2|ffinal|8|1.74725341796875
node_user2|total_time|8|24.566485
node_user2|loops|8|74547
node_user2|messages|8|6
user2|min_constraint|8|2
user2|max_constraint|8|2
user3|flocal|8|0.7254595756530762
user3|flocal|8|0.9847373962402344
user3|ffinal|8|2.220916986465454
node_user3|total_time|8|25.186463
node_user3|loops|8|43216
node_user3|messages|8|12
user3|min_constraint|8|6
user3|max_constraint|8|6
user4|flocal|8|0.9812815189361572
user4|ffinal|8|1.4199016094207764
node_user4|total_time|8|23.867234
node_user4|loops|8|55051
node_user4|messages|8|6
user4|min_constraint|8|6
user4|max_constraint|8|6
user5|flocal|8|1.06773042678833
user5|ffinal|8|1.9560742378234863
node_user5|total_time|8|23.818651
node_user5|loops|8|54378
node_user5|messages|8|6
user5|min_constraint|8|6
user5|max_constraint|8|6
user6|flocal|8|1.7138056755065918
user6|flocal|8|1.5427637100219727
user6|funsat|8|12.38337516784668
user6|funsat|8|7.498608589172363
node_user6|total_time|8|28.648084
node_user6|loops|8|5374
node_user6|messages|8|12
user6|min_constraint|8|7
user6|max_constraint|8|7
user7|flocal|8|1.4909985065460205
user7|flocal|8|2.864287853240967
user7|funsat|8|11.031804084777832
user7|funsat|8|6.856385946273804
node_user7|total_time|8|28.658959
node_user7|loops|8|911
node_user7|messages|8|12
user7|min_constraint|8|7
user7|max_constraint|8|7
user8|flocal|8|2.487039566040039
user8|funsat|8|12.284579992294312
user8|funsat|8|6.646979808807373
node_user8|total_time|8|27.167387
node_user8|loops|8|3537
node_user8|messages|8|6
user8|min_constraint|8|7
user8|max_constraint|8|7
user9|flocal|8|3.06088924407959
user9|flocal|8|2.6058592796325684
user9|funsat|8|10.373806715011597
user9|funsat|8|7.550045013427734
node_user9|total_time|8|27.775540
node_user9|loops|8|8164
node_user9|messages|8|12
user9|min_constraint|8|7
user9|max_constraint|8|7
enduser|flocal|7|0.45929837226867676
enduser|ffinal|7|2.2973744869232178
node_enduser|total_time|7|28.819844
node_enduser|loops|7|708139
node_enduser|messages|7|4
enduser|min_constraint|7|2
enduser|max_constraint|7|2
provider|flocal|7|0.528331995010376
provider|ffinal|7|3.0609099864959717
node_provider|total_time|7|29.921301
node_provider|loops|7|545932
node_provider|messages|7|6
provider|min_constraint|7|1
provider|max_constraint|7|1
user0|flocal|7|0.5050857067108154
user0|ffinal|7|2.1141748428344727
node_user0|total_time|7|23.937216
node_user0|loops|7|93638
node_user0|messages|7|6
user0|min_constraint|7|2
user0|max_constraint|7|2
user10|flocal|7|1.5834503173828125
user10|flocal|7|2.040370225906372
user10|flocal|7|1.810469627380371
user10|funsat|7|9.66714596748352
user10|funsat|7|7.8589935302734375
node_user10|total_time|7|25.749720
node_user10|loops|7|1194
node_user10|messages|7|12
user10|min_constraint|7|9
user10|max_constraint|7|9
user11|flocal|7|1.7529633045196533
user11|flocal|7|1.9074504375457764
user11|funsat|7|11.260483503341675
user11|funsat|7|6.09754753112793
node_user11|total_time|7|23.522398
node_user11|loops|7|2066
node_user11|messages|7|12
user11|min_constraint|7|7
user11|max_constraint|7|7
user12|flocal|7|3.4629111289978027
user12|flocal|7|2.7864325046539307
user12|funsat|7|11.94103479385376
user12|funsat|7|7.14716362953186
node_user12|total_time|7|26.415080
node_user12|loops|7|17307
node_user12|messages|7|12
user12|min_constraint|7|8
user12|max_constraint|7|8
user13|flocal|7|3.8186657428741455
user13|flocal|7|2.9750735759735107
user13|funsat|7|9.768592834472656
user13|funsat|7|7.71692419052124
node_user13|total_time|7|24.829731
node_user13|loops|7|3387
node_user13|messages|7|12
user13|min_constraint|7|9
user13|max_constraint|7|9
user14|flocal|7|3.7054998874664307
user14|flocal|7|3.3558883666992188
user14|funsat|7|9.589103698730469
user14|funsat|7|8.03743052482605
node_user14|total_time|7|25.033910
node_user14|loops|7|2
node_user14|messages|7|12
user14|min_constraint|7|9
user14|max_constraint|7|9
user15|flocal|7|2.068263053894043
user15|funsat|7|9.977353811264038
user15|funsat|7|6.704551935195923
node_user15|total_time|7|23.072675
node_user15|loops|7|50724
node_user15|messages|7|5
user15|min_constraint|7|7
user15|max_constraint|7|7
user16|flocal|7|3.305501699447632
user16|funsat|7|11.062840700149536
user16|funsat|7|7.60310435295105
node_user16|total_time|7|24.954243
node_user16|loops|7|40539
node_user16|messages|7|5
user16|min_constraint|7|9
user16|max_constraint|7|9
user17|flocal|7|2.5410423278808594
user17|funsat|7|8.444359302520752
user17|funsat|7|7.341073751449585
node_user17|total_time|7|23.134205
node_user17|loops|7|37743
node_user17|messages|7|5
user17|min_constraint|7|7
user17|max_constraint|7|7
user18|flocal|7|2.6292076110839844
user18|funsat|7|10.641081094741821
user18|funsat|7|7.122503757476807
node_user18|total_time|7|22.237625
node_user18|loops|7|8141
node_user18|messages|7|6
user18|min_constraint|7|3
user18|max_constraint|7|3
user19|flocal|7|2.2995548248291016
user19|funsat|7|10.190682411193848
user19|funsat|7|6.345051288604736
node_user19|total_time|7|21.490199
node_user19|loops|7|3975
node_user19|messages|7|6
user19|min_constraint|7|3
user19|max_constraint|7|3
user1|flocal|7|0.5963726043701172
user1|ffinal|7|2.485297679901123
node_user1|total_time|7|24.018757
node_user1|loops|7|83392
node_user1|messages|7|6
user1|min_constraint|7|2
user1|max_constraint|7|2
user2|flocal|7|0.6347169876098633
user2|ffinal|7|2.5365149974823
node_user2|total_time|7|23.601967
node_user2|loops|7|92098
node_user2|messages|7|6
user2|min_constraint|7|2
user2|max_constraint|7|2
user3|flocal|7|0.8996825218200684
user3|flocal|7|0.7228384017944336
user3|ffinal|7|2.5460686683654785
node_user3|total_time|7|23.499947
node_user3|loops|7|38131
node_user3|messages|7|12
user3|min_constraint|7|6
user3|max_constraint|7|6
user4|flocal|7|0.9675302505493164
user4|ffinal|7|2.572613000869751
node_user4|total_time|7|22.555715
node_user4|loops|7|45463
node_user4|messages|7|6
user4|min_constraint|7|6
user4|max_constraint|7|6
user5|flocal|7|0.9287416934967041
user5|ffinal|7|1.837352991104126
node_user5|total_time|7|21.917853
node_user5|loops|7|71341
node_user5|messages|7|6
user5|min_constraint|7|6
user5|max_constraint|7|6
user6|flocal|7|1.291327953338623
user6|flocal|7|1.44020676612854
user6|funsat|7|9.141423225402832
user6|funsat|7|7.632888317108154
node_user6|total_time|7|26.970535
node_user6|loops|7|6978
node_user6|messages|7|12
user6|min_constraint|7|7
user6|max_constraint|7|7
user7|flocal|7|1.2768089771270752
user7|flocal|7|1.4789044857025146
user7|funsat|7|8.620374202728271
user7|funsat|7|8.073744773864746
node_user7|total_time|7|27.342960
node_user7|loops|7|22055
node_user7|messages|7|12
user7|min_constraint|7|7
user7|max_constraint|7|7
user8|flocal|7|1.6551406383514404
user8|funsat|7|8.243609189987183
user8|funsat|7|7.3381617069244385
node_user8|total_time|7|26.106942
node_user8|loops|7|11436
node_user8|messages|7|6
user8|min_constraint|7|7
user8|max_constraint|7|7
user9|flocal|7|1.2839126586914062
user9|flocal|7|2.054241180419922
user9|flocal|7|2.9679410457611084
user9|funsat|7|10.925034284591675
user9|funsat|7|8.395661115646362
node_user9|total_time|7|26.879223
node_user9|loops|7|5245
node_user9|messages|7|12
user9|min_constraint|7|9
user9|max_constraint|7|9
enduser|flocal|6|0.43374085426330566
enduser|ffinal|6|2.2090697288513184
node_enduser|total_time|6|27.778444
node_enduser|loops|6|898305
node_enduser|messages|6|4
enduser|min_constraint|6|2
enduser|max_constraint|6|2
provider|flocal|6|0.4896559715270996
provider|ffinal|6|2.3529417514801025
node_provider|total_time|6|28.281929
node_provider|loops|6|756401
node_provider|messages|6|6
provider|min_constraint|6|1
provider|max_constraint|6|1
user0|flocal|6|0.5043020248413086
user0|ffinal|6|2.3677022457122803
node_user0|total_time|6|23.525141
node_user0|loops|6|117163
node_user0|messages|6|6
user0|min_constraint|6|2
user0|max_constraint|6|2
user10|flocal|6|2.23661208152771
user10|flocal|6|2.007924795150757
user10|funsat|6|11.074625730514526
user10|funsat|6|6.8304314613342285
node_user10|total_time|6|24.248762
node_user10|loops|6|3304
node_user10|messages|6|12
user10|min_constraint|6|7
user10|max_constraint|6|7
user11|flocal|6|2.070483684539795
user11|flocal|6|2.416008949279785
user11|funsat|6|10.127289533615112
user11|funsat|6|6.891858816146851
node_user11|total_time|6|23.999545
node_user11|loops|6|1034
node_user11|messages|6|12
user11|min_constraint|6|7
user11|max_constraint|6|7
user12|flocal|6|2.4625895023345947
user12|flocal|6|2.3472955226898193
user12|flocal|6|2.522303581237793
user12|funsat|6|10.211611032485962
user12|funsat|6|5.387166976928711
node_user12|total_time|6|24.024458
node_user12|loops|6|25572
node_user12|messages|6|18
user12|min_constraint|6|7
user12|max_constraint|6|7
user13|flocal|6|2.5806941986083984
user13|flocal|6|1.8902504444122314
user13|flocal|6|2.207263708114624
user13|funsat|6|7.95105767250061
user13|funsat|6|6.102593898773193
node_user13|total_time|6|22.374219
node_user13|loops|6|23774
node_user13|messages|6|18
user13|min_constraint|6|7
user13|max_constraint|6|7
user14|flocal|6|2.6692886352539062
user14|flocal|6|2.451692581176758
user14|flocal|6|2.536533832550049
user14|funsat|6|7.721620559692383
user14|funsat|6|6.531177520751953
node_user14|total_time|6|23.290253
node_user14|loops|6|7943
node_user14|messages|6|18
user14|min_constraint|6|7
user14|max_constraint|6|7
user15|flocal|6|2.832913637161255
user15|funsat|6|10.167238712310791
user15|funsat|6|5.555196762084961
node_user15|total_time|6|21.130479
node_user15|loops|6|67239
node_user15|messages|6|5
user15|min_constraint|6|10
user15|max_constraint|6|10
user16|flocal|6|2.7484819889068604
user16|funsat|6|10.038123607635498
user16|funsat|6|6.7599732875823975
node_user16|total_time|6|22.191725
node_user16|loops|6|32842
node_user16|messages|6|4
user16|min_constraint|6|10
user16|max_constraint|6|10
user17|flocal|6|2.0858349800109863
user17|funsat|6|6.246371507644653
user17|funsat|6|6.393226623535156
node_user17|total_time|6|21.803870
node_user17|loops|6|47384
node_user17|messages|6|4
user17|min_constraint|6|9
user17|max_constraint|6|9
user18|flocal|6|2.8354899883270264
user18|funsat|6|10.836352825164795
user18|funsat|6|6.8234312534332275
node_user18|total_time|6|21.702732
node_user18|loops|6|1883
node_user18|messages|6|6
user18|min_constraint|6|3
user18|max_constraint|6|3
user19|flocal|6|2.4639532566070557
user19|funsat|6|10.349023342132568
user19|funsat|6|5.814470529556274
node_user19|total_time|6|20.137867
node_user19|loops|6|2664
node_user19|messages|6|6
user19|min_constraint|6|3
user19|max_constraint|6|3
user1|flocal|6|0.4926793575286865
user1|ffinal|6|2.2760438919067383
node_user1|total_time|6|23.107908
node_user1|loops|6|97190
node_user1|messages|6|6
user1|min_constraint|6|2
user1|max_constraint|6|2
user2|flocal|6|0.5922608375549316
user2|ffinal|6|1.8991200923919678
node_user2|total_time|6|22.141513
node_user2|loops|6|81995
node_user2|messages|6|6
user2|min_constraint|6|2
user2|max_constraint|6|2
user3|flocal|6|0.7298851013183594
user3|flocal|6|0.745673418045044
user3|ffinal|6|1.7578167915344238
node_user3|total_time|6|22.378551
node_user3|loops|6|49039
node_user3|messages|6|12
user3|min_constraint|6|6
user3|max_constraint|6|6
user4|flocal|6|1.0165178775787354
user4|ffinal|6|1.732849359512329
node_user4|total_time|6|21.215407
node_user4|loops|6|60090
node_user4|messages|6|6
user4|min_constraint|6|6
user4|max_constraint|6|6
user5|flocal|6|0.9646050930023193
user5|ffinal|6|2.0598561763763428
node_user5|total_time|6|21.447357
node_user5|loops|6|74359
node_user5|messages|6|6
user5|min_constraint|6|6
user5|max_constraint|6|6
user6|flocal|6|1.416846752166748
user6|flocal|6|1.7393512725830078
user6|ffinal|6|2.1027626991271973
node_user6|total_time|6|20.660065
node_user6|loops|6|32859
node_user6|messages|6|12
user6|min_constraint|6|6
user6|max_constraint|6|6
user7|flocal|6|1.5699794292449951
user7|flocal|6|1.7885959148406982
user7|ffinal|6|1.3936362266540527
node_user7|total_time|6|19.573963
node_user7|loops|6|26699
node_user7|messages|6|12
user7|min_constraint|6|6
user7|max_constraint|6|6
user8|flocal|6|1.688218593597412
user8|ffinal|6|2.1462178230285645
node_user8|total_time|6|20.337174
node_user8|loops|6|46056
node_user8|messages|6|6
user8|min_constraint|6|6
user8|max_constraint|6|6
user9|flocal|6|1.4983322620391846
user9|flocal|6|2.6885743141174316
user9|funsat|6|9.802191257476807
user9|funsat|6|6.139903545379639
node_user9|total_time|6|23.952373
node_user9|loops|6|20868
node_user9|messages|6|12
user9|min_constraint|6|7
user9|max_constraint|6|7
enduser|flocal|5|0.4037811756134033
enduser|ffinal|5|1.8206591606140137
node_enduser|total_time|5|26.581908
node_enduser|loops|5|887597
node_enduser|messages|5|4
enduser|min_constraint|5|2
enduser|max_constraint|5|2
provider|flocal|5|0.48492431640625
provider|ffinal|5|2.89609432220459
node_provider|total_time|5|27.952872
node_provider|loops|5|695207
node_provider|messages|5|6
provider|min_constraint|5|1
provider|max_constraint|5|1
user0|flocal|5|0.5628683567047119
user0|ffinal|5|2.7615201473236084
node_user0|total_time|5|22.728714
node_user0|loops|5|86675
node_user0|messages|5|6
user0|min_constraint|5|2
user0|max_constraint|5|2
user10|flocal|5|1.5964562892913818
user10|flocal|5|2.4236209392547607
user10|funsat|5|9.148320436477661
user10|funsat|5|8.829257011413574
node_user10|total_time|5|25.113934
node_user10|loops|5|4537
node_user10|messages|5|12
user10|min_constraint|5|7
user10|max_constraint|5|7
user11|flocal|5|1.6982223987579346
user11|flocal|5|2.2881298065185547
user11|funsat|5|10.323053359985352
user11|funsat|5|9.51418948173523
node_user11|total_time|5|25.475325
node_user11|loops|5|743
node_user11|messages|5|12
user11|min_constraint|5|7
user11|max_constraint|5|7
user12|flocal|5|2.4085373878479004
user12|flocal|5|2.3628358840942383
user12|flocal|5|2.8627548217773438
user12|funsat|5|8.16032075881958
user12|funsat|5|7.340583801269531
node_user12|total_time|5|24.311873
node_user12|loops|5|17374
node_user12|messages|5|18
user12|min_constraint|5|7
user12|max_constraint|5|7
user13|flocal|5|3.051300048828125
user13|flocal|5|2.6496052742004395
user13|funsat|5|9.949944019317627
user13|funsat|5|8.17024564743042
node_user13|total_time|5|24.871757
node_user13|loops|5|9848
node_user13|messages|5|12
user13|min_constraint|5|7
user13|max_constraint|5|7
user14|flocal|5|2.560757875442505
user14|flocal|5|2.919754981994629
user14|funsat|5|9.291152238845825
user14|funsat|5|8.66287612915039
node_user14|total_time|5|24.113626
node_user14|loops|5|4276
node_user14|messages|5|12
user14|min_constraint|5|7
user14|max_constraint|5|7
user15|flocal|5|2.711113929748535
user15|funsat|5|10.853826522827148
user15|funsat|5|7.645660400390625
node_user15|total_time|5|23.698029
node_user15|loops|5|40906
node_user15|messages|5|4
user15|min_constraint|5|8
user15|max_constraint|5|8
user16|flocal|5|2.7246949672698975
user16|funsat|5|9.599559783935547
user16|funsat|5|6.918404579162598
node_user16|total_time|5|21.441103
node_user16|loops|5|28377
node_user16|messages|5|4
user16|min_constraint|5|8
user16|max_constraint|5|8
user17|flocal|5|3.2525105476379395
user17|funsat|5|10.17354941368103
user17|funsat|5|7.466046571731567
node_user17|total_time|5|22.753688
node_user17|loops|5|21903
node_user17|messages|5|5
user17|min_constraint|5|9
user17|max_constraint|5|9
user18|flocal|5|2.590867519378662
user18|funsat|5|9.097423791885376
user18|funsat|5|7.02988076210022
node_user18|total_time|5|20.480864
node_user18|loops|5|5044
node_user18|messages|5|6
user18|min_constraint|5|3
user18|max_constraint|5|3
user19|flocal|5|3.1449246406555176
user19|funsat|5|10.761566162109375
user19|funsat|5|8.416473627090454
node_user19|total_time|5|23.020165
node_user19|loops|5|1761
node_user19|messages|5|6
user19|min_constraint|5|3
user19|max_constraint|5|3
user1|flocal|5|0.5606687068939209
user1|ffinal|5|1.9805254936218262
node_user1|total_time|5|21.858864
node_user1|loops|5|88795
node_user1|messages|5|6
user1|min_constraint|5|2
user1|max_constraint|5|2
user2|flocal|5|0.5931191444396973
user2|ffinal|5|2.0255656242370605
node_user2|total_time|5|21.442139
node_user2|loops|5|70196
node_user2|messages|5|6
user2|min_constraint|5|2
user2|max_constraint|5|2
user3|flocal|5|0.7105753421783447
user3|flocal|5|0.767021656036377
user3|ffinal|5|2.262856960296631
node_user3|total_time|5|21.756457
node_user3|loops|5|34841
node_user3|messages|5|12
user3|min_constraint|5|6
user3|max_constraint|5|6
user4|flocal|5|0.8629083633422852
user4|ffinal|5|2.7276716232299805
node_user4|total_time|5|21.702329
node_user4|loops|5|50316
node_user4|messages|5|6
user4|min_constraint|5|6
user4|max_constraint|5|6
user5|flocal|5|1.0388681888580322
user5|ffinal|5|1.9216527938842773
node_user5|total_time|5|20.783286
node_user5|loops|5|43010
node_user5|messages|5|6
user5|min_constraint|5|6
user5|max_constraint|5|6
user6|flocal|5|1.3795640468597412
user6|flocal|5|1.2820353507995605
user6|funsat|5|7.54050612449646
user6|funsat|5|8.903797626495361
node_user6|total_time|5|27.134228
node_user6|loops|5|12790
node_user6|messages|5|12
user6|min_constraint|5|7
user6|max_constraint|5|7
user7|flocal|5|1.363886833190918
user7|flocal|5|1.4029457569122314
user7|funsat|5|8.667812824249268
user7|funsat|5|9.080215215682983
node_user7|total_time|5|26.612203
node_user7|loops|5|3509
node_user7|messages|5|12
user7|min_constraint|5|7
user7|max_constraint|5|7
user8|flocal|5|1.6242730617523193
user8|funsat|5|8.76539158821106
user8|funsat|5|8.422967910766602
node_user8|total_time|5|25.719845
node_user8|loops|5|9524
node_user8|messages|5|6
user8|min_constraint|5|7
user8|max_constraint|5|7
user9|flocal|5|1.851207971572876
user9|flocal|5|2.288235664367676
user9|funsat|5|9.61978268623352
user9|funsat|5|7.425395727157593
node_user9|total_time|5|24.018115
node_user9|loops|5|5590
node_user9|messages|5|12
user9|min_constraint|5|7
user9|max_constraint|5|7
enduser|flocal|4|0.4180285930633545
enduser|ffinal|4|2.4778594970703125
node_enduser|total_time|4|25.237181
node_enduser|loops|4|858944
node_enduser|messages|4|4
enduser|min_constraint|4|2
enduser|max_constraint|4|2
provider|flocal|4|0.48360514640808105
provider|ffinal|4|2.8800227642059326
node_provider|total_time|4|25.889182
node_provider|loops|4|687904
node_provider|messages|4|6
provider|min_constraint|4|1
provider|max_constraint|4|1
user0|flocal|4|0.5288496017456055
user0|ffinal|4|2.8513989448547363
node_user0|total_time|4|21.272093
node_user0|loops|4|130762
node_user0|messages|4|6
user0|min_constraint|4|2
user0|max_constraint|4|2
user10|flocal|4|2.001385450363159
user10|flocal|4|2.396677255630493
user10|funsat|4|10.957079648971558
user10|funsat|4|7.907385349273682
node_user10|total_time|4|23.469153
node_user10|loops|4|2
node_user10|messages|4|12
user10|min_constraint|4|9
user10|max_constraint|4|9
user11|flocal|4|2.0142080783843994
user11|flocal|4|2.5906829833984375
user11|funsat|4|11.013827085494995
user11|funsat|4|7.427015542984009
node_user11|total_time|4|23.168534
node_user11|loops|4|2
node_user11|messages|4|12
user11|min_constraint|4|9
user11|max_constraint|4|9
user12|flocal|4|2.421093225479126
user12|flocal|4|2.6029064655303955
user12|funsat|4|10.382993936538696
user12|funsat|4|6.222327709197998
node_user12|total_time|4|23.227898
node_user12|loops|4|20236
node_user12|messages|4|12
user12|min_constraint|4|9
user12|max_constraint|4|9
user13|flocal|4|1.6947975158691406
user13|flocal|4|2.508077383041382
user13|flocal|4|2.045849561691284
user13|funsat|4|8.956073522567749
user13|funsat|4|6.496416807174683
node_user13|total_time|4|22.821110
node_user13|loops|4|32682
node_user13|messages|4|18
user13|min_constraint|4|9
user13|max_constraint|4|9
user14|flocal|4|2.5265421867370605
user14|flocal|4|2.2370383739471436
user14|funsat|4|7.655393838882446
user14|funsat|4|7.5796918869018555
node_user14|total_time|4|21.066704
node_user14|loops|4|10402
node_user14|messages|4|12
user14|min_constraint|4|8
user14|max_constraint|4|8
user15|flocal|4|2.6136302947998047
user15|funsat|4|9.745216846466064
user15|funsat|4|6.551769495010376
node_user15|total_time|4|20.843983
node_user15|loops|4|40099
node_user15|messages|4|5
user15|min_constraint|4|6
user15|max_constraint|4|6
user16|flocal|4|2.9839911460876465
user16|funsat|4|9.762821912765503
user16|funsat|4|6.307504415512085
node_user16|total_time|4|20.747779
node_user16|loops|4|28039
node_user16|messages|4|5
user16|min_constraint|4|8
user16|max_constraint|4|8
user17|flocal|4|3.2306673526763916
user17|funsat|4|9.352523565292358
user17|funsat|4|6.852774381637573
node_user17|total_time|4|20.695227
node_user17|loops|4|15840
node_user17|messages|4|5
user17|min_constraint|4|9
user17|max_constraint|4|9
user18|flocal|4|2.049067497253418
user18|funsat|4|7.890904426574707
user18|funsat|4|7.104185581207275
node_user18|total_time|4|18.670607
node_user18|loops|4|3732
node_user18|messages|4|6
user18|min_constraint|4|3
user18|max_constraint|4|3
user19|flocal|4|3.4245307445526123
user19|funsat|4|9.774770975112915
user19|funsat|4|6.976527690887451
node_user19|total_time|4|20.266834
node_user19|loops|4|1
node_user19|messages|4|6
user19|min_constraint|4|4
user19|max_constraint|4|4
user1|flocal|4|0.6182990074157715
user1|ffinal|4|2.8694710731506348
node_user1|total_time|4|20.845443
node_user1|loops|4|138233
node_user1|messages|4|6
user1|min_constraint|4|2
user1|max_constraint|4|2
user2|flocal|4|0.5521533489227295
user2|ffinal|4|2.377708673477173
node_user2|total_time|4|19.889155
node_user2|loops|4|79140
node_user2|messages|4|6
user2|min_constraint|4|2
user2|max_constraint|4|2
user3|flocal|4|0.7950270175933838
user3|flocal|4|0.8034040927886963
user3|ffinal|4|2.6644656658172607
node_user3|total_time|4|20.256857
node_user3|loops|4|40615
node_user3|messages|4|12
user3|min_constraint|4|6
user3|max_constraint|4|6
user4|flocal|4|0.8933258056640625
user4|ffinal|4|2.581169366836548
node_user4|total_time|4|19.521657
node_user4|loops|4|46551
node_user4|messages|4|6
user4|min_constraint|4|6
user4|max_constraint|4|6
user5|flocal|4|0.8970737457275391
user5|ffinal|4|2.6527552604675293
node_user5|total_time|4|19.391125
node_user5|loops|4|45175
node_user5|messages|4|6
user5|min_constraint|4|6
user5|max_constraint|4|6
user6|flocal|4|1.1292884349822998
user6|flocal|4|1.5354688167572021
user6|funsat|4|10.53537392616272
user6|funsat|4|7.812728643417358
node_user6|total_time|4|23.715980
node_user6|loops|4|1249
node_user6|messages|4|12
user6|min_constraint|4|7
user6|max_constraint|4|7
user7|flocal|4|1.3156120777130127
user7|flocal|4|1.6222951412200928
user7|funsat|4|11.328436136245728
user7|funsat|4|8.089803218841553
node_user7|total_time|4|24.035948
node_user7|loops|4|5
node_user7|messages|4|12
user7|min_constraint|4|7
user7|max_constraint|4|7
user8|flocal|4|1.77797532081604
user8|funsat|4|10.213934898376465
user8|funsat|4|8.000334024429321
node_user8|total_time|4|22.996790
node_user8|loops|4|3220
node_user8|messages|4|6
user8|min_constraint|4|7
user8|max_constraint|4|7
user9|flocal|4|2.1463141441345215
user9|flocal|4|2.0614867210388184
user9|funsat|4|8.228220462799072
user9|funsat|4|8.312125444412231
node_user9|total_time|4|23.023844
node_user9|loops|4|1723
node_user9|messages|4|12
user9|min_constraint|4|7
user9|max_constraint|4|7
enduser|flocal|3|0.41027307510375977
enduser|ffinal|3|2.060525417327881
node_enduser|total_time|3|28.582316
node_enduser|loops|3|908066
node_enduser|messages|3|4
enduser|min_constraint|3|2
enduser|max_constraint|3|2
provider|flocal|3|0.5869746208190918
provider|ffinal|3|2.0573785305023193
node_provider|total_time|3|28.767526
node_provider|loops|3|690723
node_provider|messages|3|6
provider|min_constraint|3|1
provider|max_constraint|3|1
user0|flocal|3|0.4987044334411621
user0|ffinal|3|2.0759289264678955
node_user0|total_time|3|23.603739
node_user0|loops|3|112798
node_user0|messages|3|6
user0|min_constraint|3|2
user0|max_constraint|3|2
user10|flocal|3|1.9393162727355957
user10|flocal|3|2.3640334606170654
user10|funsat|3|10.623753309249878
user10|funsat|3|6.75299334526062
node_user10|total_time|3|25.409321
node_user10|loops|3|1168
node_user10|messages|3|12
user10|min_constraint|3|8
user10|max_constraint|3|8
user11|flocal|3|1.8076090812683105
user11|flocal|3|2.4641215801239014
user11|funsat|3|8.567275524139404
user11|funsat|3|6.814285755157471
node_user11|total_time|3|24.665516
node_user11|loops|3|1980
node_user11|messages|3|12
user11|min_constraint|3|9
user11|max_constraint|3|9
user12|flocal|3|2.4209201335906982
user12|flocal|3|1.4423766136169434
user12|flocal|3|1.9420955181121826
user12|funsat|3|8.467031717300415
user12|funsat|3|6.138758420944214
node_user12|total_time|3|24.374073
node_user12|loops|3|18795
node_user12|messages|3|12
user12|min_constraint|3|9
user12|max_constraint|3|9
user13|flocal|3|2.8300483226776123
user13|flocal|3|2.3270206451416016
user13|flocal|3|2.296461343765259
user13|funsat|3|8.73167634010315
user13|funsat|3|6.985820531845093
node_user13|total_time|3|24.195302
node_user13|loops|3|20097
node_user13|messages|3|12
user13|min_constraint|3|9
user13|max_constraint|3|9
user14|flocal|3|2.436591625213623
user14|flocal|3|1.533191204071045
user14|flocal|3|2.80465030670166
user14|funsat|3|10.483792543411255
user14|funsat|3|5.914296388626099
node_user14|total_time|3|23.946460
node_user14|loops|3|8625
node_user14|messages|3|12
user14|min_constraint|3|9
user14|max_constraint|3|9
user15|flocal|3|3.102552890777588
user15|funsat|3|6.933599233627319
user15|funsat|3|6.559617519378662
node_user15|total_time|3|22.678066
node_user15|loops|3|67795
node_user15|messages|3|5
user15|min_constraint|3|10
user15|max_constraint|3|10
user16|flocal|3|3.116461753845215
user16|funsat|3|9.219038248062134
user16|funsat|3|5.829512357711792
node_user16|total_time|3|21.676670
node_user16|loops|3|45412
node_user16|messages|3|5
user16|min_constraint|3|10
user16|max_constraint|3|10
user17|flocal|3|3.203047275543213
user17|funsat|3|12.474961519241333
user17|funsat|3|5.5997395515441895
node_user17|total_time|3|23.268117
node_user17|loops|3|45352
node_user17|messages|3|5
user17|min_constraint|3|10
user17|max_constraint|3|10
user18|flocal|3|2.653777599334717
user18|funsat|3|10.12928295135498
user18|funsat|3|5.796367645263672
node_user18|total_time|3|21.037773
node_user18|loops|3|11301
node_user18|messages|3|6
user18|min_constraint|3|4
user18|max_constraint|3|4
user19|flocal|3|2.1642801761627197
user19|funsat|3|9.588919639587402
user19|funsat|3|4.752202272415161
node_user19|total_time|3|19.584693
node_user19|loops|3|19762
node_user19|messages|3|6
user19|min_constraint|3|4
user19|max_constraint|3|4
user1|flocal|3|0.5981645584106445
user1|ffinal|3|1.7793076038360596
node_user1|total_time|3|23.173344
node_user1|loops|3|99653
node_user1|messages|3|6
user1|min_constraint|3|2
user1|max_constraint|3|2
user2|flocal|3|0.6893537044525146
user2|ffinal|3|2.497220277786255
node_user2|total_time|3|23.522302
node_user2|loops|3|84031
node_user2|messages|3|6
user2|min_constraint|3|2
user2|max_constraint|3|2
user3|flocal|3|0.7776408195495605
user3|flocal|3|1.0168218612670898
user3|ffinal|3|2.5728111267089844
node_user3|total_time|3|23.003642
node_user3|loops|3|41331
node_user3|messages|3|12
user3|min_constraint|3|6
user3|max_constraint|3|6
user4|flocal|3|1.0818464756011963
user4|ffinal|3|1.5329644680023193
node_user4|total_time|3|21.790523
node_user4|loops|3|80529
node_user4|messages|3|6
user4|min_constraint|3|6
user4|max_constraint|3|6
user5|flocal|3|1.240755558013916
user5|ffinal|3|1.4842338562011719
node_user5|total_time|3|21.599539
node_user5|loops|3|49998
node_user5|messages|3|6
user5|min_constraint|3|6
user5|max_constraint|3|6
user6|flocal|3|1.3369181156158447
user6|flocal|3|1.5372154712677002
user6|ffinal|3|2.132925510406494
node_user6|total_time|3|21.841717
node_user6|loops|3|37066
node_user6|messages|3|12
user6|min_constraint|3|6
user6|max_constraint|3|6
user7|flocal|3|1.4105727672576904
user7|flocal|3|1.3902113437652588
user7|ffinal|3|1.8946561813354492
node_user7|total_time|3|21.419171
node_user7|loops|3|24575
node_user7|messages|3|12
user7|min_constraint|3|6
user7|max_constraint|3|6
user8|flocal|3|1.1825764179229736
user8|flocal|3|1.8354995250701904
user8|ffinal|3|1.9184846878051758
node_user8|total_time|3|20.762101
node_user8|loops|3|30831
node_user8|messages|3|12
user8|min_constraint|3|6
user8|max_constraint|3|6
user9|flocal|3|1.7712006568908691
user9|flocal|3|2.0112762451171875
user9|flocal|3|2.4220244884490967
user9|funsat|3|8.891307830810547
user9|funsat|3|7.011631011962891
node_user9|total_time|3|25.862998
node_user9|loops|3|12599
node_user9|messages|3|12
user9|min_constraint|3|9
user9|max_constraint|3|9
enduser|flocal|3|0.4269862174987793
enduser|ffinal|3|2.351290225982666
node_enduser|total_time|3|26.228867
node_enduser|loops|3|879022
node_enduser|messages|3|4
enduser|min_constraint|3|2
enduser|max_constraint|3|2
provider|flocal|3|0.46154212951660156
provider|ffinal|3|2.4232144355773926
node_provider|total_time|3|26.285352
node_provider|loops|3|672070
node_provider|messages|3|6
provider|min_constraint|3|1
provider|max_constraint|3|1
user0|flocal|3|0.5566225051879883
user0|ffinal|3|2.182292938232422
node_user0|total_time|3|21.286833
node_user0|loops|3|89534
node_user0|messages|3|6
user0|min_constraint|3|2
user0|max_constraint|3|2
user10|flocal|3|1.9267761707305908
user10|flocal|3|2.287802219390869
user10|flocal|3|2.3516273498535156
user10|funsat|3|10.67973256111145
user10|funsat|3|7.336390972137451
node_user10|total_time|3|24.788332
node_user10|loops|3|3
node_user10|messages|3|12
user10|min_constraint|3|7
user10|max_constraint|3|7
user11|flocal|3|2.018226146697998
user11|flocal|3|1.5261693000793457
user11|funsat|3|7.516265869140625
user11|funsat|3|8.863285303115845
node_user11|total_time|3|23.489482
node_user11|loops|3|5262
node_user11|messages|3|12
user11|min_constraint|3|7
user11|max_constraint|3|7
user12|flocal|3|3.145156145095825
user12|flocal|3|2.3952279090881348
user12|funsat|3|11.633479595184326
user12|funsat|3|6.547454595565796
node_user12|total_time|3|24.559091
node_user12|loops|3|11368
node_user12|messages|3|12
user12|min_constraint|3|8
user12|max_constraint|3|8
user13|flocal|3|2.7530105113983154
user13|flocal|3|3.1147654056549072
user13|funsat|3|10.224952936172485
user13|funsat|3|7.08711051940918
node_user13|total_time|3|23.660463
node_user13|loops|3|5927
node_user13|messages|3|12
user13|min_constraint|3|8
user13|max_constraint|3|8
user14|flocal|3|2.660592794418335
user14|flocal|3|2.054417371749878
user14|flocal|3|2.1608405113220215
user14|funsat|3|10.522568702697754
user14|funsat|3|6.044304132461548
node_user14|total_time|3|23.700339
node_user14|loops|3|3
node_user14|messages|3|12
user14|min_constraint|3|8
user14|max_constraint|3|8
user15|flocal|3|2.665233612060547
user15|funsat|3|11.163945436477661
user15|funsat|3|6.7609124183654785
node_user15|total_time|3|22.944205
node_user15|loops|3|75504
node_user15|messages|3|5
user15|min_constraint|3|9
user15|max_constraint|3|9
user16|flocal|3|1.8757829666137695
user16|funsat|3|6.714749813079834
user16|funsat|3|6.832117319107056
node_user16|total_time|3|19.980800
node_user16|loops|3|31135
node_user16|messages|3|4
user16|min_constraint|3|9
user16|max_constraint|3|9
user17|flocal|3|2.7317042350769043
user17|funsat|3|6.703805208206177
user17|funsat|3|7.098266363143921
node_user17|total_time|3|20.183015
node_user17|loops|3|51489
node_user17|messages|3|5
user17|min_constraint|3|9
user17|max_constraint|3|9
user18|flocal|3|1.604382038116455
user18|funsat|3|8.908514261245728
user18|funsat|3|8.00388240814209
node_user18|total_time|3|20.438199
node_user18|loops|3|7446
node_user18|messages|3|6
user18|min_constraint|3|3
user18|max_constraint|3|3
user19|flocal|3|2.520606517791748
user19|funsat|3|12.513866901397705
user19|funsat|3|6.603956460952759
node_user19|total_time|3|22.156224
node_user19|loops|3|1542
node_user19|messages|3|6
user19|min_constraint|3|4
user19|max_constraint|3|4
user1|flocal|3|0.608135461807251
user1|ffinal|3|2.5511527061462402
node_user1|total_time|3|21.497653
node_user1|loops|3|100605
node_user1|messages|3|6
user1|min_constraint|3|2
user1|max_constraint|3|2
user2|flocal|3|0.6859979629516602
user2|ffinal|3|2.4767165184020996
node_user2|total_time|3|20.676988
node_user2|loops|3|80978
node_user2|messages|3|6
user2|min_constraint|3|2
user2|max_constraint|3|2
user3|flocal|3|0.7937898635864258
user3|flocal|3|0.7741897106170654
user3|ffinal|3|2.5001468658447266
node_user3|total_time|3|20.589461
node_user3|loops|3|38469
node_user3|messages|3|12
user3|min_constraint|3|6
user3|max_constraint|3|6
user4|flocal|3|0.9090890884399414
user4|ffinal|3|2.341973066329956
node_user4|total_time|3|19.682211
node_user4|loops|3|60581
node_user4|messages|3|6
user4|min_constraint|3|6
user4|max_constraint|3|6
user5|flocal|3|1.0912258625030518
user5|ffinal|3|2.7544023990631104
node_user5|total_time|3|19.659661
node_user5|loops|3|68439
node_user5|messages|3|6
user5|min_constraint|3|6
user5|max_constraint|3|6
user6|flocal|3|1.033397912979126
user6|flocal|3|1.2504360675811768
user6|ffinal|3|1.6862778663635254
node_user6|total_time|3|18.260089
node_user6|loops|3|38005
node_user6|messages|3|12
user6|min_constraint|3|6
user6|max_constraint|3|6
user7|flocal|3|1.298248529434204
user7|flocal|3|1.8682520389556885
user7|ffinal|3|2.9079673290252686
node_user7|total_time|3|19.209832
node_user7|loops|3|27719
node_user7|messages|3|12
user7|min_constraint|3|6
user7|max_constraint|3|6
user8|flocal|3|1.7623536586761475
user8|ffinal|3|2.862283706665039
node_user8|total_time|3|18.835898
node_user8|loops|3|47008
node_user8|messages|3|6
user8|min_constraint|3|6
user8|max_constraint|3|6
user9|flocal|3|1.5849609375
user9|flocal|3|1.6803288459777832
user9|flocal|3|2.0684359073638916
user9|funsat|3|10.572930335998535
user9|funsat|3|7.442880868911743
node_user9|total_time|3|23.581034
node_user9|loops|3|3
node_user9|messages|3|12
user9|min_constraint|3|7
user9|max_constraint|3|7
enduser|flocal|2|0.4045722484588623
enduser|ffinal|2|2.408147096633911
node_enduser|total_time|2|27.004172
node_enduser|loops|2|851820
node_enduser|messages|2|4
enduser|min_constraint|2|2
enduser|max_constraint|2|2
provider|flocal|2|0.43301963806152344
provider|ffinal|2|2.2605199813842773
node_provider|total_time|2|27.153867
node_provider|loops|2|695774
node_provider|messages|2|6
provider|min_constraint|2|1
provider|max_constraint|2|1
user0|flocal|2|0.4853701591491699
user0|ffinal|2|2.6614980697631836
node_user0|total_time|2|23.149629
node_user0|loops|2|95068
node_user0|messages|2|6
user0|min_constraint|2|2
user0|max_constraint|2|2
user10|flocal|2|1.9579482078552246
user10|flocal|2|2.578808546066284
user10|funsat|2|10.399558067321777
user10|funsat|2|6.325838565826416
node_user10|total_time|2|22.737465
node_user10|loops|2|217
node_user10|messages|2|12
user10|min_constraint|2|9
user10|max_constraint|2|9
user11|flocal|2|1.5788607597351074
user11|flocal|2|2.3349859714508057
user11|funsat|2|8.097991228103638
user11|funsat|2|8.27041220664978
node_user11|total_time|2|24.913004
node_user11|loops|2|3669
node_user11|messages|2|12
user11|min_constraint|2|9
user11|max_constraint|2|9
user12|flocal|2|2.2046098709106445
user12|flocal|2|1.9184951782226562
user12|flocal|2|1.6627886295318604
user12|funsat|2|9.49742865562439
user12|funsat|2|8.269249677658081
node_user12|total_time|2|24.678895
node_user12|loops|2|24218
node_user12|messages|2|12
user12|min_constraint|2|9
user12|max_constraint|2|9
user13|flocal|2|2.7471885681152344
user13|flocal|2|1.6524171829223633
user13|funsat|2|9.296933889389038
user13|funsat|2|8.023976564407349
node_user13|total_time|2|24.418829
node_user13|loops|2|8236
node_user13|messages|2|12
user13|min_constraint|2|8
user13|max_constraint|2|8
user14|flocal|2|2.090033769607544
user14|flocal|2|1.5077764987945557
user14|flocal|2|2.120640993118286
user14|funsat|2|10.417831420898438
user14|funsat|2|6.40421199798584
node_user14|total_time|2|22.963191
node_user14|loops|2|3
node_user14|messages|2|12
user14|min_constraint|2|9
user14|max_constraint|2|9
user15|flocal|2|2.769263982772827
user15|funsat|2|10.982118368148804
user15|funsat|2|7.90037989616394
node_user15|total_time|2|23.644727
node_user15|loops|2|29322
node_user15|messages|2|5
user15|min_constraint|2|10
user15|max_constraint|2|10
user16|flocal|2|2.1230568885803223
user16|funsat|2|9.934970140457153
user16|funsat|2|8.402458429336548
node_user16|total_time|2|22.581310
node_user16|loops|2|16187
node_user16|messages|2|5
user16|min_constraint|2|7
user16|max_constraint|2|7
user17|flocal|2|2.2009711265563965
user17|funsat|2|8.618507385253906
user17|funsat|2|6.985000371932983
node_user17|total_time|2|20.899394
node_user17|loops|2|25585
node_user17|messages|2|5
user17|min_constraint|2|7
user17|max_constraint|2|7
user18|flocal|2|2.4633431434631348
user18|funsat|2|10.447792768478394
user18|funsat|2|7.71582293510437
node_user18|total_time|2|21.293931
node_user18|loops|2|1002
node_user18|messages|2|6
user18|min_constraint|2|3
user18|max_constraint|2|3
user19|flocal|2|2.7837440967559814
user19|funsat|2|8.78615117073059
user19|funsat|2|8.358814477920532
node_user19|total_time|2|21.526798
node_user19|loops|2|1285
node_user19|messages|2|6
user19|min_constraint|2|4
user19|max_constraint|2|4
user1|flocal|2|0.5680234432220459
user1|ffinal|2|2.690882444381714
node_user1|total_time|2|22.731978
node_user1|loops|2|94808
node_user1|messages|2|6
user1|min_constraint|2|2
user1|max_constraint|2|2
user2|flocal|2|0.6042068004608154
user2|ffinal|2|2.3511500358581543
node_user2|total_time|2|22.081138
node_user2|loops|2|85114
node_user2|messages|2|6
user2|min_constraint|2|2
user2|max_constraint|2|2
user3|flocal|2|0.6789636611938477
user3|flocal|2|0.7078418731689453
user3|ffinal|2|2.0632896423339844
node_user3|total_time|2|21.345250
node_user3|loops|2|41777
node_user3|messages|2|12
user3|min_constraint|2|6
user3|max_constraint|2|6
user4|flocal|2|0.8089249134063721
user4|ffinal|2|2.089745044708252
node_user4|total_time|2|21.085617
node_user4|loops|2|60072
node_user4|messages|2|6
user4|min_constraint|2|6
user4|max_constraint|2|6
user5|flocal|2|0.9005160331726074
user5|ffinal|2|1.8480219841003418
node_user5|total_time|2|20.318218
node_user5|loops|2|52364
node_user5|messages|2|6
user5|min_constraint|2|6
user5|max_constraint|2|6
user6|flocal|2|1.2613117694854736
user6|flocal|2|1.6089653968811035
user6|funsat|2|8.88416838645935
user6|funsat|2|7.951408624649048
node_user6|total_time|2|26.933567
node_user6|loops|2|3664
node_user6|messages|2|12
user6|min_constraint|2|7
user6|max_constraint|2|7
user7|flocal|2|1.3516032695770264
user7|funsat|2|8.74950909614563
user7|funsat|2|7.438580751419067
node_user7|total_time|2|25.494841
node_user7|loops|2|17780
node_user7|messages|2|6
user7|min_constraint|2|7
user7|max_constraint|2|7
user8|flocal|2|1.4484083652496338
user8|funsat|2|9.644315958023071
user8|funsat|2|8.773726224899292
node_user8|total_time|2|26.044327
node_user8|loops|2|8877
node_user8|messages|2|6
user8|min_constraint|2|7
user8|max_constraint|2|7
user9|flocal|2|1.6237716674804688
user9|flocal|2|1.9365475177764893
user9|funsat|2|9.512467622756958
user9|funsat|2|7.293067455291748
node_user9|total_time|2|24.860574
node_user9|loops|2|2667
node_user9|messages|2|12
user9|min_constraint|2|7
user9|max_constraint|2|7
enduser|flocal|1|0.3981475830078125
enduser|ffinal|1|2.7971537113189697
node_enduser|total_time|1|27.584862
node_enduser|loops|1|900304
node_enduser|messages|1|4
enduser|min_constraint|1|2
enduser|max_constraint|1|2
provider|flocal|1|0.4237027168273926
provider|ffinal|1|2.3680758476257324
node_provider|total_time|1|27.083031
node_provider|loops|1|713310
node_provider|messages|1|6
provider|min_constraint|1|1
provider|max_constraint|1|1
user0|flocal|1|0.47299885749816895
user0|ffinal|1|1.3905692100524902
node_user0|total_time|1|21.757288
node_user0|loops|1|112435
node_user0|messages|1|6
user0|min_constraint|1|2
user0|max_constraint|1|2
user10|flocal|1|1.7661824226379395
user10|flocal|1|1.9412178993225098
user10|funsat|1|10.190043210983276
user10|funsat|1|6.493444442749023
node_user10|total_time|1|22.758094
node_user10|loops|1|1579
node_user10|messages|1|12
user10|min_constraint|1|7
user10|max_constraint|1|7
user11|flocal|1|1.888925552368164
user11|flocal|1|2.6024656295776367
user11|funsat|1|10.953153610229492
user11|funsat|1|7.089895725250244
node_user11|total_time|1|22.901320
node_user11|loops|1|94
node_user11|messages|1|12
user11|min_constraint|1|8
user11|max_constraint|1|8
user12|flocal|1|2.741506338119507
user12|flocal|1|2.0036864280700684
user12|funsat|1|11.09961462020874
user12|funsat|1|6.671731233596802
node_user12|total_time|1|23.219233
node_user12|loops|1|11160
node_user12|messages|1|12
user12|min_constraint|1|8
user12|max_constraint|1|8
user13|flocal|1|2.1719374656677246
user13|flocal|1|1.4288368225097656
user13|flocal|1|1.7393450736999512
user13|funsat|1|9.899986028671265
user13|funsat|1|7.089725732803345
node_user13|total_time|1|22.838820
node_user13|loops|1|4930
node_user13|messages|1|12
user13|min_constraint|1|9
user13|max_constraint|1|9
user14|flocal|1|1.9709577560424805
user14|flocal|1|1.7545788288116455
user14|flocal|1|2.1895408630371094
user14|funsat|1|10.141414165496826
user14|funsat|1|5.623655319213867
node_user14|total_time|1|21.877376
node_user14|loops|1|3
node_user14|messages|1|12
user14|min_constraint|1|9
user14|max_constraint|1|9
user15|flocal|1|2.428382396697998
user15|funsat|1|7.8068153858184814
user15|funsat|1|6.2243006229400635
node_user15|total_time|1|20.645117
node_user15|loops|1|44246
node_user15|messages|1|5
user15|min_constraint|1|9
user15|max_constraint|1|9
user16|flocal|1|2.6616809368133545
user16|funsat|1|7.294068336486816
user16|funsat|1|7.560278415679932
node_user16|total_time|1|21.857941
node_user16|loops|1|43712
node_user16|messages|1|5
user16|min_constraint|1|10
user16|max_constraint|1|10
user17|flocal|1|2.0646846294403076
user17|funsat|1|9.206690073013306
user17|funsat|1|5.922063112258911
node_user17|total_time|1|20.018519
node_user17|loops|1|17108
node_user17|messages|1|5
user17|min_constraint|1|9
user17|max_constraint|1|9
user18|flocal|1|2.5924057960510254
user18|funsat|1|10.365077018737793
user18|funsat|1|5.519288778305054
node_user18|total_time|1|19.044142
node_user18|loops|1|1493
node_user18|messages|1|6
user18|min_constraint|1|3
user18|max_constraint|1|3
user19|flocal|1|2.5532608032226562
user19|funsat|1|7.850583791732788
user19|funsat|1|7.2173943519592285
node_user19|total_time|1|20.536066
node_user19|loops|1|171
node_user19|messages|1|6
user19|min_constraint|1|3
user19|max_constraint|1|3
user1|flocal|1|0.5191552639007568
user1|ffinal|1|2.6209001541137695
node_user1|total_time|1|22.663871
node_user1|loops|1|143769
node_user1|messages|1|6
user1|min_constraint|1|2
user1|max_constraint|1|2
user2|flocal|1|0.6068086624145508
user2|ffinal|1|2.4057652950286865
node_user2|total_time|1|21.901617
node_user2|loops|1|84653
node_user2|messages|1|6
user2|min_constraint|1|2
user2|max_constraint|1|2
user3|flocal|1|0.7630114555358887
user3|flocal|1|0.7771029472351074
user3|ffinal|1|2.0267462730407715
node_user3|total_time|1|21.353906
node_user3|loops|1|45217
node_user3|messages|1|12
user3|min_constraint|1|6
user3|max_constraint|1|6
user4|flocal|1|0.8277673721313477
user4|ffinal|1|2.5597140789031982
node_user4|total_time|1|21.144229
node_user4|loops|1|71435
node_user4|messages|1|6
user4|min_constraint|1|6
user4|max_constraint|1|6
user5|flocal|1|1.0603599548339844
user5|ffinal|1|2.585127830505371
node_user5|total_time|1|21.038290
node_user5|loops|1|53255
node_user5|messages|1|6
user5|min_constraint|1|6
user5|max_constraint|1|6
user6|flocal|1|1.3473896980285645
user6|flocal|1|1.329826831817627
user6|ffinal|1|2.2881596088409424
node_user6|total_time|1|20.345517
node_user6|loops|1|42237
node_user6|messages|1|12
user6|min_constraint|1|6
user6|max_constraint|1|6
user7|flocal|1|1.3461153507232666
user7|flocal|1|1.397294044494629
user7|ffinal|1|1.7768487930297852
node_user7|total_time|1|19.299452
node_user7|loops|1|38266
node_user7|messages|1|12
user7|min_constraint|1|6
user7|max_constraint|1|6
user8|flocal|1|1.5039258003234863
user8|ffinal|1|2.1107547283172607
node_user8|total_time|1|19.021046
node_user8|loops|1|50776
node_user8|messages|1|6
user8|min_constraint|1|6
user8|max_constraint|1|6
user9|flocal|1|1.4032745361328125
user9|flocal|1|1.785066843032837
user9|flocal|1|2.2111740112304688
user9|funsat|1|10.802234649658203
user9|funsat|1|7.299882411956787
node_user9|total_time|1|23.940583
node_user9|loops|1|2827
node_user9|messages|1|12
user9|min_constraint|1|8
user9|max_constraint|1|8
enduser|flocal|0|0.40740013122558594
enduser|ffinal|0|2.203078031539917
node_enduser|total_time|0|24.391457
node_enduser|loops|0|894094
node_enduser|messages|0|4
enduser|min_constraint|0|2
enduser|max_constraint|0|2
provider|flocal|0|0.4980154037475586
provider|ffinal|0|2.2722229957580566
node_provider|total_time|0|24.480908
node_provider|loops|0|699016
node_provider|messages|0|6
provider|min_constraint|0|1
provider|max_constraint|0|1
user0|flocal|0|0.5147879123687744
user0|ffinal|0|2.4787774085998535
node_user0|total_time|0|19.645842
node_user0|loops|0|96145
node_user0|messages|0|6
user0|min_constraint|0|2
user0|max_constraint|0|2
user10|flocal|0|1.362483263015747
user10|flocal|0|2.009779930114746
user10|funsat|0|8.603186845779419
user10|funsat|0|6.635132551193237
node_user10|total_time|0|20.081292
node_user10|loops|0|1105
node_user10|messages|0|12
user10|min_constraint|0|7
user10|max_constraint|0|7
user11|flocal|0|1.8591582775115967
user11|flocal|0|1.937417984008789
user11|funsat|0|10.573613166809082
user11|funsat|0|6.338122129440308
node_user11|total_time|0|20.820055
node_user11|loops|0|2
node_user11|messages|0|12
user11|min_constraint|0|7
user11|max_constraint|0|7
user12|flocal|0|1.7264516353607178
user12|flocal|0|2.4700381755828857
user12|funsat|0|9.691233396530151
user12|funsat|0|5.510394096374512
node_user12|total_time|0|20.316141
node_user12|loops|0|10043
node_user12|messages|0|12
user12|min_constraint|0|9
user12|max_constraint|0|9
user13|flocal|0|2.7447211742401123
user13|flocal|0|2.0230352878570557
user13|funsat|0|9.835632801055908
user13|funsat|0|4.837254285812378
node_user13|total_time|0|19.858734
node_user13|loops|0|4752
node_user13|messages|0|12
user13|min_constraint|0|9
user13|max_constraint|0|9
user14|flocal|0|2.011194944381714
user14|flocal|0|1.358180284500122
user14|flocal|0|2.331622362136841
user14|funsat|0|9.602843523025513
user14|funsat|0|4.574015140533447
node_user14|total_time|0|20.030450
node_user14|loops|0|3
node_user14|messages|0|12
user14|min_constraint|0|9
user14|max_constraint|0|9
user15|flocal|0|1.978982925415039
user15|funsat|0|7.880715608596802
user15|funsat|0|6.888431787490845
node_user15|total_time|0|18.947417
node_user15|loops|0|17693
node_user15|messages|0|5
user15|min_constraint|0|7
user15|max_constraint|0|7
user16|flocal|0|2.3220152854919434
user16|funsat|0|7.9709858894348145
user16|funsat|0|5.730218410491943
node_user16|total_time|0|17.268896
node_user16|loops|0|32940
node_user16|messages|0|5
user16|min_constraint|0|9
user16|max_constraint|0|9
user17|flocal|0|2.1482698917388916
user17|funsat|0|9.348714113235474
user17|funsat|0|5.939192295074463
node_user17|total_time|0|18.385404
node_user17|loops|0|14360
node_user17|messages|0|5
user17|min_constraint|0|9
user17|max_constraint|0|9
user18|flocal|0|2.1412527561187744
user18|funsat|0|8.215100049972534
user18|funsat|0|7.0509045124053955
node_user18|total_time|0|18.046340
node_user18|loops|0|1645
node_user18|messages|0|6
user18|min_constraint|0|3
user18|max_constraint|0|3
user19|flocal|0|2.366406202316284
user19|funsat|0|8.898341417312622
user19|funsat|0|5.803022384643555
node_user19|total_time|0|17.154639
node_user19|loops|0|1
node_user19|messages|0|6
user19|min_constraint|0|4
user19|max_constraint|0|4
user1|flocal|0|0.565504789352417
user1|ffinal|0|2.3037445545196533
node_user1|total_time|0|19.258588
node_user1|loops|0|100310
node_user1|messages|0|6
user1|min_constraint|0|2
user1|max_constraint|0|2
user2|flocal|0|0.5447258949279785
user2|ffinal|0|2.508425712585449
node_user2|total_time|0|19.270673
node_user2|loops|0|115325
node_user2|messages|0|6
user2|min_constraint|0|2
user2|max_constraint|0|2
user3|flocal|0|0.7800805568695068
user3|flocal|0|0.7296369075775146
user3|ffinal|0|2.40862774848938
node_user3|total_time|0|18.777494
node_user3|loops|0|29437
node_user3|messages|0|12
user3|min_constraint|0|6
user3|max_constraint|0|6
user4|flocal|0|0.7649924755096436
user4|ffinal|0|2.5546700954437256
node_user4|total_time|0|18.388431
node_user4|loops|0|51754
node_user4|messages|0|6
user4|min_constraint|0|6
user4|max_constraint|0|6
user5|flocal|0|0.8719112873077393
user5|ffinal|0|2.534027338027954
node_user5|total_time|0|18.080320
node_user5|loops|0|41829
node_user5|messages|0|6
user5|min_constraint|0|6
user5|max_constraint|0|6
user6|flocal|0|1.1255903244018555
user6|flocal|0|1.4586915969848633
user6|ffinal|0|2.628079652786255
node_user6|total_time|0|17.578246
node_user6|loops|0|41561
node_user6|messages|0|12
user6|min_constraint|0|6
user6|max_constraint|0|6
user7|flocal|0|1.3802359104156494
user7|flocal|0|1.5078225135803223
user7|ffinal|0|2.611037492752075
node_user7|total_time|0|17.331830
node_user7|loops|0|23162
node_user7|messages|0|12
user7|min_constraint|0|6
user7|max_constraint|0|6
user8|flocal|0|1.6358067989349365
user8|ffinal|0|2.498090982437134
node_user8|total_time|0|16.905113
node_user8|loops|0|36988
node_user8|messages|0|6
user8|min_constraint|0|6
user8|max_constraint|0|6
user9|flocal|0|1.6126887798309326
user9|flocal|0|1.7552416324615479
user9|funsat|0|7.292473793029785
user9|funsat|0|6.351507902145386
node_user9|total_time|0|20.451107
node_user9|loops|0|4676
node_user9|messages|0|12
user9|min_constraint|0|7
user9|max_constraint|0|7
