id|key|iteration|value
provider13|flocal|0|0.3045685291290283
provider13|ffinal|0|0.23109221458435059
node_provider13|total_time|0|17.095385
node_provider13|waits|0|33
node_provider13|messages|0|2
provider13|min_constraint|0|1
provider13|max_constraint|0|1
provider5|flocal|0|0.30132198333740234
provider5|ffinal|0|0.24084997177124023
node_provider5|total_time|0|17.095477
node_provider5|waits|0|33
node_provider5|messages|0|2
provider5|min_constraint|0|1
provider5|max_constraint|0|1
provider10|flocal|0|0.3278779983520508
provider10|ffinal|0|0.2415156364440918
node_provider10|total_time|0|17.121085
node_provider10|waits|0|33
node_provider10|messages|0|2
provider10|min_constraint|0|1
provider10|max_constraint|0|1
provider0|flocal|0|0.3208787441253662
provider0|ffinal|0|0.28336524963378906
node_provider0|total_time|0|17.160606
node_provider0|waits|0|33
node_provider0|messages|0|2
provider0|min_constraint|0|1
provider0|max_constraint|0|1
provider6|flocal|0|0.3066232204437256
provider6|ffinal|0|0.2799386978149414
node_provider6|total_time|0|17.144616
node_provider6|waits|0|33
node_provider6|messages|0|2
provider6|min_constraint|0|1
provider6|max_constraint|0|1
provider9|flocal|0|0.32271718978881836
provider9|ffinal|0|0.26186323165893555
node_provider9|total_time|0|17.135610
node_provider9|waits|0|33
node_provider9|messages|0|2
provider9|min_constraint|0|1
provider9|max_constraint|0|1
provider2|flocal|0|0.3103749752044678
provider2|ffinal|0|0.25824832916259766
node_provider2|total_time|0|17.120103
node_provider2|waits|0|33
node_provider2|messages|0|2
provider2|min_constraint|0|1
provider2|max_constraint|0|1
provider4|flocal|0|0.32791948318481445
provider4|ffinal|0|0.24536371231079102
node_provider4|total_time|0|1.604475
node_provider4|waits|0|2
node_provider4|messages|0|2
provider4|min_constraint|0|1
provider4|max_constraint|0|1
provider11|flocal|0|0.2946205139160156
provider11|ffinal|0|0.24965238571166992
node_provider11|total_time|0|1.576218
node_provider11|waits|0|2
node_provider11|messages|0|2
provider11|min_constraint|0|1
provider11|max_constraint|0|1
provider8|flocal|0|0.33184385299682617
provider8|ffinal|0|0.2614290714263916
node_provider8|total_time|0|1.624565
node_provider8|waits|0|2
node_provider8|messages|0|2
provider8|min_constraint|0|1
provider8|max_constraint|0|1
provider14|flocal|0|0.30925536155700684
provider14|ffinal|0|0.2602097988128662
node_provider14|total_time|0|1.601224
node_provider14|waits|0|2
node_provider14|messages|0|2
provider14|min_constraint|0|1
provider14|max_constraint|0|1
provider3|flocal|0|0.2998673915863037
provider3|ffinal|0|0.2629413604736328
node_provider3|total_time|0|1.593876
node_provider3|waits|0|2
node_provider3|messages|0|2
provider3|min_constraint|0|1
provider3|max_constraint|0|1
provider12|flocal|0|0.361499547958374
provider12|ffinal|0|0.24041390419006348
node_provider12|total_time|0|1.627882
node_provider12|waits|0|2
node_provider12|messages|0|2
provider12|min_constraint|0|1
provider12|max_constraint|0|1
provider7|flocal|0|0.3179194927215576
provider7|ffinal|0|0.27722930908203125
node_provider7|total_time|0|1.623708
node_provider7|waits|0|2
node_provider7|messages|0|2
provider7|min_constraint|0|1
provider7|max_constraint|0|1
provider1|flocal|0|0.35625290870666504
provider1|ffinal|0|0.29270315170288086
node_provider1|total_time|0|1.675213
node_provider1|waits|0|2
node_provider1|messages|0|2
provider1|min_constraint|0|1
provider1|max_constraint|0|1
user|funsat|0|1.3505511283874512
user|funsat|0|0.8364970684051514
node_user|total_time|0|17.759261
node_user|waits|0|31
node_user|messages|0|0
user|min_constraint|0|15
user|max_constraint|0|15
provider7|flocal|0|0.3445091247558594
provider7|ffinal|0|0.2513763904571533
node_provider7|total_time|1|17.152857
node_provider7|waits|1|33
node_provider7|messages|1|2
provider7|min_constraint|1|1
provider7|max_constraint|1|1
provider6|flocal|0|0.3511052131652832
provider6|ffinal|0|0.2742636203765869
node_provider6|total_time|1|17.181997
node_provider6|waits|1|33
node_provider6|messages|1|2
provider6|min_constraint|1|1
provider6|max_constraint|1|1
provider12|flocal|0|0.3718409538269043
provider12|ffinal|0|0.2954111099243164
node_provider12|total_time|1|17.222462
node_provider12|waits|1|33
node_provider12|messages|1|2
provider12|min_constraint|1|1
provider12|max_constraint|1|1
provider14|flocal|0|0.3574039936065674
provider14|ffinal|0|0.3058633804321289
node_provider14|total_time|1|17.217286
node_provider14|waits|1|33
node_provider14|messages|1|2
provider14|min_constraint|1|1
provider14|max_constraint|1|1
provider1|flocal|0|0.34969139099121094
provider1|ffinal|0|0.2904648780822754
node_provider1|total_time|1|17.195363
node_provider1|waits|1|33
node_provider1|messages|1|2
provider1|min_constraint|1|1
provider1|max_constraint|1|1
provider8|flocal|0|0.38375329971313477
provider8|ffinal|0|0.29323434829711914
node_provider8|total_time|1|17.230096
node_provider8|waits|1|33
node_provider8|messages|1|2
provider8|min_constraint|1|1
provider8|max_constraint|1|1
provider13|flocal|0|0.3533651828765869
provider13|ffinal|0|0.29842591285705566
node_provider13|total_time|1|17.204478
node_provider13|waits|1|33
node_provider13|messages|1|2
provider13|min_constraint|1|1
provider13|max_constraint|1|1
provider2|flocal|0|0.381483793258667
provider2|ffinal|0|0.3025839328765869
node_provider2|total_time|1|17.235952
node_provider2|waits|1|33
node_provider2|messages|1|2
provider2|min_constraint|1|1
provider2|max_constraint|1|1
provider5|flocal|0|0.4111826419830322
provider5|ffinal|0|0.27847790718078613
node_provider5|total_time|1|17.240329
node_provider5|waits|1|33
node_provider5|messages|1|2
provider5|min_constraint|1|1
provider5|max_constraint|1|1
provider0|flocal|0|0.4105675220489502
provider0|ffinal|0|0.28571629524230957
node_provider0|total_time|1|17.247167
node_provider0|waits|1|33
node_provider0|messages|1|2
provider0|min_constraint|1|1
provider0|max_constraint|1|1
provider11|flocal|0|0.3518197536468506
provider11|ffinal|0|0.3498342037200928
node_provider11|total_time|1|17.256507
node_provider11|waits|1|33
node_provider11|messages|1|2
provider11|min_constraint|1|1
provider11|max_constraint|1|1
provider4|flocal|0|0.3900763988494873
provider4|ffinal|0|0.34717226028442383
node_provider4|total_time|1|17.289756
node_provider4|waits|1|33
node_provider4|messages|1|2
provider4|min_constraint|1|1
provider4|max_constraint|1|1
provider10|flocal|0|0.32843780517578125
provider10|ffinal|0|0.2642791271209717
node_provider10|total_time|1|1.624719
node_provider10|waits|1|2
node_provider10|messages|1|2
provider10|min_constraint|1|1
provider10|max_constraint|1|1
provider3|flocal|0|0.3134427070617676
provider3|ffinal|0|0.25225162506103516
node_provider3|total_time|1|1.595609
node_provider3|waits|1|2
node_provider3|messages|1|2
provider3|min_constraint|1|1
provider3|max_constraint|1|1
provider9|flocal|0|0.325941801071167
provider9|ffinal|0|0.2864043712615967
node_provider9|total_time|1|1.640265
node_provider9|waits|1|2
node_provider9|messages|1|2
provider9|min_constraint|1|1
provider9|max_constraint|1|1
user|funsat|0|0.9117491245269775
user|funsat|0|0.9793214797973633
node_user|total_time|1|17.966239
node_user|waits|1|32
node_user|messages|1|0
user|min_constraint|1|25
user|max_constraint|1|25
provider6|flocal|0|0.33948278427124023
provider6|ffinal|0|0.2438044548034668
node_provider6|total_time|2|17.139234
node_provider6|waits|2|33
node_provider6|messages|2|2
provider6|min_constraint|2|1
provider6|max_constraint|2|1
provider10|flocal|0|0.3324756622314453
provider10|ffinal|0|0.22748279571533203
node_provider10|total_time|2|17.110999
node_provider10|waits|2|33
node_provider10|messages|2|2
provider10|min_constraint|2|1
provider10|max_constraint|2|1
provider13|flocal|0|0.34594058990478516
provider13|ffinal|0|0.23416471481323242
node_provider13|total_time|2|17.135786
node_provider13|waits|2|33
node_provider13|messages|2|2
provider13|min_constraint|2|1
provider13|max_constraint|2|1
provider0|flocal|0|0.34650492668151855
provider0|ffinal|0|0.2605152130126953
node_provider0|total_time|2|17.159939
node_provider0|waits|2|33
node_provider0|messages|2|2
provider0|min_constraint|2|1
provider0|max_constraint|2|1
provider12|flocal|0|0.3481569290161133
provider12|ffinal|0|0.2611100673675537
node_provider12|total_time|2|17.163082
node_provider12|waits|2|33
node_provider12|messages|2|2
provider12|min_constraint|2|1
provider12|max_constraint|2|1
provider5|flocal|0|0.3406105041503906
provider5|ffinal|0|0.26108455657958984
node_provider5|total_time|2|17.154377
node_provider5|waits|2|33
node_provider5|messages|2|2
provider5|min_constraint|2|1
provider5|max_constraint|2|1
provider3|flocal|0|0.3337409496307373
provider3|ffinal|0|0.2668282985687256
node_provider3|total_time|2|17.157873
node_provider3|waits|2|33
node_provider3|messages|2|2
provider3|min_constraint|2|1
provider3|max_constraint|2|1
provider7|flocal|0|0.3589508533477783
provider7|ffinal|0|0.2506551742553711
node_provider7|total_time|2|1.637188
node_provider7|waits|2|2
node_provider7|messages|2|2
provider7|min_constraint|2|1
provider7|max_constraint|2|1
provider4|flocal|0|0.36126184463500977
provider4|ffinal|0|0.2635467052459717
node_provider4|total_time|2|1.651536
node_provider4|waits|2|2
node_provider4|messages|2|2
provider4|min_constraint|2|1
provider4|max_constraint|2|1
provider8|flocal|0|0.34168004989624023
provider8|ffinal|0|0.28698039054870605
node_provider8|total_time|2|1.657896
node_provider8|waits|2|2
node_provider8|messages|2|2
provider8|min_constraint|2|1
provider8|max_constraint|2|1
provider1|flocal|0|0.3461318016052246
provider1|ffinal|0|0.28928303718566895
node_provider1|total_time|2|1.665119
node_provider1|waits|2|2
node_provider1|messages|2|2
provider1|min_constraint|2|1
provider1|max_constraint|2|1
provider9|flocal|0|0.35187196731567383
provider9|ffinal|0|0.2935354709625244
node_provider9|total_time|2|1.674903
node_provider9|waits|2|2
node_provider9|messages|2|2
provider9|min_constraint|2|1
provider9|max_constraint|2|1
provider11|flocal|0|0.35594844818115234
provider11|ffinal|0|0.2923429012298584
node_provider11|total_time|2|1.677257
node_provider11|waits|2|2
node_provider11|messages|2|2
provider11|min_constraint|2|1
provider11|max_constraint|2|1
provider14|flocal|0|0.34108757972717285
provider14|ffinal|0|0.3163797855377197
node_provider14|total_time|2|1.688123
node_provider14|waits|2|2
node_provider14|messages|2|2
provider14|min_constraint|2|1
provider14|max_constraint|2|1
provider2|flocal|0|0.331451416015625
provider2|ffinal|0|0.329484224319458
node_provider2|total_time|2|1.692333
node_provider2|waits|2|2
node_provider2|messages|2|2
provider2|min_constraint|2|1
provider2|max_constraint|2|1
user|funsat|0|0.8761484622955322
user|funsat|0|0.8686819076538086
node_user|total_time|2|17.814608
node_user|waits|2|32
node_user|messages|2|0
user|min_constraint|2|15
user|max_constraint|2|15
provider2|flocal|0|0.2868516445159912
provider2|ffinal|0|0.28028130531311035
node_provider2|total_time|3|17.119593
node_provider2|waits|3|33
node_provider2|messages|3|2
provider2|min_constraint|3|1
provider2|max_constraint|3|1
provider0|flocal|0|0.32463836669921875
provider0|ffinal|0|0.24563908576965332
node_provider0|total_time|3|17.118973
node_provider0|waits|3|33
node_provider0|messages|3|2
provider0|min_constraint|3|1
provider0|max_constraint|3|1
provider6|flocal|0|0.28855395317077637
provider6|ffinal|0|0.2790553569793701
node_provider6|total_time|3|17.119148
node_provider6|waits|3|33
node_provider6|messages|3|2
provider6|min_constraint|3|1
provider6|max_constraint|3|1
provider10|flocal|0|0.2950420379638672
provider10|ffinal|0|0.299480676651001
node_provider10|total_time|3|17.147106
node_provider10|waits|3|33
node_provider10|messages|3|2
provider10|min_constraint|3|1
provider10|max_constraint|3|1
provider1|flocal|0|0.3183629512786865
provider1|ffinal|0|0.2799251079559326
node_provider1|total_time|3|17.149530
node_provider1|waits|3|33
node_provider1|messages|3|2
provider1|min_constraint|3|1
provider1|max_constraint|3|1
provider5|flocal|0|0.29139232635498047
provider5|ffinal|0|0.29999208450317383
node_provider5|total_time|3|17.140708
node_provider5|waits|3|33
node_provider5|messages|3|2
provider5|min_constraint|3|1
provider5|max_constraint|3|1
provider13|flocal|0|0.3004121780395508
provider13|ffinal|0|0.3148000240325928
node_provider13|total_time|3|17.165954
node_provider13|waits|3|33
node_provider13|messages|3|2
provider13|min_constraint|3|1
provider13|max_constraint|3|1
provider9|flocal|0|0.27588582038879395
provider9|ffinal|0|0.31359291076660156
node_provider9|total_time|3|17.140722
node_provider9|waits|3|33
node_provider9|messages|3|2
provider9|min_constraint|3|1
provider9|max_constraint|3|1
provider8|flocal|0|0.3321652412414551
provider8|ffinal|0|0.2934291362762451
node_provider8|total_time|3|17.174152
node_provider8|waits|3|33
node_provider8|messages|3|2
provider8|min_constraint|3|1
provider8|max_constraint|3|1
provider12|flocal|0|0.23772120475769043
provider12|ffinal|0|0.26134276390075684
node_provider12|total_time|3|1.529586
node_provider12|waits|3|2
node_provider12|messages|3|2
provider12|min_constraint|3|1
provider12|max_constraint|3|1
provider4|flocal|0|0.23531484603881836
provider4|ffinal|0|0.23607563972473145
node_provider4|total_time|3|1.499479
node_provider4|waits|3|2
node_provider4|messages|3|2
provider4|min_constraint|3|1
provider4|max_constraint|3|1
provider7|flocal|0|0.23123502731323242
provider7|ffinal|0|0.23692750930786133
node_provider7|total_time|3|1.496561
node_provider7|waits|3|2
node_provider7|messages|3|2
provider7|min_constraint|3|1
provider7|max_constraint|3|1
provider14|flocal|0|0.23300743103027344
provider14|ffinal|0|0.23917055130004883
node_provider14|total_time|3|1.499093
node_provider14|waits|3|2
node_provider14|messages|3|2
provider14|min_constraint|3|1
provider14|max_constraint|3|1
provider3|flocal|0|0.23264098167419434
provider3|ffinal|0|0.24103975296020508
node_provider3|total_time|3|1.499477
node_provider3|waits|3|2
node_provider3|messages|3|2
provider3|min_constraint|3|1
provider3|max_constraint|3|1
provider11|flocal|0|0.22484922409057617
provider11|ffinal|0|0.25421833992004395
node_provider11|total_time|3|1.506173
node_provider11|waits|3|2
node_provider11|messages|3|2
provider11|min_constraint|3|1
provider11|max_constraint|3|1
user|funsat|0|0.7649247646331787
user|funsat|0|0.9520504474639893
node_user|total_time|3|17.788850
node_user|waits|3|32
node_user|messages|3|0
user|min_constraint|3|19
user|max_constraint|3|19
provider4|flocal|0|0.2749598026275635
provider4|ffinal|0|0.21767926216125488
node_provider4|total_time|4|17.050167
node_provider4|waits|4|33
node_provider4|messages|4|2
provider4|min_constraint|4|1
provider4|max_constraint|4|1
provider7|flocal|0|0.24702143669128418
provider7|ffinal|0|0.22772622108459473
node_provider7|total_time|4|17.033852
node_provider7|waits|4|33
node_provider7|messages|4|2
provider7|min_constraint|4|1
provider7|max_constraint|4|1
provider13|flocal|0|0.23778438568115234
provider13|ffinal|0|0.24132823944091797
node_provider13|total_time|4|17.036283
node_provider13|waits|4|33
node_provider13|messages|4|2
provider13|min_constraint|4|1
provider13|max_constraint|4|1
provider10|flocal|0|0.25909876823425293
provider10|ffinal|0|0.2321929931640625
node_provider10|total_time|4|17.051258
node_provider10|waits|4|33
node_provider10|messages|4|2
provider10|min_constraint|4|1
provider10|max_constraint|4|1
provider9|flocal|0|0.26428675651550293
provider9|ffinal|0|0.23364567756652832
node_provider9|total_time|4|17.053674
node_provider9|waits|4|33
node_provider9|messages|4|2
provider9|min_constraint|4|1
provider9|max_constraint|4|1
provider11|flocal|0|0.2612903118133545
provider11|ffinal|0|0.2422170639038086
node_provider11|total_time|4|17.062370
node_provider11|waits|4|33
node_provider11|messages|4|2
provider11|min_constraint|4|1
provider11|max_constraint|4|1
provider12|flocal|0|0.2719438076019287
provider12|ffinal|0|0.2297682762145996
node_provider12|total_time|4|17.056567
node_provider12|waits|4|33
node_provider12|messages|4|2
provider12|min_constraint|4|1
provider12|max_constraint|4|1
provider0|flocal|0|0.26639342308044434
provider0|ffinal|0|0.23858642578125
node_provider0|total_time|4|17.059523
node_provider0|waits|4|33
node_provider0|messages|4|2
provider0|min_constraint|4|1
provider0|max_constraint|4|1
provider3|flocal|0|0.26152849197387695
provider3|ffinal|0|0.2387402057647705
node_provider3|total_time|4|17.055966
node_provider3|waits|4|33
node_provider3|messages|4|2
provider3|min_constraint|4|1
provider3|max_constraint|4|1
provider8|flocal|0|0.272716760635376
provider8|ffinal|0|0.24996471405029297
node_provider8|total_time|4|17.079980
node_provider8|waits|4|33
node_provider8|messages|4|2
provider8|min_constraint|4|1
provider8|max_constraint|4|1
provider14|flocal|0|0.2884657382965088
provider14|ffinal|0|0.24327325820922852
node_provider14|total_time|4|17.086873
node_provider14|waits|4|33
node_provider14|messages|4|2
provider14|min_constraint|4|1
provider14|max_constraint|4|1
provider1|flocal|0|0.23391342163085938
provider1|ffinal|0|0.20111727714538574
node_provider1|total_time|4|1.465570
node_provider1|waits|4|2
node_provider1|messages|4|2
provider1|min_constraint|4|1
provider1|max_constraint|4|1
provider5|flocal|0|0.2331104278564453
provider5|ffinal|0|0.20164251327514648
node_provider5|total_time|4|1.464326
node_provider5|waits|4|2
node_provider5|messages|4|2
provider5|min_constraint|4|1
provider5|max_constraint|4|1
provider6|flocal|0|0.23713374137878418
provider6|ffinal|0|0.22286462783813477
node_provider6|total_time|4|1.489718
node_provider6|waits|4|2
node_provider6|messages|4|2
provider6|min_constraint|4|1
provider6|max_constraint|4|1
provider2|flocal|0|0.23336195945739746
provider2|ffinal|0|0.2279353141784668
node_provider2|total_time|4|1.490650
node_provider2|waits|4|2
node_provider2|messages|4|2
provider2|min_constraint|4|1
provider2|max_constraint|4|1
user|funsat|0|0.7760751247406006
user|funsat|0|0.8287384510040283
node_user|total_time|4|17.677744
node_user|waits|4|32
node_user|messages|4|0
user|min_constraint|4|23
user|max_constraint|4|23
provider12|flocal|0|0.6645545959472656
provider12|ffinal|0|0.27702951431274414
node_provider12|total_time|5|17.495199
node_provider12|waits|5|33
node_provider12|messages|5|2
provider12|min_constraint|5|1
provider12|max_constraint|5|1
provider8|flocal|0|0.6868937015533447
provider8|ffinal|0|0.28345513343811035
node_provider8|total_time|5|17.523918
node_provider8|waits|5|33
node_provider8|messages|5|2
provider8|min_constraint|5|1
provider8|max_constraint|5|1
provider1|flocal|0|0.6696686744689941
provider1|ffinal|0|0.293377161026001
node_provider1|total_time|5|17.515879
node_provider1|waits|5|33
node_provider1|messages|5|2
provider1|min_constraint|5|1
provider1|max_constraint|5|1
provider3|flocal|0|0.6660690307617188
provider3|ffinal|0|0.30237865447998047
node_provider3|total_time|5|17.520906
node_provider3|waits|5|33
node_provider3|messages|5|2
provider3|min_constraint|5|1
provider3|max_constraint|5|1
provider10|flocal|0|0.32773923873901367
provider10|ffinal|0|0.30393099784851074
node_provider10|total_time|5|1.661327
node_provider10|waits|5|2
node_provider10|messages|5|2
provider10|min_constraint|5|1
provider10|max_constraint|5|1
provider13|flocal|0|0.3146681785583496
provider13|ffinal|0|0.2911701202392578
node_provider13|total_time|5|1.632917
node_provider13|waits|5|2
node_provider13|messages|5|2
provider13|min_constraint|5|1
provider13|max_constraint|5|1
provider2|flocal|0|0.33249425888061523
provider2|ffinal|0|0.313920259475708
node_provider2|total_time|5|1.673982
node_provider2|waits|5|2
node_provider2|messages|5|2
provider2|min_constraint|5|1
provider2|max_constraint|5|1
provider14|flocal|0|0.3760216236114502
provider14|ffinal|0|0.330157995223999
node_provider14|total_time|5|1.735427
node_provider14|waits|5|2
node_provider14|messages|5|2
provider14|min_constraint|5|1
provider14|max_constraint|5|1
provider0|flocal|0|0.3157227039337158
provider0|ffinal|0|0.30684876441955566
node_provider0|total_time|5|1.650852
node_provider0|waits|5|2
node_provider0|messages|5|2
provider0|min_constraint|5|1
provider0|max_constraint|5|1
provider7|flocal|0|0.3101511001586914
provider7|ffinal|0|0.290302038192749
node_provider7|total_time|5|1.627048
node_provider7|waits|5|2
node_provider7|messages|5|2
provider7|min_constraint|5|1
provider7|max_constraint|5|1
provider6|flocal|0|0.29930615425109863
provider6|ffinal|0|0.31487441062927246
node_provider6|total_time|5|1.641057
node_provider6|waits|5|2
node_provider6|messages|5|2
provider6|min_constraint|5|1
provider6|max_constraint|5|1
provider4|flocal|0|0.32695984840393066
provider4|ffinal|0|0.3178229331970215
node_provider4|total_time|5|1.671912
node_provider4|waits|5|2
node_provider4|messages|5|2
provider4|min_constraint|5|1
provider4|max_constraint|5|1
provider9|flocal|0|0.3467705249786377
provider9|ffinal|0|0.3450510501861572
node_provider9|total_time|5|1.718882
node_provider9|waits|5|2
node_provider9|messages|5|2
provider9|min_constraint|5|1
provider9|max_constraint|5|1
provider5|flocal|0|0.35247302055358887
provider5|ffinal|0|0.32468485832214355
node_provider5|total_time|5|1.703412
node_provider5|waits|5|2
node_provider5|messages|5|2
provider5|min_constraint|5|1
provider5|max_constraint|5|1
provider11|flocal|0|0.3558828830718994
provider11|ffinal|0|0.3362271785736084
node_provider11|total_time|5|1.718164
node_provider11|waits|5|2
node_provider11|messages|5|2
provider11|min_constraint|5|1
provider11|max_constraint|5|1
user|funsat|0|0.8872361183166504
user|funsat|0|0.8915996551513672
node_user|total_time|5|17.847935
node_user|waits|5|32
node_user|messages|5|0
user|min_constraint|5|9
user|max_constraint|5|9
provider4|flocal|0|0.28140950202941895
provider4|ffinal|0|0.22734546661376953
node_provider4|total_time|6|17.065050
node_provider4|waits|6|33
node_provider4|messages|6|2
provider4|min_constraint|6|1
provider4|max_constraint|6|1
provider9|flocal|0|0.30263853073120117
provider9|ffinal|0|0.21611666679382324
node_provider9|total_time|6|17.071956
node_provider9|waits|6|33
node_provider9|messages|6|2
provider9|min_constraint|6|1
provider9|max_constraint|6|1
provider1|flocal|0|0.27515482902526855
provider1|ffinal|0|0.26435208320617676
node_provider1|total_time|6|17.094424
node_provider1|waits|6|33
node_provider1|messages|6|2
provider1|min_constraint|6|1
provider1|max_constraint|6|1
provider13|flocal|0|0.2770113945007324
provider13|ffinal|0|0.285036563873291
node_provider13|total_time|6|17.117199
node_provider13|waits|6|33
node_provider13|messages|6|2
provider13|min_constraint|6|1
provider13|max_constraint|6|1
provider12|flocal|0|0.29321908950805664
provider12|ffinal|0|0.2620387077331543
node_provider12|total_time|6|17.107843
node_provider12|waits|6|33
node_provider12|messages|6|2
provider12|min_constraint|6|1
provider12|max_constraint|6|1
provider0|flocal|0|0.32266879081726074
provider0|ffinal|0|0.2587254047393799
node_provider0|total_time|6|17.133681
node_provider0|waits|6|33
node_provider0|messages|6|2
provider0|min_constraint|6|1
provider0|max_constraint|6|1
provider3|flocal|0|0.2721750736236572
provider3|ffinal|0|0.30176305770874023
node_provider3|total_time|6|17.128875
node_provider3|waits|6|33
node_provider3|messages|6|2
provider3|min_constraint|6|1
provider3|max_constraint|6|1
provider2|flocal|0|0.3093078136444092
provider2|ffinal|0|0.29128050804138184
node_provider2|total_time|6|17.155281
node_provider2|waits|6|33
node_provider2|messages|6|2
provider2|min_constraint|6|1
provider2|max_constraint|6|1
provider5|flocal|0|0.3052082061767578
provider5|ffinal|0|0.2722945213317871
node_provider5|total_time|6|17.128485
node_provider5|waits|6|33
node_provider5|messages|6|2
provider5|min_constraint|6|1
provider5|max_constraint|6|1
provider10|flocal|0|0.29907798767089844
provider10|ffinal|0|0.29027676582336426
node_provider10|total_time|6|17.143533
node_provider10|waits|6|33
node_provider10|messages|6|2
provider10|min_constraint|6|1
provider10|max_constraint|6|1
provider11|flocal|0|0.3118445873260498
provider11|ffinal|0|0.29970717430114746
node_provider11|total_time|6|17.164711
node_provider11|waits|6|33
node_provider11|messages|6|2
provider11|min_constraint|6|1
provider11|max_constraint|6|1
provider8|flocal|0|0.21793794631958008
provider8|ffinal|0|0.22047972679138184
node_provider8|total_time|6|1.469736
node_provider8|waits|6|2
node_provider8|messages|6|2
provider8|min_constraint|6|1
provider8|max_constraint|6|1
provider6|flocal|0|0.22373032569885254
provider6|ffinal|0|0.2170243263244629
node_provider6|total_time|6|1.471544
node_provider6|waits|6|2
node_provider6|messages|6|2
provider6|min_constraint|6|1
provider6|max_constraint|6|1
provider7|flocal|0|0.22571587562561035
provider7|ffinal|0|0.21678686141967773
node_provider7|total_time|6|1.473198
node_provider7|waits|6|2
node_provider7|messages|6|2
provider7|min_constraint|6|1
provider7|max_constraint|6|1
provider14|flocal|0|0.22412371635437012
provider14|ffinal|0|0.21859121322631836
node_provider14|total_time|6|1.472460
node_provider14|waits|6|2
node_provider14|messages|6|2
provider14|min_constraint|6|1
provider14|max_constraint|6|1
user|funsat|0|0.8327157497406006
user|funsat|0|0.8644335269927979
node_user|total_time|6|17.772311
node_user|waits|6|32
node_user|messages|6|0
user|min_constraint|6|23
user|max_constraint|6|23
provider6|flocal|0|0.33907294273376465
provider6|ffinal|0|0.2121906280517578
node_provider6|total_time|7|1.578910
node_provider6|waits|7|2
node_provider6|messages|7|2
provider6|min_constraint|7|1
provider6|max_constraint|7|1
provider9|flocal|0|0.32893824577331543
provider9|ffinal|0|0.2432699203491211
node_provider9|total_time|7|1.602167
node_provider9|waits|7|2
node_provider9|messages|7|2
provider9|min_constraint|7|1
provider9|max_constraint|7|1
provider8|flocal|0|0.29071879386901855
provider8|ffinal|0|0.2560091018676758
node_provider8|total_time|7|1.575001
node_provider8|waits|7|2
node_provider8|messages|7|2
provider8|min_constraint|7|1
provider8|max_constraint|7|1
provider13|flocal|0|0.33200907707214355
provider13|ffinal|0|0.250596284866333
node_provider13|total_time|7|1.610770
node_provider13|waits|7|2
node_provider13|messages|7|2
provider13|min_constraint|7|1
provider13|max_constraint|7|1
provider12|flocal|0|0.31499719619750977
provider12|ffinal|0|0.2689535617828369
node_provider12|total_time|7|1.613057
node_provider12|waits|7|2
node_provider12|messages|7|2
provider12|min_constraint|7|1
provider12|max_constraint|7|1
provider0|flocal|0|0.35495901107788086
provider0|ffinal|0|0.25405359268188477
node_provider0|total_time|7|1.636328
node_provider0|waits|7|2
node_provider0|messages|7|2
provider0|min_constraint|7|1
provider0|max_constraint|7|1
provider2|flocal|0|0.3295326232910156
provider2|ffinal|0|0.30495166778564453
node_provider2|total_time|7|1.663974
node_provider2|waits|7|2
node_provider2|messages|7|2
provider2|min_constraint|7|1
provider2|max_constraint|7|1
provider1|flocal|0|0.35860395431518555
provider1|ffinal|0|0.2956387996673584
node_provider1|total_time|7|1.684613
node_provider1|waits|7|2
node_provider1|messages|7|2
provider1|min_constraint|7|1
provider1|max_constraint|7|1
provider4|flocal|0|0.33467626571655273
provider4|ffinal|0|0.28191637992858887
node_provider4|total_time|7|1.642987
node_provider4|waits|7|2
node_provider4|messages|7|2
provider4|min_constraint|7|1
provider4|max_constraint|7|1
provider10|flocal|0|0.3506314754486084
provider10|ffinal|0|0.2892930507659912
node_provider10|total_time|7|1.665672
node_provider10|waits|7|2
node_provider10|messages|7|2
provider10|min_constraint|7|1
provider10|max_constraint|7|1
provider5|flocal|0|0.3535952568054199
provider5|ffinal|0|0.2389664649963379
node_provider5|total_time|7|2.127725
node_provider5|waits|7|3
node_provider5|messages|7|2
provider5|min_constraint|7|1
provider5|max_constraint|7|1
provider3|flocal|0|0.2407362461090088
provider3|ffinal|0|0.2199411392211914
node_provider3|total_time|7|18.014625
node_provider3|waits|7|35
node_provider3|messages|7|2
provider3|min_constraint|7|1
provider3|max_constraint|7|1
provider7|flocal|0|0.3218393325805664
provider7|ffinal|0|0.21702051162719727
node_provider7|total_time|7|2.067768
node_provider7|waits|7|3
node_provider7|messages|7|2
provider7|min_constraint|7|1
provider7|max_constraint|7|1
provider11|flocal|0|0.31653428077697754
provider11|ffinal|0|0.22774577140808105
node_provider11|total_time|7|2.071515
node_provider11|waits|7|3
node_provider11|messages|7|2
provider11|min_constraint|7|1
provider11|max_constraint|7|1
provider14|flocal|0|0.3587226867675781
provider14|ffinal|0|0.2318871021270752
node_provider14|total_time|7|2.117679
node_provider14|waits|7|3
node_provider14|messages|7|2
provider14|min_constraint|7|1
provider14|max_constraint|7|1
user|funsat|0|0.7578482627868652
user|funsat|0|0.9552485942840576
node_user|total_time|7|18.283038
node_user|waits|7|33
node_user|messages|7|0
user|min_constraint|7|3
user|max_constraint|7|3
provider0|flocal|0|0.3391757011413574
provider0|ffinal|0|0.26746678352355957
node_provider0|total_time|8|17.163485
node_provider0|waits|8|33
node_provider0|messages|8|2
provider0|min_constraint|8|1
provider0|max_constraint|8|1
provider12|flocal|0|0.32993650436401367
provider12|ffinal|0|0.28379249572753906
node_provider12|total_time|8|17.172776
node_provider12|waits|8|33
node_provider12|messages|8|2
provider12|min_constraint|8|1
provider12|max_constraint|8|1
provider10|flocal|0|0.3451225757598877
provider10|ffinal|0|0.27577662467956543
node_provider10|total_time|8|17.175847
node_provider10|waits|8|33
node_provider10|messages|8|2
provider10|min_constraint|8|1
provider10|max_constraint|8|1
provider5|flocal|0|0.3131721019744873
provider5|ffinal|0|0.3083181381225586
node_provider5|total_time|8|17.178809
node_provider5|waits|8|33
node_provider5|messages|8|2
provider5|min_constraint|8|1
provider5|max_constraint|8|1
provider3|flocal|0|0.30371594429016113
provider3|ffinal|0|0.298126220703125
node_provider3|total_time|8|17.159389
node_provider3|waits|8|33
node_provider3|messages|8|2
provider3|min_constraint|8|1
provider3|max_constraint|8|1
provider8|flocal|0|0.40432095527648926
provider8|ffinal|0|0.2714533805847168
node_provider8|total_time|8|17.230723
node_provider8|waits|8|33
node_provider8|messages|8|2
provider8|min_constraint|8|1
provider8|max_constraint|8|1
provider2|flocal|0|0.39957499504089355
provider2|ffinal|0|0.2788372039794922
node_provider2|total_time|8|17.232149
node_provider2|waits|8|33
node_provider2|messages|8|2
provider2|min_constraint|8|1
provider2|max_constraint|8|1
provider9|flocal|0|0.36176228523254395
provider9|ffinal|0|0.2788100242614746
node_provider9|total_time|8|17.194737
node_provider9|waits|8|33
node_provider9|messages|8|2
provider9|min_constraint|8|1
provider9|max_constraint|8|1
provider4|flocal|0|0.339672327041626
provider4|ffinal|0|0.3077547550201416
node_provider4|total_time|8|17.200324
node_provider4|waits|8|33
node_provider4|messages|8|2
provider4|min_constraint|8|1
provider4|max_constraint|8|1
provider6|flocal|0|0.36841392517089844
provider6|ffinal|0|0.3389303684234619
node_provider6|total_time|8|17.261187
node_provider6|waits|8|33
node_provider6|messages|8|2
provider6|min_constraint|8|1
provider6|max_constraint|8|1
provider11|flocal|0|0.35973286628723145
provider11|ffinal|0|0.31443333625793457
node_provider11|total_time|8|17.229424
node_provider11|waits|8|33
node_provider11|messages|8|2
provider11|min_constraint|8|1
provider11|max_constraint|8|1
provider7|flocal|0|0.3349113464355469
provider7|ffinal|0|0.2381131649017334
node_provider7|total_time|8|1.606241
node_provider7|waits|8|2
node_provider7|messages|8|2
provider7|min_constraint|8|1
provider7|max_constraint|8|1
provider1|flocal|0|0.36090779304504395
provider1|ffinal|0|0.2259979248046875
node_provider1|total_time|8|1.616428
node_provider1|waits|8|2
node_provider1|messages|8|2
provider1|min_constraint|8|1
provider1|max_constraint|8|1
provider14|flocal|0|0.3346381187438965
provider14|ffinal|0|0.24738240242004395
node_provider14|total_time|8|17.641270
node_provider14|waits|8|34
node_provider14|messages|8|2
provider14|min_constraint|8|1
provider14|max_constraint|8|1
provider13|flocal|0|0.36229586601257324
provider13|ffinal|0|0.3112006187438965
node_provider13|total_time|8|1.703897
node_provider13|waits|8|2
node_provider13|messages|8|2
provider13|min_constraint|8|1
provider13|max_constraint|8|1
user|funsat|0|0.861156702041626
user|funsat|0|0.9704339504241943
node_user|total_time|8|17.905843
node_user|waits|8|32
node_user|messages|8|0
user|min_constraint|8|25
user|max_constraint|8|25
provider0|flocal|0|0.3369636535644531
provider0|ffinal|0|0.2800147533416748
node_provider0|total_time|9|17.174036
node_provider0|waits|9|33
node_provider0|messages|9|2
provider0|min_constraint|9|1
provider0|max_constraint|9|1
provider9|flocal|0|0.3335700035095215
provider9|ffinal|0|0.2914087772369385
node_provider9|total_time|9|17.183563
node_provider9|waits|9|33
node_provider9|messages|9|2
provider9|min_constraint|9|1
provider9|max_constraint|9|1
provider12|flocal|0|0.3398473262786865
provider12|ffinal|0|0.28959083557128906
node_provider12|total_time|9|17.187951
node_provider12|waits|9|33
node_provider12|messages|9|2
provider12|min_constraint|9|1
provider12|max_constraint|9|1
provider3|flocal|0|0.3230934143066406
provider3|ffinal|0|0.3021988868713379
node_provider3|total_time|9|17.184271
node_provider3|waits|9|33
node_provider3|messages|9|2
provider3|min_constraint|9|1
provider3|max_constraint|9|1
provider14|flocal|0|0.323559045791626
provider14|ffinal|0|0.3033151626586914
node_provider14|total_time|9|17.185289
node_provider14|waits|9|33
node_provider14|messages|9|2
provider14|min_constraint|9|1
provider14|max_constraint|9|1
provider2|flocal|0|0.333463191986084
provider2|ffinal|0|0.3056631088256836
node_provider2|total_time|9|17.198194
node_provider2|waits|9|33
node_provider2|messages|9|2
provider2|min_constraint|9|1
provider2|max_constraint|9|1
provider13|flocal|0|0.3319728374481201
provider13|ffinal|0|0.3065671920776367
node_provider13|total_time|9|17.195625
node_provider13|waits|9|33
node_provider13|messages|9|2
provider13|min_constraint|9|1
provider13|max_constraint|9|1
provider8|flocal|0|0.3410325050354004
provider8|ffinal|0|0.3052239418029785
node_provider8|total_time|9|17.202681
node_provider8|waits|9|33
node_provider8|messages|9|2
provider8|min_constraint|9|1
provider8|max_constraint|9|1
provider6|flocal|0|0.34682416915893555
provider6|ffinal|0|0.30943965911865234
node_provider6|total_time|9|17.208328
node_provider6|waits|9|33
node_provider6|messages|9|2
provider6|min_constraint|9|1
provider6|max_constraint|9|1
provider10|flocal|0|0.3522343635559082
provider10|ffinal|0|0.32101869583129883
node_provider10|total_time|9|17.226766
node_provider10|waits|9|33
node_provider10|messages|9|2
provider10|min_constraint|9|1
provider10|max_constraint|9|1
provider1|flocal|0|0.33170485496520996
provider1|ffinal|0|0.3434760570526123
node_provider1|total_time|9|17.234659
node_provider1|waits|9|33
node_provider1|messages|9|2
provider1|min_constraint|9|1
provider1|max_constraint|9|1
provider7|flocal|0|0.28667783737182617
provider7|ffinal|0|0.2318875789642334
node_provider7|total_time|9|1.546748
node_provider7|waits|9|2
node_provider7|messages|9|2
provider7|min_constraint|9|1
provider7|max_constraint|9|1
provider11|flocal|0|0.28875732421875
provider11|ffinal|0|0.2624831199645996
node_provider11|total_time|9|1.584334
node_provider11|waits|9|2
node_provider11|messages|9|2
provider11|min_constraint|9|1
provider11|max_constraint|9|1
provider5|flocal|0|0.2884235382080078
provider5|ffinal|0|0.2558302879333496
node_provider5|total_time|9|1.572795
node_provider5|waits|9|2
node_provider5|messages|9|2
provider5|min_constraint|9|1
provider5|max_constraint|9|1
provider4|flocal|0|0.2967262268066406
provider4|ffinal|0|0.2822744846343994
node_provider4|total_time|9|1.605171
node_provider4|waits|9|2
node_provider4|messages|9|2
provider4|min_constraint|9|1
provider4|max_constraint|9|1
user|funsat|0|0.8631420135498047
user|funsat|0|0.9689371585845947
node_user|total_time|9|17.904255
node_user|waits|9|32
node_user|messages|9|0
user|min_constraint|9|23
user|max_constraint|9|23
