id|key|iteration|value
provider|flocal|0|0.30405426025390625
provider|ffinal|0|0.3966836929321289
node0|total_time|0|23.329024
node0|waits|0|45
node0|messages|0|40
provider|min_constraint|0|1
provider|max_constraint|0|1
user7|funsat|0|1.1721785068511963
user7|funsat|0|1.4344353675842285
node_user8|total_time|0|24.143407
node_user8|waits|0|43
node_user8|messages|0|0
user7|min_constraint|0|3
user7|max_constraint|0|3
user13|funsat|0|1.1613669395446777
user13|funsat|0|1.5247092247009277
node_user14|total_time|0|3.195691
node_user14|waits|0|1
node_user14|messages|0|0
user13|min_constraint|0|3
user13|max_constraint|0|3
user10|funsat|0|1.1782746315002441
user10|funsat|0|1.556638240814209
node_user11|total_time|0|24.270333
node_user11|waits|0|43
node_user11|messages|0|0
user10|min_constraint|0|3
user10|max_constraint|0|3
user6|funsat|0|1.2220275402069092
user6|funsat|0|1.5551881790161133
node_user7|total_time|0|24.313598
node_user7|waits|0|43
node_user7|messages|0|0
user6|min_constraint|0|3
user6|max_constraint|0|3
user1|funsat|0|1.1818132400512695
user1|funsat|0|1.600006341934204
node_user2|total_time|0|24.317399
node_user2|waits|0|43
node_user2|messages|0|0
user1|min_constraint|0|3
user1|max_constraint|0|3
user15|funsat|0|1.2192857265472412
user15|funsat|0|1.7249228954315186
node_user16|total_time|0|3.453184
node_user16|waits|0|1
node_user16|messages|0|0
user15|min_constraint|0|3
user15|max_constraint|0|3
user19|funsat|0|1.2411940097808838
user19|funsat|0|1.8480286598205566
node_user20|total_time|0|3.598707
node_user20|waits|0|1
node_user20|messages|0|0
user19|min_constraint|0|3
user19|max_constraint|0|3
user11|funsat|0|1.266890287399292
user11|funsat|0|1.8194360733032227
node_user12|total_time|0|24.619777
node_user12|waits|0|43
node_user12|messages|0|0
user11|min_constraint|0|3
user11|max_constraint|0|3
user17|funsat|0|1.2847392559051514
user17|funsat|0|1.877828598022461
node_user18|total_time|0|3.668640
node_user18|waits|0|1
node_user18|messages|0|0
user17|min_constraint|0|3
user17|max_constraint|0|3
user2|funsat|0|1.2625935077667236
user2|funsat|0|1.8691956996917725
node_user3|total_time|0|24.664651
node_user3|waits|0|43
node_user3|messages|0|0
user2|min_constraint|0|3
user2|max_constraint|0|3
user4|funsat|0|1.2865686416625977
user4|funsat|0|1.8903448581695557
node_user5|total_time|0|3.684097
node_user5|waits|0|1
node_user5|messages|0|0
user4|min_constraint|0|3
user4|max_constraint|0|3
user18|funsat|0|1.287010908126831
user18|funsat|0|1.8640847206115723
node_user19|total_time|0|24.682625
node_user19|waits|0|43
node_user19|messages|0|0
user18|min_constraint|0|3
user18|max_constraint|0|3
user0|funsat|0|1.303981065750122
user0|funsat|0|1.88222336769104
node_user1|total_time|0|3.692997
node_user1|waits|0|1
node_user1|messages|0|0
user0|min_constraint|0|3
user0|max_constraint|0|3
user5|funsat|0|1.28780198097229
user5|funsat|0|1.9040567874908447
node_user6|total_time|0|3.697066
node_user6|waits|0|1
node_user6|messages|0|0
user5|min_constraint|0|3
user5|max_constraint|0|3
user9|funsat|0|1.3155763149261475
user9|funsat|0|1.8905317783355713
node_user10|total_time|0|3.713481
node_user10|waits|0|1
node_user10|messages|0|0
user9|min_constraint|0|3
user9|max_constraint|0|3
user3|funsat|0|1.3608064651489258
user3|funsat|0|1.8639352321624756
node_user4|total_time|0|3.730913
node_user4|waits|0|1
node_user4|messages|0|0
user3|min_constraint|0|3
user3|max_constraint|0|3
user14|funsat|0|1.300037145614624
user14|funsat|0|1.9734854698181152
node_user15|total_time|0|24.805815
node_user15|waits|0|43
node_user15|messages|0|0
user14|min_constraint|0|3
user14|max_constraint|0|3
user12|funsat|0|1.272325038909912
user12|funsat|0|2.0054359436035156
node_user13|total_time|0|24.809849
node_user13|waits|0|43
node_user13|messages|0|0
user12|min_constraint|0|3
user12|max_constraint|0|3
user16|funsat|0|1.3739111423492432
user16|funsat|0|1.9917383193969727
node_user17|total_time|0|3.871010
node_user17|waits|0|1
node_user17|messages|0|0
user16|min_constraint|0|3
user16|max_constraint|0|3
user8|funsat|0|1.270763874053955
user8|funsat|0|2.0604782104492188
node_user9|total_time|0|24.864334
node_user9|waits|0|43
node_user9|messages|0|0
user8|min_constraint|0|3
user8|max_constraint|0|3
provider|flocal|0|0.3058791160583496
provider|ffinal|0|0.4349639415740967
node0|total_time|1|3.840812
node0|waits|1|6
node0|messages|1|40
provider|min_constraint|1|1
provider|max_constraint|1|1
user18|funsat|0|1.8783018589019775
user18|funsat|0|1.4193916320800781
node_user19|total_time|1|4.312646
node_user19|waits|1|2
node_user19|messages|1|0
user18|min_constraint|1|3
user18|max_constraint|1|3
user19|funsat|0|1.9451465606689453
user19|funsat|0|1.4089031219482422
node_user20|total_time|1|4.369943
node_user20|waits|1|2
node_user20|messages|1|0
user19|min_constraint|1|3
user19|max_constraint|1|3
user1|funsat|0|1.917250633239746
user1|funsat|0|1.5971124172210693
node_user2|total_time|1|4.524787
node_user2|waits|1|2
node_user2|messages|1|0
user1|min_constraint|1|3
user1|max_constraint|1|3
user11|funsat|0|1.8831846714019775
user11|funsat|0|1.695073127746582
node_user12|total_time|1|4.591677
node_user12|waits|1|2
node_user12|messages|1|0
user11|min_constraint|1|3
user11|max_constraint|1|3
user14|funsat|0|1.9654765129089355
user14|funsat|0|1.6313695907592773
node_user15|total_time|1|4.611398
node_user15|waits|1|2
node_user15|messages|1|0
user14|min_constraint|1|3
user14|max_constraint|1|3
user2|funsat|0|2.0431127548217773
user2|funsat|0|1.6275444030761719
node_user3|total_time|1|4.679139
node_user3|waits|1|2
node_user3|messages|1|0
user2|min_constraint|1|3
user2|max_constraint|1|3
user6|funsat|0|2.0007498264312744
user6|funsat|0|1.7042200565338135
node_user7|total_time|1|4.716525
node_user7|waits|1|2
node_user7|messages|1|0
user6|min_constraint|1|3
user6|max_constraint|1|3
user7|funsat|0|1.9513070583343506
user7|funsat|0|1.772864818572998
node_user8|total_time|1|4.734402
node_user8|waits|1|2
node_user8|messages|1|0
user7|min_constraint|1|3
user7|max_constraint|1|3
user0|funsat|0|2.0268940925598145
user0|funsat|0|1.7576565742492676
node_user1|total_time|1|4.792335
node_user1|waits|1|2
node_user1|messages|1|0
user0|min_constraint|1|3
user0|max_constraint|1|3
user17|funsat|0|2.0610623359680176
user17|funsat|0|1.714456558227539
node_user18|total_time|1|4.781791
node_user18|waits|1|2
node_user18|messages|1|0
user17|min_constraint|1|3
user17|max_constraint|1|3
user4|funsat|0|2.0577266216278076
user4|funsat|0|1.734403133392334
node_user5|total_time|1|4.798177
node_user5|waits|1|2
node_user5|messages|1|0
user4|min_constraint|1|3
user4|max_constraint|1|3
user13|funsat|0|2.0635976791381836
user13|funsat|0|1.8197352886199951
node_user14|total_time|1|4.889004
node_user14|waits|1|2
node_user14|messages|1|0
user13|min_constraint|1|3
user13|max_constraint|1|3
user10|funsat|0|2.0323309898376465
user10|funsat|0|1.8847403526306152
node_user11|total_time|1|4.925858
node_user11|waits|1|2
node_user11|messages|1|0
user10|min_constraint|1|3
user10|max_constraint|1|3
user16|funsat|0|1.5906345844268799
user16|funsat|0|1.8523871898651123
node_user17|total_time|1|4.969779
node_user17|waits|1|3
node_user17|messages|1|0
user16|min_constraint|1|3
user16|max_constraint|1|3
user5|funsat|0|1.59873628616333
user5|funsat|0|1.8661084175109863
node_user6|total_time|1|4.988209
node_user6|waits|1|3
node_user6|messages|1|0
user5|min_constraint|1|3
user5|max_constraint|1|3
user3|funsat|0|1.6038703918457031
user3|funsat|0|1.8849387168884277
node_user4|total_time|1|5.002083
node_user4|waits|1|3
node_user4|messages|1|0
user3|min_constraint|1|3
user3|max_constraint|1|3
user12|funsat|0|1.7398192882537842
user12|funsat|0|1.8034369945526123
node_user13|total_time|1|5.054654
node_user13|waits|1|3
node_user13|messages|1|0
user12|min_constraint|1|3
user12|max_constraint|1|3
user15|funsat|0|1.7228147983551025
user15|funsat|0|1.8616878986358643
node_user16|total_time|1|5.095830
node_user16|waits|1|3
node_user16|messages|1|0
user15|min_constraint|1|3
user15|max_constraint|1|3
user8|funsat|0|1.7873265743255615
user8|funsat|0|1.8414556980133057
node_user9|total_time|1|5.140593
node_user9|waits|1|3
node_user9|messages|1|0
user8|min_constraint|1|3
user8|max_constraint|1|3
user9|funsat|0|1.8358190059661865
user9|funsat|0|1.8331961631774902
node_user10|total_time|1|5.179821
node_user10|waits|1|3
node_user10|messages|1|0
user9|min_constraint|1|3
user9|max_constraint|1|3
provider|flocal|0|0.2470548152923584
provider|ffinal|0|0.23710083961486816
node0|total_time|2|2.581464
node0|waits|2|4
node0|messages|2|40
provider|min_constraint|2|1
provider|max_constraint|2|1
user1|funsat|0|0.9006102085113525
user1|funsat|0|0.8938190937042236
node_user2|total_time|2|2.802215
node_user2|waits|2|2
node_user2|messages|2|0
user1|min_constraint|2|3
user1|max_constraint|2|3
user11|funsat|0|0.9269425868988037
user11|funsat|0|0.9443271160125732
node_user12|total_time|2|2.879907
node_user12|waits|2|2
node_user12|messages|2|0
user11|min_constraint|2|3
user11|max_constraint|2|3
user3|funsat|0|0.9639856815338135
user3|funsat|0|0.9292235374450684
node_user4|total_time|2|2.899837
node_user4|waits|2|2
node_user4|messages|2|0
user3|min_constraint|2|3
user3|max_constraint|2|3
user8|funsat|0|0.9728755950927734
user8|funsat|0|0.9646148681640625
node_user9|total_time|2|2.943658
node_user9|waits|2|2
node_user9|messages|2|0
user8|min_constraint|2|3
user8|max_constraint|2|3
user0|funsat|0|0.9682693481445312
user0|funsat|0|0.9709441661834717
node_user1|total_time|2|2.946285
node_user1|waits|2|2
node_user1|messages|2|0
user0|min_constraint|2|3
user0|max_constraint|2|3
user2|funsat|0|1.0085089206695557
user2|funsat|0|0.9283554553985596
node_user3|total_time|2|2.942602
node_user3|waits|2|2
node_user3|messages|2|0
user2|min_constraint|2|3
user2|max_constraint|2|3
user16|ffinal|0|0.2626838684082031
node_user17|total_time|2|0.263165
node_user17|waits|2|0
node_user17|messages|2|0
user16|min_constraint|2|1
user16|max_constraint|2|1
user14|ffinal|0|0.280914306640625
node_user15|total_time|2|0.281289
node_user15|waits|2|0
node_user15|messages|2|0
user14|min_constraint|2|1
user14|max_constraint|2|1
user19|ffinal|0|0.28885841369628906
node_user20|total_time|2|0.289243
node_user20|waits|2|0
node_user20|messages|2|0
user19|min_constraint|2|1
user19|max_constraint|2|1
user18|ffinal|0|0.3063950538635254
node_user19|total_time|2|0.306832
node_user19|waits|2|0
node_user19|messages|2|0
user18|min_constraint|2|1
user18|max_constraint|2|1
user6|ffinal|0|0.32390594482421875
node_user7|total_time|2|0.324336
node_user7|waits|2|0
node_user7|messages|2|0
user6|min_constraint|2|1
user6|max_constraint|2|1
user5|ffinal|0|0.32565760612487793
node_user6|total_time|2|0.326098
node_user6|waits|2|0
node_user6|messages|2|0
user5|min_constraint|2|1
user5|max_constraint|2|1
user9|ffinal|0|0.32179832458496094
node_user10|total_time|2|0.322217
node_user10|waits|2|0
node_user10|messages|2|0
user9|min_constraint|2|1
user9|max_constraint|2|1
user13|ffinal|0|0.33096790313720703
node_user14|total_time|2|0.331468
node_user14|waits|2|0
node_user14|messages|2|0
user13|min_constraint|2|1
user13|max_constraint|2|1
user15|ffinal|0|0.3329331874847412
node_user16|total_time|2|0.333346
node_user16|waits|2|0
node_user16|messages|2|0
user15|min_constraint|2|1
user15|max_constraint|2|1
user4|ffinal|0|0.3397855758666992
node_user5|total_time|2|0.340199
node_user5|waits|2|0
node_user5|messages|2|0
user4|min_constraint|2|1
user4|max_constraint|2|1
user12|ffinal|0|0.33989381790161133
node_user13|total_time|2|0.340319
node_user13|waits|2|0
node_user13|messages|2|0
user12|min_constraint|2|1
user12|max_constraint|2|1
user7|ffinal|0|0.3484511375427246
node_user8|total_time|2|0.348954
node_user8|waits|2|0
node_user8|messages|2|0
user7|min_constraint|2|1
user7|max_constraint|2|1
user17|ffinal|0|0.33908867835998535
node_user18|total_time|2|0.339490
node_user18|waits|2|0
node_user18|messages|2|0
user17|min_constraint|2|1
user17|max_constraint|2|1
user10|ffinal|0|0.34276318550109863
node_user11|total_time|2|0.343227
node_user11|waits|2|0
node_user11|messages|2|0
user10|min_constraint|2|1
user10|max_constraint|2|1
provider|flocal|0|0.3691420555114746
provider|ffinal|0|0.35071682929992676
node0|total_time|3|2.836364
node0|waits|3|4
node0|messages|3|40
provider|min_constraint|3|1
provider|max_constraint|3|1
user19|funsat|0|1.4805612564086914
user19|funsat|0|1.0945277214050293
node_user20|total_time|3|3.078694
node_user20|waits|3|1
node_user20|messages|3|0
user19|min_constraint|3|3
user19|max_constraint|3|3
user3|funsat|0|1.4863264560699463
user3|funsat|0|1.12160325050354
node_user4|total_time|3|3.112837
node_user4|waits|3|1
node_user4|messages|3|0
user3|min_constraint|3|3
user3|max_constraint|3|3
user10|funsat|0|1.502945899963379
user10|funsat|0|1.1447389125823975
node_user11|total_time|3|3.151603
node_user11|waits|3|1
node_user11|messages|3|0
user10|min_constraint|3|3
user10|max_constraint|3|3
user13|funsat|0|1.5388336181640625
user13|funsat|0|1.1882779598236084
node_user14|total_time|3|3.231229
node_user14|waits|3|1
node_user14|messages|3|0
user13|min_constraint|3|3
user13|max_constraint|3|3
user14|funsat|0|1.2335646152496338
user14|funsat|0|1.1503734588623047
node_user15|total_time|3|3.395747
node_user15|waits|3|2
node_user15|messages|3|0
user14|min_constraint|3|3
user14|max_constraint|3|3
user0|funsat|0|1.3759493827819824
user0|funsat|0|1.112433910369873
node_user1|total_time|3|3.498747
node_user1|waits|3|2
node_user1|messages|3|0
user0|min_constraint|3|3
user0|max_constraint|3|3
user7|funsat|0|1.3360724449157715
user7|funsat|0|1.2071890830993652
node_user8|total_time|3|3.552548
node_user8|waits|3|2
node_user8|messages|3|0
user7|min_constraint|3|3
user7|max_constraint|3|3
user18|funsat|0|1.2877001762390137
user18|funsat|0|1.2661080360412598
node_user19|total_time|3|3.564817
node_user19|waits|3|2
node_user19|messages|3|0
user18|min_constraint|3|3
user18|max_constraint|3|3
user2|funsat|0|1.3804919719696045
user2|funsat|0|1.2221827507019043
node_user3|total_time|3|3.613099
node_user3|waits|3|2
node_user3|messages|3|0
user2|min_constraint|3|3
user2|max_constraint|3|3
user9|funsat|0|1.4209156036376953
user9|funsat|0|1.229057788848877
node_user10|total_time|3|3.659204
node_user10|waits|3|2
node_user10|messages|3|0
user9|min_constraint|3|3
user9|max_constraint|3|3
user12|funsat|0|1.4145567417144775
user12|funsat|0|1.2675940990447998
node_user13|total_time|3|3.691882
node_user13|waits|3|2
node_user13|messages|3|0
user12|min_constraint|3|3
user12|max_constraint|3|3
user4|funsat|0|1.4596025943756104
user4|funsat|0|1.2862346172332764
node_user5|total_time|3|3.754345
node_user5|waits|3|2
node_user5|messages|3|0
user4|min_constraint|3|3
user4|max_constraint|3|3
user16|funsat|0|1.470334529876709
user16|funsat|0|1.2774009704589844
node_user17|total_time|3|3.755352
node_user17|waits|3|2
node_user17|messages|3|0
user16|min_constraint|3|3
user16|max_constraint|3|3
user6|ffinal|0|0.32549285888671875
node_user7|total_time|3|0.325993
node_user7|waits|3|0
node_user7|messages|3|0
user6|min_constraint|3|1
user6|max_constraint|3|1
user11|ffinal|0|0.33045196533203125
node_user12|total_time|3|0.331043
node_user12|waits|3|0
node_user12|messages|3|0
user11|min_constraint|3|1
user11|max_constraint|3|1
user8|ffinal|0|0.3244459629058838
node_user9|total_time|3|0.324876
node_user9|waits|3|0
node_user9|messages|3|0
user8|min_constraint|3|1
user8|max_constraint|3|1
user17|ffinal|0|0.3316962718963623
node_user18|total_time|3|0.332135
node_user18|waits|3|0
node_user18|messages|3|0
user17|min_constraint|3|1
user17|max_constraint|3|1
user15|ffinal|0|0.3294084072113037
node_user16|total_time|3|0.329996
node_user16|waits|3|0
node_user16|messages|3|0
user15|min_constraint|3|1
user15|max_constraint|3|1
user5|ffinal|0|0.32997894287109375
node_user6|total_time|3|0.330563
node_user6|waits|3|0
node_user6|messages|3|0
user5|min_constraint|3|1
user5|max_constraint|3|1
user1|ffinal|0|0.3376901149749756
node_user2|total_time|3|0.338164
node_user2|waits|3|0
node_user2|messages|3|0
user1|min_constraint|3|1
user1|max_constraint|3|1
provider|flocal|0|0.32979869842529297
provider|ffinal|0|0.2784552574157715
node0|total_time|4|2.702335
node0|waits|4|4
node0|messages|4|40
provider|min_constraint|4|1
provider|max_constraint|4|1
user6|funsat|0|1.087449073791504
user6|funsat|0|0.8890285491943359
node_user7|total_time|4|2.986258
node_user7|waits|4|2
node_user7|messages|4|0
user6|min_constraint|4|3
user6|max_constraint|4|3
user3|funsat|0|1.151550531387329
user3|funsat|0|0.9739742279052734
node_user4|total_time|4|3.135344
node_user4|waits|4|2
node_user4|messages|4|0
user3|min_constraint|4|3
user3|max_constraint|4|3
user0|funsat|0|1.1539340019226074
user0|funsat|0|1.0089054107666016
node_user1|total_time|4|3.174264
node_user1|waits|4|2
node_user1|messages|4|0
user0|min_constraint|4|3
user0|max_constraint|4|3
user8|funsat|0|1.2624435424804688
user8|funsat|0|1.0554075241088867
node_user9|total_time|4|3.324777
node_user9|waits|4|2
node_user9|messages|4|0
user8|min_constraint|4|3
user8|max_constraint|4|3
user16|funsat|0|1.2264294624328613
user16|funsat|0|1.132948875427246
node_user17|total_time|4|3.367537
node_user17|waits|4|2
node_user17|messages|4|0
user16|min_constraint|4|3
user16|max_constraint|4|3
user13|funsat|0|1.253282070159912
user13|funsat|0|1.1471209526062012
node_user14|total_time|4|3.407144
node_user14|waits|4|2
node_user14|messages|4|0
user13|min_constraint|4|3
user13|max_constraint|4|3
user12|funsat|0|1.2751164436340332
user12|funsat|0|1.1363966464996338
node_user13|total_time|4|3.417481
node_user13|waits|4|2
node_user13|messages|4|0
user12|min_constraint|4|3
user12|max_constraint|4|3
user5|funsat|0|1.2710275650024414
user5|funsat|0|1.1581342220306396
node_user6|total_time|4|3.435703
node_user6|waits|4|2
node_user6|messages|4|0
user5|min_constraint|4|3
user5|max_constraint|4|3
user10|funsat|0|1.2830688953399658
user10|funsat|0|1.1648643016815186
node_user11|total_time|4|3.454273
node_user11|waits|4|2
node_user11|messages|4|0
user10|min_constraint|4|3
user10|max_constraint|4|3
user19|ffinal|0|0.35059666633605957
node_user20|total_time|4|0.351179
node_user20|waits|4|0
node_user20|messages|4|0
user19|min_constraint|4|1
user19|max_constraint|4|1
user15|ffinal|0|0.34769177436828613
node_user16|total_time|4|0.348294
node_user16|waits|4|0
node_user16|messages|4|0
user15|min_constraint|4|1
user15|max_constraint|4|1
user14|ffinal|0|0.3517472743988037
node_user15|total_time|4|0.352210
node_user15|waits|4|0
node_user15|messages|4|0
user14|min_constraint|4|1
user14|max_constraint|4|1
user7|ffinal|0|0.35129332542419434
node_user8|total_time|4|0.351759
node_user8|waits|4|0
node_user8|messages|4|0
user7|min_constraint|4|1
user7|max_constraint|4|1
user11|ffinal|0|0.3568081855773926
node_user12|total_time|4|0.357291
node_user12|waits|4|0
node_user12|messages|4|0
user11|min_constraint|4|1
user11|max_constraint|4|1
user18|ffinal|0|0.41580867767333984
node_user19|total_time|4|0.416406
node_user19|waits|4|0
node_user19|messages|4|0
user18|min_constraint|4|1
user18|max_constraint|4|1
user17|ffinal|0|0.41332006454467773
node_user18|total_time|4|0.413770
node_user18|waits|4|0
node_user18|messages|4|0
user17|min_constraint|4|1
user17|max_constraint|4|1
user1|ffinal|0|0.413999080657959
node_user2|total_time|4|0.414515
node_user2|waits|4|0
node_user2|messages|4|0
user1|min_constraint|4|1
user1|max_constraint|4|1
user2|ffinal|0|0.42684245109558105
node_user3|total_time|4|0.427516
node_user3|waits|4|0
node_user3|messages|4|0
user2|min_constraint|4|1
user2|max_constraint|4|1
user9|ffinal|0|0.4298698902130127
node_user10|total_time|4|0.430382
node_user10|waits|4|0
node_user10|messages|4|0
user9|min_constraint|4|1
user9|max_constraint|4|1
user4|ffinal|0|0.4304375648498535
node_user5|total_time|4|0.431102
node_user5|waits|4|0
node_user5|messages|4|0
user4|min_constraint|4|1
user4|max_constraint|4|1
provider|flocal|0|0.34668803215026855
provider|ffinal|0|0.31746578216552734
node0|total_time|5|2.755320
node0|waits|5|4
node0|messages|5|40
provider|min_constraint|5|1
provider|max_constraint|5|1
user9|funsat|0|1.0284340381622314
user9|funsat|0|1.0351157188415527
node_user10|total_time|5|3.073364
node_user10|waits|5|2
node_user10|messages|5|0
user9|min_constraint|5|3
user9|max_constraint|5|3
user5|funsat|0|1.0740675926208496
user5|funsat|0|1.0067548751831055
node_user6|total_time|5|3.089839
node_user6|waits|5|2
node_user6|messages|5|0
user5|min_constraint|5|3
user5|max_constraint|5|3
user2|funsat|0|1.0574450492858887
user2|funsat|0|0.9948446750640869
node_user3|total_time|5|3.062651
node_user3|waits|5|2
node_user3|messages|5|0
user2|min_constraint|5|3
user2|max_constraint|5|3
user4|funsat|0|1.144331932067871
user4|funsat|0|0.9804465770721436
node_user5|total_time|5|3.131627
node_user5|waits|5|2
node_user5|messages|5|0
user4|min_constraint|5|3
user4|max_constraint|5|3
user11|funsat|0|1.124525785446167
user11|funsat|0|1.0853285789489746
node_user12|total_time|5|3.215687
node_user12|waits|5|2
node_user12|messages|5|0
user11|min_constraint|5|3
user11|max_constraint|5|3
user0|funsat|0|1.1503851413726807
user0|funsat|0|1.0906577110290527
node_user1|total_time|5|3.247095
node_user1|waits|5|2
node_user1|messages|5|0
user0|min_constraint|5|3
user0|max_constraint|5|3
user8|funsat|0|1.1573967933654785
user8|funsat|0|1.112816572189331
node_user9|total_time|5|3.275789
node_user9|waits|5|2
node_user9|messages|5|0
user8|min_constraint|5|3
user8|max_constraint|5|3
user18|funsat|0|1.1394166946411133
user18|funsat|0|1.0983967781066895
node_user19|total_time|5|3.243622
node_user19|waits|5|2
node_user19|messages|5|0
user18|min_constraint|5|3
user18|max_constraint|5|3
user15|ffinal|0|0.3518187999725342
node_user16|total_time|5|0.352298
node_user16|waits|5|0
node_user16|messages|5|0
user15|min_constraint|5|1
user15|max_constraint|5|1
user13|ffinal|0|0.3473172187805176
node_user14|total_time|5|0.347870
node_user14|waits|5|0
node_user14|messages|5|0
user13|min_constraint|5|1
user13|max_constraint|5|1
user12|ffinal|0|0.3139216899871826
node_user13|total_time|5|0.314474
node_user13|waits|5|0
node_user13|messages|5|0
user12|min_constraint|5|1
user12|max_constraint|5|1
user17|ffinal|0|0.36176133155822754
node_user18|total_time|5|0.362329
node_user18|waits|5|0
node_user18|messages|5|0
user17|min_constraint|5|1
user17|max_constraint|5|1
user1|ffinal|0|0.3612644672393799
node_user2|total_time|5|0.361777
node_user2|waits|5|0
node_user2|messages|5|0
user1|min_constraint|5|1
user1|max_constraint|5|1
user16|ffinal|0|0.37351346015930176
node_user17|total_time|5|0.374117
node_user17|waits|5|0
node_user17|messages|5|0
user16|min_constraint|5|1
user16|max_constraint|5|1
user19|ffinal|0|0.37834692001342773
node_user20|total_time|5|0.379021
node_user20|waits|5|0
node_user20|messages|5|0
user19|min_constraint|5|1
user19|max_constraint|5|1
user14|ffinal|0|0.39094996452331543
node_user15|total_time|5|0.391541
node_user15|waits|5|0
node_user15|messages|5|0
user14|min_constraint|5|1
user14|max_constraint|5|1
user6|ffinal|0|0.3337113857269287
node_user7|total_time|5|0.334130
node_user7|waits|5|0
node_user7|messages|5|0
user6|min_constraint|5|1
user6|max_constraint|5|1
user7|ffinal|0|0.33507752418518066
node_user8|total_time|5|0.335625
node_user8|waits|5|0
node_user8|messages|5|0
user7|min_constraint|5|1
user7|max_constraint|5|1
user10|ffinal|0|0.4011373519897461
node_user11|total_time|5|0.401686
node_user11|waits|5|0
node_user11|messages|5|0
user10|min_constraint|5|1
user10|max_constraint|5|1
user3|ffinal|0|0.3616313934326172
node_user4|total_time|5|0.362078
node_user4|waits|5|0
node_user4|messages|5|0
user3|min_constraint|5|1
user3|max_constraint|5|1
provider|flocal|0|0.36196470260620117
provider|ffinal|0|0.3504602909088135
node0|total_time|6|2.804728
node0|waits|6|4
node0|messages|6|40
provider|min_constraint|6|1
provider|max_constraint|6|1
user2|funsat|0|1.2118511199951172
user2|funsat|0|1.0286943912506104
node_user3|total_time|6|3.250726
node_user3|waits|6|2
node_user3|messages|6|0
user2|min_constraint|6|3
user2|max_constraint|6|3
user5|funsat|0|1.3338356018066406
user5|funsat|0|1.1540145874023438
node_user6|total_time|6|3.497131
node_user6|waits|6|2
node_user6|messages|6|0
user5|min_constraint|6|3
user5|max_constraint|6|3
user0|funsat|0|1.2674012184143066
user0|funsat|0|1.2472500801086426
node_user1|total_time|6|3.524352
node_user1|waits|6|2
node_user1|messages|6|0
user0|min_constraint|6|3
user0|max_constraint|6|3
user19|funsat|0|1.2829794883728027
user19|funsat|0|1.2416677474975586
node_user20|total_time|6|3.534498
node_user20|waits|6|2
node_user20|messages|6|0
user19|min_constraint|6|3
user19|max_constraint|6|3
user4|funsat|0|1.3415930271148682
user4|funsat|0|1.2260775566101074
node_user5|total_time|6|3.573608
node_user5|waits|6|2
node_user5|messages|6|0
user4|min_constraint|6|3
user4|max_constraint|6|3
user12|funsat|0|1.3690805435180664
user12|funsat|0|1.2743782997131348
node_user13|total_time|6|3.649714
node_user13|waits|6|2
node_user13|messages|6|0
user12|min_constraint|6|3
user12|max_constraint|6|3
user7|funsat|0|1.325798511505127
user7|funsat|0|1.293182134628296
node_user8|total_time|6|3.625818
node_user8|waits|6|2
node_user8|messages|6|0
user7|min_constraint|6|3
user7|max_constraint|6|3
user9|funsat|0|1.352459192276001
user9|funsat|0|1.2889392375946045
node_user10|total_time|6|3.646993
node_user10|waits|6|2
node_user10|messages|6|0
user9|min_constraint|6|3
user9|max_constraint|6|3
user11|funsat|0|1.3427937030792236
user11|funsat|0|1.3004956245422363
node_user12|total_time|6|3.649716
node_user12|waits|6|2
node_user12|messages|6|0
user11|min_constraint|6|3
user11|max_constraint|6|3
user1|funsat|0|1.342048168182373
user1|funsat|0|1.3037543296813965
node_user2|total_time|6|3.651972
node_user2|waits|6|2
node_user2|messages|6|0
user1|min_constraint|6|3
user1|max_constraint|6|3
user6|funsat|0|1.3644402027130127
user6|funsat|0|1.320694923400879
node_user7|total_time|6|3.691187
node_user7|waits|6|2
node_user7|messages|6|0
user6|min_constraint|6|3
user6|max_constraint|6|3
user13|ffinal|0|0.35258984565734863
node_user14|total_time|6|0.353076
node_user14|waits|6|0
node_user14|messages|6|0
user13|min_constraint|6|1
user13|max_constraint|6|1
user16|ffinal|0|0.3460657596588135
node_user17|total_time|6|0.346529
node_user17|waits|6|0
node_user17|messages|6|0
user16|min_constraint|6|1
user16|max_constraint|6|1
user15|ffinal|0|0.3549776077270508
node_user16|total_time|6|0.355442
node_user16|waits|6|0
node_user16|messages|6|0
user15|min_constraint|6|1
user15|max_constraint|6|1
user14|ffinal|0|0.35578322410583496
node_user15|total_time|6|0.356280
node_user15|waits|6|0
node_user15|messages|6|0
user14|min_constraint|6|1
user14|max_constraint|6|1
user8|ffinal|0|0.33415937423706055
node_user9|total_time|6|0.334731
node_user9|waits|6|0
node_user9|messages|6|0
user8|min_constraint|6|1
user8|max_constraint|6|1
user17|ffinal|0|0.35777735710144043
node_user18|total_time|6|0.358273
node_user18|waits|6|0
node_user18|messages|6|0
user17|min_constraint|6|1
user17|max_constraint|6|1
user10|ffinal|0|0.33719420433044434
node_user11|total_time|6|0.337570
node_user11|waits|6|0
node_user11|messages|6|0
user10|min_constraint|6|1
user10|max_constraint|6|1
user18|ffinal|0|0.3876960277557373
node_user19|total_time|6|0.388109
node_user19|waits|6|0
node_user19|messages|6|0
user18|min_constraint|6|1
user18|max_constraint|6|1
user3|ffinal|0|0.4100527763366699
node_user4|total_time|6|0.410623
node_user4|waits|6|0
node_user4|messages|6|0
user3|min_constraint|6|1
user3|max_constraint|6|1
provider|flocal|0|0.3481168746948242
provider|ffinal|0|0.40779805183410645
node0|total_time|7|23.386325
node0|waits|7|45
node0|messages|7|40
provider|min_constraint|7|1
provider|max_constraint|7|1
user18|funsat|0|1.030761480331421
user18|funsat|0|1.300140142440796
node_user19|total_time|7|23.868280
node_user19|waits|7|43
node_user19|messages|7|0
user18|min_constraint|7|3
user18|max_constraint|7|3
user8|funsat|0|1.1267359256744385
user8|funsat|0|1.5714423656463623
node_user9|total_time|7|24.234469
node_user9|waits|7|43
node_user9|messages|7|0
user8|min_constraint|7|3
user8|max_constraint|7|3
user16|funsat|0|1.238835096359253
user16|funsat|0|1.6180462837219238
node_user17|total_time|7|3.366299
node_user17|waits|7|1
node_user17|messages|7|0
user16|min_constraint|7|3
user16|max_constraint|7|3
user11|funsat|0|1.1534366607666016
user11|funsat|0|1.646623134613037
node_user12|total_time|7|24.334764
node_user12|waits|7|43
node_user12|messages|7|0
user11|min_constraint|7|3
user11|max_constraint|7|3
user12|funsat|0|1.1777474880218506
user12|funsat|0|1.6890902519226074
node_user13|total_time|7|24.400449
node_user13|waits|7|43
node_user13|messages|7|0
user12|min_constraint|7|3
user12|max_constraint|7|3
user5|funsat|0|1.2097227573394775
user5|funsat|0|1.784651279449463
node_user6|total_time|7|3.503777
node_user6|waits|7|1
node_user6|messages|7|0
user5|min_constraint|7|3
user5|max_constraint|7|3
user17|funsat|0|1.3093843460083008
user17|funsat|0|1.7416129112243652
node_user18|total_time|7|3.559410
node_user18|waits|7|1
node_user18|messages|7|0
user17|min_constraint|7|3
user17|max_constraint|7|3
user6|funsat|0|1.1586356163024902
user6|funsat|0|1.8053357601165771
node_user7|total_time|7|24.497066
node_user7|waits|7|43
node_user7|messages|7|0
user6|min_constraint|7|3
user6|max_constraint|7|3
user4|funsat|0|1.1604492664337158
user4|funsat|0|1.862006425857544
node_user5|total_time|7|24.557361
node_user5|waits|7|43
node_user5|messages|7|0
user4|min_constraint|7|3
user4|max_constraint|7|3
user2|funsat|0|1.2094831466674805
user2|funsat|0|1.828404188156128
node_user3|total_time|7|24.570377
node_user3|waits|7|43
node_user3|messages|7|0
user2|min_constraint|7|3
user2|max_constraint|7|3
user3|funsat|0|1.2120344638824463
user3|funsat|0|1.848846435546875
node_user4|total_time|7|24.593089
node_user4|waits|7|43
node_user4|messages|7|0
user3|min_constraint|7|3
user3|max_constraint|7|3
user19|funsat|0|1.3326165676116943
user19|funsat|0|1.8330504894256592
node_user20|total_time|7|3.674106
node_user20|waits|7|1
node_user20|messages|7|0
user19|min_constraint|7|3
user19|max_constraint|7|3
user1|funsat|0|1.279540777206421
user1|funsat|0|1.8629310131072998
node_user2|total_time|7|3.650891
node_user2|waits|7|1
node_user2|messages|7|0
user1|min_constraint|7|3
user1|max_constraint|7|3
user0|funsat|0|1.2977466583251953
user0|funsat|0|1.9259507656097412
node_user1|total_time|7|3.732856
node_user1|waits|7|1
node_user1|messages|7|0
user0|min_constraint|7|3
user0|max_constraint|7|3
user13|funsat|0|1.3084568977355957
user13|funsat|0|1.982412338256836
node_user14|total_time|7|3.800897
node_user14|waits|7|1
node_user14|messages|7|0
user13|min_constraint|7|3
user13|max_constraint|7|3
user15|funsat|0|1.374474287033081
user15|funsat|0|1.871786117553711
node_user16|total_time|7|3.751189
node_user16|waits|7|1
node_user16|messages|7|0
user15|min_constraint|7|3
user15|max_constraint|7|3
user9|funsat|0|1.3475782871246338
user9|funsat|0|1.855607271194458
node_user10|total_time|7|3.708737
node_user10|waits|7|1
node_user10|messages|7|0
user9|min_constraint|7|3
user9|max_constraint|7|3
user14|funsat|0|1.3698406219482422
user14|funsat|0|1.937532901763916
node_user15|total_time|7|3.814325
node_user15|waits|7|1
node_user15|messages|7|0
user14|min_constraint|7|3
user14|max_constraint|7|3
user10|funsat|0|1.2953822612762451
user10|funsat|0|1.982964038848877
node_user11|total_time|7|3.784747
node_user11|waits|7|1
node_user11|messages|7|0
user10|min_constraint|7|3
user10|max_constraint|7|3
user7|funsat|0|1.3069565296173096
user7|funsat|0|2.0408918857574463
node_user8|total_time|7|3.853668
node_user8|waits|7|1
node_user8|messages|7|0
user7|min_constraint|7|3
user7|max_constraint|7|3
provider|flocal|0|0.24320483207702637
provider|ffinal|0|0.4222719669342041
node0|total_time|8|3.767631
node0|waits|8|6
node0|messages|8|40
provider|min_constraint|8|1
provider|max_constraint|8|1
user7|funsat|0|1.8269972801208496
user7|funsat|0|1.453946590423584
node_user8|total_time|8|4.290956
node_user8|waits|8|2
node_user8|messages|8|0
user7|min_constraint|8|3
user7|max_constraint|8|3
user15|funsat|0|1.8018252849578857
user15|funsat|0|1.4880590438842773
node_user16|total_time|8|4.299075
node_user16|waits|8|2
node_user16|messages|8|0
user15|min_constraint|8|3
user15|max_constraint|8|3
user13|funsat|0|1.8426611423492432
user13|funsat|0|1.5921196937561035
node_user14|total_time|8|4.445275
node_user14|waits|8|2
node_user14|messages|8|0
user13|min_constraint|8|3
user13|max_constraint|8|3
user3|funsat|0|1.8416411876678467
user3|funsat|0|1.5651931762695312
node_user4|total_time|8|4.416761
node_user4|waits|8|2
node_user4|messages|8|0
user3|min_constraint|8|3
user3|max_constraint|8|3
user0|funsat|0|1.8391225337982178
user0|funsat|0|1.5847117900848389
node_user1|total_time|8|4.435754
node_user1|waits|8|2
node_user1|messages|8|0
user0|min_constraint|8|3
user0|max_constraint|8|3
user16|funsat|0|1.8954033851623535
user16|funsat|0|1.6056482791900635
node_user17|total_time|8|4.509346
node_user17|waits|8|2
node_user17|messages|8|0
user16|min_constraint|8|3
user16|max_constraint|8|3
user8|funsat|0|1.8592543601989746
user8|funsat|0|1.651989221572876
node_user9|total_time|8|4.519772
node_user9|waits|8|2
node_user9|messages|8|0
user8|min_constraint|8|3
user8|max_constraint|8|3
user12|funsat|0|1.8997242450714111
user12|funsat|0|1.6381323337554932
node_user13|total_time|8|4.544870
node_user13|waits|8|2
node_user13|messages|8|0
user12|min_constraint|8|3
user12|max_constraint|8|3
user9|funsat|0|1.9573965072631836
user9|funsat|0|1.6507468223571777
node_user10|total_time|8|4.614393
node_user10|waits|8|2
node_user10|messages|8|0
user9|min_constraint|8|3
user9|max_constraint|8|3
user17|funsat|0|1.9031846523284912
user17|funsat|0|1.6820299625396729
node_user18|total_time|8|4.591965
node_user18|waits|8|2
node_user18|messages|8|0
user17|min_constraint|8|3
user17|max_constraint|8|3
user11|funsat|0|1.9285731315612793
user11|funsat|0|1.6870858669281006
node_user12|total_time|8|4.622238
node_user12|waits|8|2
node_user12|messages|8|0
user11|min_constraint|8|3
user11|max_constraint|8|3
user4|funsat|0|1.5166809558868408
user4|funsat|0|1.645366907119751
node_user5|total_time|8|4.673009
node_user5|waits|8|3
node_user5|messages|8|0
user4|min_constraint|8|3
user4|max_constraint|8|3
user2|funsat|0|1.6524925231933594
user2|funsat|0|1.7039110660552979
node_user3|total_time|8|4.867009
node_user3|waits|8|3
node_user3|messages|8|0
user2|min_constraint|8|3
user2|max_constraint|8|3
user10|funsat|0|1.734044075012207
user10|funsat|0|1.680095911026001
node_user11|total_time|8|4.929946
node_user11|waits|8|3
node_user11|messages|8|0
user10|min_constraint|8|3
user10|max_constraint|8|3
user19|funsat|0|1.66813325881958
user19|funsat|0|1.7767586708068848
node_user20|total_time|8|4.955265
node_user20|waits|8|3
node_user20|messages|8|0
user19|min_constraint|8|3
user19|max_constraint|8|3
user6|funsat|0|1.776963233947754
user6|funsat|0|1.6686694622039795
node_user7|total_time|8|4.980298
node_user7|waits|8|3
node_user7|messages|8|0
user6|min_constraint|8|3
user6|max_constraint|8|3
user14|funsat|0|1.7467470169067383
user14|funsat|0|1.706904649734497
node_user15|total_time|8|4.967103
node_user15|waits|8|3
node_user15|messages|8|0
user14|min_constraint|8|3
user14|max_constraint|8|3
user5|funsat|0|1.746476650238037
user5|funsat|0|1.7073519229888916
node_user6|total_time|8|4.965582
node_user6|waits|8|3
node_user6|messages|8|0
user5|min_constraint|8|3
user5|max_constraint|8|3
user18|funsat|0|1.7560210227966309
user18|funsat|0|1.725236415863037
node_user19|total_time|8|4.997151
node_user19|waits|8|3
node_user19|messages|8|0
user18|min_constraint|8|3
user18|max_constraint|8|3
user1|funsat|0|1.7920503616333008
user1|funsat|0|1.7392070293426514
node_user2|total_time|8|5.046724
node_user2|waits|8|3
node_user2|messages|8|0
user1|min_constraint|8|3
user1|max_constraint|8|3
provider|flocal|0|0.33008480072021484
provider|ffinal|0|0.2788200378417969
node0|total_time|9|2.702013
node0|waits|9|4
node0|messages|9|40
provider|min_constraint|9|1
provider|max_constraint|9|1
user9|funsat|0|1.2395200729370117
user9|funsat|0|1.0951080322265625
node_user10|total_time|9|3.343935
node_user10|waits|9|2
node_user10|messages|9|0
user9|min_constraint|9|3
user9|max_constraint|9|3
user11|funsat|0|1.2860963344573975
user11|funsat|0|1.111224889755249
node_user12|total_time|9|3.406610
node_user12|waits|9|2
node_user12|messages|9|0
user11|min_constraint|9|3
user11|max_constraint|9|3
user18|funsat|0|1.2248029708862305
user18|funsat|0|1.1876189708709717
node_user19|total_time|9|3.434974
node_user19|waits|9|2
node_user19|messages|9|0
user18|min_constraint|9|3
user18|max_constraint|9|3
user0|funsat|0|1.2625160217285156
user0|funsat|0|1.2597708702087402
node_user1|total_time|9|3.532797
node_user1|waits|9|2
node_user1|messages|9|0
user0|min_constraint|9|3
user0|max_constraint|9|3
user8|funsat|0|1.2380616664886475
user8|funsat|0|1.3129408359527588
node_user9|total_time|9|3.559830
node_user9|waits|9|2
node_user9|messages|9|0
user8|min_constraint|9|3
user8|max_constraint|9|3
user2|funsat|0|1.2509291172027588
user2|funsat|0|1.2486565113067627
node_user3|total_time|9|3.505761
node_user3|waits|9|2
node_user3|messages|9|0
user2|min_constraint|9|3
user2|max_constraint|9|3
user3|funsat|0|1.3192250728607178
user3|funsat|0|1.2517447471618652
node_user4|total_time|9|3.576746
node_user4|waits|9|2
node_user4|messages|9|0
user3|min_constraint|9|3
user3|max_constraint|9|3
user1|funsat|0|1.293281078338623
user1|funsat|0|1.281287670135498
node_user2|total_time|9|3.582398
node_user2|waits|9|2
node_user2|messages|9|0
user1|min_constraint|9|3
user1|max_constraint|9|3
user4|funsat|0|1.3229413032531738
user4|funsat|0|1.2561910152435303
node_user5|total_time|9|3.585411
node_user5|waits|9|2
node_user5|messages|9|0
user4|min_constraint|9|3
user4|max_constraint|9|3
user14|funsat|0|1.357172966003418
user14|funsat|0|1.2502286434173584
node_user15|total_time|9|3.613317
node_user15|waits|9|2
node_user15|messages|9|0
user14|min_constraint|9|3
user14|max_constraint|9|3
user17|ffinal|0|0.29683446884155273
node_user18|total_time|9|0.297297
node_user18|waits|9|0
node_user18|messages|9|0
user17|min_constraint|9|1
user17|max_constraint|9|1
user16|ffinal|0|0.3228001594543457
node_user17|total_time|9|0.323297
node_user17|waits|9|0
node_user17|messages|9|0
user16|min_constraint|9|1
user16|max_constraint|9|1
user19|ffinal|0|0.3624093532562256
node_user20|total_time|9|0.362951
node_user20|waits|9|0
node_user20|messages|9|0
user19|min_constraint|9|1
user19|max_constraint|9|1
user15|ffinal|0|0.29967689514160156
node_user16|total_time|9|0.300079
node_user16|waits|9|0
node_user16|messages|9|0
user15|min_constraint|9|1
user15|max_constraint|9|1
user5|ffinal|0|0.3258016109466553
node_user6|total_time|9|0.326235
node_user6|waits|9|0
node_user6|messages|9|0
user5|min_constraint|9|1
user5|max_constraint|9|1
user13|ffinal|0|0.3473472595214844
node_user14|total_time|9|0.347877
node_user14|waits|9|0
node_user14|messages|9|0
user13|min_constraint|9|1
user13|max_constraint|9|1
user7|ffinal|0|0.3217952251434326
node_user8|total_time|9|0.322309
node_user8|waits|9|0
node_user8|messages|9|0
user7|min_constraint|9|1
user7|max_constraint|9|1
user12|ffinal|0|0.3392369747161865
node_user13|total_time|9|0.339732
node_user13|waits|9|0
node_user13|messages|9|0
user12|min_constraint|9|1
user12|max_constraint|9|1
user6|ffinal|0|0.3600130081176758
node_user7|total_time|9|0.360573
node_user7|waits|9|0
node_user7|messages|9|0
user6|min_constraint|9|1
user6|max_constraint|9|1
user10|ffinal|0|0.3646271228790283
node_user11|total_time|9|0.365051
node_user11|waits|9|0
node_user11|messages|9|0
user10|min_constraint|9|1
user10|max_constraint|9|1
