transformer18|ffinal|0|0.2552614212036133
node_transformer18|total_time|0|0.756353
node_transformer18|waits|0|1
node_transformer18|messages|0|0
transformer18|min_constraint|0|0
transformer18|max_constraint|0|0
transformer8|ffinal|0|0.2538621425628662
node_transformer8|total_time|0|0.754774
node_transformer8|waits|0|1
node_transformer8|messages|0|0
transformer8|min_constraint|0|0
transformer8|max_constraint|0|0
transformer7|ffinal|0|0.26668238639831543
node_transformer7|total_time|0|0.767717
node_transformer7|waits|0|1
node_transformer7|messages|0|0
transformer7|min_constraint|0|0
transformer7|max_constraint|0|0
transformer13|ffinal|0|0.26742029190063477
node_transformer13|total_time|0|0.768318
node_transformer13|waits|0|1
node_transformer13|messages|0|0
transformer13|min_constraint|0|0
transformer13|max_constraint|0|0
transformer4|ffinal|0|0.276442289352417
node_transformer4|total_time|0|0.777529
node_transformer4|waits|0|1
node_transformer4|messages|0|0
transformer4|min_constraint|0|0
transformer4|max_constraint|0|0
user|ffinal|0|0.2832334041595459
node_provider|total_time|0|0.784215
node_provider|waits|0|1
node_provider|messages|0|0
user|min_constraint|0|0
user|max_constraint|0|0
transformer11|ffinal|0|0.29094648361206055
node_transformer11|total_time|0|0.792050
node_transformer11|waits|0|1
node_transformer11|messages|0|0
transformer11|min_constraint|0|0
transformer11|max_constraint|0|0
transformer16|ffinal|0|0.3024599552154541
node_transformer16|total_time|0|0.803621
node_transformer16|waits|0|1
node_transformer16|messages|0|0
transformer16|min_constraint|0|0
transformer16|max_constraint|0|0
transformer1|ffinal|0|0.30056262016296387
node_transformer1|total_time|0|0.801588
node_transformer1|waits|0|1
node_transformer1|messages|0|0
transformer1|min_constraint|0|0
transformer1|max_constraint|0|0
transformer0|ffinal|0|0.31170177459716797
node_transformer0|total_time|0|0.812291
node_transformer0|waits|0|1
node_transformer0|messages|0|0
transformer0|min_constraint|0|0
transformer0|max_constraint|0|0
transformer10|ffinal|0|0.30660486221313477
node_transformer10|total_time|0|0.807711
node_transformer10|waits|0|1
node_transformer10|messages|0|0
transformer10|min_constraint|0|0
transformer10|max_constraint|0|0
provider|flocal|0|0.2687695026397705
provider|ffinal|0|0.25276970863342285
node_user|total_time|0|1.055841
node_user|waits|0|1
node_user|messages|0|0
provider|min_constraint|0|0
provider|max_constraint|0|0
transformer19|ffinal|0|0.26460981369018555
node_transformer19|total_time|0|0.265072
node_transformer19|waits|0|0
node_transformer19|messages|0|0
transformer19|min_constraint|0|0
transformer19|max_constraint|0|0
transformer14|ffinal|0|0.2769327163696289
node_transformer14|total_time|0|0.277334
node_transformer14|waits|0|0
node_transformer14|messages|0|0
transformer14|min_constraint|0|0
transformer14|max_constraint|0|0
transformer2|ffinal|0|0.2787501811981201
node_transformer2|total_time|0|0.279341
node_transformer2|waits|0|0
node_transformer2|messages|0|0
transformer2|min_constraint|0|0
transformer2|max_constraint|0|0
transformer3|ffinal|0|0.277036190032959
node_transformer3|total_time|0|0.277456
node_transformer3|waits|0|0
node_transformer3|messages|0|0
transformer3|min_constraint|0|0
transformer3|max_constraint|0|0
transformer6|ffinal|0|0.2881009578704834
node_transformer6|total_time|0|0.288458
node_transformer6|waits|0|0
node_transformer6|messages|0|0
transformer6|min_constraint|0|0
transformer6|max_constraint|0|0
transformer15|ffinal|0|0.29976582527160645
node_transformer15|total_time|0|0.300274
node_transformer15|waits|0|0
node_transformer15|messages|0|0
transformer15|min_constraint|0|0
transformer15|max_constraint|0|0
transformer5|ffinal|0|0.312636137008667
node_transformer5|total_time|0|0.313092
node_transformer5|waits|0|0
node_transformer5|messages|0|0
transformer5|min_constraint|0|0
transformer5|max_constraint|0|0
transformer17|ffinal|0|0.3384699821472168
node_transformer17|total_time|0|0.338907
node_transformer17|waits|0|0
node_transformer17|messages|0|0
transformer17|min_constraint|0|0
transformer17|max_constraint|0|0
transformer9|ffinal|0|0.33841395378112793
node_transformer9|total_time|0|0.338939
node_transformer9|waits|0|0
node_transformer9|messages|0|0
transformer9|min_constraint|0|0
transformer9|max_constraint|0|0
transformer12|ffinal|0|0.343550443649292
node_transformer12|total_time|0|0.343940
node_transformer12|waits|0|0
node_transformer12|messages|0|0
transformer12|min_constraint|0|0
transformer12|max_constraint|0|0
transformer19|ffinal|0|0.2792534828186035
node_transformer19|total_time|1|0.780250
node_transformer19|waits|1|1
node_transformer19|messages|1|0
transformer19|min_constraint|1|0
transformer19|max_constraint|1|0
user|ffinal|0|0.27612996101379395
node_provider|total_time|1|0.777123
node_provider|waits|1|1
node_provider|messages|1|0
user|min_constraint|1|0
user|max_constraint|1|0
transformer9|ffinal|0|0.27610278129577637
node_transformer9|total_time|1|0.777113
node_transformer9|waits|1|1
node_transformer9|messages|1|0
transformer9|min_constraint|1|0
transformer9|max_constraint|1|0
transformer12|ffinal|0|0.28423142433166504
node_transformer12|total_time|1|0.785374
node_transformer12|waits|1|1
node_transformer12|messages|1|0
transformer12|min_constraint|1|0
transformer12|max_constraint|1|0
transformer1|ffinal|0|0.28284311294555664
node_transformer1|total_time|1|0.783857
node_transformer1|waits|1|1
node_transformer1|messages|1|0
transformer1|min_constraint|1|0
transformer1|max_constraint|1|0
transformer10|ffinal|0|0.2834300994873047
node_transformer10|total_time|1|0.784399
node_transformer10|waits|1|1
node_transformer10|messages|1|0
transformer10|min_constraint|1|0
transformer10|max_constraint|1|0
transformer15|ffinal|0|0.2936520576477051
node_transformer15|total_time|1|0.794715
node_transformer15|waits|1|1
node_transformer15|messages|1|0
transformer15|min_constraint|1|0
transformer15|max_constraint|1|0
transformer14|ffinal|0|0.29047322273254395
node_transformer14|total_time|1|0.791474
node_transformer14|waits|1|1
node_transformer14|messages|1|0
transformer14|min_constraint|1|0
transformer14|max_constraint|1|0
transformer3|ffinal|0|0.28946590423583984
node_transformer3|total_time|1|0.790655
node_transformer3|waits|1|1
node_transformer3|messages|1|0
transformer3|min_constraint|1|0
transformer3|max_constraint|1|0
transformer0|ffinal|0|0.2853527069091797
node_transformer0|total_time|1|0.786387
node_transformer0|waits|1|1
node_transformer0|messages|1|0
transformer0|min_constraint|1|0
transformer0|max_constraint|1|0
transformer4|ffinal|0|0.2908339500427246
node_transformer4|total_time|1|0.791842
node_transformer4|waits|1|1
node_transformer4|messages|1|0
transformer4|min_constraint|1|0
transformer4|max_constraint|1|0
transformer8|ffinal|0|0.3083047866821289
node_transformer8|total_time|1|0.809426
node_transformer8|waits|1|1
node_transformer8|messages|1|0
transformer8|min_constraint|1|0
transformer8|max_constraint|1|0
transformer5|ffinal|0|0.32216453552246094
node_transformer5|total_time|1|0.823230
node_transformer5|waits|1|1
node_transformer5|messages|1|0
transformer5|min_constraint|1|0
transformer5|max_constraint|1|0
transformer6|ffinal|0|0.3228871822357178
node_transformer6|total_time|1|0.824044
node_transformer6|waits|1|1
node_transformer6|messages|1|0
transformer6|min_constraint|1|0
transformer6|max_constraint|1|0
transformer17|ffinal|0|0.34496212005615234
node_transformer17|total_time|1|0.846085
node_transformer17|waits|1|1
node_transformer17|messages|1|0
transformer17|min_constraint|1|0
transformer17|max_constraint|1|0
transformer2|ffinal|0|0.3536219596862793
node_transformer2|total_time|1|0.854769
node_transformer2|waits|1|1
node_transformer2|messages|1|0
transformer2|min_constraint|1|0
transformer2|max_constraint|1|0
provider|flocal|0|0.2362196445465088
provider|ffinal|0|0.2397456169128418
node_user|total_time|1|1.008832
node_user|waits|1|1
node_user|messages|1|0
provider|min_constraint|1|0
provider|max_constraint|1|0
transformer7|ffinal|0|0.29284143447875977
node_transformer7|total_time|1|0.293399
node_transformer7|waits|1|0
node_transformer7|messages|1|0
transformer7|min_constraint|1|0
transformer7|max_constraint|1|0
transformer13|ffinal|0|0.27605223655700684
node_transformer13|total_time|1|0.276346
node_transformer13|waits|1|0
node_transformer13|messages|1|0
transformer13|min_constraint|1|0
transformer13|max_constraint|1|0
transformer18|ffinal|0|0.29395055770874023
node_transformer18|total_time|1|0.294390
node_transformer18|waits|1|0
node_transformer18|messages|1|0
transformer18|min_constraint|1|0
transformer18|max_constraint|1|0
transformer11|ffinal|0|0.27393341064453125
node_transformer11|total_time|1|0.274339
node_transformer11|waits|1|0
node_transformer11|messages|1|0
transformer11|min_constraint|1|0
transformer11|max_constraint|1|0
transformer16|ffinal|0|0.27748894691467285
node_transformer16|total_time|1|0.277836
node_transformer16|waits|1|0
node_transformer16|messages|1|0
transformer16|min_constraint|1|0
transformer16|max_constraint|1|0
transformer0|ffinal|0|0.37181520462036133
node_transformer0|total_time|2|0.872748
node_transformer0|waits|2|1
node_transformer0|messages|2|0
transformer0|min_constraint|2|0
transformer0|max_constraint|2|0
user|ffinal|0|0.3741152286529541
node_provider|total_time|2|0.875243
node_provider|waits|2|1
node_provider|messages|2|0
user|min_constraint|2|0
user|max_constraint|2|0
transformer14|ffinal|0|0.3883702754974365
node_transformer14|total_time|2|0.889426
node_transformer14|waits|2|1
node_transformer14|messages|2|0
transformer14|min_constraint|2|0
transformer14|max_constraint|2|0
transformer13|ffinal|0|0.40727853775024414
node_transformer13|total_time|2|0.908339
node_transformer13|waits|2|1
node_transformer13|messages|2|0
transformer13|min_constraint|2|0
transformer13|max_constraint|2|0
transformer1|ffinal|0|0.40498900413513184
node_transformer1|total_time|2|0.905942
node_transformer1|waits|2|1
node_transformer1|messages|2|0
transformer1|min_constraint|2|0
transformer1|max_constraint|2|0
transformer4|ffinal|0|0.40528178215026855
node_transformer4|total_time|2|0.906348
node_transformer4|waits|2|1
node_transformer4|messages|2|0
transformer4|min_constraint|2|0
transformer4|max_constraint|2|0
transformer10|ffinal|0|0.4175910949707031
node_transformer10|total_time|2|0.918593
node_transformer10|waits|2|1
node_transformer10|messages|2|0
transformer10|min_constraint|2|0
transformer10|max_constraint|2|0
transformer16|ffinal|0|0.4213740825653076
node_transformer16|total_time|2|0.922394
node_transformer16|waits|2|1
node_transformer16|messages|2|0
transformer16|min_constraint|2|0
transformer16|max_constraint|2|0
transformer5|ffinal|0|0.42939329147338867
node_transformer5|total_time|2|0.930467
node_transformer5|waits|2|1
node_transformer5|messages|2|0
transformer5|min_constraint|2|0
transformer5|max_constraint|2|0
transformer12|ffinal|0|0.44110941886901855
node_transformer12|total_time|2|0.942209
node_transformer12|waits|2|1
node_transformer12|messages|2|0
transformer12|min_constraint|2|0
transformer12|max_constraint|2|0
transformer9|ffinal|0|0.4374690055847168
node_transformer9|total_time|2|0.938637
node_transformer9|waits|2|1
node_transformer9|messages|2|0
transformer9|min_constraint|2|0
transformer9|max_constraint|2|0
transformer3|ffinal|0|0.3891630172729492
node_transformer3|total_time|2|0.890122
node_transformer3|waits|2|1
node_transformer3|messages|2|0
transformer3|min_constraint|2|0
transformer3|max_constraint|2|0
transformer17|ffinal|0|0.43779802322387695
node_transformer17|total_time|2|0.938976
node_transformer17|waits|2|1
node_transformer17|messages|2|0
transformer17|min_constraint|2|0
transformer17|max_constraint|2|0
transformer11|ffinal|0|0.43608927726745605
node_transformer11|total_time|2|0.937130
node_transformer11|waits|2|1
node_transformer11|messages|2|0
transformer11|min_constraint|2|0
transformer11|max_constraint|2|0
transformer2|ffinal|0|0.4396178722381592
node_transformer2|total_time|2|0.940754
node_transformer2|waits|2|1
node_transformer2|messages|2|0
transformer2|min_constraint|2|0
transformer2|max_constraint|2|0
transformer15|ffinal|0|0.45188093185424805
node_transformer15|total_time|2|0.953076
node_transformer15|waits|2|1
node_transformer15|messages|2|0
transformer15|min_constraint|2|0
transformer15|max_constraint|2|0
transformer8|ffinal|0|0.4476501941680908
node_transformer8|total_time|2|0.948824
node_transformer8|waits|2|1
node_transformer8|messages|2|0
transformer8|min_constraint|2|0
transformer8|max_constraint|2|0
transformer19|ffinal|0|0.4579334259033203
node_transformer19|total_time|2|0.958933
node_transformer19|waits|2|1
node_transformer19|messages|2|0
transformer19|min_constraint|2|0
transformer19|max_constraint|2|0
transformer6|ffinal|0|0.45731401443481445
node_transformer6|total_time|2|0.958288
node_transformer6|waits|2|1
node_transformer6|messages|2|0
transformer6|min_constraint|2|0
transformer6|max_constraint|2|0
transformer7|ffinal|0|0.46314334869384766
node_transformer7|total_time|2|0.964275
node_transformer7|waits|2|1
node_transformer7|messages|2|0
transformer7|min_constraint|2|0
transformer7|max_constraint|2|0
transformer18|ffinal|0|0.45810484886169434
node_transformer18|total_time|2|0.959346
node_transformer18|waits|2|1
node_transformer18|messages|2|0
transformer18|min_constraint|2|0
transformer18|max_constraint|2|0
provider|flocal|0|0.29911279678344727
provider|ffinal|0|0.2560906410217285
node_user|total_time|2|1.088500
node_user|waits|2|1
node_user|messages|2|0
provider|min_constraint|2|0
provider|max_constraint|2|0
user|ffinal|0|0.2233715057373047
node_provider|total_time|3|0.724351
node_provider|waits|3|1
node_provider|messages|3|0
user|min_constraint|3|0
user|max_constraint|3|0
transformer8|ffinal|0|0.22593069076538086
node_transformer8|total_time|3|0.726551
node_transformer8|waits|3|1
node_transformer8|messages|3|0
transformer8|min_constraint|3|0
transformer8|max_constraint|3|0
transformer1|ffinal|0|0.22826838493347168
node_transformer1|total_time|3|0.729347
node_transformer1|waits|3|1
node_transformer1|messages|3|0
transformer1|min_constraint|3|0
transformer1|max_constraint|3|0
transformer5|ffinal|0|0.22286605834960938
node_transformer5|total_time|3|0.723552
node_transformer5|waits|3|1
node_transformer5|messages|3|0
transformer5|min_constraint|3|0
transformer5|max_constraint|3|0
transformer10|ffinal|0|0.2247302532196045
node_transformer10|total_time|3|0.725742
node_transformer10|waits|3|1
node_transformer10|messages|3|0
transformer10|min_constraint|3|0
transformer10|max_constraint|3|0
transformer13|ffinal|0|0.23407602310180664
node_transformer13|total_time|3|0.735141
node_transformer13|waits|3|1
node_transformer13|messages|3|0
transformer13|min_constraint|3|0
transformer13|max_constraint|3|0
transformer2|ffinal|0|0.25139355659484863
node_transformer2|total_time|3|0.752383
node_transformer2|waits|3|1
node_transformer2|messages|3|0
transformer2|min_constraint|3|0
transformer2|max_constraint|3|0
provider|flocal|0|0.19777822494506836
provider|ffinal|0|0.1810758113861084
node_user|total_time|3|0.911130
node_user|waits|3|1
node_user|messages|3|0
provider|min_constraint|3|0
provider|max_constraint|3|0
transformer15|ffinal|0|0.26171445846557617
node_transformer15|total_time|3|0.262170
node_transformer15|waits|3|0
node_transformer15|messages|3|0
transformer15|min_constraint|3|0
transformer15|max_constraint|3|0
transformer4|ffinal|0|0.23752975463867188
node_transformer4|total_time|3|0.238006
node_transformer4|waits|3|0
node_transformer4|messages|3|0
transformer4|min_constraint|3|0
transformer4|max_constraint|3|0
transformer9|ffinal|0|0.26938891410827637
node_transformer9|total_time|3|0.269851
node_transformer9|waits|3|0
node_transformer9|messages|3|0
transformer9|min_constraint|3|0
transformer9|max_constraint|3|0
transformer16|ffinal|0|0.28132200241088867
node_transformer16|total_time|3|0.281739
node_transformer16|waits|3|0
node_transformer16|messages|3|0
transformer16|min_constraint|3|0
transformer16|max_constraint|3|0
transformer3|ffinal|0|0.28174448013305664
node_transformer3|total_time|3|0.282180
node_transformer3|waits|3|0
node_transformer3|messages|3|0
transformer3|min_constraint|3|0
transformer3|max_constraint|3|0
transformer17|ffinal|0|0.2760915756225586
node_transformer17|total_time|3|0.276478
node_transformer17|waits|3|0
node_transformer17|messages|3|0
transformer17|min_constraint|3|0
transformer17|max_constraint|3|0
transformer14|ffinal|0|0.301422119140625
node_transformer14|total_time|3|0.301809
node_transformer14|waits|3|0
node_transformer14|messages|3|0
transformer14|min_constraint|3|0
transformer14|max_constraint|3|0
transformer18|ffinal|0|0.30591607093811035
node_transformer18|total_time|3|0.306389
node_transformer18|waits|3|0
node_transformer18|messages|3|0
transformer18|min_constraint|3|0
transformer18|max_constraint|3|0
transformer11|ffinal|0|0.2812931537628174
node_transformer11|total_time|3|0.281685
node_transformer11|waits|3|0
node_transformer11|messages|3|0
transformer11|min_constraint|3|0
transformer11|max_constraint|3|0
transformer6|ffinal|0|0.28625035285949707
node_transformer6|total_time|3|0.286704
node_transformer6|waits|3|0
node_transformer6|messages|3|0
transformer6|min_constraint|3|0
transformer6|max_constraint|3|0
transformer7|ffinal|0|0.29695630073547363
node_transformer7|total_time|3|0.297345
node_transformer7|waits|3|0
node_transformer7|messages|3|0
transformer7|min_constraint|3|0
transformer7|max_constraint|3|0
transformer12|ffinal|0|0.3193244934082031
node_transformer12|total_time|3|0.319789
node_transformer12|waits|3|0
node_transformer12|messages|3|0
transformer12|min_constraint|3|0
transformer12|max_constraint|3|0
transformer19|ffinal|0|0.35031867027282715
node_transformer19|total_time|3|0.350703
node_transformer19|waits|3|0
node_transformer19|messages|3|0
transformer19|min_constraint|3|0
transformer19|max_constraint|3|0
transformer0|ffinal|0|0.33584022521972656
node_transformer0|total_time|3|0.336263
node_transformer0|waits|3|0
node_transformer0|messages|3|0
transformer0|min_constraint|3|0
transformer0|max_constraint|3|0
transformer13|ffinal|0|0.346757173538208
node_transformer13|total_time|4|0.847769
node_transformer13|waits|4|1
node_transformer13|messages|4|0
transformer13|min_constraint|4|0
transformer13|max_constraint|4|0
transformer14|ffinal|0|0.34560155868530273
node_transformer14|total_time|4|0.846686
node_transformer14|waits|4|1
node_transformer14|messages|4|0
transformer14|min_constraint|4|0
transformer14|max_constraint|4|0
transformer11|ffinal|0|0.33948731422424316
node_transformer11|total_time|4|0.840256
node_transformer11|waits|4|1
node_transformer11|messages|4|0
transformer11|min_constraint|4|0
transformer11|max_constraint|4|0
transformer2|ffinal|0|0.33509302139282227
node_transformer2|total_time|4|0.836081
node_transformer2|waits|4|1
node_transformer2|messages|4|0
transformer2|min_constraint|4|0
transformer2|max_constraint|4|0
transformer3|ffinal|0|0.3219423294067383
node_transformer3|total_time|4|0.822858
node_transformer3|waits|4|1
node_transformer3|messages|4|0
transformer3|min_constraint|4|0
transformer3|max_constraint|4|0
transformer7|ffinal|0|0.3266463279724121
node_transformer7|total_time|4|0.827629
node_transformer7|waits|4|1
node_transformer7|messages|4|0
transformer7|min_constraint|4|0
transformer7|max_constraint|4|0
transformer4|ffinal|0|0.3709695339202881
node_transformer4|total_time|4|0.872012
node_transformer4|waits|4|1
node_transformer4|messages|4|0
transformer4|min_constraint|4|0
transformer4|max_constraint|4|0
user|ffinal|0|0.3509526252746582
node_provider|total_time|4|0.851948
node_provider|waits|4|1
node_provider|messages|4|0
user|min_constraint|4|0
user|max_constraint|4|0
transformer19|ffinal|0|0.3861045837402344
node_transformer19|total_time|4|0.887080
node_transformer19|waits|4|1
node_transformer19|messages|4|0
transformer19|min_constraint|4|0
transformer19|max_constraint|4|0
transformer1|ffinal|0|0.35955190658569336
node_transformer1|total_time|4|0.860675
node_transformer1|waits|4|1
node_transformer1|messages|4|0
transformer1|min_constraint|4|0
transformer1|max_constraint|4|0
transformer6|ffinal|0|0.3878931999206543
node_transformer6|total_time|4|0.888969
node_transformer6|waits|4|1
node_transformer6|messages|4|0
transformer6|min_constraint|4|0
transformer6|max_constraint|4|0
transformer8|ffinal|0|0.36104631423950195
node_transformer8|total_time|4|0.862151
node_transformer8|waits|4|1
node_transformer8|messages|4|0
transformer8|min_constraint|4|0
transformer8|max_constraint|4|0
provider|flocal|0|0.3005385398864746
provider|ffinal|0|0.25605320930480957
node_user|total_time|4|1.089214
node_user|waits|4|1
node_user|messages|4|0
provider|min_constraint|4|0
provider|max_constraint|4|0
transformer0|ffinal|0|0.25722217559814453
node_transformer0|total_time|4|0.257646
node_transformer0|waits|4|0
node_transformer0|messages|4|0
transformer0|min_constraint|4|0
transformer0|max_constraint|4|0
transformer5|ffinal|0|0.27447032928466797
node_transformer5|total_time|4|0.274888
node_transformer5|waits|4|0
node_transformer5|messages|4|0
transformer5|min_constraint|4|0
transformer5|max_constraint|4|0
transformer18|ffinal|0|0.27643847465515137
node_transformer18|total_time|4|0.276807
node_transformer18|waits|4|0
node_transformer18|messages|4|0
transformer18|min_constraint|4|0
transformer18|max_constraint|4|0
transformer10|ffinal|0|0.27831411361694336
node_transformer10|total_time|4|0.278705
node_transformer10|waits|4|0
node_transformer10|messages|4|0
transformer10|min_constraint|4|0
transformer10|max_constraint|4|0
transformer17|ffinal|0|0.28870105743408203
node_transformer17|total_time|4|0.289133
node_transformer17|waits|4|0
node_transformer17|messages|4|0
transformer17|min_constraint|4|0
transformer17|max_constraint|4|0
transformer16|ffinal|0|0.31470656394958496
node_transformer16|total_time|4|0.315105
node_transformer16|waits|4|0
node_transformer16|messages|4|0
transformer16|min_constraint|4|0
transformer16|max_constraint|4|0
transformer9|ffinal|0|0.3026266098022461
node_transformer9|total_time|4|0.303139
node_transformer9|waits|4|0
node_transformer9|messages|4|0
transformer9|min_constraint|4|0
transformer9|max_constraint|4|0
transformer15|ffinal|0|0.3215200901031494
node_transformer15|total_time|4|0.321988
node_transformer15|waits|4|0
node_transformer15|messages|4|0
transformer15|min_constraint|4|0
transformer15|max_constraint|4|0
transformer12|ffinal|0|0.311093807220459
node_transformer12|total_time|4|0.311515
node_transformer12|waits|4|0
node_transformer12|messages|4|0
transformer12|min_constraint|4|0
transformer12|max_constraint|4|0
transformer2|ffinal|0|0.21026158332824707
node_transformer2|total_time|5|0.711217
node_transformer2|waits|5|1
node_transformer2|messages|5|0
transformer2|min_constraint|5|0
transformer2|max_constraint|5|0
provider|flocal|0|0.39707374572753906
provider|ffinal|0|0.2087705135345459
node_user|total_time|5|1.141026
node_user|waits|5|1
node_user|messages|5|0
provider|min_constraint|5|0
provider|max_constraint|5|0
transformer13|ffinal|0|0.29416751861572266
node_transformer13|total_time|5|0.294650
node_transformer13|waits|5|0
node_transformer13|messages|5|0
transformer13|min_constraint|5|0
transformer13|max_constraint|5|0
transformer16|ffinal|0|0.2919144630432129
node_transformer16|total_time|5|0.292386
node_transformer16|waits|5|0
node_transformer16|messages|5|0
transformer16|min_constraint|5|0
transformer16|max_constraint|5|0
transformer17|ffinal|0|0.3329641819000244
node_transformer17|total_time|5|0.333405
node_transformer17|waits|5|0
node_transformer17|messages|5|0
transformer17|min_constraint|5|0
transformer17|max_constraint|5|0
transformer14|ffinal|0|0.3082139492034912
node_transformer14|total_time|5|0.308585
node_transformer14|waits|5|0
node_transformer14|messages|5|0
transformer14|min_constraint|5|0
transformer14|max_constraint|5|0
transformer18|ffinal|0|0.3386814594268799
node_transformer18|total_time|5|0.339137
node_transformer18|waits|5|0
node_transformer18|messages|5|0
transformer18|min_constraint|5|0
transformer18|max_constraint|5|0
transformer8|ffinal|0|0.3079493045806885
node_transformer8|total_time|5|0.308372
node_transformer8|waits|5|0
node_transformer8|messages|5|0
transformer8|min_constraint|5|0
transformer8|max_constraint|5|0
transformer15|ffinal|0|0.3451347351074219
node_transformer15|total_time|5|0.345590
node_transformer15|waits|5|0
node_transformer15|messages|5|0
transformer15|min_constraint|5|0
transformer15|max_constraint|5|0
transformer11|ffinal|0|0.3100159168243408
node_transformer11|total_time|5|0.310456
node_transformer11|waits|5|0
node_transformer11|messages|5|0
transformer11|min_constraint|5|0
transformer11|max_constraint|5|0
transformer12|ffinal|0|0.3151717185974121
node_transformer12|total_time|5|0.315622
node_transformer12|waits|5|0
node_transformer12|messages|5|0
transformer12|min_constraint|5|0
transformer12|max_constraint|5|0
transformer10|ffinal|0|0.3291740417480469
node_transformer10|total_time|5|0.329545
node_transformer10|waits|5|0
node_transformer10|messages|5|0
transformer10|min_constraint|5|0
transformer10|max_constraint|5|0
transformer19|ffinal|0|0.3518338203430176
node_transformer19|total_time|5|0.352226
node_transformer19|waits|5|0
node_transformer19|messages|5|0
transformer19|min_constraint|5|0
transformer19|max_constraint|5|0
transformer3|ffinal|0|0.3436152935028076
node_transformer3|total_time|5|0.344005
node_transformer3|waits|5|0
node_transformer3|messages|5|0
transformer3|min_constraint|5|0
transformer3|max_constraint|5|0
transformer1|ffinal|0|0.3565328121185303
node_transformer1|total_time|5|0.356925
node_transformer1|waits|5|0
node_transformer1|messages|5|0
transformer1|min_constraint|5|0
transformer1|max_constraint|5|0
transformer6|ffinal|0|0.3460094928741455
node_transformer6|total_time|5|0.346490
node_transformer6|waits|5|0
node_transformer6|messages|5|0
transformer6|min_constraint|5|0
transformer6|max_constraint|5|0
transformer7|ffinal|0|0.33530259132385254
node_transformer7|total_time|5|0.335886
node_transformer7|waits|5|0
node_transformer7|messages|5|0
transformer7|min_constraint|5|0
transformer7|max_constraint|5|0
user|ffinal|0|0.3480525016784668
node_provider|total_time|5|0.348410
node_provider|waits|5|0
node_provider|messages|5|0
user|min_constraint|5|0
user|max_constraint|5|0
transformer5|ffinal|0|0.338716983795166
node_transformer5|total_time|5|0.339187
node_transformer5|waits|5|0
node_transformer5|messages|5|0
transformer5|min_constraint|5|0
transformer5|max_constraint|5|0
transformer4|ffinal|0|0.3660454750061035
node_transformer4|total_time|5|0.366542
node_transformer4|waits|5|0
node_transformer4|messages|5|0
transformer4|min_constraint|5|0
transformer4|max_constraint|5|0
transformer9|ffinal|0|0.36795997619628906
node_transformer9|total_time|5|0.368431
node_transformer9|waits|5|0
node_transformer9|messages|5|0
transformer9|min_constraint|5|0
transformer9|max_constraint|5|0
transformer0|ffinal|0|0.36115074157714844
node_transformer0|total_time|5|0.361560
node_transformer0|waits|5|0
node_transformer0|messages|5|0
transformer0|min_constraint|5|0
transformer0|max_constraint|5|0
transformer1|ffinal|0|0.3301568031311035
node_transformer1|total_time|6|0.831151
node_transformer1|waits|6|1
node_transformer1|messages|6|0
transformer1|min_constraint|6|0
transformer1|max_constraint|6|0
provider|flocal|0|0.30829644203186035
provider|ffinal|0|0.23583173751831055
node_user|total_time|6|1.077715
node_user|waits|6|1
node_user|messages|6|0
provider|min_constraint|6|0
provider|max_constraint|6|0
transformer2|ffinal|0|0.3723328113555908
node_transformer2|total_time|6|0.372768
node_transformer2|waits|6|0
node_transformer2|messages|6|0
transformer2|min_constraint|6|0
transformer2|max_constraint|6|0
transformer10|ffinal|0|0.37285685539245605
node_transformer10|total_time|6|0.373357
node_transformer10|waits|6|0
node_transformer10|messages|6|0
transformer10|min_constraint|6|0
transformer10|max_constraint|6|0
transformer17|ffinal|0|0.38100099563598633
node_transformer17|total_time|6|0.381364
node_transformer17|waits|6|0
node_transformer17|messages|6|0
transformer17|min_constraint|6|0
transformer17|max_constraint|6|0
transformer12|ffinal|0|0.3777589797973633
node_transformer12|total_time|6|0.378192
node_transformer12|waits|6|0
node_transformer12|messages|6|0
transformer12|min_constraint|6|0
transformer12|max_constraint|6|0
transformer11|ffinal|0|0.376986026763916
node_transformer11|total_time|6|0.377443
node_transformer11|waits|6|0
node_transformer11|messages|6|0
transformer11|min_constraint|6|0
transformer11|max_constraint|6|0
transformer14|ffinal|0|0.4017829895019531
node_transformer14|total_time|6|0.402149
node_transformer14|waits|6|0
node_transformer14|messages|6|0
transformer14|min_constraint|6|0
transformer14|max_constraint|6|0
transformer19|ffinal|0|0.3895704746246338
node_transformer19|total_time|6|0.390025
node_transformer19|waits|6|0
node_transformer19|messages|6|0
transformer19|min_constraint|6|0
transformer19|max_constraint|6|0
transformer7|ffinal|0|0.38927578926086426
node_transformer7|total_time|6|0.389780
node_transformer7|waits|6|0
node_transformer7|messages|6|0
transformer7|min_constraint|6|0
transformer7|max_constraint|6|0
transformer4|ffinal|0|0.41882824897766113
node_transformer4|total_time|6|0.419463
node_transformer4|waits|6|0
node_transformer4|messages|6|0
transformer4|min_constraint|6|0
transformer4|max_constraint|6|0
transformer13|ffinal|0|0.38518738746643066
node_transformer13|total_time|6|0.385627
node_transformer13|waits|6|0
node_transformer13|messages|6|0
transformer13|min_constraint|6|0
transformer13|max_constraint|6|0
transformer3|ffinal|0|0.40636467933654785
node_transformer3|total_time|6|0.406772
node_transformer3|waits|6|0
node_transformer3|messages|6|0
transformer3|min_constraint|6|0
transformer3|max_constraint|6|0
transformer5|ffinal|0|0.4051382541656494
node_transformer5|total_time|6|0.405528
node_transformer5|waits|6|0
node_transformer5|messages|6|0
transformer5|min_constraint|6|0
transformer5|max_constraint|6|0
transformer8|ffinal|0|0.43953561782836914
node_transformer8|total_time|6|0.440034
node_transformer8|waits|6|0
node_transformer8|messages|6|0
transformer8|min_constraint|6|0
transformer8|max_constraint|6|0
transformer18|ffinal|0|0.4434816837310791
node_transformer18|total_time|6|0.443887
node_transformer18|waits|6|0
node_transformer18|messages|6|0
transformer18|min_constraint|6|0
transformer18|max_constraint|6|0
transformer6|ffinal|0|0.41327810287475586
node_transformer6|total_time|6|0.413817
node_transformer6|waits|6|0
node_transformer6|messages|6|0
transformer6|min_constraint|6|0
transformer6|max_constraint|6|0
user|ffinal|0|0.4009418487548828
node_provider|total_time|6|0.401348
node_provider|waits|6|0
node_provider|messages|6|0
user|min_constraint|6|0
user|max_constraint|6|0
transformer16|ffinal|0|0.42304444313049316
node_transformer16|total_time|6|0.423496
node_transformer16|waits|6|0
node_transformer16|messages|6|0
transformer16|min_constraint|6|0
transformer16|max_constraint|6|0
transformer15|ffinal|0|0.4246971607208252
node_transformer15|total_time|6|0.425107
node_transformer15|waits|6|0
node_transformer15|messages|6|0
transformer15|min_constraint|6|0
transformer15|max_constraint|6|0
transformer0|ffinal|0|0.4113914966583252
node_transformer0|total_time|6|0.411886
node_transformer0|waits|6|0
node_transformer0|messages|6|0
transformer0|min_constraint|6|0
transformer0|max_constraint|6|0
transformer9|ffinal|0|0.4182548522949219
node_transformer9|total_time|6|0.418745
node_transformer9|waits|6|0
node_transformer9|messages|6|0
transformer9|min_constraint|6|0
transformer9|max_constraint|6|0
transformer5|ffinal|0|0.3287503719329834
node_transformer5|total_time|7|0.829704
node_transformer5|waits|7|1
node_transformer5|messages|7|0
transformer5|min_constraint|7|0
transformer5|max_constraint|7|0
user|ffinal|0|0.35337257385253906
node_provider|total_time|7|0.854357
node_provider|waits|7|1
node_provider|messages|7|0
user|min_constraint|7|0
user|max_constraint|7|0
transformer16|ffinal|0|0.35840845108032227
node_transformer16|total_time|7|0.859333
node_transformer16|waits|7|1
node_transformer16|messages|7|0
transformer16|min_constraint|7|0
transformer16|max_constraint|7|0
transformer17|ffinal|0|0.3745753765106201
node_transformer17|total_time|7|0.875606
node_transformer17|waits|7|1
node_transformer17|messages|7|0
transformer17|min_constraint|7|0
transformer17|max_constraint|7|0
transformer10|ffinal|0|0.348294734954834
node_transformer10|total_time|7|0.849365
node_transformer10|waits|7|1
node_transformer10|messages|7|0
transformer10|min_constraint|7|0
transformer10|max_constraint|7|0
transformer6|ffinal|0|0.3732883930206299
node_transformer6|total_time|7|0.874280
node_transformer6|waits|7|1
node_transformer6|messages|7|0
transformer6|min_constraint|7|0
transformer6|max_constraint|7|0
transformer9|ffinal|0|0.3684537410736084
node_transformer9|total_time|7|0.869530
node_transformer9|waits|7|1
node_transformer9|messages|7|0
transformer9|min_constraint|7|0
transformer9|max_constraint|7|0
transformer4|ffinal|0|0.36895275115966797
node_transformer4|total_time|7|0.870044
node_transformer4|waits|7|1
node_transformer4|messages|7|0
transformer4|min_constraint|7|0
transformer4|max_constraint|7|0
transformer11|ffinal|0|0.38394784927368164
node_transformer11|total_time|7|0.885050
node_transformer11|waits|7|1
node_transformer11|messages|7|0
transformer11|min_constraint|7|0
transformer11|max_constraint|7|0
transformer13|ffinal|0|0.3785121440887451
node_transformer13|total_time|7|0.879549
node_transformer13|waits|7|1
node_transformer13|messages|7|0
transformer13|min_constraint|7|0
transformer13|max_constraint|7|0
transformer14|ffinal|0|0.37564897537231445
node_transformer14|total_time|7|0.876671
node_transformer14|waits|7|1
node_transformer14|messages|7|0
transformer14|min_constraint|7|0
transformer14|max_constraint|7|0
transformer15|ffinal|0|0.3909928798675537
node_transformer15|total_time|7|0.891836
node_transformer15|waits|7|1
node_transformer15|messages|7|0
transformer15|min_constraint|7|0
transformer15|max_constraint|7|0
transformer18|ffinal|0|0.40264439582824707
node_transformer18|total_time|7|0.903583
node_transformer18|waits|7|1
node_transformer18|messages|7|0
transformer18|min_constraint|7|0
transformer18|max_constraint|7|0
transformer2|ffinal|0|0.4136011600494385
node_transformer2|total_time|7|0.914700
node_transformer2|waits|7|1
node_transformer2|messages|7|0
transformer2|min_constraint|7|0
transformer2|max_constraint|7|0
transformer3|ffinal|0|0.3947000503540039
node_transformer3|total_time|7|0.895671
node_transformer3|waits|7|1
node_transformer3|messages|7|0
transformer3|min_constraint|7|0
transformer3|max_constraint|7|0
transformer8|ffinal|0|0.39753174781799316
node_transformer8|total_time|7|0.898575
node_transformer8|waits|7|1
node_transformer8|messages|7|0
transformer8|min_constraint|7|0
transformer8|max_constraint|7|0
transformer1|ffinal|0|0.36950159072875977
node_transformer1|total_time|7|0.870546
node_transformer1|waits|7|1
node_transformer1|messages|7|0
transformer1|min_constraint|7|0
transformer1|max_constraint|7|0
transformer7|ffinal|0|0.4304065704345703
node_transformer7|total_time|7|0.931717
node_transformer7|waits|7|1
node_transformer7|messages|7|0
transformer7|min_constraint|7|0
transformer7|max_constraint|7|0
provider|flocal|0|0.3553600311279297
provider|ffinal|0|0.3373556137084961
node_user|total_time|7|1.226008
node_user|waits|7|1
node_user|messages|7|0
provider|min_constraint|7|0
provider|max_constraint|7|0
transformer0|ffinal|0|0.29666948318481445
node_transformer0|total_time|7|0.297180
node_transformer0|waits|7|0
node_transformer0|messages|7|0
transformer0|min_constraint|7|0
transformer0|max_constraint|7|0
transformer19|ffinal|0|0.29611968994140625
node_transformer19|total_time|7|0.296571
node_transformer19|waits|7|0
node_transformer19|messages|7|0
transformer19|min_constraint|7|0
transformer19|max_constraint|7|0
transformer12|ffinal|0|0.2984035015106201
node_transformer12|total_time|7|0.298860
node_transformer12|waits|7|0
node_transformer12|messages|7|0
transformer12|min_constraint|7|0
transformer12|max_constraint|7|0
transformer9|ffinal|0|0.31067824363708496
node_transformer9|total_time|8|0.811639
node_transformer9|waits|8|1
node_transformer9|messages|8|0
transformer9|min_constraint|8|0
transformer9|max_constraint|8|0
transformer7|ffinal|0|0.3098311424255371
node_transformer7|total_time|8|0.811034
node_transformer7|waits|8|1
node_transformer7|messages|8|0
transformer7|min_constraint|8|0
transformer7|max_constraint|8|0
transformer5|ffinal|0|0.31896305084228516
node_transformer5|total_time|8|0.819957
node_transformer5|waits|8|1
node_transformer5|messages|8|0
transformer5|min_constraint|8|0
transformer5|max_constraint|8|0
transformer17|ffinal|0|0.3164253234863281
node_transformer17|total_time|8|0.817418
node_transformer17|waits|8|1
node_transformer17|messages|8|0
transformer17|min_constraint|8|0
transformer17|max_constraint|8|0
provider|flocal|0|0.35163283348083496
provider|ffinal|0|0.2237255573272705
node_user|total_time|8|1.109260
node_user|waits|8|1
node_user|messages|8|0
provider|min_constraint|8|0
provider|max_constraint|8|0
transformer18|ffinal|0|0.37833642959594727
node_transformer18|total_time|8|0.378739
node_transformer18|waits|8|0
node_transformer18|messages|8|0
transformer18|min_constraint|8|0
transformer18|max_constraint|8|0
transformer4|ffinal|0|0.3799769878387451
node_transformer4|total_time|8|0.380354
node_transformer4|waits|8|0
node_transformer4|messages|8|0
transformer4|min_constraint|8|0
transformer4|max_constraint|8|0
transformer14|ffinal|0|0.40552759170532227
node_transformer14|total_time|8|0.405970
node_transformer14|waits|8|0
node_transformer14|messages|8|0
transformer14|min_constraint|8|0
transformer14|max_constraint|8|0
transformer2|ffinal|0|0.46068286895751953
node_transformer2|total_time|8|0.461150
node_transformer2|waits|8|0
node_transformer2|messages|8|0
transformer2|min_constraint|8|0
transformer2|max_constraint|8|0
transformer6|ffinal|0|0.4681687355041504
node_transformer6|total_time|8|0.468577
node_transformer6|waits|8|0
node_transformer6|messages|8|0
transformer6|min_constraint|8|0
transformer6|max_constraint|8|0
transformer11|ffinal|0|0.4563319683074951
node_transformer11|total_time|8|0.456757
node_transformer11|waits|8|0
node_transformer11|messages|8|0
transformer11|min_constraint|8|0
transformer11|max_constraint|8|0
transformer13|ffinal|0|0.4729044437408447
node_transformer13|total_time|8|0.473400
node_transformer13|waits|8|0
node_transformer13|messages|8|0
transformer13|min_constraint|8|0
transformer13|max_constraint|8|0
transformer16|ffinal|0|0.4778716564178467
node_transformer16|total_time|8|0.478282
node_transformer16|waits|8|0
node_transformer16|messages|8|0
transformer16|min_constraint|8|0
transformer16|max_constraint|8|0
transformer8|ffinal|0|0.4794607162475586
node_transformer8|total_time|8|0.480013
node_transformer8|waits|8|0
node_transformer8|messages|8|0
transformer8|min_constraint|8|0
transformer8|max_constraint|8|0
user|ffinal|0|0.4792759418487549
node_provider|total_time|8|0.479783
node_provider|waits|8|0
node_provider|messages|8|0
user|min_constraint|8|0
user|max_constraint|8|0
transformer10|ffinal|0|0.46418309211730957
node_transformer10|total_time|8|0.464715
node_transformer10|waits|8|0
node_transformer10|messages|8|0
transformer10|min_constraint|8|0
transformer10|max_constraint|8|0
transformer12|ffinal|0|0.48427677154541016
node_transformer12|total_time|8|0.484910
node_transformer12|waits|8|0
node_transformer12|messages|8|0
transformer12|min_constraint|8|0
transformer12|max_constraint|8|0
transformer19|ffinal|0|0.48919177055358887
node_transformer19|total_time|8|0.489594
node_transformer19|waits|8|0
node_transformer19|messages|8|0
transformer19|min_constraint|8|0
transformer19|max_constraint|8|0
transformer3|ffinal|0|0.4901149272918701
node_transformer3|total_time|8|0.490559
node_transformer3|waits|8|0
node_transformer3|messages|8|0
transformer3|min_constraint|8|0
transformer3|max_constraint|8|0
transformer15|ffinal|0|0.49650120735168457
node_transformer15|total_time|8|0.496952
node_transformer15|waits|8|0
node_transformer15|messages|8|0
transformer15|min_constraint|8|0
transformer15|max_constraint|8|0
transformer1|ffinal|0|0.479478120803833
node_transformer1|total_time|8|0.479940
node_transformer1|waits|8|0
node_transformer1|messages|8|0
transformer1|min_constraint|8|0
transformer1|max_constraint|8|0
transformer0|ffinal|0|0.4914262294769287
node_transformer0|total_time|8|0.491899
node_transformer0|waits|8|0
node_transformer0|messages|8|0
transformer0|min_constraint|8|0
transformer0|max_constraint|8|0
transformer12|ffinal|0|0.2932605743408203
node_transformer12|total_time|9|0.794209
node_transformer12|waits|9|1
node_transformer12|messages|9|0
transformer12|min_constraint|9|0
transformer12|max_constraint|9|0
transformer16|ffinal|0|0.31700801849365234
node_transformer16|total_time|9|0.818050
node_transformer16|waits|9|1
node_transformer16|messages|9|0
transformer16|min_constraint|9|0
transformer16|max_constraint|9|0
transformer2|ffinal|0|0.3200054168701172
node_transformer2|total_time|9|0.820866
node_transformer2|waits|9|1
node_transformer2|messages|9|0
transformer2|min_constraint|9|0
transformer2|max_constraint|9|0
user|ffinal|0|0.30753660202026367
node_provider|total_time|9|0.808553
node_provider|waits|9|1
node_provider|messages|9|0
user|min_constraint|9|0
user|max_constraint|9|0
transformer5|ffinal|0|0.33590030670166016
node_transformer5|total_time|9|0.836962
node_transformer5|waits|9|1
node_transformer5|messages|9|0
transformer5|min_constraint|9|0
transformer5|max_constraint|9|0
transformer1|ffinal|0|0.3199782371520996
node_transformer1|total_time|9|0.821027
node_transformer1|waits|9|1
node_transformer1|messages|9|0
transformer1|min_constraint|9|0
transformer1|max_constraint|9|0
transformer9|ffinal|0|0.3193047046661377
node_transformer9|total_time|9|0.820414
node_transformer9|waits|9|1
node_transformer9|messages|9|0
transformer9|min_constraint|9|0
transformer9|max_constraint|9|0
transformer6|ffinal|0|0.339735746383667
node_transformer6|total_time|9|0.840825
node_transformer6|waits|9|1
node_transformer6|messages|9|0
transformer6|min_constraint|9|0
transformer6|max_constraint|9|0
transformer10|ffinal|0|0.3338303565979004
node_transformer10|total_time|9|0.834754
node_transformer10|waits|9|1
node_transformer10|messages|9|0
transformer10|min_constraint|9|0
transformer10|max_constraint|9|0
transformer4|ffinal|0|0.3394582271575928
node_transformer4|total_time|9|0.840414
node_transformer4|waits|9|1
node_transformer4|messages|9|0
transformer4|min_constraint|9|0
transformer4|max_constraint|9|0
provider|flocal|0|0.3470158576965332
provider|ffinal|0|0.23300600051879883
node_user|total_time|9|1.111959
node_user|waits|9|1
node_user|messages|9|0
provider|min_constraint|9|0
provider|max_constraint|9|0
transformer17|ffinal|0|0.34773802757263184
node_transformer17|total_time|9|0.348108
node_transformer17|waits|9|0
node_transformer17|messages|9|0
transformer17|min_constraint|9|0
transformer17|max_constraint|9|0
transformer18|ffinal|0|0.365023136138916
node_transformer18|total_time|9|0.365455
node_transformer18|waits|9|0
node_transformer18|messages|9|0
transformer18|min_constraint|9|0
transformer18|max_constraint|9|0
transformer11|ffinal|0|0.3681201934814453
node_transformer11|total_time|9|0.368479
node_transformer11|waits|9|0
node_transformer11|messages|9|0
transformer11|min_constraint|9|0
transformer11|max_constraint|9|0
transformer15|ffinal|0|0.3796391487121582
node_transformer15|total_time|9|0.380092
node_transformer15|waits|9|0
node_transformer15|messages|9|0
transformer15|min_constraint|9|0
transformer15|max_constraint|9|0
transformer13|ffinal|0|0.35996150970458984
node_transformer13|total_time|9|0.360315
node_transformer13|waits|9|0
node_transformer13|messages|9|0
transformer13|min_constraint|9|0
transformer13|max_constraint|9|0
transformer14|ffinal|0|0.3759622573852539
node_transformer14|total_time|9|0.376347
node_transformer14|waits|9|0
node_transformer14|messages|9|0
transformer14|min_constraint|9|0
transformer14|max_constraint|9|0
transformer3|ffinal|0|0.3966639041900635
node_transformer3|total_time|9|0.397193
node_transformer3|waits|9|0
node_transformer3|messages|9|0
transformer3|min_constraint|9|0
transformer3|max_constraint|9|0
transformer19|ffinal|0|0.3945941925048828
node_transformer19|total_time|9|0.394996
node_transformer19|waits|9|0
node_transformer19|messages|9|0
transformer19|min_constraint|9|0
transformer19|max_constraint|9|0
transformer8|ffinal|0|0.4121973514556885
node_transformer8|total_time|9|0.412656
node_transformer8|waits|9|0
node_transformer8|messages|9|0
transformer8|min_constraint|9|0
transformer8|max_constraint|9|0
transformer7|ffinal|0|0.4243314266204834
node_transformer7|total_time|9|0.424746
node_transformer7|waits|9|0
node_transformer7|messages|9|0
transformer7|min_constraint|9|0
transformer7|max_constraint|9|0
transformer0|ffinal|0|0.42026376724243164
node_transformer0|total_time|9|0.420725
node_transformer0|waits|9|0
node_transformer0|messages|9|0
transformer0|min_constraint|9|0
transformer0|max_constraint|9|0
