id|key|iteration|value
provider|flocal|0|0.33939218521118164
provider|ffinal|0|0.20976924896240234
node_provider|total_time|0|29.126621
node_provider|waits|0|57
node_provider|messages|0|2
provider|min_constraint|0|1
provider|max_constraint|0|1
transformer0|flocal|0|0.3450305461883545
transformer0|ffinal|0|0.24410367012023926
node_transformer0|total_time|0|29.139121
node_transformer0|waits|0|57
node_transformer0|messages|0|2
transformer0|min_constraint|0|2
transformer0|max_constraint|0|2
transformer16|flocal|0|0.2660658359527588
transformer16|ffinal|0|0.2988245487213135
node_transformer16|total_time|0|8.585171
node_transformer16|waits|0|16
node_transformer16|messages|0|2
transformer16|min_constraint|0|2
transformer16|max_constraint|0|2
transformer14|flocal|0|0.26494479179382324
transformer14|ffinal|0|0.3073749542236328
node_transformer14|total_time|0|8.596563
node_transformer14|waits|0|16
node_transformer14|messages|0|2
transformer14|min_constraint|0|2
transformer14|max_constraint|0|2
transformer5|flocal|0|0.26201534271240234
transformer5|ffinal|0|0.3039116859436035
node_transformer5|total_time|0|29.618219
node_transformer5|waits|0|58
node_transformer5|messages|0|2
transformer5|min_constraint|0|2
transformer5|max_constraint|0|2
transformer11|flocal|0|0.26886940002441406
transformer11|ffinal|0|0.3274686336517334
node_transformer11|total_time|0|8.629176
node_transformer11|waits|0|16
node_transformer11|messages|0|2
transformer11|min_constraint|0|2
transformer11|max_constraint|0|2
transformer18|flocal|0|0.3222217559814453
transformer18|ffinal|0|0.3112483024597168
node_transformer18|total_time|0|8.652861
node_transformer18|waits|0|16
node_transformer18|messages|0|2
transformer18|min_constraint|0|2
transformer18|max_constraint|0|2
transformer2|flocal|0|0.32816457748413086
transformer2|ffinal|0|0.3148043155670166
node_transformer2|total_time|0|8.669547
node_transformer2|waits|0|16
node_transformer2|messages|0|2
transformer2|min_constraint|0|2
transformer2|max_constraint|0|2
transformer13|flocal|0|0.264864444732666
transformer13|ffinal|0|0.36891889572143555
node_transformer13|total_time|0|8.661313
node_transformer13|waits|0|16
node_transformer13|messages|0|2
transformer13|min_constraint|0|2
transformer13|max_constraint|0|2
transformer9|flocal|0|0.2798457145690918
transformer9|ffinal|0|0.3743741512298584
node_transformer9|total_time|0|8.686477
node_transformer9|waits|0|16
node_transformer9|messages|0|2
transformer9|min_constraint|0|2
transformer9|max_constraint|0|2
transformer12|flocal|0|0.2583339214324951
transformer12|ffinal|0|0.3683466911315918
node_transformer12|total_time|0|29.685343
node_transformer12|waits|0|58
node_transformer12|messages|0|2
transformer12|min_constraint|0|2
transformer12|max_constraint|0|2
transformer15|flocal|0|0.25699830055236816
transformer15|ffinal|0|0.376323938369751
node_transformer15|total_time|0|29.682998
node_transformer15|waits|0|58
node_transformer15|messages|0|2
transformer15|min_constraint|0|2
transformer15|max_constraint|0|2
transformer4|flocal|0|0.2636449337005615
transformer4|ffinal|0|0.37142014503479004
node_transformer4|total_time|0|29.687519
node_transformer4|waits|0|58
node_transformer4|messages|0|2
transformer4|min_constraint|0|2
transformer4|max_constraint|0|2
transformer3|flocal|0|0.2725381851196289
transformer3|ffinal|0|0.371063232421875
node_transformer3|total_time|0|29.695888
node_transformer3|waits|0|58
node_transformer3|messages|0|2
transformer3|min_constraint|0|2
transformer3|max_constraint|0|2
transformer8|flocal|0|0.2672080993652344
transformer8|ffinal|0|0.3685462474822998
node_transformer8|total_time|0|29.693058
node_transformer8|waits|0|58
node_transformer8|messages|0|2
transformer8|min_constraint|0|2
transformer8|max_constraint|0|2
transformer6|flocal|0|0.26290059089660645
transformer6|ffinal|0|0.3687124252319336
node_transformer6|total_time|0|29.685397
node_transformer6|waits|0|58
node_transformer6|messages|0|2
transformer6|min_constraint|0|2
transformer6|max_constraint|0|2
transformer17|flocal|0|0.3041079044342041
transformer17|ffinal|0|0.38443827629089355
node_transformer17|total_time|0|8.707287
node_transformer17|waits|0|16
node_transformer17|messages|0|2
transformer17|min_constraint|0|2
transformer17|max_constraint|0|2
transformer7|flocal|0|0.2624976634979248
transformer7|ffinal|0|0.39162731170654297
node_transformer7|total_time|0|29.710660
node_transformer7|waits|0|58
node_transformer7|messages|0|2
transformer7|min_constraint|0|2
transformer7|max_constraint|0|2
transformer1|flocal|0|0.3424546718597412
transformer1|ffinal|0|0.357525110244751
node_transformer1|total_time|0|8.725942
node_transformer1|waits|0|16
node_transformer1|messages|0|2
transformer1|min_constraint|0|2
transformer1|max_constraint|0|2
transformer19|flocal|0|0.35395097732543945
transformer19|ffinal|0|0.35413193702697754
node_transformer19|total_time|0|8.757635
node_transformer19|waits|0|16
node_transformer19|messages|0|2
transformer19|min_constraint|0|2
transformer19|max_constraint|0|2
transformer10|funsat|0|1.08610200881958
transformer10|funsat|0|1.1936595439910889
node_transformer10|total_time|0|30.321956
node_transformer10|waits|0|56
node_transformer10|messages|0|0
transformer10|min_constraint|0|4
transformer10|max_constraint|0|4
transformer8|flocal|0|0.2548801898956299
transformer8|ffinal|0|0.2779061794281006
node_transformer8|total_time|1|30.594735
node_transformer8|waits|1|60
node_transformer8|messages|1|2
transformer8|min_constraint|1|2
transformer8|max_constraint|1|2
transformer6|flocal|0|0.2591433525085449
transformer6|ffinal|0|0.26844167709350586
node_transformer6|total_time|1|30.585217
node_transformer6|waits|1|60
node_transformer6|messages|1|2
transformer6|min_constraint|1|2
transformer6|max_constraint|1|2
transformer3|flocal|0|0.26224207878112793
transformer3|ffinal|0|0.2890045642852783
node_transformer3|total_time|1|30.600589
node_transformer3|waits|1|60
node_transformer3|messages|1|2
transformer3|min_constraint|1|2
transformer3|max_constraint|1|2
transformer5|flocal|0|0.2616138458251953
transformer5|ffinal|0|0.2901735305786133
node_transformer5|total_time|1|30.605627
node_transformer5|waits|1|60
node_transformer5|messages|1|2
transformer5|min_constraint|1|2
transformer5|max_constraint|1|2
transformer2|flocal|0|0.2657737731933594
transformer2|ffinal|0|0.25707268714904785
node_transformer2|total_time|1|30.573228
node_transformer2|waits|1|60
node_transformer2|messages|1|2
transformer2|min_constraint|1|2
transformer2|max_constraint|1|2
transformer4|flocal|0|0.2569093704223633
transformer4|ffinal|0|0.2851889133453369
node_transformer4|total_time|1|30.594678
node_transformer4|waits|1|60
node_transformer4|messages|1|2
transformer4|min_constraint|1|2
transformer4|max_constraint|1|2
transformer17|flocal|0|0.26432156562805176
transformer17|ffinal|0|0.2964966297149658
node_transformer17|total_time|1|30.611712
node_transformer17|waits|1|60
node_transformer17|messages|1|2
transformer17|min_constraint|1|2
transformer17|max_constraint|1|2
transformer7|flocal|0|0.25740575790405273
transformer7|ffinal|0|0.30640339851379395
node_transformer7|total_time|1|30.621614
node_transformer7|waits|1|60
node_transformer7|messages|1|2
transformer7|min_constraint|1|2
transformer7|max_constraint|1|2
transformer15|flocal|0|0.26270127296447754
transformer15|ffinal|0|0.29105281829833984
node_transformer15|total_time|1|10.084433
node_transformer15|waits|1|19
node_transformer15|messages|1|2
transformer15|min_constraint|1|2
transformer15|max_constraint|1|2
transformer0|flocal|0|0.24281001091003418
transformer0|ffinal|0|0.2918081283569336
node_transformer0|total_time|1|10.057106
node_transformer0|waits|1|19
node_transformer0|messages|1|2
transformer0|min_constraint|1|2
transformer0|max_constraint|1|2
transformer16|flocal|0|0.26569366455078125
transformer16|ffinal|0|0.27092909812927246
node_transformer16|total_time|1|10.065645
node_transformer16|waits|1|19
node_transformer16|messages|1|2
transformer16|min_constraint|1|2
transformer16|max_constraint|1|2
provider|flocal|0|0.2471330165863037
provider|ffinal|0|0.2782011032104492
node_provider|total_time|1|31.102947
node_provider|waits|1|61
node_provider|messages|1|2
provider|min_constraint|1|1
provider|max_constraint|1|1
transformer1|flocal|0|0.22400760650634766
transformer1|ffinal|0|0.3126704692840576
node_transformer1|total_time|1|31.087367
node_transformer1|waits|1|61
node_transformer1|messages|1|2
transformer1|min_constraint|1|2
transformer1|max_constraint|1|2
transformer11|flocal|0|0.26173949241638184
transformer11|ffinal|0|0.3081035614013672
node_transformer11|total_time|1|10.110031
node_transformer11|waits|1|19
node_transformer11|messages|1|2
transformer11|min_constraint|1|2
transformer11|max_constraint|1|2
transformer14|flocal|0|0.26440978050231934
transformer14|ffinal|0|0.3535337448120117
node_transformer14|total_time|1|10.152177
node_transformer14|waits|1|19
node_transformer14|messages|1|2
transformer14|min_constraint|1|2
transformer14|max_constraint|1|2
transformer18|flocal|0|0.22420454025268555
transformer18|ffinal|0|0.3529348373413086
node_transformer18|total_time|1|31.128150
node_transformer18|waits|1|61
node_transformer18|messages|1|2
transformer18|min_constraint|1|2
transformer18|max_constraint|1|2
transformer19|flocal|0|0.22653937339782715
transformer19|ffinal|0|0.3526952266693115
node_transformer19|total_time|1|10.132545
node_transformer19|waits|1|19
node_transformer19|messages|1|2
transformer19|min_constraint|1|2
transformer19|max_constraint|1|2
transformer12|flocal|0|0.2598080635070801
transformer12|ffinal|0|0.3312859535217285
node_transformer12|total_time|1|31.155262
node_transformer12|waits|1|61
node_transformer12|messages|1|2
transformer12|min_constraint|1|2
transformer12|max_constraint|1|2
transformer13|flocal|0|0.2603142261505127
transformer13|ffinal|0|0.35078978538513184
node_transformer13|total_time|1|10.148128
node_transformer13|waits|1|19
node_transformer13|messages|1|2
transformer13|min_constraint|1|2
transformer13|max_constraint|1|2
transformer9|flocal|0|0.25147104263305664
transformer9|funsat|0|1.0282092094421387
transformer9|funsat|0|1.2469408512115479
node_transformer9|total_time|1|31.616065
node_transformer9|waits|1|58
node_transformer9|messages|1|2
transformer9|min_constraint|1|4
transformer9|max_constraint|1|4
transformer10|flocal|0|0.25004029273986816
transformer10|funsat|0|1.3231439590454102
transformer10|funsat|0|1.4268057346343994
node_transformer10|total_time|1|32.092778
node_transformer10|waits|1|58
node_transformer10|messages|1|2
transformer10|min_constraint|1|4
transformer10|max_constraint|1|4
transformer12|flocal|0|0.3504037857055664
transformer12|ffinal|0|0.25102710723876953
node_transformer12|total_time|2|8.637564
node_transformer12|waits|2|16
node_transformer12|messages|2|2
transformer12|min_constraint|2|2
transformer12|max_constraint|2|2
transformer8|flocal|0|0.35376691818237305
transformer8|ffinal|0|0.23708486557006836
node_transformer8|total_time|2|29.649863
node_transformer8|waits|2|58
node_transformer8|messages|2|2
transformer8|min_constraint|2|2
transformer8|max_constraint|2|2
transformer14|flocal|0|0.33920836448669434
transformer14|ffinal|0|0.23760771751403809
node_transformer14|total_time|2|29.636226
node_transformer14|waits|2|58
node_transformer14|messages|2|2
transformer14|min_constraint|2|2
transformer14|max_constraint|2|2
transformer13|flocal|0|0.3322262763977051
transformer13|ffinal|0|0.241438627243042
node_transformer13|total_time|2|29.634541
node_transformer13|waits|2|58
node_transformer13|messages|2|2
transformer13|min_constraint|2|2
transformer13|max_constraint|2|2
transformer5|flocal|0|0.3238818645477295
transformer5|ffinal|0|0.28382110595703125
node_transformer5|total_time|2|9.140025
node_transformer5|waits|2|17
node_transformer5|messages|2|2
transformer5|min_constraint|2|2
transformer5|max_constraint|2|2
transformer18|flocal|0|0.3444364070892334
transformer18|ffinal|0|0.3011198043823242
node_transformer18|total_time|2|9.169809
node_transformer18|waits|2|17
node_transformer18|messages|2|2
transformer18|min_constraint|2|2
transformer18|max_constraint|2|2
transformer9|flocal|0|0.3448448181152344
transformer9|ffinal|0|0.2955608367919922
node_transformer9|total_time|2|9.179400
node_transformer9|waits|2|17
node_transformer9|messages|2|2
transformer9|min_constraint|2|2
transformer9|max_constraint|2|2
provider|flocal|0|0.3453664779663086
provider|ffinal|0|0.2548642158508301
node_provider|total_time|2|30.176696
node_provider|waits|2|59
node_provider|messages|2|2
provider|min_constraint|2|1
provider|max_constraint|2|1
transformer17|flocal|0|0.29230284690856934
transformer17|ffinal|0|0.30269432067871094
node_transformer17|total_time|2|30.147577
node_transformer17|waits|2|59
node_transformer17|messages|2|2
transformer17|min_constraint|2|2
transformer17|max_constraint|2|2
transformer7|flocal|0|0.337752103805542
transformer7|ffinal|0|0.3117947578430176
node_transformer7|total_time|2|9.186013
node_transformer7|waits|2|17
node_transformer7|messages|2|2
transformer7|min_constraint|2|2
transformer7|max_constraint|2|2
transformer0|flocal|0|0.30826663970947266
transformer0|ffinal|0|0.3062713146209717
node_transformer0|total_time|2|30.162371
node_transformer0|waits|2|59
node_transformer0|messages|2|2
transformer0|min_constraint|2|2
transformer0|max_constraint|2|2
transformer19|flocal|0|0.35939502716064453
transformer19|ffinal|0|0.2948329448699951
node_transformer19|total_time|2|9.205235
node_transformer19|waits|2|17
node_transformer19|messages|2|2
transformer19|min_constraint|2|2
transformer19|max_constraint|2|2
transformer10|flocal|0|0.3343069553375244
transformer10|ffinal|0|0.30609703063964844
node_transformer10|total_time|2|30.206151
node_transformer10|waits|2|59
node_transformer10|messages|2|2
transformer10|min_constraint|2|2
transformer10|max_constraint|2|2
transformer3|flocal|0|0.3610720634460449
transformer3|ffinal|0|0.33124709129333496
node_transformer3|total_time|2|9.220132
node_transformer3|waits|2|17
node_transformer3|messages|2|2
transformer3|min_constraint|2|2
transformer3|max_constraint|2|2
transformer15|flocal|0|0.34284281730651855
transformer15|ffinal|0|0.33188295364379883
node_transformer15|total_time|2|9.209492
node_transformer15|waits|2|17
node_transformer15|messages|2|2
transformer15|min_constraint|2|2
transformer15|max_constraint|2|2
transformer16|flocal|0|0.33664536476135254
transformer16|ffinal|0|0.34360408782958984
node_transformer16|total_time|2|9.212021
node_transformer16|waits|2|17
node_transformer16|messages|2|2
transformer16|min_constraint|2|2
transformer16|max_constraint|2|2
transformer6|flocal|0|0.35055088996887207
transformer6|ffinal|0|0.33920717239379883
node_transformer6|total_time|2|9.226214
node_transformer6|waits|2|17
node_transformer6|messages|2|2
transformer6|min_constraint|2|2
transformer6|max_constraint|2|2
transformer4|flocal|0|0.32158493995666504
transformer4|ffinal|0|0.3263390064239502
node_transformer4|total_time|2|30.203251
node_transformer4|waits|2|59
node_transformer4|messages|2|2
transformer4|min_constraint|2|2
transformer4|max_constraint|2|2
transformer2|flocal|0|0.31324291229248047
transformer2|ffinal|0|0.3715827465057373
node_transformer2|total_time|2|30.237248
node_transformer2|waits|2|59
node_transformer2|messages|2|2
transformer2|min_constraint|2|2
transformer2|max_constraint|2|2
transformer1|flocal|0|0.34421324729919434
transformer1|ffinal|0|0.35480737686157227
node_transformer1|total_time|2|30.250818
node_transformer1|waits|2|59
node_transformer1|messages|2|2
transformer1|min_constraint|2|2
transformer1|max_constraint|2|2
transformer11|funsat|0|1.1000711917877197
transformer11|funsat|0|1.1915111541748047
node_transformer11|total_time|2|9.809074
node_transformer11|waits|2|15
node_transformer11|messages|2|0
transformer11|min_constraint|2|4
transformer11|max_constraint|2|4
transformer17|flocal|0|0.2558920383453369
transformer17|ffinal|0|0.29973745346069336
node_transformer17|total_time|3|9.587595
node_transformer17|waits|3|18
node_transformer17|messages|3|2
transformer17|min_constraint|3|2
transformer17|max_constraint|3|2
transformer6|flocal|0|0.2590510845184326
transformer6|ffinal|0|0.2878737449645996
node_transformer6|total_time|3|30.603285
node_transformer6|waits|3|60
node_transformer6|messages|3|2
transformer6|min_constraint|3|2
transformer6|max_constraint|3|2
transformer3|flocal|0|0.2536580562591553
transformer3|ffinal|0|0.29967427253723145
node_transformer3|total_time|3|30.605533
node_transformer3|waits|3|60
node_transformer3|messages|3|2
transformer3|min_constraint|3|2
transformer3|max_constraint|3|2
transformer5|flocal|0|0.2521781921386719
transformer5|ffinal|0|0.30907464027404785
node_transformer5|total_time|3|30.613387
node_transformer5|waits|3|60
node_transformer5|messages|3|2
transformer5|min_constraint|3|2
transformer5|max_constraint|3|2
transformer14|flocal|0|0.25966954231262207
transformer14|ffinal|0|0.29442763328552246
node_transformer14|total_time|3|30.616678
node_transformer14|waits|3|60
node_transformer14|messages|3|2
transformer14|min_constraint|3|2
transformer14|max_constraint|3|2
transformer4|flocal|0|0.25281667709350586
transformer4|ffinal|0|0.35040998458862305
node_transformer4|total_time|3|30.655461
node_transformer4|waits|3|60
node_transformer4|messages|3|2
transformer4|min_constraint|3|2
transformer4|max_constraint|3|2
transformer2|flocal|0|0.2600064277648926
transformer2|ffinal|0|0.3662562370300293
node_transformer2|total_time|3|30.675637
node_transformer2|waits|3|60
node_transformer2|messages|3|2
transformer2|min_constraint|3|2
transformer2|max_constraint|3|2
transformer13|flocal|0|0.26129651069641113
transformer13|ffinal|0|0.3702270984649658
node_transformer13|total_time|3|30.694308
node_transformer13|waits|3|60
node_transformer13|messages|3|2
transformer13|min_constraint|3|2
transformer13|max_constraint|3|2
transformer16|flocal|0|0.25707530975341797
transformer16|ffinal|0|0.36757612228393555
node_transformer16|total_time|3|30.684838
node_transformer16|waits|3|60
node_transformer16|messages|3|2
transformer16|min_constraint|3|2
transformer16|max_constraint|3|2
transformer0|flocal|0|0.2600674629211426
transformer0|ffinal|0|0.3829226493835449
node_transformer0|total_time|3|30.690731
node_transformer0|waits|3|60
node_transformer0|messages|3|2
transformer0|min_constraint|3|2
transformer0|max_constraint|3|2
transformer19|flocal|0|0.25780439376831055
transformer19|ffinal|0|0.24436163902282715
node_transformer19|total_time|3|10.056214
node_transformer19|waits|3|19
node_transformer19|messages|3|2
transformer19|min_constraint|3|2
transformer19|max_constraint|3|2
transformer9|flocal|0|0.2318265438079834
transformer9|ffinal|0|0.2463374137878418
node_transformer9|total_time|3|31.045049
node_transformer9|waits|3|61
node_transformer9|messages|3|2
transformer9|min_constraint|3|2
transformer9|max_constraint|3|2
transformer18|flocal|0|0.26441216468811035
transformer18|ffinal|0|0.2737696170806885
node_transformer18|total_time|3|10.071627
node_transformer18|waits|3|19
node_transformer18|messages|3|2
transformer18|min_constraint|3|2
transformer18|max_constraint|3|2
transformer8|flocal|0|0.24789929389953613
transformer8|ffinal|0|0.27347731590270996
node_transformer8|total_time|3|10.061246
node_transformer8|waits|3|19
node_transformer8|messages|3|2
transformer8|min_constraint|3|2
transformer8|max_constraint|3|2
transformer11|flocal|0|0.2399895191192627
transformer11|ffinal|0|0.28135013580322266
node_transformer11|total_time|3|10.064962
node_transformer11|waits|3|19
node_transformer11|messages|3|2
transformer11|min_constraint|3|2
transformer11|max_constraint|3|2
provider|flocal|0|0.2330303192138672
provider|ffinal|0|0.26244354248046875
node_provider|total_time|3|31.076349
node_provider|waits|3|61
node_provider|messages|3|2
provider|min_constraint|3|1
provider|max_constraint|3|1
transformer15|flocal|0|0.2586488723754883
transformer15|ffinal|0|0.3006899356842041
node_transformer15|total_time|3|10.098708
node_transformer15|waits|3|19
node_transformer15|messages|3|2
transformer15|min_constraint|3|2
transformer15|max_constraint|3|2
transformer1|flocal|0|0.2580552101135254
transformer1|ffinal|0|0.32346272468566895
node_transformer1|total_time|3|10.106844
node_transformer1|waits|3|19
node_transformer1|messages|3|2
transformer1|min_constraint|3|2
transformer1|max_constraint|3|2
transformer12|flocal|0|0.23746871948242188
transformer12|ffinal|0|0.31734323501586914
node_transformer12|total_time|3|31.123562
node_transformer12|waits|3|61
node_transformer12|messages|3|2
transformer12|min_constraint|3|2
transformer12|max_constraint|3|2
transformer7|flocal|0|0.26643800735473633
transformer7|ffinal|0|0.338712215423584
node_transformer7|total_time|3|10.141839
node_transformer7|waits|3|19
node_transformer7|messages|3|2
transformer7|min_constraint|3|2
transformer7|max_constraint|3|2
transformer10|funsat|0|1.2966225147247314
transformer10|funsat|0|1.4729399681091309
node_transformer10|total_time|3|31.811219
node_transformer10|waits|3|58
node_transformer10|messages|3|0
transformer10|min_constraint|3|4
transformer10|max_constraint|3|4
transformer5|flocal|0|0.2840757369995117
transformer5|ffinal|0|0.3071908950805664
node_transformer5|total_time|4|9.120898
node_transformer5|waits|4|17
node_transformer5|messages|4|2
transformer5|min_constraint|4|2
transformer5|max_constraint|4|2
transformer13|flocal|0|0.2303764820098877
transformer13|ffinal|0|0.343996524810791
node_transformer13|total_time|4|30.145507
node_transformer13|waits|4|59
node_transformer13|messages|4|2
transformer13|min_constraint|4|2
transformer13|max_constraint|4|2
transformer19|flocal|0|0.27634143829345703
transformer19|ffinal|0|0.2977604866027832
node_transformer19|total_time|4|9.127952
node_transformer19|waits|4|17
node_transformer19|messages|4|2
transformer19|min_constraint|4|2
transformer19|max_constraint|4|2
transformer2|flocal|0|0.23970437049865723
transformer2|ffinal|0|0.36223387718200684
node_transformer2|total_time|4|30.153331
node_transformer2|waits|4|59
node_transformer2|messages|4|2
transformer2|min_constraint|4|2
transformer2|max_constraint|4|2
transformer7|flocal|0|0.26846742630004883
transformer7|ffinal|0|0.33441781997680664
node_transformer7|total_time|4|30.163265
node_transformer7|waits|4|59
node_transformer7|messages|4|2
transformer7|min_constraint|4|2
transformer7|max_constraint|4|2
transformer17|flocal|0|0.2582411766052246
transformer17|ffinal|0|0.3533000946044922
node_transformer17|total_time|4|9.150424
node_transformer17|waits|4|17
node_transformer17|messages|4|2
transformer17|min_constraint|4|2
transformer17|max_constraint|4|2
transformer10|flocal|0|0.2534773349761963
transformer10|ffinal|0|0.37035059928894043
node_transformer10|total_time|4|30.190032
node_transformer10|waits|4|59
node_transformer10|messages|4|2
transformer10|min_constraint|4|2
transformer10|max_constraint|4|2
transformer11|flocal|0|0.22287487983703613
transformer11|ffinal|0|0.3568563461303711
node_transformer11|total_time|4|30.150427
node_transformer11|waits|4|59
node_transformer11|messages|4|2
transformer11|min_constraint|4|2
transformer11|max_constraint|4|2
transformer15|flocal|0|0.2526366710662842
transformer15|ffinal|0|0.3375732898712158
node_transformer15|total_time|4|30.159297
node_transformer15|waits|4|59
node_transformer15|messages|4|2
transformer15|min_constraint|4|2
transformer15|max_constraint|4|2
transformer18|flocal|0|0.27149295806884766
transformer18|ffinal|0|0.3674764633178711
node_transformer18|total_time|4|30.200852
node_transformer18|waits|4|59
node_transformer18|messages|4|2
transformer18|min_constraint|4|2
transformer18|max_constraint|4|2
transformer0|flocal|0|0.27785372734069824
transformer0|ffinal|0|0.38037872314453125
node_transformer0|total_time|4|30.205114
node_transformer0|waits|4|59
node_transformer0|messages|4|2
transformer0|min_constraint|4|2
transformer0|max_constraint|4|2
transformer3|flocal|0|0.2603468894958496
transformer3|ffinal|0|0.3811068534851074
node_transformer3|total_time|4|30.195627
node_transformer3|waits|4|59
node_transformer3|messages|4|2
transformer3|min_constraint|4|2
transformer3|max_constraint|4|2
transformer6|flocal|0|0.259876012802124
transformer6|ffinal|0|0.34027099609375
node_transformer6|total_time|4|30.159016
node_transformer6|waits|4|59
node_transformer6|messages|4|2
transformer6|min_constraint|4|2
transformer6|max_constraint|4|2
transformer4|flocal|0|0.2720515727996826
transformer4|ffinal|0|0.3454935550689697
node_transformer4|total_time|4|30.176241
node_transformer4|waits|4|59
node_transformer4|messages|4|2
transformer4|min_constraint|4|2
transformer4|max_constraint|4|2
transformer9|flocal|0|0.25510454177856445
transformer9|ffinal|0|0.3631265163421631
node_transformer9|total_time|4|30.181869
node_transformer9|waits|4|59
node_transformer9|messages|4|2
transformer9|min_constraint|4|2
transformer9|max_constraint|4|2
transformer8|flocal|0|0.2544746398925781
transformer8|ffinal|0|0.3755056858062744
node_transformer8|total_time|4|30.194244
node_transformer8|waits|4|59
node_transformer8|messages|4|2
transformer8|min_constraint|4|2
transformer8|max_constraint|4|2
transformer16|flocal|0|0.25678253173828125
transformer16|ffinal|0|0.39661526679992676
node_transformer16|total_time|4|30.222729
node_transformer16|waits|4|59
node_transformer16|messages|4|2
transformer16|min_constraint|4|2
transformer16|max_constraint|4|2
transformer14|flocal|0|0.25516748428344727
transformer14|ffinal|0|0.41202735900878906
node_transformer14|total_time|4|30.238288
node_transformer14|waits|4|59
node_transformer14|messages|4|2
transformer14|min_constraint|4|2
transformer14|max_constraint|4|2
transformer1|flocal|0|0.23396801948547363
transformer1|ffinal|0|0.3857154846191406
node_transformer1|total_time|4|30.170465
node_transformer1|waits|4|59
node_transformer1|messages|4|2
transformer1|min_constraint|4|2
transformer1|max_constraint|4|2
provider|flocal|0|0.36208152770996094
provider|ffinal|0|0.3172745704650879
node_provider|total_time|4|30.259210
node_provider|waits|4|59
node_provider|messages|4|2
provider|min_constraint|4|1
provider|max_constraint|4|1
transformer12|funsat|0|1.0680408477783203
transformer12|funsat|0|1.2162950038909912
node_transformer12|total_time|4|30.827496
node_transformer12|waits|4|57
node_transformer12|messages|4|0
transformer12|min_constraint|4|4
transformer12|max_constraint|4|4
transformer1|flocal|0|0.25357604026794434
transformer1|ffinal|0|0.34252119064331055
node_transformer1|total_time|5|29.642688
node_transformer1|waits|5|58
node_transformer1|messages|5|2
transformer1|min_constraint|5|2
transformer1|max_constraint|5|2
transformer2|flocal|0|0.24819374084472656
transformer2|ffinal|0|0.3569793701171875
node_transformer2|total_time|5|29.651847
node_transformer2|waits|5|58
node_transformer2|messages|5|2
transformer2|min_constraint|5|2
transformer2|max_constraint|5|2
transformer0|flocal|0|0.2520427703857422
transformer0|ffinal|0|0.34889841079711914
node_transformer0|total_time|5|29.647576
node_transformer0|waits|5|58
node_transformer0|messages|5|2
transformer0|min_constraint|5|2
transformer0|max_constraint|5|2
transformer16|flocal|0|0.3139762878417969
transformer16|ffinal|0|0.3714432716369629
node_transformer16|total_time|5|8.713978
node_transformer16|waits|5|16
node_transformer16|messages|5|2
transformer16|min_constraint|5|2
transformer16|max_constraint|5|2
transformer5|flocal|0|0.3016359806060791
transformer5|ffinal|0|0.32937026023864746
node_transformer5|total_time|5|29.683124
node_transformer5|waits|5|58
node_transformer5|messages|5|2
transformer5|min_constraint|5|2
transformer5|max_constraint|5|2
transformer12|flocal|0|0.31852221488952637
transformer12|ffinal|0|0.31946420669555664
node_transformer12|total_time|5|29.698677
node_transformer12|waits|5|58
node_transformer12|messages|5|2
transformer12|min_constraint|5|2
transformer12|max_constraint|5|2
transformer18|flocal|0|0.3225281238555908
transformer18|ffinal|0|0.3858029842376709
node_transformer18|total_time|5|8.731663
node_transformer18|waits|5|16
node_transformer18|messages|5|2
transformer18|min_constraint|5|2
transformer18|max_constraint|5|2
transformer3|flocal|0|0.3369407653808594
transformer3|ffinal|0|0.3887195587158203
node_transformer3|total_time|5|8.748965
node_transformer3|waits|5|16
node_transformer3|messages|5|2
transformer3|min_constraint|5|2
transformer3|max_constraint|5|2
transformer15|flocal|0|0.34607458114624023
transformer15|ffinal|0|0.37793731689453125
node_transformer15|total_time|5|8.754007
node_transformer15|waits|5|16
node_transformer15|messages|5|2
transformer15|min_constraint|5|2
transformer15|max_constraint|5|2
transformer8|flocal|0|0.3239169120788574
transformer8|ffinal|0|0.33040857315063477
node_transformer8|total_time|5|29.713011
node_transformer8|waits|5|58
node_transformer8|messages|5|2
transformer8|min_constraint|5|2
transformer8|max_constraint|5|2
transformer19|flocal|0|0.2596280574798584
transformer19|ffinal|0|0.3863191604614258
node_transformer19|total_time|5|29.723489
node_transformer19|waits|5|58
node_transformer19|messages|5|2
transformer19|min_constraint|5|2
transformer19|max_constraint|5|2
transformer17|flocal|0|0.32749128341674805
transformer17|ffinal|0|0.3450148105621338
node_transformer17|total_time|5|29.727067
node_transformer17|waits|5|58
node_transformer17|messages|5|2
transformer17|min_constraint|5|2
transformer17|max_constraint|5|2
transformer9|flocal|0|0.3224503993988037
transformer9|ffinal|0|0.35173940658569336
node_transformer9|total_time|5|29.733886
node_transformer9|waits|5|58
node_transformer9|messages|5|2
transformer9|min_constraint|5|2
transformer9|max_constraint|5|2
transformer14|flocal|0|0.34090709686279297
transformer14|ffinal|0|0.35360097885131836
node_transformer14|total_time|5|29.752945
node_transformer14|waits|5|58
node_transformer14|messages|5|2
transformer14|min_constraint|5|2
transformer14|max_constraint|5|2
transformer4|flocal|0|0.3339214324951172
transformer4|ffinal|0|0.36826372146606445
node_transformer4|total_time|5|29.752820
node_transformer4|waits|5|58
node_transformer4|messages|5|2
transformer4|min_constraint|5|2
transformer4|max_constraint|5|2
transformer7|flocal|0|0.338087797164917
transformer7|ffinal|0|0.3732180595397949
node_transformer7|total_time|5|29.769026
node_transformer7|waits|5|58
node_transformer7|messages|5|2
transformer7|min_constraint|5|2
transformer7|max_constraint|5|2
transformer13|flocal|0|0.34938859939575195
transformer13|ffinal|0|0.39597511291503906
node_transformer13|total_time|5|29.805057
node_transformer13|waits|5|58
node_transformer13|messages|5|2
transformer13|min_constraint|5|2
transformer13|max_constraint|5|2
transformer6|flocal|0|0.33553504943847656
transformer6|ffinal|0|0.40480566024780273
node_transformer6|total_time|5|29.796766
node_transformer6|waits|5|58
node_transformer6|messages|5|2
transformer6|min_constraint|5|2
transformer6|max_constraint|5|2
provider|flocal|0|0.2405719757080078
provider|ffinal|0|0.2563517093658447
node_provider|total_time|5|30.077720
node_provider|waits|5|59
node_provider|messages|5|2
provider|min_constraint|5|1
provider|max_constraint|5|1
transformer11|flocal|0|0.3309900760650635
transformer11|funsat|0|1.1757252216339111
transformer11|funsat|0|1.2347042560577393
node_transformer11|total_time|5|30.823867
node_transformer11|waits|5|56
node_transformer11|messages|5|2
transformer11|min_constraint|5|4
transformer11|max_constraint|5|4
transformer10|flocal|0|0.3067028522491455
transformer10|funsat|0|1.2468690872192383
transformer10|funsat|0|1.452880859375
node_transformer10|total_time|5|31.096609
node_transformer10|waits|5|56
node_transformer10|messages|5|2
transformer10|min_constraint|5|4
transformer10|max_constraint|5|4
transformer7|flocal|0|0.4107074737548828
transformer7|ffinal|0|0.25197935104370117
node_transformer7|total_time|6|30.720671
node_transformer7|waits|6|60
node_transformer7|messages|6|2
transformer7|min_constraint|6|2
transformer7|max_constraint|6|2
transformer12|flocal|0|0.41141438484191895
transformer12|ffinal|0|0.2650279998779297
node_transformer12|total_time|6|30.734854
node_transformer12|waits|6|60
node_transformer12|messages|6|2
transformer12|min_constraint|6|2
transformer12|max_constraint|6|2
transformer17|flocal|0|0.30116963386535645
transformer17|ffinal|0|0.31414198875427246
node_transformer17|total_time|6|10.137659
node_transformer17|waits|6|19
node_transformer17|messages|6|2
transformer17|min_constraint|6|2
transformer17|max_constraint|6|2
transformer6|flocal|0|0.3088548183441162
transformer6|ffinal|0|0.3317863941192627
node_transformer6|total_time|6|10.174901
node_transformer6|waits|6|19
node_transformer6|messages|6|2
transformer6|min_constraint|6|2
transformer6|max_constraint|6|2
transformer2|flocal|0|0.29793453216552734
transformer2|ffinal|0|0.33605480194091797
node_transformer2|total_time|6|10.155956
node_transformer2|waits|6|19
node_transformer2|messages|6|2
transformer2|min_constraint|6|2
transformer2|max_constraint|6|2
transformer18|flocal|0|0.32208251953125
transformer18|ffinal|0|0.34482908248901367
node_transformer18|total_time|6|10.188622
node_transformer18|waits|6|19
node_transformer18|messages|6|2
transformer18|min_constraint|6|2
transformer18|max_constraint|6|2
transformer14|flocal|0|0.31911802291870117
transformer14|ffinal|0|0.34140992164611816
node_transformer14|total_time|6|10.189936
node_transformer14|waits|6|19
node_transformer14|messages|6|2
transformer14|min_constraint|6|2
transformer14|max_constraint|6|2
transformer3|flocal|0|0.32131052017211914
transformer3|ffinal|0|0.3563718795776367
node_transformer3|total_time|6|10.202852
node_transformer3|waits|6|19
node_transformer3|messages|6|2
transformer3|min_constraint|6|2
transformer3|max_constraint|6|2
transformer16|flocal|0|0.3043844699859619
transformer16|ffinal|0|0.35640478134155273
node_transformer16|total_time|6|10.187054
node_transformer16|waits|6|19
node_transformer16|messages|6|2
transformer16|min_constraint|6|2
transformer16|max_constraint|6|2
transformer15|flocal|0|0.3039238452911377
transformer15|ffinal|0|0.3352541923522949
node_transformer15|total_time|6|10.168316
node_transformer15|waits|6|19
node_transformer15|messages|6|2
transformer15|min_constraint|6|2
transformer15|max_constraint|6|2
transformer11|flocal|0|0.32904481887817383
transformer11|ffinal|0|0.37123847007751465
node_transformer11|total_time|6|10.236760
node_transformer11|waits|6|19
node_transformer11|messages|6|2
transformer11|min_constraint|6|2
transformer11|max_constraint|6|2
transformer4|flocal|0|0.32881712913513184
transformer4|ffinal|0|0.38812828063964844
node_transformer4|total_time|6|10.244311
node_transformer4|waits|6|19
node_transformer4|messages|6|2
transformer4|min_constraint|6|2
transformer4|max_constraint|6|2
transformer0|flocal|0|0.33481287956237793
transformer0|ffinal|0|0.3784658908843994
node_transformer0|total_time|6|10.235302
node_transformer0|waits|6|19
node_transformer0|messages|6|2
transformer0|min_constraint|6|2
transformer0|max_constraint|6|2
provider|flocal|0|0.33562135696411133
provider|ffinal|0|0.3268420696258545
node_provider|total_time|6|31.238873
node_provider|waits|6|61
node_provider|messages|6|2
provider|min_constraint|6|1
provider|max_constraint|6|1
transformer1|flocal|0|0.30791187286376953
transformer1|ffinal|0|0.40401577949523926
node_transformer1|total_time|6|10.234032
node_transformer1|waits|6|19
node_transformer1|messages|6|2
transformer1|min_constraint|6|2
transformer1|max_constraint|6|2
transformer8|flocal|0|0.3267347812652588
transformer8|ffinal|0|0.3921635150909424
node_transformer8|total_time|6|10.254106
node_transformer8|waits|6|19
node_transformer8|messages|6|2
transformer8|min_constraint|6|2
transformer8|max_constraint|6|2
transformer5|flocal|0|0.3145890235900879
transformer5|ffinal|0|0.38704705238342285
node_transformer5|total_time|6|31.258827
node_transformer5|waits|6|61
node_transformer5|messages|6|2
transformer5|min_constraint|6|2
transformer5|max_constraint|6|2
transformer19|flocal|0|0.33656907081604004
transformer19|ffinal|0|0.4001750946044922
node_transformer19|total_time|6|10.285909
node_transformer19|waits|6|19
node_transformer19|messages|6|2
transformer19|min_constraint|6|2
transformer19|max_constraint|6|2
transformer13|flocal|0|0.3272116184234619
transformer13|ffinal|0|0.39627623558044434
node_transformer13|total_time|6|31.283461
node_transformer13|waits|6|61
node_transformer13|messages|6|2
transformer13|min_constraint|6|2
transformer13|max_constraint|6|2
transformer10|flocal|0|0.3538477420806885
transformer10|funsat|0|1.5136008262634277
transformer10|funsat|0|1.5323362350463867
node_transformer10|total_time|6|10.956066
node_transformer10|waits|6|15
node_transformer10|messages|6|2
transformer10|min_constraint|6|4
transformer10|max_constraint|6|4
transformer9|flocal|0|0.3570852279663086
transformer9|funsat|0|1.477107048034668
transformer9|funsat|0|1.5830423831939697
node_transformer9|total_time|6|10.966831
node_transformer9|waits|6|15
node_transformer9|messages|6|2
transformer9|min_constraint|6|4
transformer9|max_constraint|6|4
transformer7|flocal|0|0.30682849884033203
transformer7|ffinal|0|0.2826192378997803
node_transformer7|total_time|7|30.646001
node_transformer7|waits|7|60
node_transformer7|messages|7|2
transformer7|min_constraint|7|2
transformer7|max_constraint|7|2
transformer13|flocal|0|0.3237454891204834
transformer13|ffinal|0|0.2823483943939209
node_transformer13|total_time|7|30.665518
node_transformer13|waits|7|60
node_transformer13|messages|7|2
transformer13|min_constraint|7|2
transformer13|max_constraint|7|2
transformer17|flocal|0|0.32890748977661133
transformer17|ffinal|0|0.2745633125305176
node_transformer17|total_time|7|30.656698
node_transformer17|waits|7|60
node_transformer17|messages|7|2
transformer17|min_constraint|7|2
transformer17|max_constraint|7|2
transformer0|flocal|0|0.3289980888366699
transformer0|ffinal|0|0.28710269927978516
node_transformer0|total_time|7|30.663908
node_transformer0|waits|7|60
node_transformer0|messages|7|2
transformer0|min_constraint|7|2
transformer0|max_constraint|7|2
transformer4|flocal|0|0.3292679786682129
transformer4|ffinal|0|0.2901284694671631
node_transformer4|total_time|7|30.672401
node_transformer4|waits|7|60
node_transformer4|messages|7|2
transformer4|min_constraint|7|2
transformer4|max_constraint|7|2
transformer15|flocal|0|0.3132822513580322
transformer15|ffinal|0|0.35811495780944824
node_transformer15|total_time|7|9.702923
node_transformer15|waits|7|18
node_transformer15|messages|7|2
transformer15|min_constraint|7|2
transformer15|max_constraint|7|2
transformer19|flocal|0|0.31155872344970703
transformer19|ffinal|0|0.3564412593841553
node_transformer19|total_time|7|9.722401
node_transformer19|waits|7|18
node_transformer19|messages|7|2
transformer19|min_constraint|7|2
transformer19|max_constraint|7|2
transformer3|flocal|0|0.30557894706726074
transformer3|ffinal|0|0.34626293182373047
node_transformer3|total_time|7|30.701009
node_transformer3|waits|7|60
node_transformer3|messages|7|2
transformer3|min_constraint|7|2
transformer3|max_constraint|7|2
transformer6|flocal|0|0.31264734268188477
transformer6|ffinal|0|0.29581665992736816
node_transformer6|total_time|7|30.663506
node_transformer6|waits|7|60
node_transformer6|messages|7|2
transformer6|min_constraint|7|2
transformer6|max_constraint|7|2
transformer8|flocal|0|0.2959878444671631
transformer8|ffinal|0|0.3572072982788086
node_transformer8|total_time|7|30.711130
node_transformer8|waits|7|60
node_transformer8|messages|7|2
transformer8|min_constraint|7|2
transformer8|max_constraint|7|2
transformer12|flocal|0|0.3338463306427002
transformer12|ffinal|0|0.35055994987487793
node_transformer12|total_time|7|30.745916
node_transformer12|waits|7|60
node_transformer12|messages|7|2
transformer12|min_constraint|7|2
transformer12|max_constraint|7|2
transformer9|flocal|0|0.33203625679016113
transformer9|ffinal|0|0.35544919967651367
node_transformer9|total_time|7|30.749488
node_transformer9|waits|7|60
node_transformer9|messages|7|2
transformer9|min_constraint|7|2
transformer9|max_constraint|7|2
transformer5|flocal|0|0.3214716911315918
transformer5|ffinal|0|0.3809640407562256
node_transformer5|total_time|7|30.755581
node_transformer5|waits|7|60
node_transformer5|messages|7|2
transformer5|min_constraint|7|2
transformer5|max_constraint|7|2
transformer1|flocal|0|0.3381226062774658
transformer1|ffinal|0|0.37284207344055176
node_transformer1|total_time|7|30.758652
node_transformer1|waits|7|60
node_transformer1|messages|7|2
transformer1|min_constraint|7|2
transformer1|max_constraint|7|2
transformer16|flocal|0|0.2995634078979492
transformer16|ffinal|0|0.3039698600769043
node_transformer16|total_time|7|10.135271
node_transformer16|waits|7|19
node_transformer16|messages|7|2
transformer16|min_constraint|7|2
transformer16|max_constraint|7|2
transformer18|flocal|0|0.3300905227661133
transformer18|ffinal|0|0.2725844383239746
node_transformer18|total_time|7|10.131917
node_transformer18|waits|7|19
node_transformer18|messages|7|2
transformer18|min_constraint|7|2
transformer18|max_constraint|7|2
transformer14|flocal|0|0.32404303550720215
transformer14|ffinal|0|0.28505969047546387
node_transformer14|total_time|7|10.142254
node_transformer14|waits|7|19
node_transformer14|messages|7|2
transformer14|min_constraint|7|2
transformer14|max_constraint|7|2
transformer2|flocal|0|0.31060051918029785
transformer2|ffinal|0|0.26345133781433105
node_transformer2|total_time|7|10.100273
node_transformer2|waits|7|19
node_transformer2|messages|7|2
transformer2|min_constraint|7|2
transformer2|max_constraint|7|2
provider|flocal|0|0.2989213466644287
provider|ffinal|0|0.26825428009033203
node_provider|total_time|7|31.147871
node_provider|waits|7|61
node_provider|messages|7|2
provider|min_constraint|7|1
provider|max_constraint|7|1
transformer10|flocal|0|0.34278392791748047
transformer10|funsat|0|1.2238337993621826
transformer10|funsat|0|1.426905870437622
node_transformer10|total_time|7|32.081287
node_transformer10|waits|7|58
node_transformer10|messages|7|2
transformer10|min_constraint|7|4
transformer10|max_constraint|7|4
transformer11|flocal|0|0.33841967582702637
transformer11|funsat|0|1.360774040222168
transformer11|funsat|0|1.5219769477844238
node_transformer11|total_time|7|32.315241
node_transformer11|waits|7|58
node_transformer11|messages|7|2
transformer11|min_constraint|7|4
transformer11|max_constraint|7|4
transformer12|flocal|0|0.23706459999084473
transformer12|ffinal|0|0.33400964736938477
node_transformer12|total_time|8|8.598181
node_transformer12|waits|8|16
node_transformer12|messages|8|2
transformer12|min_constraint|8|2
transformer12|max_constraint|8|2
transformer15|flocal|0|0.25804710388183594
transformer15|ffinal|0|0.3376319408416748
node_transformer15|total_time|8|8.620062
node_transformer15|waits|8|16
node_transformer15|messages|8|2
transformer15|min_constraint|8|2
transformer15|max_constraint|8|2
transformer16|flocal|0|0.22758173942565918
transformer16|ffinal|0|0.3744049072265625
node_transformer16|total_time|8|8.621816
node_transformer16|waits|8|16
node_transformer16|messages|8|2
transformer16|min_constraint|8|2
transformer16|max_constraint|8|2
transformer14|flocal|0|0.22427582740783691
transformer14|ffinal|0|0.3871746063232422
node_transformer14|total_time|8|8.634971
node_transformer14|waits|8|16
node_transformer14|messages|8|2
transformer14|min_constraint|8|2
transformer14|max_constraint|8|2
transformer13|flocal|0|0.2464606761932373
transformer13|ffinal|0|0.3585851192474365
node_transformer13|total_time|8|8.631029
node_transformer13|waits|8|16
node_transformer13|messages|8|2
transformer13|min_constraint|8|2
transformer13|max_constraint|8|2
transformer11|flocal|0|0.23291563987731934
transformer11|ffinal|0|0.3886709213256836
node_transformer11|total_time|8|8.648011
node_transformer11|waits|8|16
node_transformer11|messages|8|2
transformer11|min_constraint|8|2
transformer11|max_constraint|8|2
provider|flocal|0|0.28639888763427734
provider|ffinal|0|0.32644081115722656
node_provider|total_time|8|8.664702
node_provider|waits|8|16
node_provider|messages|8|2
provider|min_constraint|8|1
provider|max_constraint|8|1
transformer6|flocal|0|0.2281806468963623
transformer6|ffinal|0|0.3682112693786621
node_transformer6|total_time|8|8.623117
node_transformer6|waits|8|16
node_transformer6|messages|8|2
transformer6|min_constraint|8|2
transformer6|max_constraint|8|2
transformer7|flocal|0|0.23234319686889648
transformer7|ffinal|0|0.3354451656341553
node_transformer7|total_time|8|8.597014
node_transformer7|waits|8|16
node_transformer7|messages|8|2
transformer7|min_constraint|8|2
transformer7|max_constraint|8|2
transformer10|flocal|0|0.2303178310394287
transformer10|ffinal|0|0.3493788242340088
node_transformer10|total_time|8|8.608118
node_transformer10|waits|8|16
node_transformer10|messages|8|2
transformer10|min_constraint|8|2
transformer10|max_constraint|8|2
transformer3|flocal|0|0.255035400390625
transformer3|ffinal|0|0.3777029514312744
node_transformer3|total_time|8|8.655295
node_transformer3|waits|8|16
node_transformer3|messages|8|2
transformer3|min_constraint|8|2
transformer3|max_constraint|8|2
transformer8|flocal|0|0.23273158073425293
transformer8|ffinal|0|0.36204099655151367
node_transformer8|total_time|8|8.622743
node_transformer8|waits|8|16
node_transformer8|messages|8|2
transformer8|min_constraint|8|2
transformer8|max_constraint|8|2
transformer0|flocal|0|0.31978559494018555
transformer0|ffinal|0|0.339113712310791
node_transformer0|total_time|8|8.684122
node_transformer0|waits|8|16
node_transformer0|messages|8|2
transformer0|min_constraint|8|2
transformer0|max_constraint|8|2
transformer18|flocal|0|0.33872294425964355
transformer18|ffinal|0|0.34799695014953613
node_transformer18|total_time|8|8.706732
node_transformer18|waits|8|16
node_transformer18|messages|8|2
transformer18|min_constraint|8|2
transformer18|max_constraint|8|2
transformer5|flocal|0|0.25457334518432617
transformer5|ffinal|0|0.4096183776855469
node_transformer5|total_time|8|8.689808
node_transformer5|waits|8|16
node_transformer5|messages|8|2
transformer5|min_constraint|8|2
transformer5|max_constraint|8|2
transformer1|flocal|0|0.3096120357513428
transformer1|ffinal|0|0.37296247482299805
node_transformer1|total_time|8|8.705486
node_transformer1|waits|8|16
node_transformer1|messages|8|2
transformer1|min_constraint|8|2
transformer1|max_constraint|8|2
transformer4|flocal|0|0.2440032958984375
transformer4|ffinal|0|0.4073028564453125
node_transformer4|total_time|8|8.677052
node_transformer4|waits|8|16
node_transformer4|messages|8|2
transformer4|min_constraint|8|2
transformer4|max_constraint|8|2
transformer17|flocal|0|0.31575870513916016
transformer17|ffinal|0|0.4117770195007324
node_transformer17|total_time|8|8.746889
node_transformer17|waits|8|16
node_transformer17|messages|8|2
transformer17|min_constraint|8|2
transformer17|max_constraint|8|2
transformer2|flocal|0|0.22244858741760254
transformer2|ffinal|0|0.41803455352783203
node_transformer2|total_time|8|8.664280
node_transformer2|waits|8|16
node_transformer2|messages|8|2
transformer2|min_constraint|8|2
transformer2|max_constraint|8|2
transformer19|flocal|0|0.29981565475463867
transformer19|ffinal|0|0.3769710063934326
node_transformer19|total_time|8|8.724444
node_transformer19|waits|8|16
node_transformer19|messages|8|2
transformer19|min_constraint|8|2
transformer19|max_constraint|8|2
transformer9|funsat|0|1.2225875854492188
transformer9|funsat|0|1.4257097244262695
node_transformer9|total_time|8|29.665191
node_transformer9|waits|8|14
node_transformer9|messages|8|0
transformer9|min_constraint|8|4
transformer9|max_constraint|8|4
transformer2|flocal|0|0.23150396347045898
transformer2|ffinal|0|0.26531386375427246
node_transformer2|total_time|9|30.047836
node_transformer2|waits|9|59
node_transformer2|messages|9|2
transformer2|min_constraint|9|2
transformer2|max_constraint|9|2
transformer5|flocal|0|0.25866103172302246
transformer5|ffinal|0|0.25948047637939453
node_transformer5|total_time|9|30.071928
node_transformer5|waits|9|59
node_transformer5|messages|9|2
transformer5|min_constraint|9|2
transformer5|max_constraint|9|2
transformer1|flocal|0|0.2685980796813965
transformer1|ffinal|0|0.2567610740661621
node_transformer1|total_time|9|30.076809
node_transformer1|waits|9|59
node_transformer1|messages|9|2
transformer1|min_constraint|9|2
transformer1|max_constraint|9|2
transformer15|flocal|0|0.2569863796234131
transformer15|ffinal|0|0.2477254867553711
node_transformer15|total_time|9|30.069212
node_transformer15|waits|9|59
node_transformer15|messages|9|2
transformer15|min_constraint|9|2
transformer15|max_constraint|9|2
transformer11|flocal|0|0.251279354095459
transformer11|ffinal|0|0.25765109062194824
node_transformer11|total_time|9|30.077491
node_transformer11|waits|9|59
node_transformer11|messages|9|2
transformer11|min_constraint|9|2
transformer11|max_constraint|9|2
transformer4|flocal|0|0.2224414348602295
transformer4|ffinal|0|0.31312012672424316
node_transformer4|total_time|9|30.084724
node_transformer4|waits|9|59
node_transformer4|messages|9|2
transformer4|min_constraint|9|2
transformer4|max_constraint|9|2
transformer8|flocal|0|0.26354408264160156
transformer8|ffinal|0|0.30011701583862305
node_transformer8|total_time|9|30.122156
node_transformer8|waits|9|59
node_transformer8|messages|9|2
transformer8|min_constraint|9|2
transformer8|max_constraint|9|2
transformer0|flocal|0|0.263746976852417
transformer0|ffinal|0|0.3221907615661621
node_transformer0|total_time|9|30.133695
node_transformer0|waits|9|59
node_transformer0|messages|9|2
transformer0|min_constraint|9|2
transformer0|max_constraint|9|2
transformer10|flocal|0|0.26190733909606934
transformer10|ffinal|0|0.318129301071167
node_transformer10|total_time|9|30.146982
node_transformer10|waits|9|59
node_transformer10|messages|9|2
transformer10|min_constraint|9|2
transformer10|max_constraint|9|2
transformer17|flocal|0|0.26813817024230957
transformer17|ffinal|0|0.2851583957672119
node_transformer17|total_time|9|9.594570
node_transformer17|waits|9|18
node_transformer17|messages|9|2
transformer17|min_constraint|9|2
transformer17|max_constraint|9|2
transformer19|flocal|0|0.24582362174987793
transformer19|ffinal|0|0.2977893352508545
node_transformer19|total_time|9|9.599245
node_transformer19|waits|9|18
node_transformer19|messages|9|2
transformer19|min_constraint|9|2
transformer19|max_constraint|9|2
transformer7|flocal|0|0.25449371337890625
transformer7|ffinal|0|0.3387753963470459
node_transformer7|total_time|9|9.628324
node_transformer7|waits|9|18
node_transformer7|messages|9|2
transformer7|min_constraint|9|2
transformer7|max_constraint|9|2
transformer6|flocal|0|0.24349617958068848
transformer6|ffinal|0|0.35494208335876465
node_transformer6|total_time|9|9.631043
node_transformer6|waits|9|18
node_transformer6|messages|9|2
transformer6|min_constraint|9|2
transformer6|max_constraint|9|2
transformer14|flocal|0|0.25153660774230957
transformer14|ffinal|0|0.3373599052429199
node_transformer14|total_time|9|9.636691
node_transformer14|waits|9|18
node_transformer14|messages|9|2
transformer14|min_constraint|9|2
transformer14|max_constraint|9|2
transformer16|flocal|0|0.24808692932128906
transformer16|ffinal|0|0.3370504379272461
node_transformer16|total_time|9|9.629158
node_transformer16|waits|9|18
node_transformer16|messages|9|2
transformer16|min_constraint|9|2
transformer16|max_constraint|9|2
provider|flocal|0|0.2457275390625
provider|ffinal|0|0.3011515140533447
node_provider|total_time|9|30.626840
node_provider|waits|9|60
node_provider|messages|9|2
provider|min_constraint|9|1
provider|max_constraint|9|1
transformer9|flocal|0|0.24758315086364746
transformer9|ffinal|0|0.3477592468261719
node_transformer9|total_time|9|9.634772
node_transformer9|waits|9|18
node_transformer9|messages|9|2
transformer9|min_constraint|9|2
transformer9|max_constraint|9|2
transformer18|flocal|0|0.2517123222351074
transformer18|ffinal|0|0.36011552810668945
node_transformer18|total_time|9|9.650318
node_transformer18|waits|9|18
node_transformer18|messages|9|2
transformer18|min_constraint|9|2
transformer18|max_constraint|9|2
transformer3|flocal|0|0.2373495101928711
transformer3|ffinal|0|0.3529078960418701
node_transformer3|total_time|9|30.644886
node_transformer3|waits|9|60
node_transformer3|messages|9|2
transformer3|min_constraint|9|2
transformer3|max_constraint|9|2
transformer12|flocal|0|0.24259281158447266
transformer12|funsat|0|1.1540896892547607
transformer12|funsat|0|1.2892742156982422
node_transformer12|total_time|9|31.297509
node_transformer12|waits|9|57
node_transformer12|messages|9|2
transformer12|min_constraint|9|4
transformer12|max_constraint|9|4
transformer13|flocal|0|0.2331986427307129
transformer13|funsat|0|1.3365705013275146
transformer13|funsat|0|1.3741049766540527
node_transformer13|total_time|9|31.562719
node_transformer13|waits|9|57
node_transformer13|messages|9|2
transformer13|min_constraint|9|4
transformer13|max_constraint|9|4
